/Users/sheen/Documents/STM32-BareMetal-Workspace/chip_headers/CMSIS/Include/core_cm4.h:1688:22:__NVIC_EnableIRQ	16	static
../Src/uart.c:36:5:__io_putchar	16	static
../Src/uart.c:42:6:dma1_stream6_init	24	static
../Src/uart.c:89:6:uart2_tx_init	8	static
../Src/uart.c:122:6:uart2_rxtx_init	8	static
../Src/uart.c:164:6:uart2_rx_interrupt_init	8	static
../Src/uart.c:211:6:uart2_read	4	static
../Src/uart.c:220:6:uart2_write	16	static
../Src/uart.c:232:13:uart_set_baudrate	24	static
../Src/uart.c:237:17:compute_uart_bd	16	static
