2026-01-06 15:51:09,017 [INFO] Activator:176 - 


2026-01-06 15:51:09,021 [INFO] Activator:177 - !SESSION log4j initialized
2026-01-06 15:51:14,005 [INFO] LogOutputStream:77 - [STDOUT_REDIRECT] 
2026-01-06 15:51:15,121 [ERROR] LogOutputStream:75 - [STDERR_REDIRECT] 
2026-01-06 15:51:17,049 [INFO] LogOutputStream:77 - [STDOUT_REDIRECT] 
2026-01-06 15:51:18,403 [INFO] ApplicationProperties:184 - Using Application install path: /Applications/STM32CubeIDE.app/Contents/Eclipse/plugins/com.st.stm32cube.common.mx_6.15.0.202507011659
2026-01-06 15:51:18,415 [INFO] DbMcusXml:78 - Set database path to: /Applications/STM32CubeIDE.app/Contents/Eclipse/plugins/com.st.stm32cube.common.mx_6.15.0.202507011659//db//mcu/
2026-01-06 15:51:18,415 [INFO] ApiDb:274 - Set plugin database path to: /Applications/STM32CubeIDE.app/Contents/Eclipse/plugins/com.st.stm32cube.common.mx_6.15.0.202507011659//db//plugins/boardmanager/
2026-01-06 15:51:18,415 [WARN] ApiDb:259 - Overriding images path with different value:  => /Applications/STM32CubeIDE.app/Contents/Eclipse/plugins/com.st.stm32cube.common.mx_6.15.0.202507011659//db//plugins/mcufinder/images/
2026-01-06 15:51:18,425 [INFO] ApiDb:250 - Set database path to: /Users/sheen/.stmcufinder/plugins/mcufinder//mcu/
2026-01-06 15:51:18,426 [INFO] DbMcusAds:125 - Set database path to: /Users/sheen/.stmcufinder/plugins/mcufinder//mcu/
2026-01-06 15:51:18,427 [INFO] CrossReferenceDbSqlite:203 - Set database path to: /Users/sheen/.stmcufinder/plugins/mcufinder//mcu/cs/
2026-01-06 15:51:18,554 [INFO] RulesReader:64 - Compatibility file has been processed (317 Rules)
2026-01-06 15:51:18,600 [INFO] DbMcusXml:78 - Set database path to: /Applications/STM32CubeIDE.app/Contents/Eclipse/plugins/com.st.stm32cube.common.mx_6.15.0.202507011659//db//mcu/
2026-01-06 15:51:18,600 [INFO] ApiDb:274 - Set plugin database path to: /Applications/STM32CubeIDE.app/Contents/Eclipse/plugins/com.st.stm32cube.common.mx_6.15.0.202507011659//db//plugins/boardmanager/
2026-01-06 15:51:18,600 [INFO] ApiDb:261 - Set plugin images path to: /Applications/STM32CubeIDE.app/Contents/Eclipse/plugins/com.st.stm32cube.common.mx_6.15.0.202507011659//db//plugins/mcufinder/images/
2026-01-06 15:51:18,600 [WARN] DbFile:41 - Overriding database path with different value: /Users/sheen/.stmcufinder/plugins/mcufinder/ => /Users/sheen/.stmcufinder/plugins/mcufinder
2026-01-06 15:51:18,601 [INFO] ApiDb:250 - Set database path to: /Users/sheen/.stmcufinder/plugins/mcufinder//mcu/
2026-01-06 15:51:18,601 [WARN] DbFile:41 - Overriding database path with different value: /Users/sheen/.stmcufinder/plugins/mcufinder/ => /Users/sheen/.stmcufinder/plugins/mcufinder
2026-01-06 15:51:18,601 [INFO] DbMcusAds:125 - Set database path to: /Users/sheen/.stmcufinder/plugins/mcufinder//mcu/
2026-01-06 15:51:18,601 [WARN] DbFile:41 - Overriding database path with different value: /Users/sheen/.stmcufinder/plugins/mcufinder/ => /Users/sheen/.stmcufinder/plugins/mcufinder
2026-01-06 15:51:18,601 [WARN] DbFile:41 - Overriding database path with different value: /Users/sheen/.stmcufinder/plugins/mcufinder/ => /Users/sheen/.stmcufinder/plugins/mcufinder
2026-01-06 15:51:18,601 [INFO] CrossReferenceDbSqlite:203 - Set database path to: /Users/sheen/.stmcufinder/plugins/mcufinder//mcu/cs/
2026-01-06 15:51:18,664 [INFO] MainPanel:274 - HeapMemory: 268435456
2026-01-06 15:51:19,701 [INFO] DbMcusXml:78 - Set database path to: /Applications/STM32CubeIDE.app/Contents/Eclipse/plugins/com.st.stm32cube.common.mx_6.15.0.202507011659//db//mcu/
2026-01-06 15:51:19,703 [INFO] ApiDb:274 - Set plugin database path to: /Applications/STM32CubeIDE.app/Contents/Eclipse/plugins/com.st.stm32cube.common.mx_6.15.0.202507011659//db//plugins/boardmanager/
2026-01-06 15:51:19,704 [INFO] ApiDb:261 - Set plugin images path to: /Applications/STM32CubeIDE.app/Contents/Eclipse/plugins/com.st.stm32cube.common.mx_6.15.0.202507011659//db//plugins/mcufinder/images/
2026-01-06 15:51:19,706 [WARN] DbFile:41 - Overriding database path with different value: /Users/sheen/.stmcufinder/plugins/mcufinder/ => /Users/sheen/.stmcufinder/plugins/mcufinder
2026-01-06 15:51:19,706 [INFO] ApiDb:250 - Set database path to: /Users/sheen/.stmcufinder/plugins/mcufinder//mcu/
2026-01-06 15:51:19,706 [WARN] DbFile:41 - Overriding database path with different value: /Users/sheen/.stmcufinder/plugins/mcufinder/ => /Users/sheen/.stmcufinder/plugins/mcufinder
2026-01-06 15:51:19,706 [INFO] DbMcusAds:125 - Set database path to: /Users/sheen/.stmcufinder/plugins/mcufinder//mcu/
2026-01-06 15:51:19,706 [WARN] DbFile:41 - Overriding database path with different value: /Users/sheen/.stmcufinder/plugins/mcufinder/ => /Users/sheen/.stmcufinder/plugins/mcufinder
2026-01-06 15:51:19,706 [WARN] DbFile:41 - Overriding database path with different value: /Users/sheen/.stmcufinder/plugins/mcufinder/ => /Users/sheen/.stmcufinder/plugins/mcufinder
2026-01-06 15:51:19,706 [INFO] CrossReferenceDbSqlite:203 - Set database path to: /Users/sheen/.stmcufinder/plugins/mcufinder//mcu/cs/
2026-01-06 15:51:19,735 [INFO] ApplicationProperties:184 - Using Application install path: /Applications/STM32CubeIDE.app/Contents/Eclipse/plugins/com.st.stm32cube.common.mx_6.15.0.202507011659
2026-01-06 15:51:19,736 [INFO] PluginManage:196 - Search for loadable plugins [exclusion list=, ]
2026-01-06 15:51:19,738 [INFO] PluginManage:310 - Check plugin analytics
2026-01-06 15:51:19,999 [INFO] AnalyticsPlugin:253 - Accepted Software Licenses: STM32CubeMX.6.15.0
2026-01-06 15:51:20,000 [INFO] AnalyticsPlugin:255 - Accepted CMSIS Pack Licenses: 
2026-01-06 15:51:20,000 [INFO] AnalyticsPlugin:257 - Accepted Firmware Licenses: FW.F4.1.28.0
2026-01-06 15:51:20,020 [INFO] PluginManage:359 - Loaded plugin analytics (category:tool,tabindex:-1)
2026-01-06 15:51:20,023 [INFO] PluginManage:310 - Check plugin cadmodel
2026-01-06 15:51:20,052 [INFO] CADModel:105 - Init CAD model plugin
2026-01-06 15:51:20,052 [INFO] PluginManage:359 - Loaded plugin cadmodel (category:power,tabindex:5)
2026-01-06 15:51:20,052 [INFO] PluginManage:310 - Check plugin clock
2026-01-06 15:51:20,061 [INFO] PluginManage:359 - Loaded plugin clock (category:base,tabindex:2)
2026-01-06 15:51:20,061 [INFO] PluginManage:310 - Check plugin ddr
2026-01-06 15:51:20,063 [INFO] PluginManage:359 - Loaded plugin ddr (category:tool,tabindex:6)
2026-01-06 15:51:20,063 [INFO] PluginManage:310 - Check plugin filemanager
2026-01-06 15:51:20,204 [INFO] PluginManage:359 - Loaded plugin filemanager (category:base,tabindex:10)
2026-01-06 15:51:20,204 [INFO] PluginManage:310 - Check plugin ipmanager
2026-01-06 15:51:20,210 [INFO] PluginManage:359 - Loaded plugin ipmanager (category:base,tabindex:5)
2026-01-06 15:51:20,210 [INFO] PluginManage:310 - Check plugin lpbam
2026-01-06 15:51:20,220 [INFO] PluginManage:359 - Loaded plugin lpbam (category:base,tabindex:0)
2026-01-06 15:51:20,220 [INFO] PluginManage:310 - Check plugin memorymap
2026-01-06 15:51:20,229 [INFO] PluginManage:359 - Loaded plugin memorymap (category:base,tabindex:4)
2026-01-06 15:51:20,229 [INFO] PluginManage:310 - Check plugin pinoutandconfiguration
2026-01-06 15:51:20,235 [INFO] PluginManage:359 - Loaded plugin pinoutandconfiguration (category:base,tabindex:1)
2026-01-06 15:51:20,235 [INFO] PluginManage:310 - Check plugin pinoutconfig
2026-01-06 15:51:20,312 [WARN] SupportedApi:132 - Cannot load RTOS API schema: s4s-elt-must-match.1: The content of 'definitions' must match (annotation?, (simpleType | complexType)?, (unique | key | keyref)*)). A problem was found starting at: attribute.
2026-01-06 15:51:20,468 [INFO] PluginManage:359 - Loaded plugin pinoutconfig (category:base,tabindex:0)
2026-01-06 15:51:20,468 [INFO] PluginManage:310 - Check plugin power
2026-01-06 15:51:20,479 [INFO] PluginManage:359 - Loaded plugin power (category:power,tabindex:4)
2026-01-06 15:51:20,480 [INFO] PluginManage:310 - Check plugin projectmanager
2026-01-06 15:51:20,503 [INFO] PluginManage:359 - Loaded plugin projectmanager (category:projectmanager,tabindex:4)
2026-01-06 15:51:20,503 [INFO] PluginManage:310 - Check plugin rif
2026-01-06 15:51:20,510 [INFO] PluginManage:359 - Loaded plugin rif (category:base,tabindex:3)
2026-01-06 15:51:20,510 [INFO] PluginManage:310 - Check plugin thirdparty
2026-01-06 15:51:20,665 [INFO] PluginManage:359 - Loaded plugin thirdparty (category:base,tabindex:-1)
2026-01-06 15:51:20,665 [INFO] PluginManage:310 - Check plugin tools
2026-01-06 15:51:20,665 [WARN] IntegrityCheckThread:84 - waiting for thirdparty lock release [integrity check]
2026-01-06 15:51:20,666 [INFO] IntegrityCheckThread:86 - entering critical section [integrity check]
2026-01-06 15:51:20,667 [INFO] ThirdPartyUpdaterWithRetryManager:70 - Updater plugin not ready yet. [1/15]
2026-01-06 15:51:20,669 [INFO] PluginManage:359 - Loaded plugin tools (category:base,tabindex:7)
2026-01-06 15:51:20,669 [INFO] PluginManage:310 - Check plugin tutovideos
2026-01-06 15:51:20,841 [INFO] PluginManage:359 - Loaded plugin tutovideos (category:base,tabindex:-1)
2026-01-06 15:51:20,841 [INFO] PluginManage:310 - Check plugin updater
2026-01-06 15:51:20,868 [INFO] PluginManage:359 - Loaded plugin updater (category:base,tabindex:12)
2026-01-06 15:51:20,869 [INFO] PluginManage:310 - Check plugin userauth
2026-01-06 15:51:20,872 [INFO] UserAuth:118 - Init User Auth plugin
2026-01-06 15:51:20,873 [INFO] PluginManage:359 - Loaded plugin userauth (category:base,tabindex:14)
2026-01-06 15:51:20,875 [INFO] PluginManage:283 - PluginManage : Loaded plugins [18]
2026-01-06 15:51:21,062 [INFO] PinOutPanel:1589 - setPackage(No Configuration,No Configuration)
2026-01-06 15:51:21,158 [INFO] CADModel:165 - CPN selected for project level
2026-01-06 15:51:21,158 [INFO] CADModel:114 - Register for checkConnection events
2026-01-06 15:51:21,167 [INFO] IPUIPlugin:80 - create IPUIPlugin
2026-01-06 15:51:21,168 [INFO] PluginManager:220 - loadIPPluginJar : add mdma
2026-01-06 15:51:21,172 [INFO] IPUIPlugin:80 - create IPUIPlugin
2026-01-06 15:51:21,172 [INFO] PluginManager:220 - loadIPPluginJar : add freertos
2026-01-06 15:51:21,176 [INFO] IPUIPlugin:80 - create IPUIPlugin
2026-01-06 15:51:21,176 [INFO] PluginManager:220 - loadIPPluginJar : add gic
2026-01-06 15:51:21,183 [INFO] IPUIPlugin:80 - create IPUIPlugin
2026-01-06 15:51:21,183 [INFO] PluginManager:220 - loadIPPluginJar : add adc
2026-01-06 15:51:21,184 [INFO] IPUIPlugin:80 - create IPUIPlugin
2026-01-06 15:51:21,184 [INFO] PluginManager:220 - loadIPPluginJar : add gtzc
2026-01-06 15:51:21,185 [INFO] IPUIPlugin:80 - create IPUIPlugin
2026-01-06 15:51:21,185 [INFO] PluginManager:220 - loadIPPluginJar : add quadspi
2026-01-06 15:51:21,186 [INFO] IPUIPlugin:80 - create IPUIPlugin
2026-01-06 15:51:21,186 [INFO] PluginManager:220 - loadIPPluginJar : add aes
2026-01-06 15:51:21,188 [INFO] IPUIPlugin:80 - create IPUIPlugin
2026-01-06 15:51:21,188 [INFO] PluginManager:220 - loadIPPluginJar : add pdm2pcm
2026-01-06 15:51:21,189 [INFO] IPUIPlugin:80 - create IPUIPlugin
2026-01-06 15:51:21,189 [INFO] PluginManager:220 - loadIPPluginJar : add hash
2026-01-06 15:51:21,190 [INFO] IPUIPlugin:80 - create IPUIPlugin
2026-01-06 15:51:21,190 [INFO] PluginManager:220 - loadIPPluginJar : add tim
2026-01-06 15:51:21,191 [INFO] IPUIPlugin:80 - create IPUIPlugin
2026-01-06 15:51:21,191 [INFO] PluginManager:220 - loadIPPluginJar : add tsc
2026-01-06 15:51:21,192 [INFO] IPUIPlugin:80 - create IPUIPlugin
2026-01-06 15:51:21,192 [INFO] PluginManager:220 - loadIPPluginJar : add extmemmanager
2026-01-06 15:51:21,194 [INFO] IPUIPlugin:80 - create IPUIPlugin
2026-01-06 15:51:21,194 [INFO] PluginManager:220 - loadIPPluginJar : add ts
2026-01-06 15:51:21,194 [INFO] IPUIPlugin:80 - create IPUIPlugin
2026-01-06 15:51:21,194 [INFO] PluginManager:220 - loadIPPluginJar : add radio
2026-01-06 15:51:21,196 [INFO] IPUIPlugin:80 - create IPUIPlugin
2026-01-06 15:51:21,196 [INFO] PluginManager:220 - loadIPPluginJar : add can
2026-01-06 15:51:21,197 [INFO] IPUIPlugin:80 - create IPUIPlugin
2026-01-06 15:51:21,197 [INFO] PluginManager:220 - loadIPPluginJar : add dma3
2026-01-06 15:51:21,198 [INFO] IPUIPlugin:80 - create IPUIPlugin
2026-01-06 15:51:21,198 [INFO] PluginManager:220 - loadIPPluginJar : add dfsdm
2026-01-06 15:51:21,198 [INFO] IPUIPlugin:80 - create IPUIPlugin
2026-01-06 15:51:21,199 [INFO] PluginManager:220 - loadIPPluginJar : add spi
2026-01-06 15:51:21,200 [INFO] IPUIPlugin:80 - create IPUIPlugin
2026-01-06 15:51:21,200 [INFO] PluginManager:220 - loadIPPluginJar : add gfxmmu
2026-01-06 15:51:21,201 [INFO] IPUIPlugin:80 - create IPUIPlugin
2026-01-06 15:51:21,201 [INFO] PluginManager:220 - loadIPPluginJar : add genericplugin
2026-01-06 15:51:21,202 [INFO] IPUIPlugin:80 - create IPUIPlugin
2026-01-06 15:51:21,202 [INFO] PluginManager:220 - loadIPPluginJar : add cryp
2026-01-06 15:51:21,204 [INFO] IPUIPlugin:80 - create IPUIPlugin
2026-01-06 15:51:21,204 [INFO] PluginManager:220 - loadIPPluginJar : add gpio
2026-01-06 15:51:21,206 [INFO] IPUIPlugin:80 - create IPUIPlugin
2026-01-06 15:51:21,207 [INFO] PluginManager:220 - loadIPPluginJar : add ddr_ctrl_phy
2026-01-06 15:51:21,207 [INFO] IPUIPlugin:80 - create IPUIPlugin
2026-01-06 15:51:21,207 [INFO] PluginManager:220 - loadIPPluginJar : add comp
2026-01-06 15:51:21,209 [INFO] IPUIPlugin:80 - create IPUIPlugin
2026-01-06 15:51:21,210 [INFO] PluginManager:220 - loadIPPluginJar : add tracer_emb
2026-01-06 15:51:21,211 [INFO] IPUIPlugin:80 - create IPUIPlugin
2026-01-06 15:51:21,211 [INFO] PluginManager:220 - loadIPPluginJar : add openamp
2026-01-06 15:51:21,214 [INFO] IPUIPlugin:80 - create IPUIPlugin
2026-01-06 15:51:21,214 [INFO] PluginManager:220 - loadIPPluginJar : add stm32_wpan
2026-01-06 15:51:21,217 [INFO] IPUIPlugin:80 - create IPUIPlugin
2026-01-06 15:51:21,219 [INFO] PluginManager:220 - loadIPPluginJar : add plateformsettings
2026-01-06 15:51:21,220 [INFO] IPUIPlugin:80 - create IPUIPlugin
2026-01-06 15:51:21,220 [INFO] PluginManager:220 - loadIPPluginJar : add ipddr
2026-01-06 15:51:21,221 [INFO] IPUIPlugin:80 - create IPUIPlugin
2026-01-06 15:51:21,221 [INFO] PluginManager:220 - loadIPPluginJar : add usart
2026-01-06 15:51:21,222 [INFO] IPUIPlugin:80 - create IPUIPlugin
2026-01-06 15:51:21,222 [INFO] PluginManager:220 - loadIPPluginJar : add ltdc
2026-01-06 15:51:21,223 [INFO] IPUIPlugin:80 - create IPUIPlugin
2026-01-06 15:51:21,223 [INFO] PluginManager:220 - loadIPPluginJar : add nvic
2026-01-06 15:51:21,224 [INFO] IPUIPlugin:80 - create IPUIPlugin
2026-01-06 15:51:21,224 [INFO] PluginManager:220 - loadIPPluginJar : add fatfs
2026-01-06 15:51:21,229 [INFO] IPUIPlugin:80 - create IPUIPlugin
2026-01-06 15:51:21,229 [INFO] PluginManager:220 - loadIPPluginJar : add linkedlist
2026-01-06 15:51:21,233 [INFO] IPUIPlugin:80 - create IPUIPlugin
2026-01-06 15:51:21,233 [INFO] PluginManager:220 - loadIPPluginJar : add dma
2026-01-06 15:51:21,236 [INFO] IPUIPlugin:80 - create IPUIPlugin
2026-01-06 15:51:21,236 [INFO] PluginManager:220 - loadIPPluginJar : add fmc
2026-01-06 15:51:21,237 [INFO] IPUIPlugin:80 - create IPUIPlugin
2026-01-06 15:51:21,237 [INFO] PluginManager:220 - loadIPPluginJar : add i2s
2026-01-06 15:51:21,238 [INFO] IPUIPlugin:80 - create IPUIPlugin
2026-01-06 15:51:21,238 [INFO] PluginManager:220 - loadIPPluginJar : add ucpd
2026-01-06 15:51:21,239 [INFO] IPUIPlugin:80 - create IPUIPlugin
2026-01-06 15:51:21,239 [INFO] PluginManager:220 - loadIPPluginJar : add lorawan
2026-01-06 15:51:21,241 [INFO] IPUIPlugin:80 - create IPUIPlugin
2026-01-06 15:51:21,241 [INFO] PluginManager:220 - loadIPPluginJar : add opamp
2026-01-06 15:51:21,242 [INFO] IPUIPlugin:80 - create IPUIPlugin
2026-01-06 15:51:21,242 [INFO] PluginManager:220 - loadIPPluginJar : add i3c
2026-01-06 15:51:21,243 [INFO] IPUIPlugin:80 - create IPUIPlugin
2026-01-06 15:51:21,244 [INFO] PluginManager:220 - loadIPPluginJar : add touchsensing
2026-01-06 15:51:21,245 [INFO] IPUIPlugin:80 - create IPUIPlugin
2026-01-06 15:51:21,246 [INFO] PluginManager:220 - loadIPPluginJar : add i2c
2026-01-06 15:51:21,248 [INFO] IPUIPlugin:80 - create IPUIPlugin
2026-01-06 15:51:21,248 [INFO] PluginManager:220 - loadIPPluginJar : add resmgrutility
2026-01-06 15:51:21,251 [INFO] IPUIPlugin:80 - create IPUIPlugin
2026-01-06 15:51:21,251 [INFO] PluginManager:220 - loadIPPluginJar : add sai
2026-01-06 15:51:21,252 [INFO] IPUIPlugin:80 - create IPUIPlugin
2026-01-06 15:51:21,252 [INFO] PluginManager:220 - loadIPPluginJar : add usbx
2026-01-06 15:51:21,375 [FATAL] Updater:351 - Updater called before beeing initialized
2026-01-06 15:51:21,420 [INFO] RulesReader:64 - Compatibility file has been processed (317 Rules)
2026-01-06 15:51:21,433 [INFO] RulesReader:64 - Compatibility file has been processed (317 Rules)
2026-01-06 15:51:21,443 [INFO] CADModel:165 - CPN selected for project level
2026-01-06 15:51:21,445 [INFO] CADModel:114 - Register for checkConnection events
2026-01-06 15:51:21,445 [FATAL] Updater:351 - Updater called before beeing initialized
2026-01-06 15:51:21,445 [ERROR] CADModel:125 - Updater not yet initialized, retry later 
2026-01-06 15:51:21,873 [FATAL] Updater:351 - Updater called before beeing initialized
2026-01-06 15:51:21,874 [INFO] CADModel:165 - CPN selected for project level
2026-01-06 15:51:21,874 [INFO] CADModel:114 - Register for checkConnection events
2026-01-06 15:51:21,875 [FATAL] Updater:351 - Updater called before beeing initialized
2026-01-06 15:51:21,875 [ERROR] CADModel:125 - Updater not yet initialized, retry later 
2026-01-06 15:51:21,877 [FATAL] Updater:351 - Updater called before beeing initialized
2026-01-06 15:51:22,041 [FATAL] Updater:351 - Updater called before beeing initialized
2026-01-06 15:51:22,047 [INFO] DbMcusAds:53 - JSON generation date=Mon Dec 15 15:11:46 PST 2025 (1765840306612)
2026-01-06 15:51:22,047 [FATAL] Updater:351 - Updater called before beeing initialized
2026-01-06 15:51:22,378 [WARN] DetailPanel:346 - Failed to get advertising image, set to default
2026-01-06 15:51:22,448 [FATAL] Updater:351 - Updater called before beeing initialized
2026-01-06 15:51:22,452 [FATAL] Updater:351 - Updater called before beeing initialized
2026-01-06 15:51:22,452 [FATAL] Updater:351 - Updater called before beeing initialized
2026-01-06 15:51:22,453 [WARN] DetailPanel:346 - Failed to get advertising image, set to default
2026-01-06 15:51:22,458 [FATAL] Updater:351 - Updater called before beeing initialized
2026-01-06 15:51:22,543 [ERROR] Updater:1198 - MainUpdater not yet initialized. External WinMGr cannot be set.
2026-01-06 15:51:22,555 [INFO] Updater:1134 - Updater Version found : 6.15.0
2026-01-06 15:51:22,569 [INFO] ApplicationProperties:184 - Using Application install path: /Applications/STM32CubeIDE.app/Contents/Eclipse/plugins/com.st.stm32cube.common.mx_6.15.0.202507011659
2026-01-06 15:51:23,366 [INFO] MainUpdater:2872 - connection check result : 10
2026-01-06 15:51:23,367 [INFO] MainUpdater:289 - Updater Check For Update Now.
2026-01-06 15:51:23,368 [INFO] MicroXplorer:498 - Change Database Version : DB.6.0.150
2026-01-06 15:51:23,387 [INFO] McuFinderGlobals:63 - Set McuFinder mode to 2 (CubeIDE integrated)
2026-01-06 15:51:23,387 [INFO] UserAuth:171 - activating auth plugin
2026-01-06 15:51:23,656 [INFO] CheckServerUpdateThread:120 - End of CheckServer Thread
2026-01-06 15:51:23,828 [WARN] PackLoader:240 - Cannot read IP mode file for STMicroelectronics.FP-SNS-MOTENVWB1.1.4.0
2026-01-06 15:51:23,857 [WARN] PackLoader:240 - Cannot read IP mode file for STMicroelectronics.FP-ATR-ASTRA1.2.0.2
2026-01-06 15:51:23,879 [WARN] PackLoader:240 - Cannot read IP mode file for STMicroelectronics.X-CUBE-SMBUS.2.1.0
2026-01-06 15:51:23,888 [WARN] PackLoader:240 - Cannot read IP mode file for STMicroelectronics.X-CUBE-ST60.1.0.0
2026-01-06 15:51:23,926 [WARN] PackLoader:240 - Cannot read IP mode file for STMicroelectronics.X-CUBE-AZRTOS-F7.1.1.0
2026-01-06 15:51:23,962 [WARN] PackLoader:240 - Cannot read IP mode file for Cesanta.I-CUBE-Mongoose.7.19.0
2026-01-06 15:51:23,973 [WARN] PackLoader:240 - Cannot read IP mode file for STMicroelectronics.FP-SNS-MOTENV1.5.1.0
2026-01-06 15:51:23,990 [WARN] PackLoader:240 - Cannot read IP mode file for WES.I-CUBE-Cesium.1.4.0
2026-01-06 15:51:24,045 [WARN] PackLoader:240 - Cannot read IP mode file for Infineon.AIROC-Wi-Fi-Bluetooth-STM32.1.7.1
2026-01-06 15:51:24,132 [WARN] PackLoader:240 - Cannot read IP mode file for STMicroelectronics.X-CUBE-AZRTOS-H7.3.4.0
2026-01-06 15:51:24,172 [WARN] PackLoader:240 - Cannot read IP mode file for STMicroelectronics.X-CUBE-DISPLAY.3.0.0
2026-01-06 15:51:24,213 [WARN] PackLoader:240 - Cannot read IP mode file for STMicroelectronics.X-CUBE-NFC10.1.0.0
2026-01-06 15:51:24,222 [WARN] PackLoader:240 - Cannot read IP mode file for STMicroelectronics.X-CUBE-ST60.1.1.0
2026-01-06 15:51:24,230 [WARN] PackLoader:240 - Cannot read IP mode file for emotas.I-CUBE-CANOPEN.1.3.0
2026-01-06 15:51:24,265 [WARN] PackLoader:240 - Cannot read IP mode file for STMicroelectronics.X-CUBE-GNSS1.7.1.0
2026-01-06 15:51:24,296 [WARN] PackLoader:240 - Cannot read IP mode file for STMicroelectronics.FP-SNS-STBOX1.2.1.0
2026-01-06 15:51:24,320 [WARN] PackLoader:240 - Cannot read IP mode file for STMicroelectronics.FP-SNS-SMARTAG2.1.2.0
2026-01-06 15:51:24,330 [WARN] PackLoader:240 - Cannot read IP mode file for STMicroelectronics.FP-SNS-FLIGHT1.5.1.0
2026-01-06 15:51:24,381 [INFO] LogOutputStream:77 - [STDOUT_REDIRECT] 1 : Invalid condition id : UX_CORESTACK_Condition cause : null
2026-01-06 15:51:24,387 [INFO] LogOutputStream:77 - [STDOUT_REDIRECT] 1 : Invalid condition id : UX_CORESTACK_Condition cause : null
2026-01-06 15:51:24,387 [INFO] LogOutputStream:77 - [STDOUT_REDIRECT] 1 : Invalid condition id : UX_CORESTACK_Condition cause : null
2026-01-06 15:51:24,388 [INFO] LogOutputStream:77 - [STDOUT_REDIRECT] 1 : Invalid condition id : UX_CORESTACK_Condition cause : null
2026-01-06 15:51:24,388 [INFO] LogOutputStream:77 - [STDOUT_REDIRECT] 1 : Invalid condition id : UX_CORESTACK_Condition cause : null
2026-01-06 15:51:24,395 [WARN] PackLoader:240 - Cannot read IP mode file for STMicroelectronics.X-CUBE-AZRTOS-WL.2.0.0
2026-01-06 15:51:24,448 [INFO] UserAuth:487 - Internet connection configuration mode: 1
2026-01-06 15:51:24,454 [WARN] PackLoader:240 - Cannot read IP mode file for STMicroelectronics.FP-SNS-MOTENV1.5.0.0
2026-01-06 15:51:24,473 [INFO] JxBrowserEngine:152 - Initiate JxBrowser Engine with user profile folder
2026-01-06 15:51:24,544 [WARN] PackLoader:240 - Cannot read IP mode file for STMicroelectronics.X-CUBE-AZRTOS-H7RS.1.2.0
2026-01-06 15:51:24,570 [WARN] PackLoader:240 - Cannot read IP mode file for WES.I-CUBE-Cesium.1.3.0
2026-01-06 15:51:24,597 [WARN] PackLoader:240 - Cannot read IP mode file for STMicroelectronics.X-CUBE-BLE2.3.3.0
2026-01-06 15:51:24,648 [WARN] PackLoader:240 - Cannot read IP mode file for STMicroelectronics.X-CUBE-NFC9.1.0.0
2026-01-06 15:51:24,661 [WARN] PackLoader:240 - Cannot read IP mode file for wolfSSL.I-CUBE-wolfSSL.5.8.2
2026-01-06 15:51:24,668 [WARN] PackLoader:240 - Cannot read IP mode file for STMicroelectronics.X-CUBE-BLE1.7.1.0
2026-01-06 15:51:24,671 [WARN] PackLoader:240 - Cannot read IP mode file for wolfSSL.I-CUBE-wolfMQTT.1.19.2
2026-01-06 15:51:24,680 [WARN] PackLoader:240 - Cannot read IP mode file for STMicroelectronics.X-CUBE-FREERTOS.1.4.0
2026-01-06 15:51:24,686 [WARN] PackLoader:240 - Cannot read IP mode file for STMicroelectronics.X-CUBE-EEPRMA1.5.2.0
2026-01-06 15:51:24,696 [WARN] PackLoader:240 - Cannot read IP mode file for STMicroelectronics.X-CUBE-ST67W61.1.1.0
2026-01-06 15:51:24,704 [WARN] PackLoader:240 - Cannot read IP mode file for STMicroelectronics.X-CUBE-AI.10.1.0
2026-01-06 15:51:24,810 [WARN] PackLoader:240 - Cannot read IP mode file for STMicroelectronics.X-CUBE-MEMS1.12.0.0
2026-01-06 15:51:25,655 [WARN] PackLoader:240 - Cannot read IP mode file for STMicroelectronics.X-CUBE-AZRTOS-G0.1.1.0
2026-01-06 15:51:25,696 [WARN] PackLoader:240 - Cannot read IP mode file for STMicroelectronics.X-CUBE-SAFEA1.1.2.2
2026-01-06 15:51:25,712 [WARN] PackLoader:240 - Cannot read IP mode file for STMicroelectronics.X-CUBE-NFC4.3.0.0
2026-01-06 15:51:25,731 [WARN] PackLoader:240 - Cannot read IP mode file for EmbeddedOffice.I-CUBE-FS-RTOS.1.0.1
2026-01-06 15:51:25,746 [WARN] PackLoader:240 - Cannot read IP mode file for STMicroelectronics.X-CUBE-WB05N.2.0.0
2026-01-06 15:51:25,754 [WARN] PackLoader:240 - Cannot read IP mode file for wolfSSL.I-CUBE-wolfTPM.3.8.0
2026-01-06 15:51:25,759 [WARN] PackLoader:240 - Cannot read IP mode file for STMicroelectronics.X-CUBE-TCPP.4.2.0
2026-01-06 15:51:25,765 [WARN] PackLoader:240 - Cannot read IP mode file for RealThread.X-CUBE-RT-Thread_Nano.4.1.1
2026-01-06 15:51:25,770 [WARN] PackLoader:240 - Cannot read IP mode file for STMicroelectronics.FP-ATR-SIGFOX1.3.2.0
2026-01-06 15:51:25,781 [WARN] PackLoader:240 - Cannot read IP mode file for ITTIA_DB.I-CUBE-ITTIADB.8.9.0
2026-01-06 15:51:25,801 [WARN] PackLoader:240 - Cannot read IP mode file for STMicroelectronics.X-CUBE-ST67W61.1.0.0
2026-01-06 15:51:25,807 [WARN] PackLoader:240 - Cannot read IP mode file for STMicroelectronics.X-CUBE-AI.10.2.0
2026-01-06 15:51:25,891 [WARN] PackLoader:240 - Cannot read IP mode file for SEGGER.I-CUBE-embOS.1.3.1
2026-01-06 15:51:25,928 [WARN] PackLoader:240 - Cannot read IP mode file for STMicroelectronics.X-CUBE-ALGOBUILD.1.4.0
2026-01-06 15:51:26,013 [WARN] PackLoader:240 - Cannot read IP mode file for STMicroelectronics.X-CUBE-MEMS1.11.3.0
2026-01-06 15:51:26,116 [WARN] PackLoader:240 - Cannot read IP mode file for STMicroelectronics.X-CUBE-PM33A1.1.0.0
2026-01-06 15:51:26,140 [WARN] PackLoader:240 - Cannot read IP mode file for STMicroelectronics.X-CUBE-AZRTOS-F4.1.1.0
2026-01-06 15:51:26,153 [WARN] PackLoader:240 - Cannot read IP mode file for Avnet-IotConnect.X-CUBE-IoTC-DA16k-PMOD.1.0.0
2026-01-06 15:51:26,156 [WARN] PackLoader:240 - Cannot read IP mode file for STMicroelectronics.X-CUBE-ISPU.2.1.0
2026-01-06 15:51:26,170 [WARN] PackLoader:240 - Cannot read IP mode file for STMicroelectronics.X-CUBE-IPS.3.2.0
2026-01-06 15:51:26,182 [WARN] PackLoader:240 - Cannot read IP mode file for STMicroelectronics.X-CUBE-NFC12.1.0.0
2026-01-06 15:51:26,204 [WARN] PackLoader:240 - Cannot read IP mode file for STMicroelectronics.X-CUBE-AZRTOS-L5.2.0.0
2026-01-06 15:51:26,478 [WARN] PackLoader:240 - Cannot read IP mode file for STMicroelectronics.X-CUBE-NFC6.3.1.0
2026-01-06 15:51:26,531 [WARN] PackLoader:240 - Cannot read IP mode file for STMicroelectronics.X-CUBE-FREERTOS.1.3.1
2026-01-06 15:51:26,555 [WARN] PackLoader:240 - Cannot read IP mode file for STMicroelectronics.X-CUBE-TOUCHGFX.4.26.0
2026-01-06 15:51:26,568 [WARN] PackLoader:240 - Cannot read IP mode file for STMicroelectronics.FP-SNS-STAIOTCFT.1.0.0
2026-01-06 15:51:26,574 [WARN] PackLoader:240 - Cannot read IP mode file for STMicroelectronics.X-CUBE-DPower.1.3.0
2026-01-06 15:51:26,603 [WARN] ConditionMgr:438 - getConditionDescription Invalid condition id : LAN8742 Phy interface Condition cause : null
2026-01-06 15:51:26,605 [WARN] PackLoader:240 - Cannot read IP mode file for STMicroelectronics.X-CUBE-AZRTOS-L4.2.0.0
2026-01-06 15:51:26,608 [WARN] ConditionMgr:1044 - genDependencies : Invalid condition id : LAN8742 Phy interface Condition cause : null
2026-01-06 15:51:26,609 [WARN] ConditionMgr:1044 - genDependencies : Invalid condition id : LAN8742 Phy interface Condition cause : null
2026-01-06 15:51:26,610 [WARN] ConditionMgr:1044 - genDependencies : Invalid condition id : LAN8742 Phy interface Condition cause : null
2026-01-06 15:51:26,624 [WARN] PackLoader:240 - Cannot read IP mode file for STMicroelectronics.X-CUBE-SFXS2LP1.4.0.0
2026-01-06 15:51:26,643 [WARN] PackLoader:240 - Cannot read IP mode file for STMicroelectronics.X-CUBE-BLEMGR.4.1.0
2026-01-06 15:51:26,661 [WARN] ConditionMgr:438 - getConditionDescription Invalid condition id : UX DEVICE CLASS RTOS Condition cause : null
2026-01-06 15:51:26,661 [WARN] ConditionMgr:438 - getConditionDescription Invalid condition id : UX DEVICE CLASS RTOS Condition cause : null
2026-01-06 15:51:26,667 [WARN] PackLoader:240 - Cannot read IP mode file for STMicroelectronics.X-CUBE-AZRTOS-WB.2.0.0
2026-01-06 15:51:26,668 [WARN] ConditionMgr:1044 - genDependencies : Invalid condition id : UX DEVICE CLASS RTOS Condition cause : null
2026-01-06 15:51:26,668 [WARN] ConditionMgr:1044 - genDependencies : Invalid condition id : UX DEVICE CLASS RTOS Condition cause : null
2026-01-06 15:51:26,669 [WARN] ConditionMgr:1044 - genDependencies : Invalid condition id : UX DEVICE CLASS RTOS Condition cause : null
2026-01-06 15:51:26,669 [WARN] ConditionMgr:1044 - genDependencies : Invalid condition id : UX DEVICE CLASS RTOS Condition cause : null
2026-01-06 15:51:26,669 [WARN] ConditionMgr:1044 - genDependencies : Invalid condition id : UX DEVICE CLASS RTOS Condition cause : null
2026-01-06 15:51:26,677 [WARN] PackLoader:240 - Cannot read IP mode file for STMicroelectronics.X-CUBE-GNSS1.7.0.1
2026-01-06 15:51:26,681 [WARN] PackLoader:240 - Cannot read IP mode file for STMicroelectronics.X-CUBE-TOUCHGFX.4.25.0
2026-01-06 15:51:26,689 [WARN] PackLoader:240 - Cannot read IP mode file for STMicroelectronics.FP-SNS-STBOX1.2.0.0
2026-01-06 15:51:26,696 [WARN] ConditionMgr:438 - getConditionDescription Invalid condition id : Cortex-A Device cause : null
2026-01-06 15:51:26,723 [WARN] ConditionMgr:1044 - genDependencies : Invalid condition id : Cortex-A Device cause : null
2026-01-06 15:51:26,723 [WARN] ConditionMgr:1044 - genDependencies : Invalid condition id : Cortex-A Device cause : null
2026-01-06 15:51:26,724 [WARN] ConditionMgr:1044 - genDependencies : Invalid condition id : Cortex-A Device cause : null
2026-01-06 15:51:26,736 [WARN] PackLoader:240 - Cannot read IP mode file for STMicroelectronics.X-CUBE-SUBG2.5.0.0
2026-01-06 15:51:26,766 [WARN] PackLoader:240 - Cannot read IP mode file for STMicroelectronics.X-CUBE-AZRTOS-H7RS.1.1.0
2026-01-06 15:51:26,778 [WARN] PackLoader:240 - Cannot read IP mode file for Cesanta.I-CUBE-Mongoose.7.13.0
2026-01-06 15:51:26,795 [WARN] PackLoader:240 - Cannot read IP mode file for STMicroelectronics.X-CUBE-AZRTOS-G4.2.0.0
2026-01-06 15:51:26,800 [WARN] PackLoader:240 - Cannot read IP mode file for wolfSSL.I-CUBE-wolfSSH.1.4.20
2026-01-06 15:51:26,803 [WARN] PackLoader:240 - Cannot read IP mode file for STMicroelectronics.X-CUBE-NFC7.2.0.0
2026-01-06 15:51:26,814 [WARN] PackLoader:240 - Cannot read IP mode file for STMicroelectronics.X-CUBE-IPS.3.1.0
2026-01-06 15:51:26,822 [WARN] PackLoader:240 - Cannot read IP mode file for STMicroelectronics.X-CUBE-ALS.1.0.2
2026-01-06 15:51:26,833 [WARN] PackLoader:240 - Cannot read IP mode file for STMicroelectronics.X-CUBE-STSE01.1.0.0
2026-01-06 15:51:26,843 [WARN] PackLoader:240 - Cannot read IP mode file for portGmbH.I-Cube-SoM-uGOAL.1.1.0
2026-01-06 15:51:26,861 [WARN] PackLoader:240 - Cannot read IP mode file for STMicroelectronics.X-CUBE-TOF1.3.4.3
2026-01-06 15:51:26,892 [INFO] ThirdParty:978 - Integrity check success = true
2026-01-06 15:51:26,893 [INFO] IntegrityCheckThread:100 - exiting critical section [integrity check]
2026-01-06 15:51:26,893 [INFO] IntegrityCheckThread:103 - End integrity checks thread
2026-01-06 15:51:55,772 [INFO] WebApp:169 - Instantiating new browser for Auth
2026-01-06 15:51:57,234 [INFO] WebApp:463 - Apply proxy settings
2026-01-06 15:51:57,261 [INFO] WebApp:508 - Chromium authenticates against Manually configured proxy
2026-01-06 15:51:57,273 [INFO] WebApp:516 - Username used for proxy authentication: 
2026-01-06 15:51:57,311 [INFO] WebApp:900 - Register for checkConnection events
2026-01-06 15:51:57,311 [INFO] WebApp:463 - Apply proxy settings
2026-01-06 15:51:57,317 [INFO] WebApp:508 - Chromium authenticates against Manually configured proxy
2026-01-06 15:51:57,317 [INFO] WebApp:516 - Username used for proxy authentication: 
2026-01-06 15:51:57,484 [INFO] WebApp:225 - Starting web application
2026-01-06 15:51:57,484 [INFO] WebApp:593 - Web application path used /Applications/STM32CubeIDE.app/Contents/Eclipse/plugins/com.st.stm32cube.common.mx_6.15.0.202507011659/db/plugins/mcufinder/reactClient1/index.html
2026-01-06 15:51:57,876 [INFO] WebApp:191 - Connection restablished
2026-01-06 15:52:01,774 [ERROR] LogOutputStream:75 - [STDERR_REDIRECT] 
