2025-10-14 19:33:44,797 [INFO] Activator:176 - 


2025-10-14 19:33:44,803 [INFO] Activator:177 - !SESSION log4j initialized
2025-10-14 19:33:50,577 [INFO] LogOutputStream:77 - [STDOUT_REDIRECT] 
2025-10-14 19:33:50,877 [ERROR] LogOutputStream:75 - [STDERR_REDIRECT] 
2025-10-14 19:34:11,062 [INFO] LogOutputStream:77 - [STDOUT_REDIRECT] 
2025-10-14 19:34:12,617 [INFO] ApplicationProperties:184 - Using Application install path: /Applications/STM32CubeIDE.app/Contents/Eclipse/plugins/com.st.stm32cube.common.mx_6.15.0.202507011659
2025-10-14 19:34:12,630 [INFO] DbMcusXml:78 - Set database path to: /Applications/STM32CubeIDE.app/Contents/Eclipse/plugins/com.st.stm32cube.common.mx_6.15.0.202507011659//db//mcu/
2025-10-14 19:34:12,630 [INFO] ApiDb:274 - Set plugin database path to: /Applications/STM32CubeIDE.app/Contents/Eclipse/plugins/com.st.stm32cube.common.mx_6.15.0.202507011659//db//plugins/boardmanager/
2025-10-14 19:34:12,631 [WARN] ApiDb:259 - Overriding images path with different value:  => /Applications/STM32CubeIDE.app/Contents/Eclipse/plugins/com.st.stm32cube.common.mx_6.15.0.202507011659//db//plugins/mcufinder/images/
2025-10-14 19:34:12,638 [INFO] ApiDb:250 - Set database path to: /Users/sheen/.stmcufinder/plugins/mcufinder//mcu/
2025-10-14 19:34:12,639 [INFO] DbMcusAds:125 - Set database path to: /Users/sheen/.stmcufinder/plugins/mcufinder//mcu/
2025-10-14 19:34:12,640 [INFO] CrossReferenceDbSqlite:203 - Set database path to: /Users/sheen/.stmcufinder/plugins/mcufinder//mcu/cs/
2025-10-14 19:34:12,773 [INFO] RulesReader:64 - Compatibility file has been processed (317 Rules)
2025-10-14 19:34:12,833 [INFO] DbMcusXml:78 - Set database path to: /Applications/STM32CubeIDE.app/Contents/Eclipse/plugins/com.st.stm32cube.common.mx_6.15.0.202507011659//db//mcu/
2025-10-14 19:34:12,833 [INFO] ApiDb:274 - Set plugin database path to: /Applications/STM32CubeIDE.app/Contents/Eclipse/plugins/com.st.stm32cube.common.mx_6.15.0.202507011659//db//plugins/boardmanager/
2025-10-14 19:34:12,833 [INFO] ApiDb:261 - Set plugin images path to: /Applications/STM32CubeIDE.app/Contents/Eclipse/plugins/com.st.stm32cube.common.mx_6.15.0.202507011659//db//plugins/mcufinder/images/
2025-10-14 19:34:12,833 [WARN] DbFile:41 - Overriding database path with different value: /Users/sheen/.stmcufinder/plugins/mcufinder/ => /Users/sheen/.stmcufinder/plugins/mcufinder
2025-10-14 19:34:12,834 [INFO] ApiDb:250 - Set database path to: /Users/sheen/.stmcufinder/plugins/mcufinder//mcu/
2025-10-14 19:34:12,834 [WARN] DbFile:41 - Overriding database path with different value: /Users/sheen/.stmcufinder/plugins/mcufinder/ => /Users/sheen/.stmcufinder/plugins/mcufinder
2025-10-14 19:34:12,834 [INFO] DbMcusAds:125 - Set database path to: /Users/sheen/.stmcufinder/plugins/mcufinder//mcu/
2025-10-14 19:34:12,834 [WARN] DbFile:41 - Overriding database path with different value: /Users/sheen/.stmcufinder/plugins/mcufinder/ => /Users/sheen/.stmcufinder/plugins/mcufinder
2025-10-14 19:34:12,834 [WARN] DbFile:41 - Overriding database path with different value: /Users/sheen/.stmcufinder/plugins/mcufinder/ => /Users/sheen/.stmcufinder/plugins/mcufinder
2025-10-14 19:34:12,834 [INFO] CrossReferenceDbSqlite:203 - Set database path to: /Users/sheen/.stmcufinder/plugins/mcufinder//mcu/cs/
2025-10-14 19:34:12,896 [INFO] MainPanel:274 - HeapMemory: 268435456
2025-10-14 19:34:13,583 [INFO] DbMcusXml:78 - Set database path to: /Applications/STM32CubeIDE.app/Contents/Eclipse/plugins/com.st.stm32cube.common.mx_6.15.0.202507011659//db//mcu/
2025-10-14 19:34:13,583 [INFO] ApiDb:274 - Set plugin database path to: /Applications/STM32CubeIDE.app/Contents/Eclipse/plugins/com.st.stm32cube.common.mx_6.15.0.202507011659//db//plugins/boardmanager/
2025-10-14 19:34:13,583 [INFO] ApiDb:261 - Set plugin images path to: /Applications/STM32CubeIDE.app/Contents/Eclipse/plugins/com.st.stm32cube.common.mx_6.15.0.202507011659//db//plugins/mcufinder/images/
2025-10-14 19:34:13,583 [WARN] DbFile:41 - Overriding database path with different value: /Users/sheen/.stmcufinder/plugins/mcufinder/ => /Users/sheen/.stmcufinder/plugins/mcufinder
2025-10-14 19:34:13,583 [INFO] ApiDb:250 - Set database path to: /Users/sheen/.stmcufinder/plugins/mcufinder//mcu/
2025-10-14 19:34:13,584 [WARN] DbFile:41 - Overriding database path with different value: /Users/sheen/.stmcufinder/plugins/mcufinder/ => /Users/sheen/.stmcufinder/plugins/mcufinder
2025-10-14 19:34:13,584 [INFO] DbMcusAds:125 - Set database path to: /Users/sheen/.stmcufinder/plugins/mcufinder//mcu/
2025-10-14 19:34:13,584 [WARN] DbFile:41 - Overriding database path with different value: /Users/sheen/.stmcufinder/plugins/mcufinder/ => /Users/sheen/.stmcufinder/plugins/mcufinder
2025-10-14 19:34:13,584 [WARN] DbFile:41 - Overriding database path with different value: /Users/sheen/.stmcufinder/plugins/mcufinder/ => /Users/sheen/.stmcufinder/plugins/mcufinder
2025-10-14 19:34:13,584 [INFO] CrossReferenceDbSqlite:203 - Set database path to: /Users/sheen/.stmcufinder/plugins/mcufinder//mcu/cs/
2025-10-14 19:34:13,613 [INFO] ApplicationProperties:184 - Using Application install path: /Applications/STM32CubeIDE.app/Contents/Eclipse/plugins/com.st.stm32cube.common.mx_6.15.0.202507011659
2025-10-14 19:34:13,614 [INFO] PluginManage:196 - Search for loadable plugins [exclusion list=, ]
2025-10-14 19:34:13,615 [INFO] PluginManage:310 - Check plugin analytics
2025-10-14 19:34:13,797 [INFO] AnalyticsPlugin:253 - Accepted Software Licenses: STM32CubeMX.6.15.0
2025-10-14 19:34:13,797 [INFO] AnalyticsPlugin:255 - Accepted CMSIS Pack Licenses: 
2025-10-14 19:34:13,797 [INFO] AnalyticsPlugin:257 - Accepted Firmware Licenses: FW.F4.1.28.0
2025-10-14 19:34:13,808 [INFO] PluginManage:359 - Loaded plugin analytics (category:tool,tabindex:-1)
2025-10-14 19:34:13,810 [INFO] PluginManage:310 - Check plugin cadmodel
2025-10-14 19:34:13,823 [INFO] CADModel:105 - Init CAD model plugin
2025-10-14 19:34:13,823 [INFO] PluginManage:359 - Loaded plugin cadmodel (category:power,tabindex:5)
2025-10-14 19:34:13,824 [INFO] PluginManage:310 - Check plugin clock
2025-10-14 19:34:13,833 [INFO] PluginManage:359 - Loaded plugin clock (category:base,tabindex:2)
2025-10-14 19:34:13,833 [INFO] PluginManage:310 - Check plugin ddr
2025-10-14 19:34:13,835 [INFO] PluginManage:359 - Loaded plugin ddr (category:tool,tabindex:6)
2025-10-14 19:34:13,835 [INFO] PluginManage:310 - Check plugin filemanager
2025-10-14 19:34:13,979 [INFO] PluginManage:359 - Loaded plugin filemanager (category:base,tabindex:10)
2025-10-14 19:34:13,979 [INFO] PluginManage:310 - Check plugin ipmanager
2025-10-14 19:34:13,985 [INFO] PluginManage:359 - Loaded plugin ipmanager (category:base,tabindex:5)
2025-10-14 19:34:13,985 [INFO] PluginManage:310 - Check plugin lpbam
2025-10-14 19:34:13,993 [INFO] PluginManage:359 - Loaded plugin lpbam (category:base,tabindex:0)
2025-10-14 19:34:13,993 [INFO] PluginManage:310 - Check plugin memorymap
2025-10-14 19:34:14,002 [INFO] PluginManage:359 - Loaded plugin memorymap (category:base,tabindex:4)
2025-10-14 19:34:14,003 [INFO] PluginManage:310 - Check plugin pinoutandconfiguration
2025-10-14 19:34:14,008 [INFO] PluginManage:359 - Loaded plugin pinoutandconfiguration (category:base,tabindex:1)
2025-10-14 19:34:14,008 [INFO] PluginManage:310 - Check plugin pinoutconfig
2025-10-14 19:34:14,108 [WARN] SupportedApi:132 - Cannot load RTOS API schema: s4s-elt-must-match.1: The content of 'definitions' must match (annotation?, (simpleType | complexType)?, (unique | key | keyref)*)). A problem was found starting at: attribute.
2025-10-14 19:34:14,233 [INFO] PluginManage:359 - Loaded plugin pinoutconfig (category:base,tabindex:0)
2025-10-14 19:34:14,234 [INFO] PluginManage:310 - Check plugin power
2025-10-14 19:34:14,242 [INFO] PluginManage:359 - Loaded plugin power (category:power,tabindex:4)
2025-10-14 19:34:14,242 [INFO] PluginManage:310 - Check plugin projectmanager
2025-10-14 19:34:14,269 [INFO] PluginManage:359 - Loaded plugin projectmanager (category:projectmanager,tabindex:4)
2025-10-14 19:34:14,269 [INFO] PluginManage:310 - Check plugin rif
2025-10-14 19:34:14,275 [INFO] PluginManage:359 - Loaded plugin rif (category:base,tabindex:3)
2025-10-14 19:34:14,275 [INFO] PluginManage:310 - Check plugin thirdparty
2025-10-14 19:34:14,407 [INFO] PluginManage:359 - Loaded plugin thirdparty (category:base,tabindex:-1)
2025-10-14 19:34:14,407 [INFO] PluginManage:310 - Check plugin tools
2025-10-14 19:34:14,407 [WARN] IntegrityCheckThread:84 - waiting for thirdparty lock release [integrity check]
2025-10-14 19:34:14,407 [INFO] IntegrityCheckThread:86 - entering critical section [integrity check]
2025-10-14 19:34:14,408 [INFO] ThirdPartyUpdaterWithRetryManager:70 - Updater plugin not ready yet. [1/15]
2025-10-14 19:34:14,408 [INFO] PluginManage:359 - Loaded plugin tools (category:base,tabindex:7)
2025-10-14 19:34:14,408 [INFO] PluginManage:310 - Check plugin tutovideos
2025-10-14 19:34:14,574 [INFO] PluginManage:359 - Loaded plugin tutovideos (category:base,tabindex:-1)
2025-10-14 19:34:14,574 [INFO] PluginManage:310 - Check plugin updater
2025-10-14 19:34:14,600 [INFO] PluginManage:359 - Loaded plugin updater (category:base,tabindex:12)
2025-10-14 19:34:14,600 [INFO] PluginManage:310 - Check plugin userauth
2025-10-14 19:34:14,603 [INFO] UserAuth:118 - Init User Auth plugin
2025-10-14 19:34:14,604 [INFO] PluginManage:359 - Loaded plugin userauth (category:base,tabindex:14)
2025-10-14 19:34:14,604 [INFO] PluginManage:283 - PluginManage : Loaded plugins [18]
2025-10-14 19:34:14,817 [INFO] PinOutPanel:1589 - setPackage(No Configuration,No Configuration)
2025-10-14 19:34:14,894 [INFO] CADModel:165 - CPN selected for project level
2025-10-14 19:34:14,894 [INFO] CADModel:114 - Register for checkConnection events
2025-10-14 19:34:14,907 [INFO] IPUIPlugin:80 - create IPUIPlugin
2025-10-14 19:34:14,907 [INFO] PluginManager:220 - loadIPPluginJar : add mdma
2025-10-14 19:34:14,913 [INFO] IPUIPlugin:80 - create IPUIPlugin
2025-10-14 19:34:14,913 [INFO] PluginManager:220 - loadIPPluginJar : add freertos
2025-10-14 19:34:14,917 [INFO] IPUIPlugin:80 - create IPUIPlugin
2025-10-14 19:34:14,917 [INFO] PluginManager:220 - loadIPPluginJar : add gic
2025-10-14 19:34:14,924 [INFO] IPUIPlugin:80 - create IPUIPlugin
2025-10-14 19:34:14,924 [INFO] PluginManager:220 - loadIPPluginJar : add adc
2025-10-14 19:34:14,925 [INFO] IPUIPlugin:80 - create IPUIPlugin
2025-10-14 19:34:14,925 [INFO] PluginManager:220 - loadIPPluginJar : add gtzc
2025-10-14 19:34:14,926 [INFO] IPUIPlugin:80 - create IPUIPlugin
2025-10-14 19:34:14,926 [INFO] PluginManager:220 - loadIPPluginJar : add quadspi
2025-10-14 19:34:14,927 [INFO] IPUIPlugin:80 - create IPUIPlugin
2025-10-14 19:34:14,927 [INFO] PluginManager:220 - loadIPPluginJar : add aes
2025-10-14 19:34:14,929 [INFO] IPUIPlugin:80 - create IPUIPlugin
2025-10-14 19:34:14,929 [INFO] PluginManager:220 - loadIPPluginJar : add pdm2pcm
2025-10-14 19:34:14,930 [INFO] IPUIPlugin:80 - create IPUIPlugin
2025-10-14 19:34:14,930 [INFO] PluginManager:220 - loadIPPluginJar : add hash
2025-10-14 19:34:14,930 [INFO] IPUIPlugin:80 - create IPUIPlugin
2025-10-14 19:34:14,931 [INFO] PluginManager:220 - loadIPPluginJar : add tim
2025-10-14 19:34:14,931 [INFO] IPUIPlugin:80 - create IPUIPlugin
2025-10-14 19:34:14,931 [INFO] PluginManager:220 - loadIPPluginJar : add tsc
2025-10-14 19:34:14,933 [INFO] IPUIPlugin:80 - create IPUIPlugin
2025-10-14 19:34:14,933 [INFO] PluginManager:220 - loadIPPluginJar : add extmemmanager
2025-10-14 19:34:14,934 [INFO] IPUIPlugin:80 - create IPUIPlugin
2025-10-14 19:34:14,934 [INFO] PluginManager:220 - loadIPPluginJar : add ts
2025-10-14 19:34:14,935 [INFO] IPUIPlugin:80 - create IPUIPlugin
2025-10-14 19:34:14,935 [INFO] PluginManager:220 - loadIPPluginJar : add radio
2025-10-14 19:34:14,936 [INFO] IPUIPlugin:80 - create IPUIPlugin
2025-10-14 19:34:14,936 [INFO] PluginManager:220 - loadIPPluginJar : add can
2025-10-14 19:34:14,937 [INFO] IPUIPlugin:80 - create IPUIPlugin
2025-10-14 19:34:14,937 [INFO] PluginManager:220 - loadIPPluginJar : add dma3
2025-10-14 19:34:14,938 [INFO] IPUIPlugin:80 - create IPUIPlugin
2025-10-14 19:34:14,938 [INFO] PluginManager:220 - loadIPPluginJar : add dfsdm
2025-10-14 19:34:14,939 [INFO] IPUIPlugin:80 - create IPUIPlugin
2025-10-14 19:34:14,939 [INFO] PluginManager:220 - loadIPPluginJar : add spi
2025-10-14 19:34:14,940 [INFO] IPUIPlugin:80 - create IPUIPlugin
2025-10-14 19:34:14,940 [INFO] PluginManager:220 - loadIPPluginJar : add gfxmmu
2025-10-14 19:34:14,941 [INFO] IPUIPlugin:80 - create IPUIPlugin
2025-10-14 19:34:14,941 [INFO] PluginManager:220 - loadIPPluginJar : add genericplugin
2025-10-14 19:34:14,942 [INFO] IPUIPlugin:80 - create IPUIPlugin
2025-10-14 19:34:14,942 [INFO] PluginManager:220 - loadIPPluginJar : add cryp
2025-10-14 19:34:14,944 [INFO] IPUIPlugin:80 - create IPUIPlugin
2025-10-14 19:34:14,945 [INFO] PluginManager:220 - loadIPPluginJar : add gpio
2025-10-14 19:34:14,947 [INFO] IPUIPlugin:80 - create IPUIPlugin
2025-10-14 19:34:14,947 [INFO] PluginManager:220 - loadIPPluginJar : add ddr_ctrl_phy
2025-10-14 19:34:14,948 [INFO] IPUIPlugin:80 - create IPUIPlugin
2025-10-14 19:34:14,948 [INFO] PluginManager:220 - loadIPPluginJar : add comp
2025-10-14 19:34:14,950 [INFO] IPUIPlugin:80 - create IPUIPlugin
2025-10-14 19:34:14,951 [INFO] PluginManager:220 - loadIPPluginJar : add tracer_emb
2025-10-14 19:34:14,952 [INFO] IPUIPlugin:80 - create IPUIPlugin
2025-10-14 19:34:14,952 [INFO] PluginManager:220 - loadIPPluginJar : add openamp
2025-10-14 19:34:14,955 [INFO] IPUIPlugin:80 - create IPUIPlugin
2025-10-14 19:34:14,955 [INFO] PluginManager:220 - loadIPPluginJar : add stm32_wpan
2025-10-14 19:34:14,959 [INFO] IPUIPlugin:80 - create IPUIPlugin
2025-10-14 19:34:14,960 [INFO] PluginManager:220 - loadIPPluginJar : add plateformsettings
2025-10-14 19:34:14,962 [INFO] IPUIPlugin:80 - create IPUIPlugin
2025-10-14 19:34:14,962 [INFO] PluginManager:220 - loadIPPluginJar : add ipddr
2025-10-14 19:34:14,964 [INFO] IPUIPlugin:80 - create IPUIPlugin
2025-10-14 19:34:14,964 [INFO] PluginManager:220 - loadIPPluginJar : add usart
2025-10-14 19:34:14,965 [INFO] IPUIPlugin:80 - create IPUIPlugin
2025-10-14 19:34:14,965 [INFO] PluginManager:220 - loadIPPluginJar : add ltdc
2025-10-14 19:34:14,966 [INFO] IPUIPlugin:80 - create IPUIPlugin
2025-10-14 19:34:14,966 [INFO] PluginManager:220 - loadIPPluginJar : add nvic
2025-10-14 19:34:14,967 [INFO] IPUIPlugin:80 - create IPUIPlugin
2025-10-14 19:34:14,967 [INFO] PluginManager:220 - loadIPPluginJar : add fatfs
2025-10-14 19:34:14,971 [INFO] IPUIPlugin:80 - create IPUIPlugin
2025-10-14 19:34:14,971 [INFO] PluginManager:220 - loadIPPluginJar : add linkedlist
2025-10-14 19:34:14,975 [INFO] IPUIPlugin:80 - create IPUIPlugin
2025-10-14 19:34:14,975 [INFO] PluginManager:220 - loadIPPluginJar : add dma
2025-10-14 19:34:14,978 [INFO] IPUIPlugin:80 - create IPUIPlugin
2025-10-14 19:34:14,978 [INFO] PluginManager:220 - loadIPPluginJar : add fmc
2025-10-14 19:34:14,979 [INFO] IPUIPlugin:80 - create IPUIPlugin
2025-10-14 19:34:14,979 [INFO] PluginManager:220 - loadIPPluginJar : add i2s
2025-10-14 19:34:14,980 [INFO] IPUIPlugin:80 - create IPUIPlugin
2025-10-14 19:34:14,980 [INFO] PluginManager:220 - loadIPPluginJar : add ucpd
2025-10-14 19:34:14,981 [INFO] IPUIPlugin:80 - create IPUIPlugin
2025-10-14 19:34:14,981 [INFO] PluginManager:220 - loadIPPluginJar : add lorawan
2025-10-14 19:34:14,983 [INFO] IPUIPlugin:80 - create IPUIPlugin
2025-10-14 19:34:14,983 [INFO] PluginManager:220 - loadIPPluginJar : add opamp
2025-10-14 19:34:14,985 [INFO] IPUIPlugin:80 - create IPUIPlugin
2025-10-14 19:34:14,985 [INFO] PluginManager:220 - loadIPPluginJar : add i3c
2025-10-14 19:34:14,987 [INFO] IPUIPlugin:80 - create IPUIPlugin
2025-10-14 19:34:14,987 [INFO] PluginManager:220 - loadIPPluginJar : add touchsensing
2025-10-14 19:34:14,988 [INFO] IPUIPlugin:80 - create IPUIPlugin
2025-10-14 19:34:14,988 [INFO] PluginManager:220 - loadIPPluginJar : add i2c
2025-10-14 19:34:14,992 [INFO] IPUIPlugin:80 - create IPUIPlugin
2025-10-14 19:34:14,992 [INFO] PluginManager:220 - loadIPPluginJar : add resmgrutility
2025-10-14 19:34:14,993 [INFO] IPUIPlugin:80 - create IPUIPlugin
2025-10-14 19:34:14,993 [INFO] PluginManager:220 - loadIPPluginJar : add sai
2025-10-14 19:34:14,995 [INFO] IPUIPlugin:80 - create IPUIPlugin
2025-10-14 19:34:14,995 [INFO] PluginManager:220 - loadIPPluginJar : add usbx
2025-10-14 19:34:15,105 [FATAL] Updater:351 - Updater called before beeing initialized
2025-10-14 19:34:15,158 [INFO] RulesReader:64 - Compatibility file has been processed (317 Rules)
2025-10-14 19:34:15,173 [INFO] RulesReader:64 - Compatibility file has been processed (317 Rules)
2025-10-14 19:34:15,187 [INFO] CADModel:165 - CPN selected for project level
2025-10-14 19:34:15,188 [INFO] CADModel:114 - Register for checkConnection events
2025-10-14 19:34:15,188 [FATAL] Updater:351 - Updater called before beeing initialized
2025-10-14 19:34:15,188 [ERROR] CADModel:125 - Updater not yet initialized, retry later 
2025-10-14 19:34:15,713 [FATAL] Updater:351 - Updater called before beeing initialized
2025-10-14 19:34:15,730 [INFO] CADModel:165 - CPN selected for project level
2025-10-14 19:34:15,732 [INFO] CADModel:114 - Register for checkConnection events
2025-10-14 19:34:15,733 [FATAL] Updater:351 - Updater called before beeing initialized
2025-10-14 19:34:15,734 [ERROR] CADModel:125 - Updater not yet initialized, retry later 
2025-10-14 19:34:15,739 [FATAL] Updater:351 - Updater called before beeing initialized
2025-10-14 19:34:16,013 [FATAL] Updater:351 - Updater called before beeing initialized
2025-10-14 19:34:16,028 [INFO] DbMcusAds:53 - JSON generation date=Tue Jul 08 01:14:23 PDT 2025 (1751962463524)
2025-10-14 19:34:16,030 [FATAL] Updater:351 - Updater called before beeing initialized
2025-10-14 19:34:16,091 [WARN] DetailPanel:346 - Failed to get advertising image, set to default
2025-10-14 19:34:16,161 [FATAL] Updater:351 - Updater called before beeing initialized
2025-10-14 19:34:16,164 [FATAL] Updater:351 - Updater called before beeing initialized
2025-10-14 19:34:16,165 [FATAL] Updater:351 - Updater called before beeing initialized
2025-10-14 19:34:16,165 [WARN] DetailPanel:346 - Failed to get advertising image, set to default
2025-10-14 19:34:16,167 [FATAL] Updater:351 - Updater called before beeing initialized
2025-10-14 19:34:16,246 [ERROR] Updater:1198 - MainUpdater not yet initialized. External WinMGr cannot be set.
2025-10-14 19:34:16,257 [INFO] Updater:1134 - Updater Version found : 6.15.0
2025-10-14 19:34:16,271 [INFO] ApplicationProperties:184 - Using Application install path: /Applications/STM32CubeIDE.app/Contents/Eclipse/plugins/com.st.stm32cube.common.mx_6.15.0.202507011659
2025-10-14 19:34:16,744 [INFO] MainUpdater:2872 - connection check result : 10
2025-10-14 19:34:16,745 [INFO] MainUpdater:289 - Updater Check For Update Now.
2025-10-14 19:34:16,745 [INFO] MicroXplorer:498 - Change Database Version : DB.6.0.150
2025-10-14 19:34:16,753 [INFO] McuFinderGlobals:63 - Set McuFinder mode to 2 (CubeIDE integrated)
2025-10-14 19:34:16,753 [INFO] UserAuth:171 - activating auth plugin
2025-10-14 19:34:16,803 [INFO] UserAuth:487 - Internet connection configuration mode: 1
2025-10-14 19:34:16,825 [INFO] JxBrowserEngine:152 - Initiate JxBrowser Engine with user profile folder
2025-10-14 19:34:17,055 [INFO] CheckServerUpdateThread:120 - End of CheckServer Thread
2025-10-14 19:34:17,601 [WARN] PackLoader:240 - Cannot read IP mode file for STMicroelectronics.FP-SNS-MOTENVWB1.1.4.0
2025-10-14 19:34:17,620 [WARN] PackLoader:240 - Cannot read IP mode file for STMicroelectronics.FP-ATR-ASTRA1.2.0.2
2025-10-14 19:34:17,635 [WARN] PackLoader:240 - Cannot read IP mode file for STMicroelectronics.X-CUBE-SMBUS.2.1.0
2025-10-14 19:34:17,641 [WARN] PackLoader:240 - Cannot read IP mode file for STMicroelectronics.X-CUBE-ST60.1.0.0
2025-10-14 19:34:17,688 [WARN] PackLoader:240 - Cannot read IP mode file for STMicroelectronics.X-CUBE-AZRTOS-F7.1.1.0
2025-10-14 19:34:17,712 [WARN] PackLoader:240 - Cannot read IP mode file for Cesanta.I-CUBE-Mongoose.7.19.0
2025-10-14 19:34:17,730 [WARN] PackLoader:240 - Cannot read IP mode file for WES.I-CUBE-Cesium.1.4.0
2025-10-14 19:34:17,802 [WARN] PackLoader:240 - Cannot read IP mode file for Infineon.AIROC-Wi-Fi-Bluetooth-STM32.1.7.1
2025-10-14 19:34:17,869 [WARN] PackLoader:240 - Cannot read IP mode file for STMicroelectronics.X-CUBE-AZRTOS-H7.3.4.0
2025-10-14 19:34:17,909 [WARN] PackLoader:240 - Cannot read IP mode file for STMicroelectronics.X-CUBE-DISPLAY.3.0.0
2025-10-14 19:34:17,939 [WARN] PackLoader:240 - Cannot read IP mode file for STMicroelectronics.X-CUBE-NFC10.1.0.0
2025-10-14 19:34:17,956 [WARN] PackLoader:240 - Cannot read IP mode file for emotas.I-CUBE-CANOPEN.1.3.0
2025-10-14 19:34:17,975 [WARN] PackLoader:240 - Cannot read IP mode file for STMicroelectronics.FP-SNS-STBOX1.2.1.0
2025-10-14 19:34:17,992 [WARN] PackLoader:240 - Cannot read IP mode file for STMicroelectronics.FP-SNS-SMARTAG2.1.2.0
2025-10-14 19:34:17,999 [WARN] PackLoader:240 - Cannot read IP mode file for STMicroelectronics.FP-SNS-FLIGHT1.5.1.0
2025-10-14 19:34:18,012 [INFO] LogOutputStream:77 - [STDOUT_REDIRECT] 1 : Invalid condition id : UX_CORESTACK_Condition cause : null
2025-10-14 19:34:18,017 [INFO] LogOutputStream:77 - [STDOUT_REDIRECT] 1 : Invalid condition id : UX_CORESTACK_Condition cause : null
2025-10-14 19:34:18,018 [INFO] LogOutputStream:77 - [STDOUT_REDIRECT] 1 : Invalid condition id : UX_CORESTACK_Condition cause : null
2025-10-14 19:34:18,020 [INFO] LogOutputStream:77 - [STDOUT_REDIRECT] 1 : Invalid condition id : UX_CORESTACK_Condition cause : null
2025-10-14 19:34:18,020 [INFO] LogOutputStream:77 - [STDOUT_REDIRECT] 1 : Invalid condition id : UX_CORESTACK_Condition cause : null
2025-10-14 19:34:18,028 [WARN] PackLoader:240 - Cannot read IP mode file for STMicroelectronics.X-CUBE-AZRTOS-WL.2.0.0
2025-10-14 19:34:18,038 [WARN] PackLoader:240 - Cannot read IP mode file for STMicroelectronics.FP-SNS-MOTENV1.5.0.0
2025-10-14 19:34:18,055 [WARN] PackLoader:240 - Cannot read IP mode file for WES.I-CUBE-Cesium.1.3.0
2025-10-14 19:34:18,063 [WARN] PackLoader:240 - Cannot read IP mode file for STMicroelectronics.X-CUBE-BLE2.3.3.0
2025-10-14 19:34:18,077 [WARN] PackLoader:240 - Cannot read IP mode file for STMicroelectronics.X-CUBE-NFC9.1.0.0
2025-10-14 19:34:18,094 [WARN] PackLoader:240 - Cannot read IP mode file for wolfSSL.I-CUBE-wolfSSL.5.8.2
2025-10-14 19:34:18,108 [WARN] PackLoader:240 - Cannot read IP mode file for STMicroelectronics.X-CUBE-BLE1.7.1.0
2025-10-14 19:34:18,111 [WARN] PackLoader:240 - Cannot read IP mode file for wolfSSL.I-CUBE-wolfMQTT.1.19.2
2025-10-14 19:34:18,117 [WARN] PackLoader:240 - Cannot read IP mode file for STMicroelectronics.X-CUBE-EEPRMA1.5.2.0
2025-10-14 19:34:18,123 [WARN] PackLoader:240 - Cannot read IP mode file for STMicroelectronics.X-CUBE-ST67W61.1.1.0
2025-10-14 19:34:18,128 [WARN] PackLoader:240 - Cannot read IP mode file for STMicroelectronics.X-CUBE-AI.10.1.0
2025-10-14 19:34:18,152 [WARN] PackLoader:240 - Cannot read IP mode file for STMicroelectronics.X-CUBE-AZRTOS-G0.1.1.0
2025-10-14 19:34:18,162 [WARN] PackLoader:240 - Cannot read IP mode file for STMicroelectronics.X-CUBE-SAFEA1.1.2.2
2025-10-14 19:34:18,169 [WARN] PackLoader:240 - Cannot read IP mode file for STMicroelectronics.X-CUBE-NFC4.3.0.0
2025-10-14 19:34:18,180 [WARN] PackLoader:240 - Cannot read IP mode file for EmbeddedOffice.I-CUBE-FS-RTOS.1.0.1
2025-10-14 19:34:18,186 [WARN] PackLoader:240 - Cannot read IP mode file for STMicroelectronics.X-CUBE-WB05N.2.0.0
2025-10-14 19:34:18,194 [WARN] PackLoader:240 - Cannot read IP mode file for wolfSSL.I-CUBE-wolfTPM.3.8.0
2025-10-14 19:34:18,199 [WARN] PackLoader:240 - Cannot read IP mode file for STMicroelectronics.X-CUBE-TCPP.4.2.0
2025-10-14 19:34:18,204 [WARN] PackLoader:240 - Cannot read IP mode file for RealThread.X-CUBE-RT-Thread_Nano.4.1.1
2025-10-14 19:34:18,234 [WARN] PackLoader:240 - Cannot read IP mode file for STMicroelectronics.FP-ATR-SIGFOX1.3.2.0
2025-10-14 19:34:18,248 [WARN] PackLoader:240 - Cannot read IP mode file for ITTIA_DB.I-CUBE-ITTIADB.8.9.0
2025-10-14 19:34:18,256 [WARN] PackLoader:240 - Cannot read IP mode file for STMicroelectronics.X-CUBE-ST67W61.1.0.0
2025-10-14 19:34:18,260 [WARN] PackLoader:240 - Cannot read IP mode file for STMicroelectronics.X-CUBE-AI.10.2.0
2025-10-14 19:34:18,322 [WARN] PackLoader:240 - Cannot read IP mode file for SEGGER.I-CUBE-embOS.1.3.1
2025-10-14 19:34:18,380 [WARN] PackLoader:240 - Cannot read IP mode file for STMicroelectronics.X-CUBE-ALGOBUILD.1.4.0
2025-10-14 19:34:18,454 [WARN] PackLoader:240 - Cannot read IP mode file for STMicroelectronics.X-CUBE-MEMS1.11.3.0
2025-10-14 19:34:18,865 [WARN] PackLoader:240 - Cannot read IP mode file for STMicroelectronics.X-CUBE-PM33A1.1.0.0
2025-10-14 19:34:18,957 [WARN] PackLoader:240 - Cannot read IP mode file for STMicroelectronics.X-CUBE-AZRTOS-F4.1.1.0
2025-10-14 19:34:18,976 [WARN] PackLoader:240 - Cannot read IP mode file for Avnet-IotConnect.X-CUBE-IoTC-DA16k-PMOD.1.0.0
2025-10-14 19:34:18,980 [WARN] PackLoader:240 - Cannot read IP mode file for STMicroelectronics.X-CUBE-ISPU.2.1.0
2025-10-14 19:34:19,001 [WARN] PackLoader:240 - Cannot read IP mode file for STMicroelectronics.X-CUBE-IPS.3.2.0
2025-10-14 19:34:19,017 [WARN] PackLoader:240 - Cannot read IP mode file for STMicroelectronics.X-CUBE-NFC12.1.0.0
2025-10-14 19:34:19,048 [WARN] PackLoader:240 - Cannot read IP mode file for STMicroelectronics.X-CUBE-AZRTOS-L5.2.0.0
2025-10-14 19:34:19,063 [WARN] PackLoader:240 - Cannot read IP mode file for STMicroelectronics.X-CUBE-NFC6.3.1.0
2025-10-14 19:34:19,073 [WARN] PackLoader:240 - Cannot read IP mode file for STMicroelectronics.X-CUBE-FREERTOS.1.3.1
2025-10-14 19:34:19,091 [WARN] PackLoader:240 - Cannot read IP mode file for STMicroelectronics.X-CUBE-TOUCHGFX.4.26.0
2025-10-14 19:34:19,101 [WARN] PackLoader:240 - Cannot read IP mode file for STMicroelectronics.FP-SNS-STAIOTCFT.1.0.0
2025-10-14 19:34:19,109 [WARN] PackLoader:240 - Cannot read IP mode file for STMicroelectronics.X-CUBE-DPower.1.3.0
2025-10-14 19:34:19,133 [WARN] ConditionMgr:438 - getConditionDescription Invalid condition id : LAN8742 Phy interface Condition cause : null
2025-10-14 19:34:19,135 [WARN] PackLoader:240 - Cannot read IP mode file for STMicroelectronics.X-CUBE-AZRTOS-L4.2.0.0
2025-10-14 19:34:19,138 [WARN] ConditionMgr:1044 - genDependencies : Invalid condition id : LAN8742 Phy interface Condition cause : null
2025-10-14 19:34:19,138 [WARN] ConditionMgr:1044 - genDependencies : Invalid condition id : LAN8742 Phy interface Condition cause : null
2025-10-14 19:34:19,139 [WARN] ConditionMgr:1044 - genDependencies : Invalid condition id : LAN8742 Phy interface Condition cause : null
2025-10-14 19:34:19,148 [WARN] PackLoader:240 - Cannot read IP mode file for STMicroelectronics.X-CUBE-SFXS2LP1.4.0.0
2025-10-14 19:34:19,173 [WARN] PackLoader:240 - Cannot read IP mode file for STMicroelectronics.X-CUBE-BLEMGR.4.1.0
2025-10-14 19:34:19,194 [WARN] ConditionMgr:438 - getConditionDescription Invalid condition id : UX DEVICE CLASS RTOS Condition cause : null
2025-10-14 19:34:19,194 [WARN] ConditionMgr:438 - getConditionDescription Invalid condition id : UX DEVICE CLASS RTOS Condition cause : null
2025-10-14 19:34:19,198 [WARN] PackLoader:240 - Cannot read IP mode file for STMicroelectronics.X-CUBE-AZRTOS-WB.2.0.0
2025-10-14 19:34:19,199 [WARN] ConditionMgr:1044 - genDependencies : Invalid condition id : UX DEVICE CLASS RTOS Condition cause : null
2025-10-14 19:34:19,199 [WARN] ConditionMgr:1044 - genDependencies : Invalid condition id : UX DEVICE CLASS RTOS Condition cause : null
2025-10-14 19:34:19,200 [WARN] ConditionMgr:1044 - genDependencies : Invalid condition id : UX DEVICE CLASS RTOS Condition cause : null
2025-10-14 19:34:19,200 [WARN] ConditionMgr:1044 - genDependencies : Invalid condition id : UX DEVICE CLASS RTOS Condition cause : null
2025-10-14 19:34:19,200 [WARN] ConditionMgr:1044 - genDependencies : Invalid condition id : UX DEVICE CLASS RTOS Condition cause : null
2025-10-14 19:34:19,205 [WARN] PackLoader:240 - Cannot read IP mode file for STMicroelectronics.X-CUBE-GNSS1.7.0.1
2025-10-14 19:34:19,208 [WARN] PackLoader:240 - Cannot read IP mode file for STMicroelectronics.X-CUBE-TOUCHGFX.4.25.0
2025-10-14 19:34:19,214 [WARN] PackLoader:240 - Cannot read IP mode file for STMicroelectronics.FP-SNS-STBOX1.2.0.0
2025-10-14 19:34:19,218 [WARN] ConditionMgr:438 - getConditionDescription Invalid condition id : Cortex-A Device cause : null
2025-10-14 19:34:19,278 [WARN] ConditionMgr:1044 - genDependencies : Invalid condition id : Cortex-A Device cause : null
2025-10-14 19:34:19,278 [WARN] ConditionMgr:1044 - genDependencies : Invalid condition id : Cortex-A Device cause : null
2025-10-14 19:34:19,278 [WARN] ConditionMgr:1044 - genDependencies : Invalid condition id : Cortex-A Device cause : null
2025-10-14 19:34:19,292 [WARN] PackLoader:240 - Cannot read IP mode file for STMicroelectronics.X-CUBE-SUBG2.5.0.0
2025-10-14 19:34:19,326 [WARN] PackLoader:240 - Cannot read IP mode file for STMicroelectronics.X-CUBE-AZRTOS-H7RS.1.1.0
2025-10-14 19:34:19,338 [WARN] PackLoader:240 - Cannot read IP mode file for Cesanta.I-CUBE-Mongoose.7.13.0
2025-10-14 19:34:19,358 [WARN] PackLoader:240 - Cannot read IP mode file for STMicroelectronics.X-CUBE-AZRTOS-G4.2.0.0
2025-10-14 19:34:19,365 [WARN] PackLoader:240 - Cannot read IP mode file for wolfSSL.I-CUBE-wolfSSH.1.4.20
2025-10-14 19:34:19,371 [WARN] PackLoader:240 - Cannot read IP mode file for STMicroelectronics.X-CUBE-NFC7.2.0.0
2025-10-14 19:34:19,380 [WARN] PackLoader:240 - Cannot read IP mode file for STMicroelectronics.X-CUBE-IPS.3.1.0
2025-10-14 19:34:19,386 [WARN] PackLoader:240 - Cannot read IP mode file for STMicroelectronics.X-CUBE-ALS.1.0.2
2025-10-14 19:34:19,392 [WARN] PackLoader:240 - Cannot read IP mode file for STMicroelectronics.X-CUBE-STSE01.1.0.0
2025-10-14 19:34:19,399 [WARN] PackLoader:240 - Cannot read IP mode file for portGmbH.I-Cube-SoM-uGOAL.1.1.0
2025-10-14 19:34:19,412 [WARN] PackLoader:240 - Cannot read IP mode file for STMicroelectronics.X-CUBE-TOF1.3.4.3
2025-10-14 19:34:19,421 [INFO] ThirdParty:978 - Integrity check success = true
2025-10-14 19:34:19,421 [INFO] IntegrityCheckThread:100 - exiting critical section [integrity check]
2025-10-14 19:34:19,421 [INFO] IntegrityCheckThread:103 - End integrity checks thread
2025-10-14 19:34:21,823 [INFO] WebApp:169 - Instantiating new browser for Auth
2025-10-14 19:34:23,369 [INFO] WebApp:463 - Apply proxy settings
2025-10-14 19:34:23,386 [INFO] WebApp:508 - Chromium authenticates against Manually configured proxy
2025-10-14 19:34:23,402 [INFO] WebApp:516 - Username used for proxy authentication: 
2025-10-14 19:34:23,452 [INFO] WebApp:900 - Register for checkConnection events
2025-10-14 19:34:23,453 [INFO] WebApp:463 - Apply proxy settings
2025-10-14 19:34:23,456 [INFO] WebApp:508 - Chromium authenticates against Manually configured proxy
2025-10-14 19:34:23,456 [INFO] WebApp:516 - Username used for proxy authentication: 
2025-10-14 19:34:23,607 [INFO] WebApp:225 - Starting web application
2025-10-14 19:34:23,607 [INFO] WebApp:593 - Web application path used /Applications/STM32CubeIDE.app/Contents/Eclipse/plugins/com.st.stm32cube.common.mx_6.15.0.202507011659/db/plugins/mcufinder/reactClient1/index.html
2025-10-14 19:34:28,727 [INFO] WebApp:191 - Connection restablished
2025-10-14 21:40:39,916 [INFO] WebApp:194 - Connection lost
2025-10-14 21:40:44,283 [INFO] WebApp:191 - Connection restablished
