2026-01-03 20:11:19,052 [INFO] Activator:176 - 


2026-01-03 20:11:19,057 [INFO] Activator:177 - !SESSION log4j initialized
2026-01-03 20:11:24,880 [INFO] LogOutputStream:77 - [STDOUT_REDIRECT] 
2026-01-03 20:11:25,294 [ERROR] LogOutputStream:75 - [STDERR_REDIRECT] 
2026-01-03 20:11:27,664 [INFO] LogOutputStream:77 - [STDOUT_REDIRECT] 
2026-01-03 20:11:29,695 [INFO] ApplicationProperties:184 - Using Application install path: /Applications/STM32CubeIDE.app/Contents/Eclipse/plugins/com.st.stm32cube.common.mx_6.15.0.202507011659
2026-01-03 20:11:29,711 [INFO] DbMcusXml:78 - Set database path to: /Applications/STM32CubeIDE.app/Contents/Eclipse/plugins/com.st.stm32cube.common.mx_6.15.0.202507011659//db//mcu/
2026-01-03 20:11:29,712 [INFO] ApiDb:274 - Set plugin database path to: /Applications/STM32CubeIDE.app/Contents/Eclipse/plugins/com.st.stm32cube.common.mx_6.15.0.202507011659//db//plugins/boardmanager/
2026-01-03 20:11:29,712 [WARN] ApiDb:259 - Overriding images path with different value:  => /Applications/STM32CubeIDE.app/Contents/Eclipse/plugins/com.st.stm32cube.common.mx_6.15.0.202507011659//db//plugins/mcufinder/images/
2026-01-03 20:11:29,720 [INFO] ApiDb:250 - Set database path to: /Users/sheen/.stmcufinder/plugins/mcufinder//mcu/
2026-01-03 20:11:29,720 [INFO] DbMcusAds:125 - Set database path to: /Users/sheen/.stmcufinder/plugins/mcufinder//mcu/
2026-01-03 20:11:29,722 [INFO] CrossReferenceDbSqlite:203 - Set database path to: /Users/sheen/.stmcufinder/plugins/mcufinder//mcu/cs/
2026-01-03 20:11:30,356 [INFO] RulesReader:64 - Compatibility file has been processed (317 Rules)
2026-01-03 20:11:30,477 [INFO] DbMcusXml:78 - Set database path to: /Applications/STM32CubeIDE.app/Contents/Eclipse/plugins/com.st.stm32cube.common.mx_6.15.0.202507011659//db//mcu/
2026-01-03 20:11:30,478 [INFO] ApiDb:274 - Set plugin database path to: /Applications/STM32CubeIDE.app/Contents/Eclipse/plugins/com.st.stm32cube.common.mx_6.15.0.202507011659//db//plugins/boardmanager/
2026-01-03 20:11:30,479 [INFO] ApiDb:261 - Set plugin images path to: /Applications/STM32CubeIDE.app/Contents/Eclipse/plugins/com.st.stm32cube.common.mx_6.15.0.202507011659//db//plugins/mcufinder/images/
2026-01-03 20:11:30,482 [WARN] DbFile:41 - Overriding database path with different value: /Users/sheen/.stmcufinder/plugins/mcufinder/ => /Users/sheen/.stmcufinder/plugins/mcufinder
2026-01-03 20:11:30,483 [INFO] ApiDb:250 - Set database path to: /Users/sheen/.stmcufinder/plugins/mcufinder//mcu/
2026-01-03 20:11:30,483 [WARN] DbFile:41 - Overriding database path with different value: /Users/sheen/.stmcufinder/plugins/mcufinder/ => /Users/sheen/.stmcufinder/plugins/mcufinder
2026-01-03 20:11:30,483 [INFO] DbMcusAds:125 - Set database path to: /Users/sheen/.stmcufinder/plugins/mcufinder//mcu/
2026-01-03 20:11:30,483 [WARN] DbFile:41 - Overriding database path with different value: /Users/sheen/.stmcufinder/plugins/mcufinder/ => /Users/sheen/.stmcufinder/plugins/mcufinder
2026-01-03 20:11:30,483 [WARN] DbFile:41 - Overriding database path with different value: /Users/sheen/.stmcufinder/plugins/mcufinder/ => /Users/sheen/.stmcufinder/plugins/mcufinder
2026-01-03 20:11:30,484 [INFO] CrossReferenceDbSqlite:203 - Set database path to: /Users/sheen/.stmcufinder/plugins/mcufinder//mcu/cs/
2026-01-03 20:11:30,584 [INFO] MainPanel:274 - HeapMemory: 268435456
2026-01-03 20:11:31,234 [INFO] DbMcusXml:78 - Set database path to: /Applications/STM32CubeIDE.app/Contents/Eclipse/plugins/com.st.stm32cube.common.mx_6.15.0.202507011659//db//mcu/
2026-01-03 20:11:31,234 [INFO] ApiDb:274 - Set plugin database path to: /Applications/STM32CubeIDE.app/Contents/Eclipse/plugins/com.st.stm32cube.common.mx_6.15.0.202507011659//db//plugins/boardmanager/
2026-01-03 20:11:31,235 [INFO] ApiDb:261 - Set plugin images path to: /Applications/STM32CubeIDE.app/Contents/Eclipse/plugins/com.st.stm32cube.common.mx_6.15.0.202507011659//db//plugins/mcufinder/images/
2026-01-03 20:11:31,235 [WARN] DbFile:41 - Overriding database path with different value: /Users/sheen/.stmcufinder/plugins/mcufinder/ => /Users/sheen/.stmcufinder/plugins/mcufinder
2026-01-03 20:11:31,236 [INFO] ApiDb:250 - Set database path to: /Users/sheen/.stmcufinder/plugins/mcufinder//mcu/
2026-01-03 20:11:31,236 [WARN] DbFile:41 - Overriding database path with different value: /Users/sheen/.stmcufinder/plugins/mcufinder/ => /Users/sheen/.stmcufinder/plugins/mcufinder
2026-01-03 20:11:31,236 [INFO] DbMcusAds:125 - Set database path to: /Users/sheen/.stmcufinder/plugins/mcufinder//mcu/
2026-01-03 20:11:31,236 [WARN] DbFile:41 - Overriding database path with different value: /Users/sheen/.stmcufinder/plugins/mcufinder/ => /Users/sheen/.stmcufinder/plugins/mcufinder
2026-01-03 20:11:31,236 [WARN] DbFile:41 - Overriding database path with different value: /Users/sheen/.stmcufinder/plugins/mcufinder/ => /Users/sheen/.stmcufinder/plugins/mcufinder
2026-01-03 20:11:31,236 [INFO] CrossReferenceDbSqlite:203 - Set database path to: /Users/sheen/.stmcufinder/plugins/mcufinder//mcu/cs/
2026-01-03 20:11:31,269 [INFO] ApplicationProperties:184 - Using Application install path: /Applications/STM32CubeIDE.app/Contents/Eclipse/plugins/com.st.stm32cube.common.mx_6.15.0.202507011659
2026-01-03 20:11:31,271 [INFO] PluginManage:196 - Search for loadable plugins [exclusion list=, ]
2026-01-03 20:11:31,273 [INFO] PluginManage:310 - Check plugin analytics
2026-01-03 20:11:31,560 [INFO] AnalyticsPlugin:253 - Accepted Software Licenses: STM32CubeMX.6.15.0
2026-01-03 20:11:31,561 [INFO] AnalyticsPlugin:255 - Accepted CMSIS Pack Licenses: 
2026-01-03 20:11:31,563 [INFO] AnalyticsPlugin:257 - Accepted Firmware Licenses: FW.F4.1.28.0
2026-01-03 20:11:31,579 [INFO] PluginManage:359 - Loaded plugin analytics (category:tool,tabindex:-1)
2026-01-03 20:11:31,584 [INFO] PluginManage:310 - Check plugin cadmodel
2026-01-03 20:11:31,616 [INFO] CADModel:105 - Init CAD model plugin
2026-01-03 20:11:31,616 [INFO] PluginManage:359 - Loaded plugin cadmodel (category:power,tabindex:5)
2026-01-03 20:11:31,617 [INFO] PluginManage:310 - Check plugin clock
2026-01-03 20:11:31,627 [INFO] PluginManage:359 - Loaded plugin clock (category:base,tabindex:2)
2026-01-03 20:11:31,628 [INFO] PluginManage:310 - Check plugin ddr
2026-01-03 20:11:31,631 [INFO] PluginManage:359 - Loaded plugin ddr (category:tool,tabindex:6)
2026-01-03 20:11:31,631 [INFO] PluginManage:310 - Check plugin filemanager
2026-01-03 20:11:31,813 [INFO] PluginManage:359 - Loaded plugin filemanager (category:base,tabindex:10)
2026-01-03 20:11:31,814 [INFO] PluginManage:310 - Check plugin ipmanager
2026-01-03 20:11:31,822 [INFO] PluginManage:359 - Loaded plugin ipmanager (category:base,tabindex:5)
2026-01-03 20:11:31,822 [INFO] PluginManage:310 - Check plugin lpbam
2026-01-03 20:11:31,833 [INFO] PluginManage:359 - Loaded plugin lpbam (category:base,tabindex:0)
2026-01-03 20:11:31,834 [INFO] PluginManage:310 - Check plugin memorymap
2026-01-03 20:11:31,842 [INFO] PluginManage:359 - Loaded plugin memorymap (category:base,tabindex:4)
2026-01-03 20:11:31,843 [INFO] PluginManage:310 - Check plugin pinoutandconfiguration
2026-01-03 20:11:31,849 [INFO] PluginManage:359 - Loaded plugin pinoutandconfiguration (category:base,tabindex:1)
2026-01-03 20:11:31,850 [INFO] PluginManage:310 - Check plugin pinoutconfig
2026-01-03 20:11:32,024 [WARN] SupportedApi:132 - Cannot load RTOS API schema: s4s-elt-must-match.1: The content of 'definitions' must match (annotation?, (simpleType | complexType)?, (unique | key | keyref)*)). A problem was found starting at: attribute.
2026-01-03 20:11:32,399 [INFO] PluginManage:359 - Loaded plugin pinoutconfig (category:base,tabindex:0)
2026-01-03 20:11:32,402 [INFO] PluginManage:310 - Check plugin power
2026-01-03 20:11:32,436 [INFO] PluginManage:359 - Loaded plugin power (category:power,tabindex:4)
2026-01-03 20:11:32,436 [INFO] PluginManage:310 - Check plugin projectmanager
2026-01-03 20:11:32,567 [INFO] PluginManage:359 - Loaded plugin projectmanager (category:projectmanager,tabindex:4)
2026-01-03 20:11:32,569 [INFO] PluginManage:310 - Check plugin rif
2026-01-03 20:11:32,581 [INFO] PluginManage:359 - Loaded plugin rif (category:base,tabindex:3)
2026-01-03 20:11:32,582 [INFO] PluginManage:310 - Check plugin thirdparty
2026-01-03 20:11:33,078 [INFO] PluginManage:359 - Loaded plugin thirdparty (category:base,tabindex:-1)
2026-01-03 20:11:33,078 [WARN] IntegrityCheckThread:84 - waiting for thirdparty lock release [integrity check]
2026-01-03 20:11:33,106 [INFO] PluginManage:310 - Check plugin tools
2026-01-03 20:11:33,106 [INFO] IntegrityCheckThread:86 - entering critical section [integrity check]
2026-01-03 20:11:33,119 [INFO] ThirdPartyUpdaterWithRetryManager:70 - Updater plugin not ready yet. [1/15]
2026-01-03 20:11:33,122 [INFO] PluginManage:359 - Loaded plugin tools (category:base,tabindex:7)
2026-01-03 20:11:33,123 [INFO] PluginManage:310 - Check plugin tutovideos
2026-01-03 20:11:33,740 [INFO] PluginManage:359 - Loaded plugin tutovideos (category:base,tabindex:-1)
2026-01-03 20:11:33,741 [INFO] PluginManage:310 - Check plugin updater
2026-01-03 20:11:33,800 [INFO] PluginManage:359 - Loaded plugin updater (category:base,tabindex:12)
2026-01-03 20:11:33,800 [INFO] PluginManage:310 - Check plugin userauth
2026-01-03 20:11:33,810 [INFO] UserAuth:118 - Init User Auth plugin
2026-01-03 20:11:33,811 [INFO] PluginManage:359 - Loaded plugin userauth (category:base,tabindex:14)
2026-01-03 20:11:33,817 [INFO] PluginManage:283 - PluginManage : Loaded plugins [18]
2026-01-03 20:11:34,361 [INFO] PinOutPanel:1589 - setPackage(No Configuration,No Configuration)
2026-01-03 20:11:34,814 [INFO] CADModel:165 - CPN selected for project level
2026-01-03 20:11:34,814 [INFO] CADModel:114 - Register for checkConnection events
2026-01-03 20:11:34,912 [INFO] IPUIPlugin:80 - create IPUIPlugin
2026-01-03 20:11:34,919 [INFO] PluginManager:220 - loadIPPluginJar : add mdma
2026-01-03 20:11:34,943 [INFO] IPUIPlugin:80 - create IPUIPlugin
2026-01-03 20:11:34,948 [INFO] PluginManager:220 - loadIPPluginJar : add freertos
2026-01-03 20:11:34,968 [INFO] IPUIPlugin:80 - create IPUIPlugin
2026-01-03 20:11:34,968 [INFO] PluginManager:220 - loadIPPluginJar : add gic
2026-01-03 20:11:34,982 [INFO] IPUIPlugin:80 - create IPUIPlugin
2026-01-03 20:11:34,983 [INFO] PluginManager:220 - loadIPPluginJar : add adc
2026-01-03 20:11:34,988 [INFO] IPUIPlugin:80 - create IPUIPlugin
2026-01-03 20:11:34,988 [INFO] PluginManager:220 - loadIPPluginJar : add gtzc
2026-01-03 20:11:34,989 [INFO] IPUIPlugin:80 - create IPUIPlugin
2026-01-03 20:11:34,990 [INFO] PluginManager:220 - loadIPPluginJar : add quadspi
2026-01-03 20:11:34,993 [INFO] IPUIPlugin:80 - create IPUIPlugin
2026-01-03 20:11:34,993 [INFO] PluginManager:220 - loadIPPluginJar : add aes
2026-01-03 20:11:34,995 [INFO] IPUIPlugin:80 - create IPUIPlugin
2026-01-03 20:11:34,995 [INFO] PluginManager:220 - loadIPPluginJar : add pdm2pcm
2026-01-03 20:11:34,998 [INFO] IPUIPlugin:80 - create IPUIPlugin
2026-01-03 20:11:34,998 [INFO] PluginManager:220 - loadIPPluginJar : add hash
2026-01-03 20:11:34,999 [INFO] IPUIPlugin:80 - create IPUIPlugin
2026-01-03 20:11:34,999 [INFO] PluginManager:220 - loadIPPluginJar : add tim
2026-01-03 20:11:35,000 [INFO] IPUIPlugin:80 - create IPUIPlugin
2026-01-03 20:11:35,000 [INFO] PluginManager:220 - loadIPPluginJar : add tsc
2026-01-03 20:11:35,003 [INFO] IPUIPlugin:80 - create IPUIPlugin
2026-01-03 20:11:35,004 [INFO] PluginManager:220 - loadIPPluginJar : add extmemmanager
2026-01-03 20:11:35,006 [INFO] IPUIPlugin:80 - create IPUIPlugin
2026-01-03 20:11:35,006 [INFO] PluginManager:220 - loadIPPluginJar : add ts
2026-01-03 20:11:35,007 [INFO] IPUIPlugin:80 - create IPUIPlugin
2026-01-03 20:11:35,008 [INFO] PluginManager:220 - loadIPPluginJar : add radio
2026-01-03 20:11:35,010 [INFO] IPUIPlugin:80 - create IPUIPlugin
2026-01-03 20:11:35,010 [INFO] PluginManager:220 - loadIPPluginJar : add can
2026-01-03 20:11:35,013 [INFO] IPUIPlugin:80 - create IPUIPlugin
2026-01-03 20:11:35,013 [INFO] PluginManager:220 - loadIPPluginJar : add dma3
2026-01-03 20:11:35,016 [INFO] IPUIPlugin:80 - create IPUIPlugin
2026-01-03 20:11:35,016 [INFO] PluginManager:220 - loadIPPluginJar : add dfsdm
2026-01-03 20:11:35,018 [INFO] IPUIPlugin:80 - create IPUIPlugin
2026-01-03 20:11:35,018 [INFO] PluginManager:220 - loadIPPluginJar : add spi
2026-01-03 20:11:35,019 [INFO] IPUIPlugin:80 - create IPUIPlugin
2026-01-03 20:11:35,020 [INFO] PluginManager:220 - loadIPPluginJar : add gfxmmu
2026-01-03 20:11:35,022 [INFO] IPUIPlugin:80 - create IPUIPlugin
2026-01-03 20:11:35,022 [INFO] PluginManager:220 - loadIPPluginJar : add genericplugin
2026-01-03 20:11:35,025 [INFO] IPUIPlugin:80 - create IPUIPlugin
2026-01-03 20:11:35,026 [INFO] PluginManager:220 - loadIPPluginJar : add cryp
2026-01-03 20:11:35,031 [INFO] IPUIPlugin:80 - create IPUIPlugin
2026-01-03 20:11:35,033 [INFO] PluginManager:220 - loadIPPluginJar : add gpio
2026-01-03 20:11:35,037 [INFO] IPUIPlugin:80 - create IPUIPlugin
2026-01-03 20:11:35,037 [INFO] PluginManager:220 - loadIPPluginJar : add ddr_ctrl_phy
2026-01-03 20:11:35,040 [INFO] IPUIPlugin:80 - create IPUIPlugin
2026-01-03 20:11:35,048 [INFO] PluginManager:220 - loadIPPluginJar : add comp
2026-01-03 20:11:35,061 [INFO] IPUIPlugin:80 - create IPUIPlugin
2026-01-03 20:11:35,064 [INFO] PluginManager:220 - loadIPPluginJar : add tracer_emb
2026-01-03 20:11:35,073 [INFO] IPUIPlugin:80 - create IPUIPlugin
2026-01-03 20:11:35,073 [INFO] PluginManager:220 - loadIPPluginJar : add openamp
2026-01-03 20:11:35,082 [INFO] IPUIPlugin:80 - create IPUIPlugin
2026-01-03 20:11:35,083 [INFO] PluginManager:220 - loadIPPluginJar : add stm32_wpan
2026-01-03 20:11:35,099 [INFO] IPUIPlugin:80 - create IPUIPlugin
2026-01-03 20:11:35,110 [INFO] PluginManager:220 - loadIPPluginJar : add plateformsettings
2026-01-03 20:11:35,118 [INFO] IPUIPlugin:80 - create IPUIPlugin
2026-01-03 20:11:35,118 [INFO] PluginManager:220 - loadIPPluginJar : add ipddr
2026-01-03 20:11:35,123 [INFO] IPUIPlugin:80 - create IPUIPlugin
2026-01-03 20:11:35,124 [INFO] PluginManager:220 - loadIPPluginJar : add usart
2026-01-03 20:11:35,126 [INFO] IPUIPlugin:80 - create IPUIPlugin
2026-01-03 20:11:35,126 [INFO] PluginManager:220 - loadIPPluginJar : add ltdc
2026-01-03 20:11:35,135 [INFO] IPUIPlugin:80 - create IPUIPlugin
2026-01-03 20:11:35,136 [INFO] PluginManager:220 - loadIPPluginJar : add nvic
2026-01-03 20:11:35,138 [INFO] IPUIPlugin:80 - create IPUIPlugin
2026-01-03 20:11:35,138 [INFO] PluginManager:220 - loadIPPluginJar : add fatfs
2026-01-03 20:11:35,152 [INFO] IPUIPlugin:80 - create IPUIPlugin
2026-01-03 20:11:35,153 [INFO] PluginManager:220 - loadIPPluginJar : add linkedlist
2026-01-03 20:11:35,161 [INFO] IPUIPlugin:80 - create IPUIPlugin
2026-01-03 20:11:35,163 [INFO] PluginManager:220 - loadIPPluginJar : add dma
2026-01-03 20:11:35,173 [INFO] IPUIPlugin:80 - create IPUIPlugin
2026-01-03 20:11:35,173 [INFO] PluginManager:220 - loadIPPluginJar : add fmc
2026-01-03 20:11:35,178 [INFO] IPUIPlugin:80 - create IPUIPlugin
2026-01-03 20:11:35,179 [INFO] PluginManager:220 - loadIPPluginJar : add i2s
2026-01-03 20:11:35,193 [INFO] IPUIPlugin:80 - create IPUIPlugin
2026-01-03 20:11:35,193 [INFO] PluginManager:220 - loadIPPluginJar : add ucpd
2026-01-03 20:11:35,198 [INFO] IPUIPlugin:80 - create IPUIPlugin
2026-01-03 20:11:35,198 [INFO] PluginManager:220 - loadIPPluginJar : add lorawan
2026-01-03 20:11:35,202 [INFO] IPUIPlugin:80 - create IPUIPlugin
2026-01-03 20:11:35,202 [INFO] PluginManager:220 - loadIPPluginJar : add opamp
2026-01-03 20:11:35,207 [INFO] IPUIPlugin:80 - create IPUIPlugin
2026-01-03 20:11:35,207 [INFO] PluginManager:220 - loadIPPluginJar : add i3c
2026-01-03 20:11:35,223 [INFO] IPUIPlugin:80 - create IPUIPlugin
2026-01-03 20:11:35,229 [INFO] PluginManager:220 - loadIPPluginJar : add touchsensing
2026-01-03 20:11:35,239 [INFO] IPUIPlugin:80 - create IPUIPlugin
2026-01-03 20:11:35,240 [INFO] PluginManager:220 - loadIPPluginJar : add i2c
2026-01-03 20:11:35,254 [INFO] IPUIPlugin:80 - create IPUIPlugin
2026-01-03 20:11:35,256 [INFO] PluginManager:220 - loadIPPluginJar : add resmgrutility
2026-01-03 20:11:35,268 [INFO] IPUIPlugin:80 - create IPUIPlugin
2026-01-03 20:11:35,269 [INFO] PluginManager:220 - loadIPPluginJar : add sai
2026-01-03 20:11:35,276 [INFO] IPUIPlugin:80 - create IPUIPlugin
2026-01-03 20:11:35,276 [INFO] PluginManager:220 - loadIPPluginJar : add usbx
2026-01-03 20:11:35,553 [FATAL] Updater:351 - Updater called before beeing initialized
2026-01-03 20:11:35,618 [INFO] RulesReader:64 - Compatibility file has been processed (317 Rules)
2026-01-03 20:11:35,660 [INFO] RulesReader:64 - Compatibility file has been processed (317 Rules)
2026-01-03 20:11:35,684 [INFO] CADModel:165 - CPN selected for project level
2026-01-03 20:11:35,686 [INFO] CADModel:114 - Register for checkConnection events
2026-01-03 20:11:35,686 [FATAL] Updater:351 - Updater called before beeing initialized
2026-01-03 20:11:35,686 [ERROR] CADModel:125 - Updater not yet initialized, retry later 
2026-01-03 20:11:36,039 [FATAL] Updater:351 - Updater called before beeing initialized
2026-01-03 20:11:36,041 [INFO] CADModel:165 - CPN selected for project level
2026-01-03 20:11:36,041 [INFO] CADModel:114 - Register for checkConnection events
2026-01-03 20:11:36,041 [FATAL] Updater:351 - Updater called before beeing initialized
2026-01-03 20:11:36,041 [ERROR] CADModel:125 - Updater not yet initialized, retry later 
2026-01-03 20:11:36,045 [FATAL] Updater:351 - Updater called before beeing initialized
2026-01-03 20:11:36,124 [INFO] ThirdPartyUpdaterWithRetryManager:70 - Updater plugin not ready yet. [2/15]
2026-01-03 20:11:36,254 [FATAL] Updater:351 - Updater called before beeing initialized
2026-01-03 20:11:36,261 [INFO] DbMcusAds:53 - JSON generation date=Mon Dec 15 15:11:46 PST 2025 (1765840306612)
2026-01-03 20:11:36,263 [FATAL] Updater:351 - Updater called before beeing initialized
2026-01-03 20:11:36,325 [WARN] DetailPanel:346 - Failed to get advertising image, set to default
2026-01-03 20:11:36,416 [FATAL] Updater:351 - Updater called before beeing initialized
2026-01-03 20:11:36,435 [FATAL] Updater:351 - Updater called before beeing initialized
2026-01-03 20:11:36,435 [FATAL] Updater:351 - Updater called before beeing initialized
2026-01-03 20:11:36,435 [WARN] DetailPanel:346 - Failed to get advertising image, set to default
2026-01-03 20:11:36,439 [FATAL] Updater:351 - Updater called before beeing initialized
2026-01-03 20:11:36,525 [ERROR] Updater:1198 - MainUpdater not yet initialized. External WinMGr cannot be set.
2026-01-03 20:11:36,544 [INFO] Updater:1134 - Updater Version found : 6.15.0
2026-01-03 20:11:36,591 [INFO] ApplicationProperties:184 - Using Application install path: /Applications/STM32CubeIDE.app/Contents/Eclipse/plugins/com.st.stm32cube.common.mx_6.15.0.202507011659
2026-01-03 20:11:37,199 [INFO] MainUpdater:2872 - connection check result : 10
2026-01-03 20:11:37,201 [INFO] MainUpdater:289 - Updater Check For Update Now.
2026-01-03 20:11:37,202 [INFO] MicroXplorer:498 - Change Database Version : DB.6.0.150
2026-01-03 20:11:37,236 [INFO] McuFinderGlobals:63 - Set McuFinder mode to 2 (CubeIDE integrated)
2026-01-03 20:11:37,239 [INFO] UserAuth:171 - activating auth plugin
2026-01-03 20:11:37,446 [INFO] UserAuth:487 - Internet connection configuration mode: 1
2026-01-03 20:11:37,473 [INFO] JxBrowserEngine:152 - Initiate JxBrowser Engine with user profile folder
2026-01-03 20:11:37,678 [INFO] CheckServerUpdateThread:120 - End of CheckServer Thread
2026-01-03 20:11:39,341 [WARN] PackLoader:240 - Cannot read IP mode file for STMicroelectronics.FP-SNS-MOTENVWB1.1.4.0
2026-01-03 20:11:39,360 [WARN] PackLoader:240 - Cannot read IP mode file for STMicroelectronics.FP-ATR-ASTRA1.2.0.2
2026-01-03 20:11:39,380 [WARN] PackLoader:240 - Cannot read IP mode file for STMicroelectronics.X-CUBE-SMBUS.2.1.0
2026-01-03 20:11:39,390 [WARN] PackLoader:240 - Cannot read IP mode file for STMicroelectronics.X-CUBE-ST60.1.0.0
2026-01-03 20:11:39,443 [WARN] PackLoader:240 - Cannot read IP mode file for STMicroelectronics.X-CUBE-AZRTOS-F7.1.1.0
2026-01-03 20:11:39,471 [WARN] PackLoader:240 - Cannot read IP mode file for Cesanta.I-CUBE-Mongoose.7.19.0
2026-01-03 20:11:39,479 [WARN] PackLoader:240 - Cannot read IP mode file for STMicroelectronics.FP-SNS-MOTENV1.5.1.0
2026-01-03 20:11:39,500 [WARN] PackLoader:240 - Cannot read IP mode file for WES.I-CUBE-Cesium.1.4.0
2026-01-03 20:11:39,549 [WARN] PackLoader:240 - Cannot read IP mode file for Infineon.AIROC-Wi-Fi-Bluetooth-STM32.1.7.1
2026-01-03 20:11:39,635 [WARN] PackLoader:240 - Cannot read IP mode file for STMicroelectronics.X-CUBE-AZRTOS-H7.3.4.0
2026-01-03 20:11:39,672 [WARN] PackLoader:240 - Cannot read IP mode file for STMicroelectronics.X-CUBE-DISPLAY.3.0.0
2026-01-03 20:11:39,717 [WARN] PackLoader:240 - Cannot read IP mode file for STMicroelectronics.X-CUBE-NFC10.1.0.0
2026-01-03 20:11:39,731 [WARN] PackLoader:240 - Cannot read IP mode file for STMicroelectronics.X-CUBE-ST60.1.1.0
2026-01-03 20:11:39,744 [WARN] PackLoader:240 - Cannot read IP mode file for emotas.I-CUBE-CANOPEN.1.3.0
2026-01-03 20:11:39,759 [WARN] PackLoader:240 - Cannot read IP mode file for STMicroelectronics.X-CUBE-GNSS1.7.1.0
2026-01-03 20:11:39,775 [WARN] PackLoader:240 - Cannot read IP mode file for STMicroelectronics.FP-SNS-STBOX1.2.1.0
2026-01-03 20:11:39,829 [WARN] PackLoader:240 - Cannot read IP mode file for STMicroelectronics.FP-SNS-SMARTAG2.1.2.0
2026-01-03 20:11:39,863 [WARN] PackLoader:240 - Cannot read IP mode file for STMicroelectronics.FP-SNS-FLIGHT1.5.1.0
2026-01-03 20:11:39,883 [INFO] LogOutputStream:77 - [STDOUT_REDIRECT] 1 : Invalid condition id : UX_CORESTACK_Condition cause : null
2026-01-03 20:11:39,888 [INFO] LogOutputStream:77 - [STDOUT_REDIRECT] 1 : Invalid condition id : UX_CORESTACK_Condition cause : null
2026-01-03 20:11:39,889 [INFO] LogOutputStream:77 - [STDOUT_REDIRECT] 1 : Invalid condition id : UX_CORESTACK_Condition cause : null
2026-01-03 20:11:39,889 [INFO] LogOutputStream:77 - [STDOUT_REDIRECT] 1 : Invalid condition id : UX_CORESTACK_Condition cause : null
2026-01-03 20:11:39,891 [INFO] LogOutputStream:77 - [STDOUT_REDIRECT] 1 : Invalid condition id : UX_CORESTACK_Condition cause : null
2026-01-03 20:11:39,898 [WARN] PackLoader:240 - Cannot read IP mode file for STMicroelectronics.X-CUBE-AZRTOS-WL.2.0.0
2026-01-03 20:11:39,916 [WARN] PackLoader:240 - Cannot read IP mode file for STMicroelectronics.FP-SNS-MOTENV1.5.0.0
2026-01-03 20:11:39,956 [WARN] PackLoader:240 - Cannot read IP mode file for STMicroelectronics.X-CUBE-AZRTOS-H7RS.1.2.0
2026-01-03 20:11:39,977 [WARN] PackLoader:240 - Cannot read IP mode file for WES.I-CUBE-Cesium.1.3.0
2026-01-03 20:11:39,984 [WARN] PackLoader:240 - Cannot read IP mode file for STMicroelectronics.X-CUBE-BLE2.3.3.0
2026-01-03 20:11:40,012 [WARN] PackLoader:240 - Cannot read IP mode file for STMicroelectronics.X-CUBE-NFC9.1.0.0
2026-01-03 20:11:40,026 [WARN] PackLoader:240 - Cannot read IP mode file for wolfSSL.I-CUBE-wolfSSL.5.8.2
2026-01-03 20:11:40,030 [WARN] PackLoader:240 - Cannot read IP mode file for STMicroelectronics.X-CUBE-BLE1.7.1.0
2026-01-03 20:11:40,036 [WARN] PackLoader:240 - Cannot read IP mode file for wolfSSL.I-CUBE-wolfMQTT.1.19.2
2026-01-03 20:11:40,045 [WARN] PackLoader:240 - Cannot read IP mode file for STMicroelectronics.X-CUBE-FREERTOS.1.4.0
2026-01-03 20:11:40,056 [WARN] PackLoader:240 - Cannot read IP mode file for STMicroelectronics.X-CUBE-EEPRMA1.5.2.0
2026-01-03 20:11:40,067 [WARN] PackLoader:240 - Cannot read IP mode file for STMicroelectronics.X-CUBE-ST67W61.1.1.0
2026-01-03 20:11:40,071 [WARN] PackLoader:240 - Cannot read IP mode file for STMicroelectronics.X-CUBE-AI.10.1.0
2026-01-03 20:11:40,139 [WARN] PackLoader:240 - Cannot read IP mode file for STMicroelectronics.X-CUBE-MEMS1.12.0.0
2026-01-03 20:11:40,273 [WARN] PackLoader:240 - Cannot read IP mode file for STMicroelectronics.X-CUBE-AZRTOS-G0.1.1.0
2026-01-03 20:11:40,743 [WARN] PackLoader:240 - Cannot read IP mode file for STMicroelectronics.X-CUBE-SAFEA1.1.2.2
2026-01-03 20:11:40,860 [WARN] PackLoader:240 - Cannot read IP mode file for STMicroelectronics.X-CUBE-NFC4.3.0.0
2026-01-03 20:11:40,895 [WARN] PackLoader:240 - Cannot read IP mode file for EmbeddedOffice.I-CUBE-FS-RTOS.1.0.1
2026-01-03 20:11:40,930 [WARN] PackLoader:240 - Cannot read IP mode file for STMicroelectronics.X-CUBE-WB05N.2.0.0
2026-01-03 20:11:40,941 [WARN] PackLoader:240 - Cannot read IP mode file for wolfSSL.I-CUBE-wolfTPM.3.8.0
2026-01-03 20:11:40,947 [WARN] PackLoader:240 - Cannot read IP mode file for STMicroelectronics.X-CUBE-TCPP.4.2.0
2026-01-03 20:11:40,957 [WARN] PackLoader:240 - Cannot read IP mode file for RealThread.X-CUBE-RT-Thread_Nano.4.1.1
2026-01-03 20:11:40,960 [WARN] PackLoader:240 - Cannot read IP mode file for STMicroelectronics.FP-ATR-SIGFOX1.3.2.0
2026-01-03 20:11:40,971 [WARN] PackLoader:240 - Cannot read IP mode file for ITTIA_DB.I-CUBE-ITTIADB.8.9.0
2026-01-03 20:11:41,002 [WARN] PackLoader:240 - Cannot read IP mode file for STMicroelectronics.X-CUBE-ST67W61.1.0.0
2026-01-03 20:11:41,015 [WARN] PackLoader:240 - Cannot read IP mode file for STMicroelectronics.X-CUBE-AI.10.2.0
2026-01-03 20:11:41,062 [WARN] PackLoader:240 - Cannot read IP mode file for SEGGER.I-CUBE-embOS.1.3.1
2026-01-03 20:11:41,091 [WARN] PackLoader:240 - Cannot read IP mode file for STMicroelectronics.X-CUBE-ALGOBUILD.1.4.0
2026-01-03 20:11:41,158 [WARN] PackLoader:240 - Cannot read IP mode file for STMicroelectronics.X-CUBE-MEMS1.11.3.0
2026-01-03 20:11:41,248 [WARN] PackLoader:240 - Cannot read IP mode file for STMicroelectronics.X-CUBE-PM33A1.1.0.0
2026-01-03 20:11:41,269 [WARN] PackLoader:240 - Cannot read IP mode file for STMicroelectronics.X-CUBE-AZRTOS-F4.1.1.0
2026-01-03 20:11:41,275 [WARN] PackLoader:240 - Cannot read IP mode file for Avnet-IotConnect.X-CUBE-IoTC-DA16k-PMOD.1.0.0
2026-01-03 20:11:41,280 [WARN] PackLoader:240 - Cannot read IP mode file for STMicroelectronics.X-CUBE-ISPU.2.1.0
2026-01-03 20:11:41,294 [WARN] PackLoader:240 - Cannot read IP mode file for STMicroelectronics.X-CUBE-IPS.3.2.0
2026-01-03 20:11:41,306 [WARN] PackLoader:240 - Cannot read IP mode file for STMicroelectronics.X-CUBE-NFC12.1.0.0
2026-01-03 20:11:41,325 [WARN] PackLoader:240 - Cannot read IP mode file for STMicroelectronics.X-CUBE-AZRTOS-L5.2.0.0
2026-01-03 20:11:41,340 [WARN] PackLoader:240 - Cannot read IP mode file for STMicroelectronics.X-CUBE-NFC6.3.1.0
2026-01-03 20:11:41,351 [WARN] PackLoader:240 - Cannot read IP mode file for STMicroelectronics.X-CUBE-FREERTOS.1.3.1
2026-01-03 20:11:41,356 [WARN] PackLoader:240 - Cannot read IP mode file for STMicroelectronics.X-CUBE-TOUCHGFX.4.26.0
2026-01-03 20:11:41,366 [WARN] PackLoader:240 - Cannot read IP mode file for STMicroelectronics.FP-SNS-STAIOTCFT.1.0.0
2026-01-03 20:11:41,376 [WARN] PackLoader:240 - Cannot read IP mode file for STMicroelectronics.X-CUBE-DPower.1.3.0
2026-01-03 20:11:41,424 [WARN] ConditionMgr:438 - getConditionDescription Invalid condition id : LAN8742 Phy interface Condition cause : null
2026-01-03 20:11:41,427 [WARN] PackLoader:240 - Cannot read IP mode file for STMicroelectronics.X-CUBE-AZRTOS-L4.2.0.0
2026-01-03 20:11:41,432 [WARN] ConditionMgr:1044 - genDependencies : Invalid condition id : LAN8742 Phy interface Condition cause : null
2026-01-03 20:11:41,433 [WARN] ConditionMgr:1044 - genDependencies : Invalid condition id : LAN8742 Phy interface Condition cause : null
2026-01-03 20:11:41,434 [WARN] ConditionMgr:1044 - genDependencies : Invalid condition id : LAN8742 Phy interface Condition cause : null
2026-01-03 20:11:41,450 [WARN] PackLoader:240 - Cannot read IP mode file for STMicroelectronics.X-CUBE-SFXS2LP1.4.0.0
2026-01-03 20:11:41,467 [WARN] PackLoader:240 - Cannot read IP mode file for STMicroelectronics.X-CUBE-BLEMGR.4.1.0
2026-01-03 20:11:41,484 [WARN] ConditionMgr:438 - getConditionDescription Invalid condition id : UX DEVICE CLASS RTOS Condition cause : null
2026-01-03 20:11:41,485 [WARN] ConditionMgr:438 - getConditionDescription Invalid condition id : UX DEVICE CLASS RTOS Condition cause : null
2026-01-03 20:11:41,488 [WARN] PackLoader:240 - Cannot read IP mode file for STMicroelectronics.X-CUBE-AZRTOS-WB.2.0.0
2026-01-03 20:11:41,489 [WARN] ConditionMgr:1044 - genDependencies : Invalid condition id : UX DEVICE CLASS RTOS Condition cause : null
2026-01-03 20:11:41,489 [WARN] ConditionMgr:1044 - genDependencies : Invalid condition id : UX DEVICE CLASS RTOS Condition cause : null
2026-01-03 20:11:41,490 [WARN] ConditionMgr:1044 - genDependencies : Invalid condition id : UX DEVICE CLASS RTOS Condition cause : null
2026-01-03 20:11:41,490 [WARN] ConditionMgr:1044 - genDependencies : Invalid condition id : UX DEVICE CLASS RTOS Condition cause : null
2026-01-03 20:11:41,490 [WARN] ConditionMgr:1044 - genDependencies : Invalid condition id : UX DEVICE CLASS RTOS Condition cause : null
2026-01-03 20:11:41,497 [WARN] PackLoader:240 - Cannot read IP mode file for STMicroelectronics.X-CUBE-GNSS1.7.0.1
2026-01-03 20:11:41,503 [WARN] PackLoader:240 - Cannot read IP mode file for STMicroelectronics.X-CUBE-TOUCHGFX.4.25.0
2026-01-03 20:11:41,508 [WARN] PackLoader:240 - Cannot read IP mode file for STMicroelectronics.FP-SNS-STBOX1.2.0.0
2026-01-03 20:11:41,512 [WARN] ConditionMgr:438 - getConditionDescription Invalid condition id : Cortex-A Device cause : null
2026-01-03 20:11:41,535 [WARN] ConditionMgr:1044 - genDependencies : Invalid condition id : Cortex-A Device cause : null
2026-01-03 20:11:41,535 [WARN] ConditionMgr:1044 - genDependencies : Invalid condition id : Cortex-A Device cause : null
2026-01-03 20:11:41,535 [WARN] ConditionMgr:1044 - genDependencies : Invalid condition id : Cortex-A Device cause : null
2026-01-03 20:11:41,545 [WARN] PackLoader:240 - Cannot read IP mode file for STMicroelectronics.X-CUBE-SUBG2.5.0.0
2026-01-03 20:11:41,569 [WARN] PackLoader:240 - Cannot read IP mode file for STMicroelectronics.X-CUBE-AZRTOS-H7RS.1.1.0
2026-01-03 20:11:41,577 [WARN] PackLoader:240 - Cannot read IP mode file for Cesanta.I-CUBE-Mongoose.7.13.0
2026-01-03 20:11:41,591 [WARN] PackLoader:240 - Cannot read IP mode file for STMicroelectronics.X-CUBE-AZRTOS-G4.2.0.0
2026-01-03 20:11:41,595 [WARN] PackLoader:240 - Cannot read IP mode file for wolfSSL.I-CUBE-wolfSSH.1.4.20
2026-01-03 20:11:41,599 [WARN] PackLoader:240 - Cannot read IP mode file for STMicroelectronics.X-CUBE-NFC7.2.0.0
2026-01-03 20:11:41,614 [WARN] PackLoader:240 - Cannot read IP mode file for STMicroelectronics.X-CUBE-IPS.3.1.0
2026-01-03 20:11:41,621 [WARN] PackLoader:240 - Cannot read IP mode file for STMicroelectronics.X-CUBE-ALS.1.0.2
2026-01-03 20:11:41,627 [WARN] PackLoader:240 - Cannot read IP mode file for STMicroelectronics.X-CUBE-STSE01.1.0.0
2026-01-03 20:11:41,634 [WARN] PackLoader:240 - Cannot read IP mode file for portGmbH.I-Cube-SoM-uGOAL.1.1.0
2026-01-03 20:11:41,645 [WARN] PackLoader:240 - Cannot read IP mode file for STMicroelectronics.X-CUBE-TOF1.3.4.3
2026-01-03 20:11:41,705 [INFO] ThirdParty:978 - Integrity check success = true
2026-01-03 20:11:41,705 [INFO] IntegrityCheckThread:100 - exiting critical section [integrity check]
2026-01-03 20:11:41,705 [INFO] IntegrityCheckThread:103 - End integrity checks thread
2026-01-03 20:11:42,722 [INFO] WebApp:169 - Instantiating new browser for Auth
2026-01-03 20:11:44,671 [INFO] WebApp:463 - Apply proxy settings
2026-01-03 20:11:44,739 [INFO] WebApp:508 - Chromium authenticates against Manually configured proxy
2026-01-03 20:11:44,760 [INFO] WebApp:516 - Username used for proxy authentication: 
2026-01-03 20:11:44,810 [INFO] WebApp:900 - Register for checkConnection events
2026-01-03 20:11:44,811 [INFO] WebApp:463 - Apply proxy settings
2026-01-03 20:11:44,836 [INFO] WebApp:508 - Chromium authenticates against Manually configured proxy
2026-01-03 20:11:44,836 [INFO] WebApp:516 - Username used for proxy authentication: 
2026-01-03 20:11:45,023 [INFO] WebApp:225 - Starting web application
2026-01-03 20:11:45,023 [INFO] WebApp:593 - Web application path used /Applications/STM32CubeIDE.app/Contents/Eclipse/plugins/com.st.stm32cube.common.mx_6.15.0.202507011659/db/plugins/mcufinder/reactClient1/index.html
2026-01-03 20:11:45,532 [INFO] WebApp:191 - Connection restablished
