2026-01-01 16:29:55,841 [ERROR] LogOutputStream:75 - [STDERR_REDIRECT] 
2026-01-01 21:28:42,080 [INFO] Activator:176 - 


2026-01-01 21:28:42,081 [INFO] Activator:177 - !SESSION log4j initialized
2026-01-01 21:28:47,774 [INFO] LogOutputStream:77 - [STDOUT_REDIRECT] 
2026-01-01 21:28:48,991 [ERROR] LogOutputStream:75 - [STDERR_REDIRECT] 
2026-01-01 21:28:51,132 [INFO] LogOutputStream:77 - [STDOUT_REDIRECT] 
2026-01-01 21:28:52,899 [INFO] ApplicationProperties:184 - Using Application install path: /Applications/STM32CubeIDE.app/Contents/Eclipse/plugins/com.st.stm32cube.common.mx_6.15.0.202507011659
2026-01-01 21:28:52,912 [INFO] DbMcusXml:78 - Set database path to: /Applications/STM32CubeIDE.app/Contents/Eclipse/plugins/com.st.stm32cube.common.mx_6.15.0.202507011659//db//mcu/
2026-01-01 21:28:52,912 [INFO] ApiDb:274 - Set plugin database path to: /Applications/STM32CubeIDE.app/Contents/Eclipse/plugins/com.st.stm32cube.common.mx_6.15.0.202507011659//db//plugins/boardmanager/
2026-01-01 21:28:52,913 [WARN] ApiDb:259 - Overriding images path with different value:  => /Applications/STM32CubeIDE.app/Contents/Eclipse/plugins/com.st.stm32cube.common.mx_6.15.0.202507011659//db//plugins/mcufinder/images/
2026-01-01 21:28:52,919 [INFO] ApiDb:250 - Set database path to: /Users/sheen/.stmcufinder/plugins/mcufinder//mcu/
2026-01-01 21:28:52,919 [INFO] DbMcusAds:125 - Set database path to: /Users/sheen/.stmcufinder/plugins/mcufinder//mcu/
2026-01-01 21:28:52,921 [INFO] CrossReferenceDbSqlite:203 - Set database path to: /Users/sheen/.stmcufinder/plugins/mcufinder//mcu/cs/
2026-01-01 21:28:53,073 [INFO] RulesReader:64 - Compatibility file has been processed (317 Rules)
2026-01-01 21:28:53,127 [INFO] DbMcusXml:78 - Set database path to: /Applications/STM32CubeIDE.app/Contents/Eclipse/plugins/com.st.stm32cube.common.mx_6.15.0.202507011659//db//mcu/
2026-01-01 21:28:53,127 [INFO] ApiDb:274 - Set plugin database path to: /Applications/STM32CubeIDE.app/Contents/Eclipse/plugins/com.st.stm32cube.common.mx_6.15.0.202507011659//db//plugins/boardmanager/
2026-01-01 21:28:53,127 [INFO] ApiDb:261 - Set plugin images path to: /Applications/STM32CubeIDE.app/Contents/Eclipse/plugins/com.st.stm32cube.common.mx_6.15.0.202507011659//db//plugins/mcufinder/images/
2026-01-01 21:28:53,128 [WARN] DbFile:41 - Overriding database path with different value: /Users/sheen/.stmcufinder/plugins/mcufinder/ => /Users/sheen/.stmcufinder/plugins/mcufinder
2026-01-01 21:28:53,128 [INFO] ApiDb:250 - Set database path to: /Users/sheen/.stmcufinder/plugins/mcufinder//mcu/
2026-01-01 21:28:53,128 [WARN] DbFile:41 - Overriding database path with different value: /Users/sheen/.stmcufinder/plugins/mcufinder/ => /Users/sheen/.stmcufinder/plugins/mcufinder
2026-01-01 21:28:53,128 [INFO] DbMcusAds:125 - Set database path to: /Users/sheen/.stmcufinder/plugins/mcufinder//mcu/
2026-01-01 21:28:53,128 [WARN] DbFile:41 - Overriding database path with different value: /Users/sheen/.stmcufinder/plugins/mcufinder/ => /Users/sheen/.stmcufinder/plugins/mcufinder
2026-01-01 21:28:53,128 [WARN] DbFile:41 - Overriding database path with different value: /Users/sheen/.stmcufinder/plugins/mcufinder/ => /Users/sheen/.stmcufinder/plugins/mcufinder
2026-01-01 21:28:53,128 [INFO] CrossReferenceDbSqlite:203 - Set database path to: /Users/sheen/.stmcufinder/plugins/mcufinder//mcu/cs/
2026-01-01 21:28:53,204 [INFO] MainPanel:274 - HeapMemory: 268435456
2026-01-01 21:28:53,868 [INFO] DbMcusXml:78 - Set database path to: /Applications/STM32CubeIDE.app/Contents/Eclipse/plugins/com.st.stm32cube.common.mx_6.15.0.202507011659//db//mcu/
2026-01-01 21:28:53,872 [INFO] ApiDb:274 - Set plugin database path to: /Applications/STM32CubeIDE.app/Contents/Eclipse/plugins/com.st.stm32cube.common.mx_6.15.0.202507011659//db//plugins/boardmanager/
2026-01-01 21:28:53,877 [INFO] ApiDb:261 - Set plugin images path to: /Applications/STM32CubeIDE.app/Contents/Eclipse/plugins/com.st.stm32cube.common.mx_6.15.0.202507011659//db//plugins/mcufinder/images/
2026-01-01 21:28:53,877 [WARN] DbFile:41 - Overriding database path with different value: /Users/sheen/.stmcufinder/plugins/mcufinder/ => /Users/sheen/.stmcufinder/plugins/mcufinder
2026-01-01 21:28:53,877 [INFO] ApiDb:250 - Set database path to: /Users/sheen/.stmcufinder/plugins/mcufinder//mcu/
2026-01-01 21:28:53,877 [WARN] DbFile:41 - Overriding database path with different value: /Users/sheen/.stmcufinder/plugins/mcufinder/ => /Users/sheen/.stmcufinder/plugins/mcufinder
2026-01-01 21:28:53,877 [INFO] DbMcusAds:125 - Set database path to: /Users/sheen/.stmcufinder/plugins/mcufinder//mcu/
2026-01-01 21:28:53,877 [WARN] DbFile:41 - Overriding database path with different value: /Users/sheen/.stmcufinder/plugins/mcufinder/ => /Users/sheen/.stmcufinder/plugins/mcufinder
2026-01-01 21:28:53,878 [WARN] DbFile:41 - Overriding database path with different value: /Users/sheen/.stmcufinder/plugins/mcufinder/ => /Users/sheen/.stmcufinder/plugins/mcufinder
2026-01-01 21:28:53,878 [INFO] CrossReferenceDbSqlite:203 - Set database path to: /Users/sheen/.stmcufinder/plugins/mcufinder//mcu/cs/
2026-01-01 21:28:53,925 [INFO] ApplicationProperties:184 - Using Application install path: /Applications/STM32CubeIDE.app/Contents/Eclipse/plugins/com.st.stm32cube.common.mx_6.15.0.202507011659
2026-01-01 21:28:53,927 [INFO] PluginManage:196 - Search for loadable plugins [exclusion list=, ]
2026-01-01 21:28:53,930 [INFO] PluginManage:310 - Check plugin analytics
2026-01-01 21:28:54,220 [INFO] AnalyticsPlugin:253 - Accepted Software Licenses: STM32CubeMX.6.15.0
2026-01-01 21:28:54,222 [INFO] AnalyticsPlugin:255 - Accepted CMSIS Pack Licenses: 
2026-01-01 21:28:54,222 [INFO] AnalyticsPlugin:257 - Accepted Firmware Licenses: FW.F4.1.28.0
2026-01-01 21:28:54,250 [INFO] PluginManage:359 - Loaded plugin analytics (category:tool,tabindex:-1)
2026-01-01 21:28:54,271 [INFO] PluginManage:310 - Check plugin cadmodel
2026-01-01 21:28:54,320 [INFO] CADModel:105 - Init CAD model plugin
2026-01-01 21:28:54,320 [INFO] PluginManage:359 - Loaded plugin cadmodel (category:power,tabindex:5)
2026-01-01 21:28:54,321 [INFO] PluginManage:310 - Check plugin clock
2026-01-01 21:28:54,333 [INFO] PluginManage:359 - Loaded plugin clock (category:base,tabindex:2)
2026-01-01 21:28:54,334 [INFO] PluginManage:310 - Check plugin ddr
2026-01-01 21:28:54,336 [INFO] PluginManage:359 - Loaded plugin ddr (category:tool,tabindex:6)
2026-01-01 21:28:54,336 [INFO] PluginManage:310 - Check plugin filemanager
2026-01-01 21:28:54,517 [INFO] PluginManage:359 - Loaded plugin filemanager (category:base,tabindex:10)
2026-01-01 21:28:54,517 [INFO] PluginManage:310 - Check plugin ipmanager
2026-01-01 21:28:54,526 [INFO] PluginManage:359 - Loaded plugin ipmanager (category:base,tabindex:5)
2026-01-01 21:28:54,526 [INFO] PluginManage:310 - Check plugin lpbam
2026-01-01 21:28:54,538 [INFO] PluginManage:359 - Loaded plugin lpbam (category:base,tabindex:0)
2026-01-01 21:28:54,538 [INFO] PluginManage:310 - Check plugin memorymap
2026-01-01 21:28:54,551 [INFO] PluginManage:359 - Loaded plugin memorymap (category:base,tabindex:4)
2026-01-01 21:28:54,551 [INFO] PluginManage:310 - Check plugin pinoutandconfiguration
2026-01-01 21:28:54,559 [INFO] PluginManage:359 - Loaded plugin pinoutandconfiguration (category:base,tabindex:1)
2026-01-01 21:28:54,559 [INFO] PluginManage:310 - Check plugin pinoutconfig
2026-01-01 21:28:54,666 [WARN] SupportedApi:132 - Cannot load RTOS API schema: s4s-elt-must-match.1: The content of 'definitions' must match (annotation?, (simpleType | complexType)?, (unique | key | keyref)*)). A problem was found starting at: attribute.
2026-01-01 21:28:54,825 [INFO] PluginManage:359 - Loaded plugin pinoutconfig (category:base,tabindex:0)
2026-01-01 21:28:54,825 [INFO] PluginManage:310 - Check plugin power
2026-01-01 21:28:54,838 [INFO] PluginManage:359 - Loaded plugin power (category:power,tabindex:4)
2026-01-01 21:28:54,838 [INFO] PluginManage:310 - Check plugin projectmanager
2026-01-01 21:28:54,865 [INFO] PluginManage:359 - Loaded plugin projectmanager (category:projectmanager,tabindex:4)
2026-01-01 21:28:54,865 [INFO] PluginManage:310 - Check plugin rif
2026-01-01 21:28:54,876 [INFO] PluginManage:359 - Loaded plugin rif (category:base,tabindex:3)
2026-01-01 21:28:54,876 [INFO] PluginManage:310 - Check plugin thirdparty
2026-01-01 21:28:55,055 [INFO] PluginManage:359 - Loaded plugin thirdparty (category:base,tabindex:-1)
2026-01-01 21:28:55,056 [INFO] PluginManage:310 - Check plugin tools
2026-01-01 21:28:55,055 [WARN] IntegrityCheckThread:84 - waiting for thirdparty lock release [integrity check]
2026-01-01 21:28:55,057 [INFO] IntegrityCheckThread:86 - entering critical section [integrity check]
2026-01-01 21:28:55,058 [INFO] ThirdPartyUpdaterWithRetryManager:70 - Updater plugin not ready yet. [1/15]
2026-01-01 21:28:55,059 [INFO] PluginManage:359 - Loaded plugin tools (category:base,tabindex:7)
2026-01-01 21:28:55,059 [INFO] PluginManage:310 - Check plugin tutovideos
2026-01-01 21:28:55,322 [INFO] PluginManage:359 - Loaded plugin tutovideos (category:base,tabindex:-1)
2026-01-01 21:28:55,323 [INFO] PluginManage:310 - Check plugin updater
2026-01-01 21:28:55,351 [INFO] PluginManage:359 - Loaded plugin updater (category:base,tabindex:12)
2026-01-01 21:28:55,351 [INFO] PluginManage:310 - Check plugin userauth
2026-01-01 21:28:55,356 [INFO] UserAuth:118 - Init User Auth plugin
2026-01-01 21:28:55,357 [INFO] PluginManage:359 - Loaded plugin userauth (category:base,tabindex:14)
2026-01-01 21:28:55,359 [INFO] PluginManage:283 - PluginManage : Loaded plugins [18]
2026-01-01 21:28:55,590 [INFO] PinOutPanel:1589 - setPackage(No Configuration,No Configuration)
2026-01-01 21:28:55,665 [INFO] CADModel:165 - CPN selected for project level
2026-01-01 21:28:55,665 [INFO] CADModel:114 - Register for checkConnection events
2026-01-01 21:28:55,676 [INFO] IPUIPlugin:80 - create IPUIPlugin
2026-01-01 21:28:55,677 [INFO] PluginManager:220 - loadIPPluginJar : add mdma
2026-01-01 21:28:55,681 [INFO] IPUIPlugin:80 - create IPUIPlugin
2026-01-01 21:28:55,681 [INFO] PluginManager:220 - loadIPPluginJar : add freertos
2026-01-01 21:28:55,686 [INFO] IPUIPlugin:80 - create IPUIPlugin
2026-01-01 21:28:55,686 [INFO] PluginManager:220 - loadIPPluginJar : add gic
2026-01-01 21:28:55,694 [INFO] IPUIPlugin:80 - create IPUIPlugin
2026-01-01 21:28:55,695 [INFO] PluginManager:220 - loadIPPluginJar : add adc
2026-01-01 21:28:55,696 [INFO] IPUIPlugin:80 - create IPUIPlugin
2026-01-01 21:28:55,696 [INFO] PluginManager:220 - loadIPPluginJar : add gtzc
2026-01-01 21:28:55,697 [INFO] IPUIPlugin:80 - create IPUIPlugin
2026-01-01 21:28:55,697 [INFO] PluginManager:220 - loadIPPluginJar : add quadspi
2026-01-01 21:28:55,698 [INFO] IPUIPlugin:80 - create IPUIPlugin
2026-01-01 21:28:55,698 [INFO] PluginManager:220 - loadIPPluginJar : add aes
2026-01-01 21:28:55,700 [INFO] IPUIPlugin:80 - create IPUIPlugin
2026-01-01 21:28:55,700 [INFO] PluginManager:220 - loadIPPluginJar : add pdm2pcm
2026-01-01 21:28:55,700 [INFO] IPUIPlugin:80 - create IPUIPlugin
2026-01-01 21:28:55,701 [INFO] PluginManager:220 - loadIPPluginJar : add hash
2026-01-01 21:28:55,701 [INFO] IPUIPlugin:80 - create IPUIPlugin
2026-01-01 21:28:55,701 [INFO] PluginManager:220 - loadIPPluginJar : add tim
2026-01-01 21:28:55,702 [INFO] IPUIPlugin:80 - create IPUIPlugin
2026-01-01 21:28:55,702 [INFO] PluginManager:220 - loadIPPluginJar : add tsc
2026-01-01 21:28:55,704 [INFO] IPUIPlugin:80 - create IPUIPlugin
2026-01-01 21:28:55,705 [INFO] PluginManager:220 - loadIPPluginJar : add extmemmanager
2026-01-01 21:28:55,706 [INFO] IPUIPlugin:80 - create IPUIPlugin
2026-01-01 21:28:55,706 [INFO] PluginManager:220 - loadIPPluginJar : add ts
2026-01-01 21:28:55,707 [INFO] IPUIPlugin:80 - create IPUIPlugin
2026-01-01 21:28:55,707 [INFO] PluginManager:220 - loadIPPluginJar : add radio
2026-01-01 21:28:55,708 [INFO] IPUIPlugin:80 - create IPUIPlugin
2026-01-01 21:28:55,709 [INFO] PluginManager:220 - loadIPPluginJar : add can
2026-01-01 21:28:55,710 [INFO] IPUIPlugin:80 - create IPUIPlugin
2026-01-01 21:28:55,710 [INFO] PluginManager:220 - loadIPPluginJar : add dma3
2026-01-01 21:28:55,710 [INFO] IPUIPlugin:80 - create IPUIPlugin
2026-01-01 21:28:55,710 [INFO] PluginManager:220 - loadIPPluginJar : add dfsdm
2026-01-01 21:28:55,711 [INFO] IPUIPlugin:80 - create IPUIPlugin
2026-01-01 21:28:55,711 [INFO] PluginManager:220 - loadIPPluginJar : add spi
2026-01-01 21:28:55,712 [INFO] IPUIPlugin:80 - create IPUIPlugin
2026-01-01 21:28:55,713 [INFO] PluginManager:220 - loadIPPluginJar : add gfxmmu
2026-01-01 21:28:55,714 [INFO] IPUIPlugin:80 - create IPUIPlugin
2026-01-01 21:28:55,714 [INFO] PluginManager:220 - loadIPPluginJar : add genericplugin
2026-01-01 21:28:55,715 [INFO] IPUIPlugin:80 - create IPUIPlugin
2026-01-01 21:28:55,715 [INFO] PluginManager:220 - loadIPPluginJar : add cryp
2026-01-01 21:28:55,717 [INFO] IPUIPlugin:80 - create IPUIPlugin
2026-01-01 21:28:55,717 [INFO] PluginManager:220 - loadIPPluginJar : add gpio
2026-01-01 21:28:55,719 [INFO] IPUIPlugin:80 - create IPUIPlugin
2026-01-01 21:28:55,719 [INFO] PluginManager:220 - loadIPPluginJar : add ddr_ctrl_phy
2026-01-01 21:28:55,721 [INFO] IPUIPlugin:80 - create IPUIPlugin
2026-01-01 21:28:55,721 [INFO] PluginManager:220 - loadIPPluginJar : add comp
2026-01-01 21:28:55,723 [INFO] IPUIPlugin:80 - create IPUIPlugin
2026-01-01 21:28:55,724 [INFO] PluginManager:220 - loadIPPluginJar : add tracer_emb
2026-01-01 21:28:55,726 [INFO] IPUIPlugin:80 - create IPUIPlugin
2026-01-01 21:28:55,726 [INFO] PluginManager:220 - loadIPPluginJar : add openamp
2026-01-01 21:28:55,729 [INFO] IPUIPlugin:80 - create IPUIPlugin
2026-01-01 21:28:55,729 [INFO] PluginManager:220 - loadIPPluginJar : add stm32_wpan
2026-01-01 21:28:55,732 [INFO] IPUIPlugin:80 - create IPUIPlugin
2026-01-01 21:28:55,733 [INFO] PluginManager:220 - loadIPPluginJar : add plateformsettings
2026-01-01 21:28:55,735 [INFO] IPUIPlugin:80 - create IPUIPlugin
2026-01-01 21:28:55,735 [INFO] PluginManager:220 - loadIPPluginJar : add ipddr
2026-01-01 21:28:55,737 [INFO] IPUIPlugin:80 - create IPUIPlugin
2026-01-01 21:28:55,737 [INFO] PluginManager:220 - loadIPPluginJar : add usart
2026-01-01 21:28:55,738 [INFO] IPUIPlugin:80 - create IPUIPlugin
2026-01-01 21:28:55,738 [INFO] PluginManager:220 - loadIPPluginJar : add ltdc
2026-01-01 21:28:55,739 [INFO] IPUIPlugin:80 - create IPUIPlugin
2026-01-01 21:28:55,739 [INFO] PluginManager:220 - loadIPPluginJar : add nvic
2026-01-01 21:28:55,740 [INFO] IPUIPlugin:80 - create IPUIPlugin
2026-01-01 21:28:55,740 [INFO] PluginManager:220 - loadIPPluginJar : add fatfs
2026-01-01 21:28:55,744 [INFO] IPUIPlugin:80 - create IPUIPlugin
2026-01-01 21:28:55,744 [INFO] PluginManager:220 - loadIPPluginJar : add linkedlist
2026-01-01 21:28:55,748 [INFO] IPUIPlugin:80 - create IPUIPlugin
2026-01-01 21:28:55,748 [INFO] PluginManager:220 - loadIPPluginJar : add dma
2026-01-01 21:28:55,750 [INFO] IPUIPlugin:80 - create IPUIPlugin
2026-01-01 21:28:55,750 [INFO] PluginManager:220 - loadIPPluginJar : add fmc
2026-01-01 21:28:55,751 [INFO] IPUIPlugin:80 - create IPUIPlugin
2026-01-01 21:28:55,752 [INFO] PluginManager:220 - loadIPPluginJar : add i2s
2026-01-01 21:28:55,752 [INFO] IPUIPlugin:80 - create IPUIPlugin
2026-01-01 21:28:55,752 [INFO] PluginManager:220 - loadIPPluginJar : add ucpd
2026-01-01 21:28:55,753 [INFO] IPUIPlugin:80 - create IPUIPlugin
2026-01-01 21:28:55,753 [INFO] PluginManager:220 - loadIPPluginJar : add lorawan
2026-01-01 21:28:55,755 [INFO] IPUIPlugin:80 - create IPUIPlugin
2026-01-01 21:28:55,755 [INFO] PluginManager:220 - loadIPPluginJar : add opamp
2026-01-01 21:28:55,757 [INFO] IPUIPlugin:80 - create IPUIPlugin
2026-01-01 21:28:55,757 [INFO] PluginManager:220 - loadIPPluginJar : add i3c
2026-01-01 21:28:55,758 [INFO] IPUIPlugin:80 - create IPUIPlugin
2026-01-01 21:28:55,759 [INFO] PluginManager:220 - loadIPPluginJar : add touchsensing
2026-01-01 21:28:55,760 [INFO] IPUIPlugin:80 - create IPUIPlugin
2026-01-01 21:28:55,760 [INFO] PluginManager:220 - loadIPPluginJar : add i2c
2026-01-01 21:28:55,763 [INFO] IPUIPlugin:80 - create IPUIPlugin
2026-01-01 21:28:55,763 [INFO] PluginManager:220 - loadIPPluginJar : add resmgrutility
2026-01-01 21:28:55,765 [INFO] IPUIPlugin:80 - create IPUIPlugin
2026-01-01 21:28:55,766 [INFO] PluginManager:220 - loadIPPluginJar : add sai
2026-01-01 21:28:55,767 [INFO] IPUIPlugin:80 - create IPUIPlugin
2026-01-01 21:28:55,767 [INFO] PluginManager:220 - loadIPPluginJar : add usbx
2026-01-01 21:28:55,882 [FATAL] Updater:351 - Updater called before beeing initialized
2026-01-01 21:28:55,931 [INFO] RulesReader:64 - Compatibility file has been processed (317 Rules)
2026-01-01 21:28:55,942 [INFO] RulesReader:64 - Compatibility file has been processed (317 Rules)
2026-01-01 21:28:55,956 [INFO] CADModel:165 - CPN selected for project level
2026-01-01 21:28:55,957 [INFO] CADModel:114 - Register for checkConnection events
2026-01-01 21:28:55,957 [FATAL] Updater:351 - Updater called before beeing initialized
2026-01-01 21:28:55,957 [ERROR] CADModel:125 - Updater not yet initialized, retry later 
2026-01-01 21:28:56,210 [FATAL] Updater:351 - Updater called before beeing initialized
2026-01-01 21:28:56,212 [INFO] CADModel:165 - CPN selected for project level
2026-01-01 21:28:56,212 [INFO] CADModel:114 - Register for checkConnection events
2026-01-01 21:28:56,212 [FATAL] Updater:351 - Updater called before beeing initialized
2026-01-01 21:28:56,212 [ERROR] CADModel:125 - Updater not yet initialized, retry later 
2026-01-01 21:28:56,214 [FATAL] Updater:351 - Updater called before beeing initialized
2026-01-01 21:28:56,371 [FATAL] Updater:351 - Updater called before beeing initialized
2026-01-01 21:28:56,377 [INFO] DbMcusAds:53 - JSON generation date=Tue Jul 08 01:14:23 PDT 2025 (1751962463524)
2026-01-01 21:28:56,378 [FATAL] Updater:351 - Updater called before beeing initialized
2026-01-01 21:28:56,707 [WARN] DetailPanel:346 - Failed to get advertising image, set to default
2026-01-01 21:28:56,769 [FATAL] Updater:351 - Updater called before beeing initialized
2026-01-01 21:28:56,773 [FATAL] Updater:351 - Updater called before beeing initialized
2026-01-01 21:28:56,774 [FATAL] Updater:351 - Updater called before beeing initialized
2026-01-01 21:28:56,774 [WARN] DetailPanel:346 - Failed to get advertising image, set to default
2026-01-01 21:28:56,776 [FATAL] Updater:351 - Updater called before beeing initialized
2026-01-01 21:28:56,851 [ERROR] Updater:1198 - MainUpdater not yet initialized. External WinMGr cannot be set.
2026-01-01 21:28:56,860 [INFO] Updater:1134 - Updater Version found : 6.15.0
2026-01-01 21:28:56,873 [INFO] ApplicationProperties:184 - Using Application install path: /Applications/STM32CubeIDE.app/Contents/Eclipse/plugins/com.st.stm32cube.common.mx_6.15.0.202507011659
2026-01-01 21:28:57,280 [INFO] MainUpdater:2872 - connection check result : 10
2026-01-01 21:28:57,281 [INFO] MainUpdater:289 - Updater Check For Update Now.
2026-01-01 21:28:57,281 [INFO] MicroXplorer:498 - Change Database Version : DB.6.0.150
2026-01-01 21:28:57,296 [INFO] McuFinderGlobals:63 - Set McuFinder mode to 2 (CubeIDE integrated)
2026-01-01 21:28:57,296 [INFO] UserAuth:171 - activating auth plugin
2026-01-01 21:28:57,305 [INFO] UserAuth:487 - Internet connection configuration mode: 1
2026-01-01 21:28:57,328 [INFO] JxBrowserEngine:152 - Initiate JxBrowser Engine with user profile folder
2026-01-01 21:28:57,561 [INFO] CheckServerUpdateThread:120 - End of CheckServer Thread
2026-01-01 21:28:58,396 [WARN] PackLoader:240 - Cannot read IP mode file for STMicroelectronics.FP-SNS-MOTENVWB1.1.4.0
2026-01-01 21:28:58,462 [WARN] PackLoader:240 - Cannot read IP mode file for STMicroelectronics.FP-ATR-ASTRA1.2.0.2
2026-01-01 21:28:58,504 [WARN] PackLoader:240 - Cannot read IP mode file for STMicroelectronics.X-CUBE-SMBUS.2.1.0
2026-01-01 21:28:58,520 [WARN] PackLoader:240 - Cannot read IP mode file for STMicroelectronics.X-CUBE-ST60.1.0.0
2026-01-01 21:28:58,620 [WARN] PackLoader:240 - Cannot read IP mode file for STMicroelectronics.X-CUBE-AZRTOS-F7.1.1.0
2026-01-01 21:28:58,676 [WARN] PackLoader:240 - Cannot read IP mode file for Cesanta.I-CUBE-Mongoose.7.19.0
2026-01-01 21:28:58,696 [WARN] PackLoader:240 - Cannot read IP mode file for STMicroelectronics.FP-SNS-MOTENV1.5.1.0
2026-01-01 21:28:58,744 [WARN] PackLoader:240 - Cannot read IP mode file for WES.I-CUBE-Cesium.1.4.0
2026-01-01 21:28:58,800 [WARN] PackLoader:240 - Cannot read IP mode file for Infineon.AIROC-Wi-Fi-Bluetooth-STM32.1.7.1
2026-01-01 21:28:58,878 [WARN] PackLoader:240 - Cannot read IP mode file for STMicroelectronics.X-CUBE-AZRTOS-H7.3.4.0
2026-01-01 21:28:58,899 [WARN] PackLoader:240 - Cannot read IP mode file for STMicroelectronics.X-CUBE-DISPLAY.3.0.0
2026-01-01 21:28:58,937 [WARN] PackLoader:240 - Cannot read IP mode file for STMicroelectronics.X-CUBE-NFC10.1.0.0
2026-01-01 21:28:58,951 [WARN] PackLoader:240 - Cannot read IP mode file for STMicroelectronics.X-CUBE-ST60.1.1.0
2026-01-01 21:28:58,965 [WARN] PackLoader:240 - Cannot read IP mode file for emotas.I-CUBE-CANOPEN.1.3.0
2026-01-01 21:28:58,976 [WARN] PackLoader:240 - Cannot read IP mode file for STMicroelectronics.X-CUBE-GNSS1.7.1.0
2026-01-01 21:28:58,987 [WARN] PackLoader:240 - Cannot read IP mode file for STMicroelectronics.FP-SNS-STBOX1.2.1.0
2026-01-01 21:28:59,001 [WARN] PackLoader:240 - Cannot read IP mode file for STMicroelectronics.FP-SNS-SMARTAG2.1.2.0
2026-01-01 21:28:59,010 [WARN] PackLoader:240 - Cannot read IP mode file for STMicroelectronics.FP-SNS-FLIGHT1.5.1.0
2026-01-01 21:28:59,022 [INFO] LogOutputStream:77 - [STDOUT_REDIRECT] 1 : Invalid condition id : UX_CORESTACK_Condition cause : null
2026-01-01 21:28:59,024 [INFO] LogOutputStream:77 - [STDOUT_REDIRECT] 1 : Invalid condition id : UX_CORESTACK_Condition cause : null
2026-01-01 21:28:59,024 [INFO] LogOutputStream:77 - [STDOUT_REDIRECT] 1 : Invalid condition id : UX_CORESTACK_Condition cause : null
2026-01-01 21:28:59,024 [INFO] LogOutputStream:77 - [STDOUT_REDIRECT] 1 : Invalid condition id : UX_CORESTACK_Condition cause : null
2026-01-01 21:28:59,025 [INFO] LogOutputStream:77 - [STDOUT_REDIRECT] 1 : Invalid condition id : UX_CORESTACK_Condition cause : null
2026-01-01 21:28:59,034 [WARN] PackLoader:240 - Cannot read IP mode file for STMicroelectronics.X-CUBE-AZRTOS-WL.2.0.0
2026-01-01 21:28:59,048 [WARN] PackLoader:240 - Cannot read IP mode file for STMicroelectronics.FP-SNS-MOTENV1.5.0.0
2026-01-01 21:28:59,085 [WARN] PackLoader:240 - Cannot read IP mode file for STMicroelectronics.X-CUBE-AZRTOS-H7RS.1.2.0
2026-01-01 21:28:59,101 [WARN] PackLoader:240 - Cannot read IP mode file for WES.I-CUBE-Cesium.1.3.0
2026-01-01 21:28:59,109 [WARN] PackLoader:240 - Cannot read IP mode file for STMicroelectronics.X-CUBE-BLE2.3.3.0
2026-01-01 21:28:59,136 [WARN] PackLoader:240 - Cannot read IP mode file for STMicroelectronics.X-CUBE-NFC9.1.0.0
2026-01-01 21:28:59,143 [WARN] PackLoader:240 - Cannot read IP mode file for wolfSSL.I-CUBE-wolfSSL.5.8.2
2026-01-01 21:28:59,148 [WARN] PackLoader:240 - Cannot read IP mode file for STMicroelectronics.X-CUBE-BLE1.7.1.0
2026-01-01 21:28:59,152 [WARN] PackLoader:240 - Cannot read IP mode file for wolfSSL.I-CUBE-wolfMQTT.1.19.2
2026-01-01 21:28:59,163 [WARN] PackLoader:240 - Cannot read IP mode file for STMicroelectronics.X-CUBE-FREERTOS.1.4.0
2026-01-01 21:28:59,172 [WARN] PackLoader:240 - Cannot read IP mode file for STMicroelectronics.X-CUBE-EEPRMA1.5.2.0
2026-01-01 21:28:59,183 [WARN] PackLoader:240 - Cannot read IP mode file for STMicroelectronics.X-CUBE-ST67W61.1.1.0
2026-01-01 21:28:59,191 [WARN] PackLoader:240 - Cannot read IP mode file for STMicroelectronics.X-CUBE-AI.10.1.0
2026-01-01 21:28:59,305 [WARN] PackLoader:240 - Cannot read IP mode file for STMicroelectronics.X-CUBE-MEMS1.12.0.0
2026-01-01 21:28:59,424 [WARN] PackLoader:240 - Cannot read IP mode file for STMicroelectronics.X-CUBE-AZRTOS-G0.1.1.0
2026-01-01 21:28:59,435 [WARN] PackLoader:240 - Cannot read IP mode file for STMicroelectronics.X-CUBE-SAFEA1.1.2.2
2026-01-01 21:28:59,444 [WARN] PackLoader:240 - Cannot read IP mode file for STMicroelectronics.X-CUBE-NFC4.3.0.0
2026-01-01 21:28:59,462 [WARN] PackLoader:240 - Cannot read IP mode file for EmbeddedOffice.I-CUBE-FS-RTOS.1.0.1
2026-01-01 21:28:59,473 [WARN] PackLoader:240 - Cannot read IP mode file for STMicroelectronics.X-CUBE-WB05N.2.0.0
2026-01-01 21:28:59,481 [WARN] PackLoader:240 - Cannot read IP mode file for wolfSSL.I-CUBE-wolfTPM.3.8.0
2026-01-01 21:28:59,486 [WARN] PackLoader:240 - Cannot read IP mode file for STMicroelectronics.X-CUBE-TCPP.4.2.0
2026-01-01 21:28:59,491 [WARN] PackLoader:240 - Cannot read IP mode file for RealThread.X-CUBE-RT-Thread_Nano.4.1.1
2026-01-01 21:28:59,494 [WARN] PackLoader:240 - Cannot read IP mode file for STMicroelectronics.FP-ATR-SIGFOX1.3.2.0
2026-01-01 21:28:59,500 [WARN] PackLoader:240 - Cannot read IP mode file for ITTIA_DB.I-CUBE-ITTIADB.8.9.0
2026-01-01 21:28:59,507 [WARN] PackLoader:240 - Cannot read IP mode file for STMicroelectronics.X-CUBE-ST67W61.1.0.0
2026-01-01 21:28:59,512 [WARN] PackLoader:240 - Cannot read IP mode file for STMicroelectronics.X-CUBE-AI.10.2.0
2026-01-01 21:28:59,681 [WARN] PackLoader:240 - Cannot read IP mode file for SEGGER.I-CUBE-embOS.1.3.1
2026-01-01 21:28:59,910 [WARN] PackLoader:240 - Cannot read IP mode file for STMicroelectronics.X-CUBE-ALGOBUILD.1.4.0
2026-01-01 21:29:00,016 [WARN] PackLoader:240 - Cannot read IP mode file for STMicroelectronics.X-CUBE-MEMS1.11.3.0
2026-01-01 21:29:00,120 [WARN] PackLoader:240 - Cannot read IP mode file for STMicroelectronics.X-CUBE-PM33A1.1.0.0
2026-01-01 21:29:00,146 [WARN] PackLoader:240 - Cannot read IP mode file for STMicroelectronics.X-CUBE-AZRTOS-F4.1.1.0
2026-01-01 21:29:00,158 [WARN] PackLoader:240 - Cannot read IP mode file for Avnet-IotConnect.X-CUBE-IoTC-DA16k-PMOD.1.0.0
2026-01-01 21:29:00,161 [WARN] PackLoader:240 - Cannot read IP mode file for STMicroelectronics.X-CUBE-ISPU.2.1.0
2026-01-01 21:29:00,180 [WARN] PackLoader:240 - Cannot read IP mode file for STMicroelectronics.X-CUBE-IPS.3.2.0
2026-01-01 21:29:00,198 [WARN] PackLoader:240 - Cannot read IP mode file for STMicroelectronics.X-CUBE-NFC12.1.0.0
2026-01-01 21:29:00,229 [WARN] PackLoader:240 - Cannot read IP mode file for STMicroelectronics.X-CUBE-AZRTOS-L5.2.0.0
2026-01-01 21:29:00,254 [WARN] PackLoader:240 - Cannot read IP mode file for STMicroelectronics.X-CUBE-NFC6.3.1.0
2026-01-01 21:29:00,265 [WARN] PackLoader:240 - Cannot read IP mode file for STMicroelectronics.X-CUBE-FREERTOS.1.3.1
2026-01-01 21:29:00,292 [WARN] PackLoader:240 - Cannot read IP mode file for STMicroelectronics.X-CUBE-TOUCHGFX.4.26.0
2026-01-01 21:29:00,306 [WARN] PackLoader:240 - Cannot read IP mode file for STMicroelectronics.FP-SNS-STAIOTCFT.1.0.0
2026-01-01 21:29:00,314 [WARN] PackLoader:240 - Cannot read IP mode file for STMicroelectronics.X-CUBE-DPower.1.3.0
2026-01-01 21:29:00,357 [WARN] ConditionMgr:438 - getConditionDescription Invalid condition id : LAN8742 Phy interface Condition cause : null
2026-01-01 21:29:00,361 [WARN] PackLoader:240 - Cannot read IP mode file for STMicroelectronics.X-CUBE-AZRTOS-L4.2.0.0
2026-01-01 21:29:00,365 [WARN] ConditionMgr:1044 - genDependencies : Invalid condition id : LAN8742 Phy interface Condition cause : null
2026-01-01 21:29:00,366 [WARN] ConditionMgr:1044 - genDependencies : Invalid condition id : LAN8742 Phy interface Condition cause : null
2026-01-01 21:29:00,368 [WARN] ConditionMgr:1044 - genDependencies : Invalid condition id : LAN8742 Phy interface Condition cause : null
2026-01-01 21:29:00,378 [WARN] PackLoader:240 - Cannot read IP mode file for STMicroelectronics.X-CUBE-SFXS2LP1.4.0.0
2026-01-01 21:29:00,403 [WARN] PackLoader:240 - Cannot read IP mode file for STMicroelectronics.X-CUBE-BLEMGR.4.1.0
2026-01-01 21:29:00,532 [WARN] ConditionMgr:438 - getConditionDescription Invalid condition id : UX DEVICE CLASS RTOS Condition cause : null
2026-01-01 21:29:00,532 [WARN] ConditionMgr:438 - getConditionDescription Invalid condition id : UX DEVICE CLASS RTOS Condition cause : null
2026-01-01 21:29:00,542 [WARN] PackLoader:240 - Cannot read IP mode file for STMicroelectronics.X-CUBE-AZRTOS-WB.2.0.0
2026-01-01 21:29:00,544 [WARN] ConditionMgr:1044 - genDependencies : Invalid condition id : UX DEVICE CLASS RTOS Condition cause : null
2026-01-01 21:29:00,544 [WARN] ConditionMgr:1044 - genDependencies : Invalid condition id : UX DEVICE CLASS RTOS Condition cause : null
2026-01-01 21:29:00,545 [WARN] ConditionMgr:1044 - genDependencies : Invalid condition id : UX DEVICE CLASS RTOS Condition cause : null
2026-01-01 21:29:00,546 [WARN] ConditionMgr:1044 - genDependencies : Invalid condition id : UX DEVICE CLASS RTOS Condition cause : null
2026-01-01 21:29:00,546 [WARN] ConditionMgr:1044 - genDependencies : Invalid condition id : UX DEVICE CLASS RTOS Condition cause : null
2026-01-01 21:29:00,562 [WARN] PackLoader:240 - Cannot read IP mode file for STMicroelectronics.X-CUBE-GNSS1.7.0.1
2026-01-01 21:29:00,569 [WARN] PackLoader:240 - Cannot read IP mode file for STMicroelectronics.X-CUBE-TOUCHGFX.4.25.0
2026-01-01 21:29:00,578 [WARN] PackLoader:240 - Cannot read IP mode file for STMicroelectronics.FP-SNS-STBOX1.2.0.0
2026-01-01 21:29:00,586 [WARN] ConditionMgr:438 - getConditionDescription Invalid condition id : Cortex-A Device cause : null
2026-01-01 21:29:00,619 [WARN] ConditionMgr:1044 - genDependencies : Invalid condition id : Cortex-A Device cause : null
2026-01-01 21:29:00,620 [WARN] ConditionMgr:1044 - genDependencies : Invalid condition id : Cortex-A Device cause : null
2026-01-01 21:29:00,620 [WARN] ConditionMgr:1044 - genDependencies : Invalid condition id : Cortex-A Device cause : null
2026-01-01 21:29:00,636 [WARN] PackLoader:240 - Cannot read IP mode file for STMicroelectronics.X-CUBE-SUBG2.5.0.0
2026-01-01 21:29:00,690 [WARN] PackLoader:240 - Cannot read IP mode file for STMicroelectronics.X-CUBE-AZRTOS-H7RS.1.1.0
2026-01-01 21:29:00,709 [WARN] PackLoader:240 - Cannot read IP mode file for Cesanta.I-CUBE-Mongoose.7.13.0
2026-01-01 21:29:00,742 [WARN] PackLoader:240 - Cannot read IP mode file for STMicroelectronics.X-CUBE-AZRTOS-G4.2.0.0
2026-01-01 21:29:00,751 [WARN] PackLoader:240 - Cannot read IP mode file for wolfSSL.I-CUBE-wolfSSH.1.4.20
2026-01-01 21:29:00,760 [WARN] PackLoader:240 - Cannot read IP mode file for STMicroelectronics.X-CUBE-NFC7.2.0.0
2026-01-01 21:29:00,774 [WARN] PackLoader:240 - Cannot read IP mode file for STMicroelectronics.X-CUBE-IPS.3.1.0
2026-01-01 21:29:00,783 [WARN] PackLoader:240 - Cannot read IP mode file for STMicroelectronics.X-CUBE-ALS.1.0.2
2026-01-01 21:29:00,796 [WARN] PackLoader:240 - Cannot read IP mode file for STMicroelectronics.X-CUBE-STSE01.1.0.0
2026-01-01 21:29:00,812 [WARN] PackLoader:240 - Cannot read IP mode file for portGmbH.I-Cube-SoM-uGOAL.1.1.0
2026-01-01 21:29:00,828 [WARN] PackLoader:240 - Cannot read IP mode file for STMicroelectronics.X-CUBE-TOF1.3.4.3
2026-01-01 21:29:00,869 [INFO] ThirdParty:978 - Integrity check success = true
2026-01-01 21:29:00,869 [INFO] IntegrityCheckThread:100 - exiting critical section [integrity check]
2026-01-01 21:29:00,869 [INFO] IntegrityCheckThread:103 - End integrity checks thread
