2025-09-23 00:04:28,108 [INFO] Activator:176 - 


2025-09-23 00:04:28,113 [INFO] Activator:177 - !SESSION log4j initialized
2025-09-23 00:04:33,874 [INFO] LogOutputStream:77 - [STDOUT_REDIRECT] 
2025-09-23 00:04:34,216 [ERROR] LogOutputStream:75 - [STDERR_REDIRECT] 
2025-09-23 00:04:36,724 [INFO] LogOutputStream:77 - [STDOUT_REDIRECT] 
2025-09-23 00:04:37,947 [INFO] ApplicationProperties:184 - Using Application install path: /Applications/STM32CubeIDE.app/Contents/Eclipse/plugins/com.st.stm32cube.common.mx_6.15.0.202507011659
2025-09-23 00:04:37,959 [INFO] DbMcusXml:78 - Set database path to: /Applications/STM32CubeIDE.app/Contents/Eclipse/plugins/com.st.stm32cube.common.mx_6.15.0.202507011659//db//mcu/
2025-09-23 00:04:37,960 [INFO] ApiDb:274 - Set plugin database path to: /Applications/STM32CubeIDE.app/Contents/Eclipse/plugins/com.st.stm32cube.common.mx_6.15.0.202507011659//db//plugins/boardmanager/
2025-09-23 00:04:37,960 [WARN] ApiDb:259 - Overriding images path with different value:  => /Applications/STM32CubeIDE.app/Contents/Eclipse/plugins/com.st.stm32cube.common.mx_6.15.0.202507011659//db//plugins/mcufinder/images/
2025-09-23 00:04:37,967 [INFO] ApiDb:250 - Set database path to: /Users/sheen/.stmcufinder/plugins/mcufinder//mcu/
2025-09-23 00:04:37,968 [INFO] DbMcusAds:125 - Set database path to: /Users/sheen/.stmcufinder/plugins/mcufinder//mcu/
2025-09-23 00:04:37,969 [INFO] CrossReferenceDbSqlite:203 - Set database path to: /Users/sheen/.stmcufinder/plugins/mcufinder//mcu/cs/
2025-09-23 00:04:38,110 [INFO] RulesReader:64 - Compatibility file has been processed (317 Rules)
2025-09-23 00:04:38,162 [INFO] DbMcusXml:78 - Set database path to: /Applications/STM32CubeIDE.app/Contents/Eclipse/plugins/com.st.stm32cube.common.mx_6.15.0.202507011659//db//mcu/
2025-09-23 00:04:38,162 [INFO] ApiDb:274 - Set plugin database path to: /Applications/STM32CubeIDE.app/Contents/Eclipse/plugins/com.st.stm32cube.common.mx_6.15.0.202507011659//db//plugins/boardmanager/
2025-09-23 00:04:38,162 [INFO] ApiDb:261 - Set plugin images path to: /Applications/STM32CubeIDE.app/Contents/Eclipse/plugins/com.st.stm32cube.common.mx_6.15.0.202507011659//db//plugins/mcufinder/images/
2025-09-23 00:04:38,163 [WARN] DbFile:41 - Overriding database path with different value: /Users/sheen/.stmcufinder/plugins/mcufinder/ => /Users/sheen/.stmcufinder/plugins/mcufinder
2025-09-23 00:04:38,163 [INFO] ApiDb:250 - Set database path to: /Users/sheen/.stmcufinder/plugins/mcufinder//mcu/
2025-09-23 00:04:38,163 [WARN] DbFile:41 - Overriding database path with different value: /Users/sheen/.stmcufinder/plugins/mcufinder/ => /Users/sheen/.stmcufinder/plugins/mcufinder
2025-09-23 00:04:38,163 [INFO] DbMcusAds:125 - Set database path to: /Users/sheen/.stmcufinder/plugins/mcufinder//mcu/
2025-09-23 00:04:38,163 [WARN] DbFile:41 - Overriding database path with different value: /Users/sheen/.stmcufinder/plugins/mcufinder/ => /Users/sheen/.stmcufinder/plugins/mcufinder
2025-09-23 00:04:38,163 [WARN] DbFile:41 - Overriding database path with different value: /Users/sheen/.stmcufinder/plugins/mcufinder/ => /Users/sheen/.stmcufinder/plugins/mcufinder
2025-09-23 00:04:38,163 [INFO] CrossReferenceDbSqlite:203 - Set database path to: /Users/sheen/.stmcufinder/plugins/mcufinder//mcu/cs/
2025-09-23 00:04:38,224 [INFO] MainPanel:274 - HeapMemory: 268435456
2025-09-23 00:04:38,811 [INFO] DbMcusXml:78 - Set database path to: /Applications/STM32CubeIDE.app/Contents/Eclipse/plugins/com.st.stm32cube.common.mx_6.15.0.202507011659//db//mcu/
2025-09-23 00:04:38,811 [INFO] ApiDb:274 - Set plugin database path to: /Applications/STM32CubeIDE.app/Contents/Eclipse/plugins/com.st.stm32cube.common.mx_6.15.0.202507011659//db//plugins/boardmanager/
2025-09-23 00:04:38,811 [INFO] ApiDb:261 - Set plugin images path to: /Applications/STM32CubeIDE.app/Contents/Eclipse/plugins/com.st.stm32cube.common.mx_6.15.0.202507011659//db//plugins/mcufinder/images/
2025-09-23 00:04:38,812 [WARN] DbFile:41 - Overriding database path with different value: /Users/sheen/.stmcufinder/plugins/mcufinder/ => /Users/sheen/.stmcufinder/plugins/mcufinder
2025-09-23 00:04:38,812 [INFO] ApiDb:250 - Set database path to: /Users/sheen/.stmcufinder/plugins/mcufinder//mcu/
2025-09-23 00:04:38,812 [WARN] DbFile:41 - Overriding database path with different value: /Users/sheen/.stmcufinder/plugins/mcufinder/ => /Users/sheen/.stmcufinder/plugins/mcufinder
2025-09-23 00:04:38,812 [INFO] DbMcusAds:125 - Set database path to: /Users/sheen/.stmcufinder/plugins/mcufinder//mcu/
2025-09-23 00:04:38,812 [WARN] DbFile:41 - Overriding database path with different value: /Users/sheen/.stmcufinder/plugins/mcufinder/ => /Users/sheen/.stmcufinder/plugins/mcufinder
2025-09-23 00:04:38,812 [WARN] DbFile:41 - Overriding database path with different value: /Users/sheen/.stmcufinder/plugins/mcufinder/ => /Users/sheen/.stmcufinder/plugins/mcufinder
2025-09-23 00:04:38,812 [INFO] CrossReferenceDbSqlite:203 - Set database path to: /Users/sheen/.stmcufinder/plugins/mcufinder//mcu/cs/
2025-09-23 00:04:38,828 [INFO] ApplicationProperties:184 - Using Application install path: /Applications/STM32CubeIDE.app/Contents/Eclipse/plugins/com.st.stm32cube.common.mx_6.15.0.202507011659
2025-09-23 00:04:38,829 [INFO] PluginManage:196 - Search for loadable plugins [exclusion list=, ]
2025-09-23 00:04:38,830 [INFO] PluginManage:310 - Check plugin analytics
2025-09-23 00:04:39,006 [INFO] AnalyticsPlugin:253 - Accepted Software Licenses: STM32CubeMX.6.15.0
2025-09-23 00:04:39,006 [INFO] AnalyticsPlugin:255 - Accepted CMSIS Pack Licenses: 
2025-09-23 00:04:39,008 [INFO] AnalyticsPlugin:257 - Accepted Firmware Licenses: FW.F4.1.28.0
2025-09-23 00:04:39,018 [INFO] PluginManage:359 - Loaded plugin analytics (category:tool,tabindex:-1)
2025-09-23 00:04:39,019 [INFO] PluginManage:310 - Check plugin cadmodel
2025-09-23 00:04:39,031 [INFO] CADModel:105 - Init CAD model plugin
2025-09-23 00:04:39,032 [INFO] PluginManage:359 - Loaded plugin cadmodel (category:power,tabindex:5)
2025-09-23 00:04:39,032 [INFO] PluginManage:310 - Check plugin clock
2025-09-23 00:04:39,042 [INFO] PluginManage:359 - Loaded plugin clock (category:base,tabindex:2)
2025-09-23 00:04:39,042 [INFO] PluginManage:310 - Check plugin ddr
2025-09-23 00:04:39,044 [INFO] PluginManage:359 - Loaded plugin ddr (category:tool,tabindex:6)
2025-09-23 00:04:39,044 [INFO] PluginManage:310 - Check plugin filemanager
2025-09-23 00:04:39,189 [INFO] PluginManage:359 - Loaded plugin filemanager (category:base,tabindex:10)
2025-09-23 00:04:39,189 [INFO] PluginManage:310 - Check plugin ipmanager
2025-09-23 00:04:39,196 [INFO] PluginManage:359 - Loaded plugin ipmanager (category:base,tabindex:5)
2025-09-23 00:04:39,196 [INFO] PluginManage:310 - Check plugin lpbam
2025-09-23 00:04:39,206 [INFO] PluginManage:359 - Loaded plugin lpbam (category:base,tabindex:0)
2025-09-23 00:04:39,207 [INFO] PluginManage:310 - Check plugin memorymap
2025-09-23 00:04:39,215 [INFO] PluginManage:359 - Loaded plugin memorymap (category:base,tabindex:4)
2025-09-23 00:04:39,215 [INFO] PluginManage:310 - Check plugin pinoutandconfiguration
2025-09-23 00:04:39,220 [INFO] PluginManage:359 - Loaded plugin pinoutandconfiguration (category:base,tabindex:1)
2025-09-23 00:04:39,220 [INFO] PluginManage:310 - Check plugin pinoutconfig
2025-09-23 00:04:39,329 [WARN] SupportedApi:132 - Cannot load RTOS API schema: s4s-elt-must-match.1: The content of 'definitions' must match (annotation?, (simpleType | complexType)?, (unique | key | keyref)*)). A problem was found starting at: attribute.
2025-09-23 00:04:39,460 [INFO] PluginManage:359 - Loaded plugin pinoutconfig (category:base,tabindex:0)
2025-09-23 00:04:39,461 [INFO] PluginManage:310 - Check plugin power
2025-09-23 00:04:39,471 [INFO] PluginManage:359 - Loaded plugin power (category:power,tabindex:4)
2025-09-23 00:04:39,471 [INFO] PluginManage:310 - Check plugin projectmanager
2025-09-23 00:04:39,499 [INFO] PluginManage:359 - Loaded plugin projectmanager (category:projectmanager,tabindex:4)
2025-09-23 00:04:39,499 [INFO] PluginManage:310 - Check plugin rif
2025-09-23 00:04:39,505 [INFO] PluginManage:359 - Loaded plugin rif (category:base,tabindex:3)
2025-09-23 00:04:39,505 [INFO] PluginManage:310 - Check plugin thirdparty
2025-09-23 00:04:39,647 [INFO] PluginManage:359 - Loaded plugin thirdparty (category:base,tabindex:-1)
2025-09-23 00:04:39,647 [INFO] PluginManage:310 - Check plugin tools
2025-09-23 00:04:39,647 [WARN] IntegrityCheckThread:84 - waiting for thirdparty lock release [integrity check]
2025-09-23 00:04:39,647 [INFO] IntegrityCheckThread:86 - entering critical section [integrity check]
2025-09-23 00:04:39,648 [INFO] ThirdPartyUpdaterWithRetryManager:70 - Updater plugin not ready yet. [1/15]
2025-09-23 00:04:39,649 [INFO] PluginManage:359 - Loaded plugin tools (category:base,tabindex:7)
2025-09-23 00:04:39,649 [INFO] PluginManage:310 - Check plugin tutovideos
2025-09-23 00:04:39,802 [INFO] PluginManage:359 - Loaded plugin tutovideos (category:base,tabindex:-1)
2025-09-23 00:04:39,803 [INFO] PluginManage:310 - Check plugin updater
2025-09-23 00:04:39,828 [INFO] PluginManage:359 - Loaded plugin updater (category:base,tabindex:12)
2025-09-23 00:04:39,828 [INFO] PluginManage:310 - Check plugin userauth
2025-09-23 00:04:39,832 [INFO] UserAuth:118 - Init User Auth plugin
2025-09-23 00:04:39,833 [INFO] PluginManage:359 - Loaded plugin userauth (category:base,tabindex:14)
2025-09-23 00:04:39,834 [INFO] PluginManage:283 - PluginManage : Loaded plugins [18]
2025-09-23 00:04:40,031 [INFO] PinOutPanel:1589 - setPackage(No Configuration,No Configuration)
2025-09-23 00:04:40,106 [INFO] CADModel:165 - CPN selected for project level
2025-09-23 00:04:40,106 [INFO] CADModel:114 - Register for checkConnection events
2025-09-23 00:04:40,118 [INFO] IPUIPlugin:80 - create IPUIPlugin
2025-09-23 00:04:40,118 [INFO] PluginManager:220 - loadIPPluginJar : add mdma
2025-09-23 00:04:40,123 [INFO] IPUIPlugin:80 - create IPUIPlugin
2025-09-23 00:04:40,123 [INFO] PluginManager:220 - loadIPPluginJar : add freertos
2025-09-23 00:04:40,126 [INFO] IPUIPlugin:80 - create IPUIPlugin
2025-09-23 00:04:40,126 [INFO] PluginManager:220 - loadIPPluginJar : add gic
2025-09-23 00:04:40,132 [INFO] IPUIPlugin:80 - create IPUIPlugin
2025-09-23 00:04:40,133 [INFO] PluginManager:220 - loadIPPluginJar : add adc
2025-09-23 00:04:40,134 [INFO] IPUIPlugin:80 - create IPUIPlugin
2025-09-23 00:04:40,134 [INFO] PluginManager:220 - loadIPPluginJar : add gtzc
2025-09-23 00:04:40,135 [INFO] IPUIPlugin:80 - create IPUIPlugin
2025-09-23 00:04:40,135 [INFO] PluginManager:220 - loadIPPluginJar : add quadspi
2025-09-23 00:04:40,136 [INFO] IPUIPlugin:80 - create IPUIPlugin
2025-09-23 00:04:40,136 [INFO] PluginManager:220 - loadIPPluginJar : add aes
2025-09-23 00:04:40,138 [INFO] IPUIPlugin:80 - create IPUIPlugin
2025-09-23 00:04:40,138 [INFO] PluginManager:220 - loadIPPluginJar : add pdm2pcm
2025-09-23 00:04:40,139 [INFO] IPUIPlugin:80 - create IPUIPlugin
2025-09-23 00:04:40,139 [INFO] PluginManager:220 - loadIPPluginJar : add hash
2025-09-23 00:04:40,140 [INFO] IPUIPlugin:80 - create IPUIPlugin
2025-09-23 00:04:40,140 [INFO] PluginManager:220 - loadIPPluginJar : add tim
2025-09-23 00:04:40,140 [INFO] IPUIPlugin:80 - create IPUIPlugin
2025-09-23 00:04:40,140 [INFO] PluginManager:220 - loadIPPluginJar : add tsc
2025-09-23 00:04:40,142 [INFO] IPUIPlugin:80 - create IPUIPlugin
2025-09-23 00:04:40,142 [INFO] PluginManager:220 - loadIPPluginJar : add extmemmanager
2025-09-23 00:04:40,144 [INFO] IPUIPlugin:80 - create IPUIPlugin
2025-09-23 00:04:40,144 [INFO] PluginManager:220 - loadIPPluginJar : add ts
2025-09-23 00:04:40,145 [INFO] IPUIPlugin:80 - create IPUIPlugin
2025-09-23 00:04:40,145 [INFO] PluginManager:220 - loadIPPluginJar : add radio
2025-09-23 00:04:40,146 [INFO] IPUIPlugin:80 - create IPUIPlugin
2025-09-23 00:04:40,146 [INFO] PluginManager:220 - loadIPPluginJar : add can
2025-09-23 00:04:40,147 [INFO] IPUIPlugin:80 - create IPUIPlugin
2025-09-23 00:04:40,147 [INFO] PluginManager:220 - loadIPPluginJar : add dma3
2025-09-23 00:04:40,148 [INFO] IPUIPlugin:80 - create IPUIPlugin
2025-09-23 00:04:40,148 [INFO] PluginManager:220 - loadIPPluginJar : add dfsdm
2025-09-23 00:04:40,149 [INFO] IPUIPlugin:80 - create IPUIPlugin
2025-09-23 00:04:40,149 [INFO] PluginManager:220 - loadIPPluginJar : add spi
2025-09-23 00:04:40,150 [INFO] IPUIPlugin:80 - create IPUIPlugin
2025-09-23 00:04:40,151 [INFO] PluginManager:220 - loadIPPluginJar : add gfxmmu
2025-09-23 00:04:40,152 [INFO] IPUIPlugin:80 - create IPUIPlugin
2025-09-23 00:04:40,152 [INFO] PluginManager:220 - loadIPPluginJar : add genericplugin
2025-09-23 00:04:40,153 [INFO] IPUIPlugin:80 - create IPUIPlugin
2025-09-23 00:04:40,153 [INFO] PluginManager:220 - loadIPPluginJar : add cryp
2025-09-23 00:04:40,155 [INFO] IPUIPlugin:80 - create IPUIPlugin
2025-09-23 00:04:40,155 [INFO] PluginManager:220 - loadIPPluginJar : add gpio
2025-09-23 00:04:40,157 [INFO] IPUIPlugin:80 - create IPUIPlugin
2025-09-23 00:04:40,157 [INFO] PluginManager:220 - loadIPPluginJar : add ddr_ctrl_phy
2025-09-23 00:04:40,158 [INFO] IPUIPlugin:80 - create IPUIPlugin
2025-09-23 00:04:40,158 [INFO] PluginManager:220 - loadIPPluginJar : add comp
2025-09-23 00:04:40,160 [INFO] IPUIPlugin:80 - create IPUIPlugin
2025-09-23 00:04:40,160 [INFO] PluginManager:220 - loadIPPluginJar : add tracer_emb
2025-09-23 00:04:40,162 [INFO] IPUIPlugin:80 - create IPUIPlugin
2025-09-23 00:04:40,162 [INFO] PluginManager:220 - loadIPPluginJar : add openamp
2025-09-23 00:04:40,167 [INFO] IPUIPlugin:80 - create IPUIPlugin
2025-09-23 00:04:40,167 [INFO] PluginManager:220 - loadIPPluginJar : add stm32_wpan
2025-09-23 00:04:40,171 [INFO] IPUIPlugin:80 - create IPUIPlugin
2025-09-23 00:04:40,172 [INFO] PluginManager:220 - loadIPPluginJar : add plateformsettings
2025-09-23 00:04:40,175 [INFO] IPUIPlugin:80 - create IPUIPlugin
2025-09-23 00:04:40,175 [INFO] PluginManager:220 - loadIPPluginJar : add ipddr
2025-09-23 00:04:40,176 [INFO] IPUIPlugin:80 - create IPUIPlugin
2025-09-23 00:04:40,176 [INFO] PluginManager:220 - loadIPPluginJar : add usart
2025-09-23 00:04:40,177 [INFO] IPUIPlugin:80 - create IPUIPlugin
2025-09-23 00:04:40,177 [INFO] PluginManager:220 - loadIPPluginJar : add ltdc
2025-09-23 00:04:40,178 [INFO] IPUIPlugin:80 - create IPUIPlugin
2025-09-23 00:04:40,178 [INFO] PluginManager:220 - loadIPPluginJar : add nvic
2025-09-23 00:04:40,179 [INFO] IPUIPlugin:80 - create IPUIPlugin
2025-09-23 00:04:40,179 [INFO] PluginManager:220 - loadIPPluginJar : add fatfs
2025-09-23 00:04:40,184 [INFO] IPUIPlugin:80 - create IPUIPlugin
2025-09-23 00:04:40,184 [INFO] PluginManager:220 - loadIPPluginJar : add linkedlist
2025-09-23 00:04:40,187 [INFO] IPUIPlugin:80 - create IPUIPlugin
2025-09-23 00:04:40,187 [INFO] PluginManager:220 - loadIPPluginJar : add dma
2025-09-23 00:04:40,189 [INFO] IPUIPlugin:80 - create IPUIPlugin
2025-09-23 00:04:40,189 [INFO] PluginManager:220 - loadIPPluginJar : add fmc
2025-09-23 00:04:40,190 [INFO] IPUIPlugin:80 - create IPUIPlugin
2025-09-23 00:04:40,190 [INFO] PluginManager:220 - loadIPPluginJar : add i2s
2025-09-23 00:04:40,191 [INFO] IPUIPlugin:80 - create IPUIPlugin
2025-09-23 00:04:40,191 [INFO] PluginManager:220 - loadIPPluginJar : add ucpd
2025-09-23 00:04:40,192 [INFO] IPUIPlugin:80 - create IPUIPlugin
2025-09-23 00:04:40,192 [INFO] PluginManager:220 - loadIPPluginJar : add lorawan
2025-09-23 00:04:40,194 [INFO] IPUIPlugin:80 - create IPUIPlugin
2025-09-23 00:04:40,194 [INFO] PluginManager:220 - loadIPPluginJar : add opamp
2025-09-23 00:04:40,195 [INFO] IPUIPlugin:80 - create IPUIPlugin
2025-09-23 00:04:40,196 [INFO] PluginManager:220 - loadIPPluginJar : add i3c
2025-09-23 00:04:40,197 [INFO] IPUIPlugin:80 - create IPUIPlugin
2025-09-23 00:04:40,197 [INFO] PluginManager:220 - loadIPPluginJar : add touchsensing
2025-09-23 00:04:40,199 [INFO] IPUIPlugin:80 - create IPUIPlugin
2025-09-23 00:04:40,199 [INFO] PluginManager:220 - loadIPPluginJar : add i2c
2025-09-23 00:04:40,200 [INFO] IPUIPlugin:80 - create IPUIPlugin
2025-09-23 00:04:40,200 [INFO] PluginManager:220 - loadIPPluginJar : add resmgrutility
2025-09-23 00:04:40,202 [INFO] IPUIPlugin:80 - create IPUIPlugin
2025-09-23 00:04:40,202 [INFO] PluginManager:220 - loadIPPluginJar : add sai
2025-09-23 00:04:40,203 [INFO] IPUIPlugin:80 - create IPUIPlugin
2025-09-23 00:04:40,203 [INFO] PluginManager:220 - loadIPPluginJar : add usbx
2025-09-23 00:04:40,324 [FATAL] Updater:351 - Updater called before beeing initialized
2025-09-23 00:04:40,369 [INFO] RulesReader:64 - Compatibility file has been processed (317 Rules)
2025-09-23 00:04:40,380 [INFO] RulesReader:64 - Compatibility file has been processed (317 Rules)
2025-09-23 00:04:40,387 [INFO] CADModel:165 - CPN selected for project level
2025-09-23 00:04:40,388 [INFO] CADModel:114 - Register for checkConnection events
2025-09-23 00:04:40,388 [FATAL] Updater:351 - Updater called before beeing initialized
2025-09-23 00:04:40,388 [ERROR] CADModel:125 - Updater not yet initialized, retry later 
2025-09-23 00:04:40,605 [FATAL] Updater:351 - Updater called before beeing initialized
2025-09-23 00:04:40,606 [INFO] CADModel:165 - CPN selected for project level
2025-09-23 00:04:40,606 [INFO] CADModel:114 - Register for checkConnection events
2025-09-23 00:04:40,606 [FATAL] Updater:351 - Updater called before beeing initialized
2025-09-23 00:04:40,606 [ERROR] CADModel:125 - Updater not yet initialized, retry later 
2025-09-23 00:04:40,609 [FATAL] Updater:351 - Updater called before beeing initialized
2025-09-23 00:04:40,743 [FATAL] Updater:351 - Updater called before beeing initialized
2025-09-23 00:04:40,747 [INFO] DbMcusAds:53 - JSON generation date=Tue Jul 08 01:14:23 PDT 2025 (1751962463524)
2025-09-23 00:04:40,747 [FATAL] Updater:351 - Updater called before beeing initialized
2025-09-23 00:04:40,797 [WARN] DetailPanel:346 - Failed to get advertising image, set to default
2025-09-23 00:04:40,864 [FATAL] Updater:351 - Updater called before beeing initialized
2025-09-23 00:04:40,867 [FATAL] Updater:351 - Updater called before beeing initialized
2025-09-23 00:04:40,867 [FATAL] Updater:351 - Updater called before beeing initialized
2025-09-23 00:04:40,867 [WARN] DetailPanel:346 - Failed to get advertising image, set to default
2025-09-23 00:04:40,870 [FATAL] Updater:351 - Updater called before beeing initialized
2025-09-23 00:04:40,931 [ERROR] Updater:1198 - MainUpdater not yet initialized. External WinMGr cannot be set.
2025-09-23 00:04:40,933 [INFO] Updater:1134 - Updater Version found : 6.15.0
2025-09-23 00:04:40,946 [INFO] ApplicationProperties:184 - Using Application install path: /Applications/STM32CubeIDE.app/Contents/Eclipse/plugins/com.st.stm32cube.common.mx_6.15.0.202507011659
2025-09-23 00:04:41,287 [INFO] MainUpdater:2872 - connection check result : 10
2025-09-23 00:04:41,287 [INFO] MainUpdater:289 - Updater Check For Update Now.
2025-09-23 00:04:41,287 [INFO] MicroXplorer:498 - Change Database Version : DB.6.0.150
2025-09-23 00:04:41,293 [INFO] McuFinderGlobals:63 - Set McuFinder mode to 2 (CubeIDE integrated)
2025-09-23 00:04:41,293 [INFO] UserAuth:171 - activating auth plugin
2025-09-23 00:04:41,301 [INFO] UserAuth:487 - Internet connection configuration mode: 1
2025-09-23 00:04:41,313 [INFO] JxBrowserEngine:152 - Initiate JxBrowser Engine with user profile folder
2025-09-23 00:04:41,570 [INFO] CheckServerUpdateThread:120 - End of CheckServer Thread
2025-09-23 00:04:42,830 [WARN] PackLoader:240 - Cannot read IP mode file for STMicroelectronics.FP-SNS-MOTENVWB1.1.4.0
2025-09-23 00:04:42,847 [WARN] PackLoader:240 - Cannot read IP mode file for STMicroelectronics.FP-ATR-ASTRA1.2.0.2
2025-09-23 00:04:42,860 [WARN] PackLoader:240 - Cannot read IP mode file for STMicroelectronics.X-CUBE-SMBUS.2.1.0
2025-09-23 00:04:42,866 [WARN] PackLoader:240 - Cannot read IP mode file for STMicroelectronics.X-CUBE-ST60.1.0.0
2025-09-23 00:04:42,906 [WARN] PackLoader:240 - Cannot read IP mode file for STMicroelectronics.X-CUBE-AZRTOS-F7.1.1.0
2025-09-23 00:04:42,924 [WARN] PackLoader:240 - Cannot read IP mode file for Cesanta.I-CUBE-Mongoose.7.19.0
2025-09-23 00:04:42,937 [WARN] PackLoader:240 - Cannot read IP mode file for WES.I-CUBE-Cesium.1.4.0
2025-09-23 00:04:42,979 [WARN] PackLoader:240 - Cannot read IP mode file for Infineon.AIROC-Wi-Fi-Bluetooth-STM32.1.7.1
2025-09-23 00:04:43,042 [WARN] PackLoader:240 - Cannot read IP mode file for STMicroelectronics.X-CUBE-AZRTOS-H7.3.4.0
2025-09-23 00:04:43,066 [WARN] PackLoader:240 - Cannot read IP mode file for STMicroelectronics.X-CUBE-DISPLAY.3.0.0
2025-09-23 00:04:43,094 [WARN] PackLoader:240 - Cannot read IP mode file for STMicroelectronics.X-CUBE-NFC10.1.0.0
2025-09-23 00:04:43,103 [WARN] PackLoader:240 - Cannot read IP mode file for emotas.I-CUBE-CANOPEN.1.3.0
2025-09-23 00:04:43,114 [WARN] PackLoader:240 - Cannot read IP mode file for STMicroelectronics.FP-SNS-STBOX1.2.1.0
2025-09-23 00:04:43,122 [WARN] PackLoader:240 - Cannot read IP mode file for STMicroelectronics.FP-SNS-SMARTAG2.1.2.0
2025-09-23 00:04:43,131 [WARN] PackLoader:240 - Cannot read IP mode file for STMicroelectronics.FP-SNS-FLIGHT1.5.1.0
2025-09-23 00:04:43,139 [INFO] LogOutputStream:77 - [STDOUT_REDIRECT] 1 : Invalid condition id : UX_CORESTACK_Condition cause : null
2025-09-23 00:04:43,140 [INFO] LogOutputStream:77 - [STDOUT_REDIRECT] 1 : Invalid condition id : UX_CORESTACK_Condition cause : null
2025-09-23 00:04:43,141 [INFO] LogOutputStream:77 - [STDOUT_REDIRECT] 1 : Invalid condition id : UX_CORESTACK_Condition cause : null
2025-09-23 00:04:43,141 [INFO] LogOutputStream:77 - [STDOUT_REDIRECT] 1 : Invalid condition id : UX_CORESTACK_Condition cause : null
2025-09-23 00:04:43,141 [INFO] LogOutputStream:77 - [STDOUT_REDIRECT] 1 : Invalid condition id : UX_CORESTACK_Condition cause : null
2025-09-23 00:04:43,149 [WARN] PackLoader:240 - Cannot read IP mode file for STMicroelectronics.X-CUBE-AZRTOS-WL.2.0.0
2025-09-23 00:04:43,155 [WARN] PackLoader:240 - Cannot read IP mode file for STMicroelectronics.FP-SNS-MOTENV1.5.0.0
2025-09-23 00:04:43,165 [WARN] PackLoader:240 - Cannot read IP mode file for WES.I-CUBE-Cesium.1.3.0
2025-09-23 00:04:43,173 [WARN] PackLoader:240 - Cannot read IP mode file for STMicroelectronics.X-CUBE-BLE2.3.3.0
2025-09-23 00:04:43,185 [WARN] PackLoader:240 - Cannot read IP mode file for STMicroelectronics.X-CUBE-NFC9.1.0.0
2025-09-23 00:04:43,210 [WARN] PackLoader:240 - Cannot read IP mode file for wolfSSL.I-CUBE-wolfSSL.5.8.2
2025-09-23 00:04:43,228 [WARN] PackLoader:240 - Cannot read IP mode file for STMicroelectronics.X-CUBE-BLE1.7.1.0
2025-09-23 00:04:43,231 [WARN] PackLoader:240 - Cannot read IP mode file for wolfSSL.I-CUBE-wolfMQTT.1.19.2
2025-09-23 00:04:43,236 [WARN] PackLoader:240 - Cannot read IP mode file for STMicroelectronics.X-CUBE-EEPRMA1.5.2.0
2025-09-23 00:04:43,242 [WARN] PackLoader:240 - Cannot read IP mode file for STMicroelectronics.X-CUBE-AI.10.1.0
2025-09-23 00:04:43,523 [WARN] PackLoader:240 - Cannot read IP mode file for STMicroelectronics.X-CUBE-AZRTOS-G0.1.1.0
2025-09-23 00:04:43,634 [WARN] PackLoader:240 - Cannot read IP mode file for STMicroelectronics.X-CUBE-SAFEA1.1.2.2
2025-09-23 00:04:43,664 [WARN] PackLoader:240 - Cannot read IP mode file for STMicroelectronics.X-CUBE-NFC4.3.0.0
2025-09-23 00:04:43,679 [WARN] PackLoader:240 - Cannot read IP mode file for EmbeddedOffice.I-CUBE-FS-RTOS.1.0.1
2025-09-23 00:04:43,689 [WARN] PackLoader:240 - Cannot read IP mode file for STMicroelectronics.X-CUBE-WB05N.2.0.0
2025-09-23 00:04:43,695 [WARN] PackLoader:240 - Cannot read IP mode file for wolfSSL.I-CUBE-wolfTPM.3.8.0
2025-09-23 00:04:43,700 [WARN] PackLoader:240 - Cannot read IP mode file for STMicroelectronics.X-CUBE-TCPP.4.2.0
2025-09-23 00:04:43,706 [WARN] PackLoader:240 - Cannot read IP mode file for RealThread.X-CUBE-RT-Thread_Nano.4.1.1
2025-09-23 00:04:43,711 [WARN] PackLoader:240 - Cannot read IP mode file for STMicroelectronics.FP-ATR-SIGFOX1.3.2.0
2025-09-23 00:04:43,715 [WARN] PackLoader:240 - Cannot read IP mode file for ITTIA_DB.I-CUBE-ITTIADB.8.9.0
2025-09-23 00:04:43,733 [WARN] PackLoader:240 - Cannot read IP mode file for STMicroelectronics.X-CUBE-ST67W61.1.0.0
2025-09-23 00:04:43,737 [WARN] PackLoader:240 - Cannot read IP mode file for STMicroelectronics.X-CUBE-AI.10.2.0
2025-09-23 00:04:43,812 [WARN] PackLoader:240 - Cannot read IP mode file for SEGGER.I-CUBE-embOS.1.3.1
2025-09-23 00:04:43,899 [WARN] PackLoader:240 - Cannot read IP mode file for STMicroelectronics.X-CUBE-ALGOBUILD.1.4.0
2025-09-23 00:04:43,997 [WARN] PackLoader:240 - Cannot read IP mode file for STMicroelectronics.X-CUBE-MEMS1.11.3.0
2025-09-23 00:04:44,108 [WARN] PackLoader:240 - Cannot read IP mode file for STMicroelectronics.X-CUBE-PM33A1.1.0.0
2025-09-23 00:04:44,142 [WARN] PackLoader:240 - Cannot read IP mode file for STMicroelectronics.X-CUBE-AZRTOS-F4.1.1.0
2025-09-23 00:04:44,150 [WARN] PackLoader:240 - Cannot read IP mode file for Avnet-IotConnect.X-CUBE-IoTC-DA16k-PMOD.1.0.0
2025-09-23 00:04:44,155 [WARN] PackLoader:240 - Cannot read IP mode file for STMicroelectronics.X-CUBE-ISPU.2.1.0
2025-09-23 00:04:44,163 [WARN] PackLoader:240 - Cannot read IP mode file for STMicroelectronics.X-CUBE-NFC12.1.0.0
2025-09-23 00:04:44,191 [WARN] PackLoader:240 - Cannot read IP mode file for STMicroelectronics.X-CUBE-AZRTOS-L5.2.0.0
2025-09-23 00:04:44,207 [WARN] PackLoader:240 - Cannot read IP mode file for STMicroelectronics.X-CUBE-NFC6.3.1.0
2025-09-23 00:04:44,225 [WARN] PackLoader:240 - Cannot read IP mode file for STMicroelectronics.X-CUBE-FREERTOS.1.3.1
2025-09-23 00:04:44,232 [WARN] PackLoader:240 - Cannot read IP mode file for STMicroelectronics.FP-SNS-STAIOTCFT.1.0.0
2025-09-23 00:04:44,240 [WARN] PackLoader:240 - Cannot read IP mode file for STMicroelectronics.X-CUBE-DPower.1.3.0
2025-09-23 00:04:44,266 [WARN] ConditionMgr:438 - getConditionDescription Invalid condition id : LAN8742 Phy interface Condition cause : null
2025-09-23 00:04:44,269 [WARN] PackLoader:240 - Cannot read IP mode file for STMicroelectronics.X-CUBE-AZRTOS-L4.2.0.0
2025-09-23 00:04:44,273 [WARN] ConditionMgr:1044 - genDependencies : Invalid condition id : LAN8742 Phy interface Condition cause : null
2025-09-23 00:04:44,274 [WARN] ConditionMgr:1044 - genDependencies : Invalid condition id : LAN8742 Phy interface Condition cause : null
2025-09-23 00:04:44,275 [WARN] ConditionMgr:1044 - genDependencies : Invalid condition id : LAN8742 Phy interface Condition cause : null
2025-09-23 00:04:44,286 [WARN] PackLoader:240 - Cannot read IP mode file for STMicroelectronics.X-CUBE-SFXS2LP1.4.0.0
2025-09-23 00:04:44,305 [WARN] PackLoader:240 - Cannot read IP mode file for STMicroelectronics.X-CUBE-BLEMGR.4.1.0
2025-09-23 00:04:44,325 [WARN] ConditionMgr:438 - getConditionDescription Invalid condition id : UX DEVICE CLASS RTOS Condition cause : null
2025-09-23 00:04:44,325 [WARN] ConditionMgr:438 - getConditionDescription Invalid condition id : UX DEVICE CLASS RTOS Condition cause : null
2025-09-23 00:04:44,328 [WARN] PackLoader:240 - Cannot read IP mode file for STMicroelectronics.X-CUBE-AZRTOS-WB.2.0.0
2025-09-23 00:04:44,329 [WARN] ConditionMgr:1044 - genDependencies : Invalid condition id : UX DEVICE CLASS RTOS Condition cause : null
2025-09-23 00:04:44,329 [WARN] ConditionMgr:1044 - genDependencies : Invalid condition id : UX DEVICE CLASS RTOS Condition cause : null
2025-09-23 00:04:44,330 [WARN] ConditionMgr:1044 - genDependencies : Invalid condition id : UX DEVICE CLASS RTOS Condition cause : null
2025-09-23 00:04:44,331 [WARN] ConditionMgr:1044 - genDependencies : Invalid condition id : UX DEVICE CLASS RTOS Condition cause : null
2025-09-23 00:04:44,331 [WARN] ConditionMgr:1044 - genDependencies : Invalid condition id : UX DEVICE CLASS RTOS Condition cause : null
2025-09-23 00:04:44,336 [WARN] PackLoader:240 - Cannot read IP mode file for STMicroelectronics.X-CUBE-GNSS1.7.0.1
2025-09-23 00:04:44,342 [WARN] PackLoader:240 - Cannot read IP mode file for STMicroelectronics.X-CUBE-TOUCHGFX.4.25.0
2025-09-23 00:04:44,349 [WARN] PackLoader:240 - Cannot read IP mode file for STMicroelectronics.FP-SNS-STBOX1.2.0.0
2025-09-23 00:04:44,354 [WARN] ConditionMgr:438 - getConditionDescription Invalid condition id : Cortex-A Device cause : null
2025-09-23 00:04:44,412 [WARN] ConditionMgr:1044 - genDependencies : Invalid condition id : Cortex-A Device cause : null
2025-09-23 00:04:44,413 [WARN] ConditionMgr:1044 - genDependencies : Invalid condition id : Cortex-A Device cause : null
2025-09-23 00:04:44,413 [WARN] ConditionMgr:1044 - genDependencies : Invalid condition id : Cortex-A Device cause : null
2025-09-23 00:04:44,430 [WARN] PackLoader:240 - Cannot read IP mode file for STMicroelectronics.X-CUBE-SUBG2.5.0.0
2025-09-23 00:04:44,462 [WARN] PackLoader:240 - Cannot read IP mode file for STMicroelectronics.X-CUBE-AZRTOS-H7RS.1.1.0
2025-09-23 00:04:44,468 [WARN] PackLoader:240 - Cannot read IP mode file for Cesanta.I-CUBE-Mongoose.7.13.0
2025-09-23 00:04:44,481 [WARN] PackLoader:240 - Cannot read IP mode file for STMicroelectronics.X-CUBE-AZRTOS-G4.2.0.0
2025-09-23 00:04:44,486 [WARN] PackLoader:240 - Cannot read IP mode file for wolfSSL.I-CUBE-wolfSSH.1.4.20
2025-09-23 00:04:44,490 [WARN] PackLoader:240 - Cannot read IP mode file for STMicroelectronics.X-CUBE-NFC7.2.0.0
2025-09-23 00:04:44,502 [WARN] PackLoader:240 - Cannot read IP mode file for STMicroelectronics.X-CUBE-IPS.3.1.0
2025-09-23 00:04:44,509 [WARN] PackLoader:240 - Cannot read IP mode file for STMicroelectronics.X-CUBE-ALS.1.0.2
2025-09-23 00:04:44,516 [WARN] PackLoader:240 - Cannot read IP mode file for STMicroelectronics.X-CUBE-STSE01.1.0.0
2025-09-23 00:04:44,522 [WARN] PackLoader:240 - Cannot read IP mode file for portGmbH.I-Cube-SoM-uGOAL.1.1.0
2025-09-23 00:04:44,533 [WARN] PackLoader:240 - Cannot read IP mode file for STMicroelectronics.X-CUBE-TOF1.3.4.3
2025-09-23 00:04:44,542 [INFO] ThirdParty:978 - Integrity check success = true
2025-09-23 00:04:44,543 [INFO] IntegrityCheckThread:100 - exiting critical section [integrity check]
2025-09-23 00:04:44,543 [INFO] IntegrityCheckThread:103 - End integrity checks thread
2025-09-23 00:04:46,012 [INFO] WebApp:169 - Instantiating new browser for Auth
2025-09-23 00:04:47,701 [INFO] WebApp:463 - Apply proxy settings
2025-09-23 00:04:47,765 [INFO] WebApp:508 - Chromium authenticates against Manually configured proxy
2025-09-23 00:04:47,780 [INFO] WebApp:516 - Username used for proxy authentication: 
2025-09-23 00:04:47,824 [INFO] WebApp:900 - Register for checkConnection events
2025-09-23 00:04:47,824 [INFO] WebApp:463 - Apply proxy settings
2025-09-23 00:04:47,834 [INFO] WebApp:508 - Chromium authenticates against Manually configured proxy
2025-09-23 00:04:47,834 [INFO] WebApp:516 - Username used for proxy authentication: 
2025-09-23 00:04:48,033 [INFO] WebApp:225 - Starting web application
2025-09-23 00:04:48,034 [INFO] WebApp:593 - Web application path used /Applications/STM32CubeIDE.app/Contents/Eclipse/plugins/com.st.stm32cube.common.mx_6.15.0.202507011659/db/plugins/mcufinder/reactClient1/index.html
2025-09-23 00:04:48,847 [INFO] WebApp:191 - Connection restablished
2025-09-23 01:04:24,325 [INFO] WebApp:194 - Connection lost
2025-09-23 01:06:52,005 [INFO] WebApp:191 - Connection restablished
2025-09-23 01:06:55,337 [INFO] WebApp:194 - Connection lost
2025-09-23 01:06:59,738 [INFO] WebApp:191 - Connection restablished
2025-09-23 01:07:27,729 [INFO] WebApp:194 - Connection lost
2025-09-23 01:07:31,986 [INFO] WebApp:191 - Connection restablished
2025-09-23 08:48:40,481 [INFO] WebApp:194 - Connection lost
2025-09-23 08:48:41,517 [INFO] WebApp:191 - Connection restablished
2025-09-23 08:50:01,531 [INFO] WebApp:194 - Connection lost
2025-09-23 08:50:01,840 [INFO] WebApp:191 - Connection restablished
2025-09-23 08:55:40,478 [INFO] WebApp:194 - Connection lost
2025-09-23 08:55:40,672 [INFO] WebApp:191 - Connection restablished
2025-09-23 08:57:55,104 [INFO] WebApp:194 - Connection lost
2025-09-23 09:15:59,994 [INFO] WebApp:191 - Connection restablished
2025-09-23 09:16:03,838 [INFO] WebApp:194 - Connection lost
2025-09-23 09:16:08,283 [INFO] WebApp:191 - Connection restablished
2025-09-23 09:17:44,656 [INFO] WebApp:194 - Connection lost
2025-09-23 09:17:49,124 [INFO] WebApp:191 - Connection restablished
2025-09-23 09:17:56,619 [INFO] WebApp:194 - Connection lost
2025-09-23 09:18:01,569 [INFO] WebApp:191 - Connection restablished
2025-09-23 09:19:07,860 [INFO] WebApp:194 - Connection lost
2025-09-23 09:19:23,733 [INFO] WebApp:191 - Connection restablished
2025-09-23 09:19:45,115 [INFO] WebApp:194 - Connection lost
2025-09-23 09:35:24,765 [INFO] WebApp:191 - Connection restablished
2025-09-23 09:57:04,289 [INFO] WebApp:194 - Connection lost
2025-09-23 09:57:12,154 [INFO] WebApp:191 - Connection restablished
2025-09-23 10:14:49,262 [INFO] WebApp:194 - Connection lost
2025-09-23 10:14:50,352 [INFO] WebApp:191 - Connection restablished
2025-09-23 10:16:26,286 [INFO] WebApp:194 - Connection lost
2025-09-23 10:16:31,721 [INFO] WebApp:191 - Connection restablished
2025-09-23 10:54:33,296 [INFO] WebApp:194 - Connection lost
2025-09-23 10:54:57,692 [INFO] WebApp:191 - Connection restablished
2025-09-23 13:28:44,266 [INFO] WebApp:194 - Connection lost
2025-09-23 13:28:47,736 [INFO] WebApp:191 - Connection restablished
2025-09-23 13:29:22,864 [ERROR] LogOutputStream:75 - [STDERR_REDIRECT] 
