2025-09-25 16:08:14,839 [INFO] Activator:176 - 


2025-09-25 16:08:14,844 [INFO] Activator:177 - !SESSION log4j initialized
2025-09-25 16:08:20,482 [INFO] LogOutputStream:77 - [STDOUT_REDIRECT] 
2025-09-25 16:08:20,810 [ERROR] LogOutputStream:75 - [STDERR_REDIRECT] 
2025-09-25 16:08:23,166 [INFO] LogOutputStream:77 - [STDOUT_REDIRECT] 
2025-09-25 16:08:24,415 [INFO] ApplicationProperties:184 - Using Application install path: /Applications/STM32CubeIDE.app/Contents/Eclipse/plugins/com.st.stm32cube.common.mx_6.15.0.202507011659
2025-09-25 16:08:24,428 [INFO] DbMcusXml:78 - Set database path to: /Applications/STM32CubeIDE.app/Contents/Eclipse/plugins/com.st.stm32cube.common.mx_6.15.0.202507011659//db//mcu/
2025-09-25 16:08:24,428 [INFO] ApiDb:274 - Set plugin database path to: /Applications/STM32CubeIDE.app/Contents/Eclipse/plugins/com.st.stm32cube.common.mx_6.15.0.202507011659//db//plugins/boardmanager/
2025-09-25 16:08:24,429 [WARN] ApiDb:259 - Overriding images path with different value:  => /Applications/STM32CubeIDE.app/Contents/Eclipse/plugins/com.st.stm32cube.common.mx_6.15.0.202507011659//db//plugins/mcufinder/images/
2025-09-25 16:08:24,434 [INFO] ApiDb:250 - Set database path to: /Users/sheen/.stmcufinder/plugins/mcufinder//mcu/
2025-09-25 16:08:24,435 [INFO] DbMcusAds:125 - Set database path to: /Users/sheen/.stmcufinder/plugins/mcufinder//mcu/
2025-09-25 16:08:24,436 [INFO] CrossReferenceDbSqlite:203 - Set database path to: /Users/sheen/.stmcufinder/plugins/mcufinder//mcu/cs/
2025-09-25 16:08:24,567 [INFO] RulesReader:64 - Compatibility file has been processed (317 Rules)
2025-09-25 16:08:24,618 [INFO] DbMcusXml:78 - Set database path to: /Applications/STM32CubeIDE.app/Contents/Eclipse/plugins/com.st.stm32cube.common.mx_6.15.0.202507011659//db//mcu/
2025-09-25 16:08:24,618 [INFO] ApiDb:274 - Set plugin database path to: /Applications/STM32CubeIDE.app/Contents/Eclipse/plugins/com.st.stm32cube.common.mx_6.15.0.202507011659//db//plugins/boardmanager/
2025-09-25 16:08:24,618 [INFO] ApiDb:261 - Set plugin images path to: /Applications/STM32CubeIDE.app/Contents/Eclipse/plugins/com.st.stm32cube.common.mx_6.15.0.202507011659//db//plugins/mcufinder/images/
2025-09-25 16:08:24,619 [WARN] DbFile:41 - Overriding database path with different value: /Users/sheen/.stmcufinder/plugins/mcufinder/ => /Users/sheen/.stmcufinder/plugins/mcufinder
2025-09-25 16:08:24,619 [INFO] ApiDb:250 - Set database path to: /Users/sheen/.stmcufinder/plugins/mcufinder//mcu/
2025-09-25 16:08:24,619 [WARN] DbFile:41 - Overriding database path with different value: /Users/sheen/.stmcufinder/plugins/mcufinder/ => /Users/sheen/.stmcufinder/plugins/mcufinder
2025-09-25 16:08:24,619 [INFO] DbMcusAds:125 - Set database path to: /Users/sheen/.stmcufinder/plugins/mcufinder//mcu/
2025-09-25 16:08:24,619 [WARN] DbFile:41 - Overriding database path with different value: /Users/sheen/.stmcufinder/plugins/mcufinder/ => /Users/sheen/.stmcufinder/plugins/mcufinder
2025-09-25 16:08:24,619 [WARN] DbFile:41 - Overriding database path with different value: /Users/sheen/.stmcufinder/plugins/mcufinder/ => /Users/sheen/.stmcufinder/plugins/mcufinder
2025-09-25 16:08:24,619 [INFO] CrossReferenceDbSqlite:203 - Set database path to: /Users/sheen/.stmcufinder/plugins/mcufinder//mcu/cs/
2025-09-25 16:08:24,682 [INFO] MainPanel:274 - HeapMemory: 268435456
2025-09-25 16:08:25,327 [INFO] DbMcusXml:78 - Set database path to: /Applications/STM32CubeIDE.app/Contents/Eclipse/plugins/com.st.stm32cube.common.mx_6.15.0.202507011659//db//mcu/
2025-09-25 16:08:25,327 [INFO] ApiDb:274 - Set plugin database path to: /Applications/STM32CubeIDE.app/Contents/Eclipse/plugins/com.st.stm32cube.common.mx_6.15.0.202507011659//db//plugins/boardmanager/
2025-09-25 16:08:25,327 [INFO] ApiDb:261 - Set plugin images path to: /Applications/STM32CubeIDE.app/Contents/Eclipse/plugins/com.st.stm32cube.common.mx_6.15.0.202507011659//db//plugins/mcufinder/images/
2025-09-25 16:08:25,327 [WARN] DbFile:41 - Overriding database path with different value: /Users/sheen/.stmcufinder/plugins/mcufinder/ => /Users/sheen/.stmcufinder/plugins/mcufinder
2025-09-25 16:08:25,327 [INFO] ApiDb:250 - Set database path to: /Users/sheen/.stmcufinder/plugins/mcufinder//mcu/
2025-09-25 16:08:25,327 [WARN] DbFile:41 - Overriding database path with different value: /Users/sheen/.stmcufinder/plugins/mcufinder/ => /Users/sheen/.stmcufinder/plugins/mcufinder
2025-09-25 16:08:25,327 [INFO] DbMcusAds:125 - Set database path to: /Users/sheen/.stmcufinder/plugins/mcufinder//mcu/
2025-09-25 16:08:25,327 [WARN] DbFile:41 - Overriding database path with different value: /Users/sheen/.stmcufinder/plugins/mcufinder/ => /Users/sheen/.stmcufinder/plugins/mcufinder
2025-09-25 16:08:25,327 [WARN] DbFile:41 - Overriding database path with different value: /Users/sheen/.stmcufinder/plugins/mcufinder/ => /Users/sheen/.stmcufinder/plugins/mcufinder
2025-09-25 16:08:25,327 [INFO] CrossReferenceDbSqlite:203 - Set database path to: /Users/sheen/.stmcufinder/plugins/mcufinder//mcu/cs/
2025-09-25 16:08:25,342 [INFO] ApplicationProperties:184 - Using Application install path: /Applications/STM32CubeIDE.app/Contents/Eclipse/plugins/com.st.stm32cube.common.mx_6.15.0.202507011659
2025-09-25 16:08:25,343 [INFO] PluginManage:196 - Search for loadable plugins [exclusion list=, ]
2025-09-25 16:08:25,344 [INFO] PluginManage:310 - Check plugin analytics
2025-09-25 16:08:25,538 [INFO] AnalyticsPlugin:253 - Accepted Software Licenses: STM32CubeMX.6.15.0
2025-09-25 16:08:25,538 [INFO] AnalyticsPlugin:255 - Accepted CMSIS Pack Licenses: 
2025-09-25 16:08:25,538 [INFO] AnalyticsPlugin:257 - Accepted Firmware Licenses: FW.F4.1.28.0
2025-09-25 16:08:25,550 [INFO] PluginManage:359 - Loaded plugin analytics (category:tool,tabindex:-1)
2025-09-25 16:08:25,552 [INFO] PluginManage:310 - Check plugin cadmodel
2025-09-25 16:08:25,564 [INFO] CADModel:105 - Init CAD model plugin
2025-09-25 16:08:25,564 [INFO] PluginManage:359 - Loaded plugin cadmodel (category:power,tabindex:5)
2025-09-25 16:08:25,565 [INFO] PluginManage:310 - Check plugin clock
2025-09-25 16:08:25,575 [INFO] PluginManage:359 - Loaded plugin clock (category:base,tabindex:2)
2025-09-25 16:08:25,575 [INFO] PluginManage:310 - Check plugin ddr
2025-09-25 16:08:25,577 [INFO] PluginManage:359 - Loaded plugin ddr (category:tool,tabindex:6)
2025-09-25 16:08:25,578 [INFO] PluginManage:310 - Check plugin filemanager
2025-09-25 16:08:25,725 [INFO] PluginManage:359 - Loaded plugin filemanager (category:base,tabindex:10)
2025-09-25 16:08:25,725 [INFO] PluginManage:310 - Check plugin ipmanager
2025-09-25 16:08:25,733 [INFO] PluginManage:359 - Loaded plugin ipmanager (category:base,tabindex:5)
2025-09-25 16:08:25,733 [INFO] PluginManage:310 - Check plugin lpbam
2025-09-25 16:08:25,740 [INFO] PluginManage:359 - Loaded plugin lpbam (category:base,tabindex:0)
2025-09-25 16:08:25,740 [INFO] PluginManage:310 - Check plugin memorymap
2025-09-25 16:08:25,753 [INFO] PluginManage:359 - Loaded plugin memorymap (category:base,tabindex:4)
2025-09-25 16:08:25,753 [INFO] PluginManage:310 - Check plugin pinoutandconfiguration
2025-09-25 16:08:25,758 [INFO] PluginManage:359 - Loaded plugin pinoutandconfiguration (category:base,tabindex:1)
2025-09-25 16:08:25,758 [INFO] PluginManage:310 - Check plugin pinoutconfig
2025-09-25 16:08:25,866 [WARN] SupportedApi:132 - Cannot load RTOS API schema: s4s-elt-must-match.1: The content of 'definitions' must match (annotation?, (simpleType | complexType)?, (unique | key | keyref)*)). A problem was found starting at: attribute.
2025-09-25 16:08:25,987 [INFO] PluginManage:359 - Loaded plugin pinoutconfig (category:base,tabindex:0)
2025-09-25 16:08:25,988 [INFO] PluginManage:310 - Check plugin power
2025-09-25 16:08:25,999 [INFO] PluginManage:359 - Loaded plugin power (category:power,tabindex:4)
2025-09-25 16:08:25,999 [INFO] PluginManage:310 - Check plugin projectmanager
2025-09-25 16:08:26,026 [INFO] PluginManage:359 - Loaded plugin projectmanager (category:projectmanager,tabindex:4)
2025-09-25 16:08:26,026 [INFO] PluginManage:310 - Check plugin rif
2025-09-25 16:08:26,033 [INFO] PluginManage:359 - Loaded plugin rif (category:base,tabindex:3)
2025-09-25 16:08:26,033 [INFO] PluginManage:310 - Check plugin thirdparty
2025-09-25 16:08:26,229 [INFO] PluginManage:359 - Loaded plugin thirdparty (category:base,tabindex:-1)
2025-09-25 16:08:26,230 [INFO] PluginManage:310 - Check plugin tools
2025-09-25 16:08:26,229 [WARN] IntegrityCheckThread:84 - waiting for thirdparty lock release [integrity check]
2025-09-25 16:08:26,230 [INFO] IntegrityCheckThread:86 - entering critical section [integrity check]
2025-09-25 16:08:26,232 [INFO] ThirdPartyUpdaterWithRetryManager:70 - Updater plugin not ready yet. [1/15]
2025-09-25 16:08:26,234 [INFO] PluginManage:359 - Loaded plugin tools (category:base,tabindex:7)
2025-09-25 16:08:26,235 [INFO] PluginManage:310 - Check plugin tutovideos
2025-09-25 16:08:26,409 [INFO] PluginManage:359 - Loaded plugin tutovideos (category:base,tabindex:-1)
2025-09-25 16:08:26,410 [INFO] PluginManage:310 - Check plugin updater
2025-09-25 16:08:26,440 [INFO] PluginManage:359 - Loaded plugin updater (category:base,tabindex:12)
2025-09-25 16:08:26,440 [INFO] PluginManage:310 - Check plugin userauth
2025-09-25 16:08:26,443 [INFO] UserAuth:118 - Init User Auth plugin
2025-09-25 16:08:26,445 [INFO] PluginManage:359 - Loaded plugin userauth (category:base,tabindex:14)
2025-09-25 16:08:26,446 [INFO] PluginManage:283 - PluginManage : Loaded plugins [18]
2025-09-25 16:08:26,660 [INFO] PinOutPanel:1589 - setPackage(No Configuration,No Configuration)
2025-09-25 16:08:26,729 [INFO] CADModel:165 - CPN selected for project level
2025-09-25 16:08:26,729 [INFO] CADModel:114 - Register for checkConnection events
2025-09-25 16:08:26,738 [INFO] IPUIPlugin:80 - create IPUIPlugin
2025-09-25 16:08:26,739 [INFO] PluginManager:220 - loadIPPluginJar : add mdma
2025-09-25 16:08:26,743 [INFO] IPUIPlugin:80 - create IPUIPlugin
2025-09-25 16:08:26,743 [INFO] PluginManager:220 - loadIPPluginJar : add freertos
2025-09-25 16:08:26,746 [INFO] IPUIPlugin:80 - create IPUIPlugin
2025-09-25 16:08:26,747 [INFO] PluginManager:220 - loadIPPluginJar : add gic
2025-09-25 16:08:26,753 [INFO] IPUIPlugin:80 - create IPUIPlugin
2025-09-25 16:08:26,753 [INFO] PluginManager:220 - loadIPPluginJar : add adc
2025-09-25 16:08:26,754 [INFO] IPUIPlugin:80 - create IPUIPlugin
2025-09-25 16:08:26,754 [INFO] PluginManager:220 - loadIPPluginJar : add gtzc
2025-09-25 16:08:26,755 [INFO] IPUIPlugin:80 - create IPUIPlugin
2025-09-25 16:08:26,755 [INFO] PluginManager:220 - loadIPPluginJar : add quadspi
2025-09-25 16:08:26,756 [INFO] IPUIPlugin:80 - create IPUIPlugin
2025-09-25 16:08:26,756 [INFO] PluginManager:220 - loadIPPluginJar : add aes
2025-09-25 16:08:26,758 [INFO] IPUIPlugin:80 - create IPUIPlugin
2025-09-25 16:08:26,758 [INFO] PluginManager:220 - loadIPPluginJar : add pdm2pcm
2025-09-25 16:08:26,759 [INFO] IPUIPlugin:80 - create IPUIPlugin
2025-09-25 16:08:26,759 [INFO] PluginManager:220 - loadIPPluginJar : add hash
2025-09-25 16:08:26,760 [INFO] IPUIPlugin:80 - create IPUIPlugin
2025-09-25 16:08:26,760 [INFO] PluginManager:220 - loadIPPluginJar : add tim
2025-09-25 16:08:26,761 [INFO] IPUIPlugin:80 - create IPUIPlugin
2025-09-25 16:08:26,761 [INFO] PluginManager:220 - loadIPPluginJar : add tsc
2025-09-25 16:08:26,762 [INFO] IPUIPlugin:80 - create IPUIPlugin
2025-09-25 16:08:26,763 [INFO] PluginManager:220 - loadIPPluginJar : add extmemmanager
2025-09-25 16:08:26,764 [INFO] IPUIPlugin:80 - create IPUIPlugin
2025-09-25 16:08:26,764 [INFO] PluginManager:220 - loadIPPluginJar : add ts
2025-09-25 16:08:26,765 [INFO] IPUIPlugin:80 - create IPUIPlugin
2025-09-25 16:08:26,765 [INFO] PluginManager:220 - loadIPPluginJar : add radio
2025-09-25 16:08:26,766 [INFO] IPUIPlugin:80 - create IPUIPlugin
2025-09-25 16:08:26,766 [INFO] PluginManager:220 - loadIPPluginJar : add can
2025-09-25 16:08:26,767 [INFO] IPUIPlugin:80 - create IPUIPlugin
2025-09-25 16:08:26,767 [INFO] PluginManager:220 - loadIPPluginJar : add dma3
2025-09-25 16:08:26,768 [INFO] IPUIPlugin:80 - create IPUIPlugin
2025-09-25 16:08:26,768 [INFO] PluginManager:220 - loadIPPluginJar : add dfsdm
2025-09-25 16:08:26,769 [INFO] IPUIPlugin:80 - create IPUIPlugin
2025-09-25 16:08:26,769 [INFO] PluginManager:220 - loadIPPluginJar : add spi
2025-09-25 16:08:26,770 [INFO] IPUIPlugin:80 - create IPUIPlugin
2025-09-25 16:08:26,771 [INFO] PluginManager:220 - loadIPPluginJar : add gfxmmu
2025-09-25 16:08:26,772 [INFO] IPUIPlugin:80 - create IPUIPlugin
2025-09-25 16:08:26,772 [INFO] PluginManager:220 - loadIPPluginJar : add genericplugin
2025-09-25 16:08:26,773 [INFO] IPUIPlugin:80 - create IPUIPlugin
2025-09-25 16:08:26,773 [INFO] PluginManager:220 - loadIPPluginJar : add cryp
2025-09-25 16:08:26,775 [INFO] IPUIPlugin:80 - create IPUIPlugin
2025-09-25 16:08:26,775 [INFO] PluginManager:220 - loadIPPluginJar : add gpio
2025-09-25 16:08:26,777 [INFO] IPUIPlugin:80 - create IPUIPlugin
2025-09-25 16:08:26,778 [INFO] PluginManager:220 - loadIPPluginJar : add ddr_ctrl_phy
2025-09-25 16:08:26,778 [INFO] IPUIPlugin:80 - create IPUIPlugin
2025-09-25 16:08:26,778 [INFO] PluginManager:220 - loadIPPluginJar : add comp
2025-09-25 16:08:26,780 [INFO] IPUIPlugin:80 - create IPUIPlugin
2025-09-25 16:08:26,781 [INFO] PluginManager:220 - loadIPPluginJar : add tracer_emb
2025-09-25 16:08:26,782 [INFO] IPUIPlugin:80 - create IPUIPlugin
2025-09-25 16:08:26,782 [INFO] PluginManager:220 - loadIPPluginJar : add openamp
2025-09-25 16:08:26,785 [INFO] IPUIPlugin:80 - create IPUIPlugin
2025-09-25 16:08:26,785 [INFO] PluginManager:220 - loadIPPluginJar : add stm32_wpan
2025-09-25 16:08:26,788 [INFO] IPUIPlugin:80 - create IPUIPlugin
2025-09-25 16:08:26,789 [INFO] PluginManager:220 - loadIPPluginJar : add plateformsettings
2025-09-25 16:08:26,791 [INFO] IPUIPlugin:80 - create IPUIPlugin
2025-09-25 16:08:26,791 [INFO] PluginManager:220 - loadIPPluginJar : add ipddr
2025-09-25 16:08:26,792 [INFO] IPUIPlugin:80 - create IPUIPlugin
2025-09-25 16:08:26,792 [INFO] PluginManager:220 - loadIPPluginJar : add usart
2025-09-25 16:08:26,793 [INFO] IPUIPlugin:80 - create IPUIPlugin
2025-09-25 16:08:26,793 [INFO] PluginManager:220 - loadIPPluginJar : add ltdc
2025-09-25 16:08:26,795 [INFO] IPUIPlugin:80 - create IPUIPlugin
2025-09-25 16:08:26,795 [INFO] PluginManager:220 - loadIPPluginJar : add nvic
2025-09-25 16:08:26,795 [INFO] IPUIPlugin:80 - create IPUIPlugin
2025-09-25 16:08:26,795 [INFO] PluginManager:220 - loadIPPluginJar : add fatfs
2025-09-25 16:08:26,800 [INFO] IPUIPlugin:80 - create IPUIPlugin
2025-09-25 16:08:26,800 [INFO] PluginManager:220 - loadIPPluginJar : add linkedlist
2025-09-25 16:08:26,803 [INFO] IPUIPlugin:80 - create IPUIPlugin
2025-09-25 16:08:26,803 [INFO] PluginManager:220 - loadIPPluginJar : add dma
2025-09-25 16:08:26,805 [INFO] IPUIPlugin:80 - create IPUIPlugin
2025-09-25 16:08:26,805 [INFO] PluginManager:220 - loadIPPluginJar : add fmc
2025-09-25 16:08:26,806 [INFO] IPUIPlugin:80 - create IPUIPlugin
2025-09-25 16:08:26,806 [INFO] PluginManager:220 - loadIPPluginJar : add i2s
2025-09-25 16:08:26,807 [INFO] IPUIPlugin:80 - create IPUIPlugin
2025-09-25 16:08:26,807 [INFO] PluginManager:220 - loadIPPluginJar : add ucpd
2025-09-25 16:08:26,809 [INFO] IPUIPlugin:80 - create IPUIPlugin
2025-09-25 16:08:26,809 [INFO] PluginManager:220 - loadIPPluginJar : add lorawan
2025-09-25 16:08:26,811 [INFO] IPUIPlugin:80 - create IPUIPlugin
2025-09-25 16:08:26,811 [INFO] PluginManager:220 - loadIPPluginJar : add opamp
2025-09-25 16:08:26,813 [INFO] IPUIPlugin:80 - create IPUIPlugin
2025-09-25 16:08:26,813 [INFO] PluginManager:220 - loadIPPluginJar : add i3c
2025-09-25 16:08:26,815 [INFO] IPUIPlugin:80 - create IPUIPlugin
2025-09-25 16:08:26,815 [INFO] PluginManager:220 - loadIPPluginJar : add touchsensing
2025-09-25 16:08:26,817 [INFO] IPUIPlugin:80 - create IPUIPlugin
2025-09-25 16:08:26,817 [INFO] PluginManager:220 - loadIPPluginJar : add i2c
2025-09-25 16:08:26,819 [INFO] IPUIPlugin:80 - create IPUIPlugin
2025-09-25 16:08:26,819 [INFO] PluginManager:220 - loadIPPluginJar : add resmgrutility
2025-09-25 16:08:26,820 [INFO] IPUIPlugin:80 - create IPUIPlugin
2025-09-25 16:08:26,820 [INFO] PluginManager:220 - loadIPPluginJar : add sai
2025-09-25 16:08:26,822 [INFO] IPUIPlugin:80 - create IPUIPlugin
2025-09-25 16:08:26,822 [INFO] PluginManager:220 - loadIPPluginJar : add usbx
2025-09-25 16:08:26,937 [FATAL] Updater:351 - Updater called before beeing initialized
2025-09-25 16:08:26,988 [INFO] RulesReader:64 - Compatibility file has been processed (317 Rules)
2025-09-25 16:08:27,000 [INFO] RulesReader:64 - Compatibility file has been processed (317 Rules)
2025-09-25 16:08:27,008 [INFO] CADModel:165 - CPN selected for project level
2025-09-25 16:08:27,009 [INFO] CADModel:114 - Register for checkConnection events
2025-09-25 16:08:27,009 [FATAL] Updater:351 - Updater called before beeing initialized
2025-09-25 16:08:27,009 [ERROR] CADModel:125 - Updater not yet initialized, retry later 
2025-09-25 16:08:27,215 [FATAL] Updater:351 - Updater called before beeing initialized
2025-09-25 16:08:27,216 [INFO] CADModel:165 - CPN selected for project level
2025-09-25 16:08:27,216 [INFO] CADModel:114 - Register for checkConnection events
2025-09-25 16:08:27,216 [FATAL] Updater:351 - Updater called before beeing initialized
2025-09-25 16:08:27,216 [ERROR] CADModel:125 - Updater not yet initialized, retry later 
2025-09-25 16:08:27,219 [FATAL] Updater:351 - Updater called before beeing initialized
2025-09-25 16:08:27,353 [FATAL] Updater:351 - Updater called before beeing initialized
2025-09-25 16:08:27,357 [INFO] DbMcusAds:53 - JSON generation date=Tue Jul 08 01:14:23 PDT 2025 (1751962463524)
2025-09-25 16:08:27,357 [FATAL] Updater:351 - Updater called before beeing initialized
2025-09-25 16:08:27,413 [WARN] DetailPanel:346 - Failed to get advertising image, set to default
2025-09-25 16:08:27,477 [FATAL] Updater:351 - Updater called before beeing initialized
2025-09-25 16:08:27,480 [FATAL] Updater:351 - Updater called before beeing initialized
2025-09-25 16:08:27,481 [FATAL] Updater:351 - Updater called before beeing initialized
2025-09-25 16:08:27,481 [WARN] DetailPanel:346 - Failed to get advertising image, set to default
2025-09-25 16:08:27,485 [FATAL] Updater:351 - Updater called before beeing initialized
2025-09-25 16:08:27,546 [ERROR] Updater:1198 - MainUpdater not yet initialized. External WinMGr cannot be set.
2025-09-25 16:08:27,549 [INFO] Updater:1134 - Updater Version found : 6.15.0
2025-09-25 16:08:27,562 [INFO] ApplicationProperties:184 - Using Application install path: /Applications/STM32CubeIDE.app/Contents/Eclipse/plugins/com.st.stm32cube.common.mx_6.15.0.202507011659
2025-09-25 16:08:27,827 [INFO] MainUpdater:2872 - connection check result : 10
2025-09-25 16:08:27,828 [INFO] MainUpdater:289 - Updater Check For Update Now.
2025-09-25 16:08:27,828 [INFO] MicroXplorer:498 - Change Database Version : DB.6.0.150
2025-09-25 16:08:27,835 [INFO] McuFinderGlobals:63 - Set McuFinder mode to 2 (CubeIDE integrated)
2025-09-25 16:08:27,836 [INFO] UserAuth:171 - activating auth plugin
2025-09-25 16:08:27,849 [INFO] UserAuth:487 - Internet connection configuration mode: 1
2025-09-25 16:08:27,862 [INFO] JxBrowserEngine:152 - Initiate JxBrowser Engine with user profile folder
2025-09-25 16:08:28,136 [INFO] CheckServerUpdateThread:120 - End of CheckServer Thread
2025-09-25 16:08:29,406 [WARN] PackLoader:240 - Cannot read IP mode file for STMicroelectronics.FP-SNS-MOTENVWB1.1.4.0
2025-09-25 16:08:29,429 [WARN] PackLoader:240 - Cannot read IP mode file for STMicroelectronics.FP-ATR-ASTRA1.2.0.2
2025-09-25 16:08:29,442 [WARN] PackLoader:240 - Cannot read IP mode file for STMicroelectronics.X-CUBE-SMBUS.2.1.0
2025-09-25 16:08:29,449 [WARN] PackLoader:240 - Cannot read IP mode file for STMicroelectronics.X-CUBE-ST60.1.0.0
2025-09-25 16:08:29,500 [WARN] PackLoader:240 - Cannot read IP mode file for STMicroelectronics.X-CUBE-AZRTOS-F7.1.1.0
2025-09-25 16:08:29,527 [WARN] PackLoader:240 - Cannot read IP mode file for Cesanta.I-CUBE-Mongoose.7.19.0
2025-09-25 16:08:29,545 [WARN] PackLoader:240 - Cannot read IP mode file for WES.I-CUBE-Cesium.1.4.0
2025-09-25 16:08:29,598 [WARN] PackLoader:240 - Cannot read IP mode file for Infineon.AIROC-Wi-Fi-Bluetooth-STM32.1.7.1
2025-09-25 16:08:29,669 [WARN] PackLoader:240 - Cannot read IP mode file for STMicroelectronics.X-CUBE-AZRTOS-H7.3.4.0
2025-09-25 16:08:29,706 [WARN] PackLoader:240 - Cannot read IP mode file for STMicroelectronics.X-CUBE-DISPLAY.3.0.0
2025-09-25 16:08:29,753 [WARN] PackLoader:240 - Cannot read IP mode file for STMicroelectronics.X-CUBE-NFC10.1.0.0
2025-09-25 16:08:29,764 [WARN] PackLoader:240 - Cannot read IP mode file for emotas.I-CUBE-CANOPEN.1.3.0
2025-09-25 16:08:29,778 [WARN] PackLoader:240 - Cannot read IP mode file for STMicroelectronics.FP-SNS-STBOX1.2.1.0
2025-09-25 16:08:29,797 [WARN] PackLoader:240 - Cannot read IP mode file for STMicroelectronics.FP-SNS-SMARTAG2.1.2.0
2025-09-25 16:08:29,812 [WARN] PackLoader:240 - Cannot read IP mode file for STMicroelectronics.FP-SNS-FLIGHT1.5.1.0
2025-09-25 16:08:29,821 [INFO] LogOutputStream:77 - [STDOUT_REDIRECT] 1 : Invalid condition id : UX_CORESTACK_Condition cause : null
2025-09-25 16:08:29,822 [INFO] LogOutputStream:77 - [STDOUT_REDIRECT] 1 : Invalid condition id : UX_CORESTACK_Condition cause : null
2025-09-25 16:08:29,823 [INFO] LogOutputStream:77 - [STDOUT_REDIRECT] 1 : Invalid condition id : UX_CORESTACK_Condition cause : null
2025-09-25 16:08:29,823 [INFO] LogOutputStream:77 - [STDOUT_REDIRECT] 1 : Invalid condition id : UX_CORESTACK_Condition cause : null
2025-09-25 16:08:29,824 [INFO] LogOutputStream:77 - [STDOUT_REDIRECT] 1 : Invalid condition id : UX_CORESTACK_Condition cause : null
2025-09-25 16:08:29,831 [WARN] PackLoader:240 - Cannot read IP mode file for STMicroelectronics.X-CUBE-AZRTOS-WL.2.0.0
2025-09-25 16:08:29,838 [WARN] PackLoader:240 - Cannot read IP mode file for STMicroelectronics.FP-SNS-MOTENV1.5.0.0
2025-09-25 16:08:29,847 [WARN] PackLoader:240 - Cannot read IP mode file for WES.I-CUBE-Cesium.1.3.0
2025-09-25 16:08:29,857 [WARN] PackLoader:240 - Cannot read IP mode file for STMicroelectronics.X-CUBE-BLE2.3.3.0
2025-09-25 16:08:29,866 [WARN] PackLoader:240 - Cannot read IP mode file for STMicroelectronics.X-CUBE-NFC9.1.0.0
2025-09-25 16:08:29,872 [WARN] PackLoader:240 - Cannot read IP mode file for wolfSSL.I-CUBE-wolfSSL.5.8.2
2025-09-25 16:08:29,886 [WARN] PackLoader:240 - Cannot read IP mode file for STMicroelectronics.X-CUBE-BLE1.7.1.0
2025-09-25 16:08:29,888 [WARN] PackLoader:240 - Cannot read IP mode file for wolfSSL.I-CUBE-wolfMQTT.1.19.2
2025-09-25 16:08:29,893 [WARN] PackLoader:240 - Cannot read IP mode file for STMicroelectronics.X-CUBE-EEPRMA1.5.2.0
2025-09-25 16:08:29,896 [WARN] PackLoader:240 - Cannot read IP mode file for STMicroelectronics.X-CUBE-AI.10.1.0
2025-09-25 16:08:30,087 [WARN] PackLoader:240 - Cannot read IP mode file for STMicroelectronics.X-CUBE-AZRTOS-G0.1.1.0
2025-09-25 16:08:30,231 [WARN] PackLoader:240 - Cannot read IP mode file for STMicroelectronics.X-CUBE-SAFEA1.1.2.2
2025-09-25 16:08:30,258 [WARN] PackLoader:240 - Cannot read IP mode file for STMicroelectronics.X-CUBE-NFC4.3.0.0
2025-09-25 16:08:30,273 [WARN] PackLoader:240 - Cannot read IP mode file for EmbeddedOffice.I-CUBE-FS-RTOS.1.0.1
2025-09-25 16:08:30,287 [WARN] PackLoader:240 - Cannot read IP mode file for STMicroelectronics.X-CUBE-WB05N.2.0.0
2025-09-25 16:08:30,294 [WARN] PackLoader:240 - Cannot read IP mode file for wolfSSL.I-CUBE-wolfTPM.3.8.0
2025-09-25 16:08:30,300 [WARN] PackLoader:240 - Cannot read IP mode file for STMicroelectronics.X-CUBE-TCPP.4.2.0
2025-09-25 16:08:30,306 [WARN] PackLoader:240 - Cannot read IP mode file for RealThread.X-CUBE-RT-Thread_Nano.4.1.1
2025-09-25 16:08:30,308 [WARN] PackLoader:240 - Cannot read IP mode file for STMicroelectronics.FP-ATR-SIGFOX1.3.2.0
2025-09-25 16:08:30,312 [WARN] PackLoader:240 - Cannot read IP mode file for ITTIA_DB.I-CUBE-ITTIADB.8.9.0
2025-09-25 16:08:30,332 [WARN] PackLoader:240 - Cannot read IP mode file for STMicroelectronics.X-CUBE-ST67W61.1.0.0
2025-09-25 16:08:30,336 [WARN] PackLoader:240 - Cannot read IP mode file for STMicroelectronics.X-CUBE-AI.10.2.0
2025-09-25 16:08:30,409 [WARN] PackLoader:240 - Cannot read IP mode file for SEGGER.I-CUBE-embOS.1.3.1
2025-09-25 16:08:30,474 [WARN] PackLoader:240 - Cannot read IP mode file for STMicroelectronics.X-CUBE-ALGOBUILD.1.4.0
2025-09-25 16:08:30,562 [WARN] PackLoader:240 - Cannot read IP mode file for STMicroelectronics.X-CUBE-MEMS1.11.3.0
2025-09-25 16:08:30,661 [WARN] PackLoader:240 - Cannot read IP mode file for STMicroelectronics.X-CUBE-PM33A1.1.0.0
2025-09-25 16:08:30,690 [WARN] PackLoader:240 - Cannot read IP mode file for STMicroelectronics.X-CUBE-AZRTOS-F4.1.1.0
2025-09-25 16:08:30,699 [WARN] PackLoader:240 - Cannot read IP mode file for Avnet-IotConnect.X-CUBE-IoTC-DA16k-PMOD.1.0.0
2025-09-25 16:08:30,703 [WARN] PackLoader:240 - Cannot read IP mode file for STMicroelectronics.X-CUBE-ISPU.2.1.0
2025-09-25 16:08:30,712 [WARN] PackLoader:240 - Cannot read IP mode file for STMicroelectronics.X-CUBE-NFC12.1.0.0
2025-09-25 16:08:30,735 [WARN] PackLoader:240 - Cannot read IP mode file for STMicroelectronics.X-CUBE-AZRTOS-L5.2.0.0
2025-09-25 16:08:30,751 [WARN] PackLoader:240 - Cannot read IP mode file for STMicroelectronics.X-CUBE-NFC6.3.1.0
2025-09-25 16:08:30,758 [WARN] PackLoader:240 - Cannot read IP mode file for STMicroelectronics.X-CUBE-FREERTOS.1.3.1
2025-09-25 16:08:30,762 [WARN] PackLoader:240 - Cannot read IP mode file for STMicroelectronics.FP-SNS-STAIOTCFT.1.0.0
2025-09-25 16:08:30,768 [WARN] PackLoader:240 - Cannot read IP mode file for STMicroelectronics.X-CUBE-DPower.1.3.0
2025-09-25 16:08:30,801 [WARN] ConditionMgr:438 - getConditionDescription Invalid condition id : LAN8742 Phy interface Condition cause : null
2025-09-25 16:08:30,804 [WARN] PackLoader:240 - Cannot read IP mode file for STMicroelectronics.X-CUBE-AZRTOS-L4.2.0.0
2025-09-25 16:08:30,808 [WARN] ConditionMgr:1044 - genDependencies : Invalid condition id : LAN8742 Phy interface Condition cause : null
2025-09-25 16:08:30,809 [WARN] ConditionMgr:1044 - genDependencies : Invalid condition id : LAN8742 Phy interface Condition cause : null
2025-09-25 16:08:30,810 [WARN] ConditionMgr:1044 - genDependencies : Invalid condition id : LAN8742 Phy interface Condition cause : null
2025-09-25 16:08:30,822 [WARN] PackLoader:240 - Cannot read IP mode file for STMicroelectronics.X-CUBE-SFXS2LP1.4.0.0
2025-09-25 16:08:30,839 [WARN] PackLoader:240 - Cannot read IP mode file for STMicroelectronics.X-CUBE-BLEMGR.4.1.0
2025-09-25 16:08:30,860 [WARN] ConditionMgr:438 - getConditionDescription Invalid condition id : UX DEVICE CLASS RTOS Condition cause : null
2025-09-25 16:08:30,860 [WARN] ConditionMgr:438 - getConditionDescription Invalid condition id : UX DEVICE CLASS RTOS Condition cause : null
2025-09-25 16:08:30,864 [WARN] PackLoader:240 - Cannot read IP mode file for STMicroelectronics.X-CUBE-AZRTOS-WB.2.0.0
2025-09-25 16:08:30,865 [WARN] ConditionMgr:1044 - genDependencies : Invalid condition id : UX DEVICE CLASS RTOS Condition cause : null
2025-09-25 16:08:30,865 [WARN] ConditionMgr:1044 - genDependencies : Invalid condition id : UX DEVICE CLASS RTOS Condition cause : null
2025-09-25 16:08:30,865 [WARN] ConditionMgr:1044 - genDependencies : Invalid condition id : UX DEVICE CLASS RTOS Condition cause : null
2025-09-25 16:08:30,866 [WARN] ConditionMgr:1044 - genDependencies : Invalid condition id : UX DEVICE CLASS RTOS Condition cause : null
2025-09-25 16:08:30,866 [WARN] ConditionMgr:1044 - genDependencies : Invalid condition id : UX DEVICE CLASS RTOS Condition cause : null
2025-09-25 16:08:30,872 [WARN] PackLoader:240 - Cannot read IP mode file for STMicroelectronics.X-CUBE-GNSS1.7.0.1
2025-09-25 16:08:30,878 [WARN] PackLoader:240 - Cannot read IP mode file for STMicroelectronics.X-CUBE-TOUCHGFX.4.25.0
2025-09-25 16:08:30,886 [WARN] PackLoader:240 - Cannot read IP mode file for STMicroelectronics.FP-SNS-STBOX1.2.0.0
2025-09-25 16:08:30,891 [WARN] ConditionMgr:438 - getConditionDescription Invalid condition id : Cortex-A Device cause : null
2025-09-25 16:08:30,950 [WARN] ConditionMgr:1044 - genDependencies : Invalid condition id : Cortex-A Device cause : null
2025-09-25 16:08:30,950 [WARN] ConditionMgr:1044 - genDependencies : Invalid condition id : Cortex-A Device cause : null
2025-09-25 16:08:30,950 [WARN] ConditionMgr:1044 - genDependencies : Invalid condition id : Cortex-A Device cause : null
2025-09-25 16:08:30,962 [WARN] PackLoader:240 - Cannot read IP mode file for STMicroelectronics.X-CUBE-SUBG2.5.0.0
2025-09-25 16:08:30,988 [WARN] PackLoader:240 - Cannot read IP mode file for STMicroelectronics.X-CUBE-AZRTOS-H7RS.1.1.0
2025-09-25 16:08:30,994 [WARN] PackLoader:240 - Cannot read IP mode file for Cesanta.I-CUBE-Mongoose.7.13.0
2025-09-25 16:08:31,009 [WARN] PackLoader:240 - Cannot read IP mode file for STMicroelectronics.X-CUBE-AZRTOS-G4.2.0.0
2025-09-25 16:08:31,013 [WARN] PackLoader:240 - Cannot read IP mode file for wolfSSL.I-CUBE-wolfSSH.1.4.20
2025-09-25 16:08:31,018 [WARN] PackLoader:240 - Cannot read IP mode file for STMicroelectronics.X-CUBE-NFC7.2.0.0
2025-09-25 16:08:31,031 [WARN] PackLoader:240 - Cannot read IP mode file for STMicroelectronics.X-CUBE-IPS.3.1.0
2025-09-25 16:08:31,037 [WARN] PackLoader:240 - Cannot read IP mode file for STMicroelectronics.X-CUBE-ALS.1.0.2
2025-09-25 16:08:31,044 [WARN] PackLoader:240 - Cannot read IP mode file for STMicroelectronics.X-CUBE-STSE01.1.0.0
2025-09-25 16:08:31,049 [WARN] PackLoader:240 - Cannot read IP mode file for portGmbH.I-Cube-SoM-uGOAL.1.1.0
2025-09-25 16:08:31,060 [WARN] PackLoader:240 - Cannot read IP mode file for STMicroelectronics.X-CUBE-TOF1.3.4.3
2025-09-25 16:08:31,069 [INFO] ThirdParty:978 - Integrity check success = true
2025-09-25 16:08:31,069 [INFO] IntegrityCheckThread:100 - exiting critical section [integrity check]
2025-09-25 16:08:31,070 [INFO] IntegrityCheckThread:103 - End integrity checks thread
2025-09-25 16:08:32,939 [INFO] WebApp:169 - Instantiating new browser for Auth
2025-09-25 16:08:34,705 [INFO] WebApp:463 - Apply proxy settings
2025-09-25 16:08:34,768 [INFO] WebApp:508 - Chromium authenticates against Manually configured proxy
2025-09-25 16:08:34,784 [INFO] WebApp:516 - Username used for proxy authentication: 
2025-09-25 16:08:34,829 [INFO] WebApp:900 - Register for checkConnection events
2025-09-25 16:08:34,830 [INFO] WebApp:463 - Apply proxy settings
2025-09-25 16:08:34,839 [INFO] WebApp:508 - Chromium authenticates against Manually configured proxy
2025-09-25 16:08:34,839 [INFO] WebApp:516 - Username used for proxy authentication: 
2025-09-25 16:08:35,048 [INFO] WebApp:225 - Starting web application
2025-09-25 16:08:35,049 [INFO] WebApp:593 - Web application path used /Applications/STM32CubeIDE.app/Contents/Eclipse/plugins/com.st.stm32cube.common.mx_6.15.0.202507011659/db/plugins/mcufinder/reactClient1/index.html
2025-09-25 16:08:35,391 [INFO] WebApp:191 - Connection restablished
2025-09-25 19:55:32,151 [INFO] Activator:176 - 


2025-09-25 19:55:32,153 [INFO] Activator:177 - !SESSION log4j initialized
2025-09-25 19:55:37,424 [INFO] LogOutputStream:77 - [STDOUT_REDIRECT] 
2025-09-25 19:55:37,788 [ERROR] LogOutputStream:75 - [STDERR_REDIRECT] 
2025-09-25 19:55:39,828 [INFO] LogOutputStream:77 - [STDOUT_REDIRECT] 
2025-09-25 19:55:41,491 [INFO] ApplicationProperties:184 - Using Application install path: /Applications/STM32CubeIDE.app/Contents/Eclipse/plugins/com.st.stm32cube.common.mx_6.15.0.202507011659
2025-09-25 19:55:41,503 [INFO] DbMcusXml:78 - Set database path to: /Applications/STM32CubeIDE.app/Contents/Eclipse/plugins/com.st.stm32cube.common.mx_6.15.0.202507011659//db//mcu/
2025-09-25 19:55:41,503 [INFO] ApiDb:274 - Set plugin database path to: /Applications/STM32CubeIDE.app/Contents/Eclipse/plugins/com.st.stm32cube.common.mx_6.15.0.202507011659//db//plugins/boardmanager/
2025-09-25 19:55:41,505 [WARN] ApiDb:259 - Overriding images path with different value:  => /Applications/STM32CubeIDE.app/Contents/Eclipse/plugins/com.st.stm32cube.common.mx_6.15.0.202507011659//db//plugins/mcufinder/images/
2025-09-25 19:55:41,511 [INFO] ApiDb:250 - Set database path to: /Users/sheen/.stmcufinder/plugins/mcufinder//mcu/
2025-09-25 19:55:41,512 [INFO] DbMcusAds:125 - Set database path to: /Users/sheen/.stmcufinder/plugins/mcufinder//mcu/
2025-09-25 19:55:41,513 [INFO] CrossReferenceDbSqlite:203 - Set database path to: /Users/sheen/.stmcufinder/plugins/mcufinder//mcu/cs/
2025-09-25 19:55:41,641 [INFO] RulesReader:64 - Compatibility file has been processed (317 Rules)
2025-09-25 19:55:41,690 [INFO] DbMcusXml:78 - Set database path to: /Applications/STM32CubeIDE.app/Contents/Eclipse/plugins/com.st.stm32cube.common.mx_6.15.0.202507011659//db//mcu/
2025-09-25 19:55:41,690 [INFO] ApiDb:274 - Set plugin database path to: /Applications/STM32CubeIDE.app/Contents/Eclipse/plugins/com.st.stm32cube.common.mx_6.15.0.202507011659//db//plugins/boardmanager/
2025-09-25 19:55:41,691 [INFO] ApiDb:261 - Set plugin images path to: /Applications/STM32CubeIDE.app/Contents/Eclipse/plugins/com.st.stm32cube.common.mx_6.15.0.202507011659//db//plugins/mcufinder/images/
2025-09-25 19:55:41,691 [WARN] DbFile:41 - Overriding database path with different value: /Users/sheen/.stmcufinder/plugins/mcufinder/ => /Users/sheen/.stmcufinder/plugins/mcufinder
2025-09-25 19:55:41,691 [INFO] ApiDb:250 - Set database path to: /Users/sheen/.stmcufinder/plugins/mcufinder//mcu/
2025-09-25 19:55:41,691 [WARN] DbFile:41 - Overriding database path with different value: /Users/sheen/.stmcufinder/plugins/mcufinder/ => /Users/sheen/.stmcufinder/plugins/mcufinder
2025-09-25 19:55:41,691 [INFO] DbMcusAds:125 - Set database path to: /Users/sheen/.stmcufinder/plugins/mcufinder//mcu/
2025-09-25 19:55:41,691 [WARN] DbFile:41 - Overriding database path with different value: /Users/sheen/.stmcufinder/plugins/mcufinder/ => /Users/sheen/.stmcufinder/plugins/mcufinder
2025-09-25 19:55:41,691 [WARN] DbFile:41 - Overriding database path with different value: /Users/sheen/.stmcufinder/plugins/mcufinder/ => /Users/sheen/.stmcufinder/plugins/mcufinder
2025-09-25 19:55:41,691 [INFO] CrossReferenceDbSqlite:203 - Set database path to: /Users/sheen/.stmcufinder/plugins/mcufinder//mcu/cs/
2025-09-25 19:55:41,762 [INFO] MainPanel:274 - HeapMemory: 268435456
2025-09-25 19:55:42,637 [INFO] DbMcusXml:78 - Set database path to: /Applications/STM32CubeIDE.app/Contents/Eclipse/plugins/com.st.stm32cube.common.mx_6.15.0.202507011659//db//mcu/
2025-09-25 19:55:42,640 [INFO] ApiDb:274 - Set plugin database path to: /Applications/STM32CubeIDE.app/Contents/Eclipse/plugins/com.st.stm32cube.common.mx_6.15.0.202507011659//db//plugins/boardmanager/
2025-09-25 19:55:42,645 [INFO] ApiDb:261 - Set plugin images path to: /Applications/STM32CubeIDE.app/Contents/Eclipse/plugins/com.st.stm32cube.common.mx_6.15.0.202507011659//db//plugins/mcufinder/images/
2025-09-25 19:55:42,646 [WARN] DbFile:41 - Overriding database path with different value: /Users/sheen/.stmcufinder/plugins/mcufinder/ => /Users/sheen/.stmcufinder/plugins/mcufinder
2025-09-25 19:55:42,646 [INFO] ApiDb:250 - Set database path to: /Users/sheen/.stmcufinder/plugins/mcufinder//mcu/
2025-09-25 19:55:42,646 [WARN] DbFile:41 - Overriding database path with different value: /Users/sheen/.stmcufinder/plugins/mcufinder/ => /Users/sheen/.stmcufinder/plugins/mcufinder
2025-09-25 19:55:42,646 [INFO] DbMcusAds:125 - Set database path to: /Users/sheen/.stmcufinder/plugins/mcufinder//mcu/
2025-09-25 19:55:42,646 [WARN] DbFile:41 - Overriding database path with different value: /Users/sheen/.stmcufinder/plugins/mcufinder/ => /Users/sheen/.stmcufinder/plugins/mcufinder
2025-09-25 19:55:42,646 [WARN] DbFile:41 - Overriding database path with different value: /Users/sheen/.stmcufinder/plugins/mcufinder/ => /Users/sheen/.stmcufinder/plugins/mcufinder
2025-09-25 19:55:42,646 [INFO] CrossReferenceDbSqlite:203 - Set database path to: /Users/sheen/.stmcufinder/plugins/mcufinder//mcu/cs/
2025-09-25 19:55:42,688 [INFO] ApplicationProperties:184 - Using Application install path: /Applications/STM32CubeIDE.app/Contents/Eclipse/plugins/com.st.stm32cube.common.mx_6.15.0.202507011659
2025-09-25 19:55:42,690 [INFO] PluginManage:196 - Search for loadable plugins [exclusion list=, ]
2025-09-25 19:55:42,693 [INFO] PluginManage:310 - Check plugin analytics
2025-09-25 19:55:42,966 [INFO] AnalyticsPlugin:253 - Accepted Software Licenses: STM32CubeMX.6.15.0
2025-09-25 19:55:42,967 [INFO] AnalyticsPlugin:255 - Accepted CMSIS Pack Licenses: 
2025-09-25 19:55:42,967 [INFO] AnalyticsPlugin:257 - Accepted Firmware Licenses: FW.F4.1.28.0
2025-09-25 19:55:42,989 [INFO] PluginManage:359 - Loaded plugin analytics (category:tool,tabindex:-1)
2025-09-25 19:55:42,993 [INFO] PluginManage:310 - Check plugin cadmodel
2025-09-25 19:55:43,016 [INFO] CADModel:105 - Init CAD model plugin
2025-09-25 19:55:43,017 [INFO] PluginManage:359 - Loaded plugin cadmodel (category:power,tabindex:5)
2025-09-25 19:55:43,018 [INFO] PluginManage:310 - Check plugin clock
2025-09-25 19:55:43,029 [INFO] PluginManage:359 - Loaded plugin clock (category:base,tabindex:2)
2025-09-25 19:55:43,029 [INFO] PluginManage:310 - Check plugin ddr
2025-09-25 19:55:43,031 [INFO] PluginManage:359 - Loaded plugin ddr (category:tool,tabindex:6)
2025-09-25 19:55:43,031 [INFO] PluginManage:310 - Check plugin filemanager
2025-09-25 19:55:43,221 [INFO] PluginManage:359 - Loaded plugin filemanager (category:base,tabindex:10)
2025-09-25 19:55:43,222 [INFO] PluginManage:310 - Check plugin ipmanager
2025-09-25 19:55:43,230 [INFO] PluginManage:359 - Loaded plugin ipmanager (category:base,tabindex:5)
2025-09-25 19:55:43,230 [INFO] PluginManage:310 - Check plugin lpbam
2025-09-25 19:55:43,240 [INFO] PluginManage:359 - Loaded plugin lpbam (category:base,tabindex:0)
2025-09-25 19:55:43,241 [INFO] PluginManage:310 - Check plugin memorymap
2025-09-25 19:55:43,249 [INFO] PluginManage:359 - Loaded plugin memorymap (category:base,tabindex:4)
2025-09-25 19:55:43,249 [INFO] PluginManage:310 - Check plugin pinoutandconfiguration
2025-09-25 19:55:43,254 [INFO] PluginManage:359 - Loaded plugin pinoutandconfiguration (category:base,tabindex:1)
2025-09-25 19:55:43,254 [INFO] PluginManage:310 - Check plugin pinoutconfig
2025-09-25 19:55:43,335 [WARN] SupportedApi:132 - Cannot load RTOS API schema: s4s-elt-must-match.1: The content of 'definitions' must match (annotation?, (simpleType | complexType)?, (unique | key | keyref)*)). A problem was found starting at: attribute.
2025-09-25 19:55:43,471 [INFO] PluginManage:359 - Loaded plugin pinoutconfig (category:base,tabindex:0)
2025-09-25 19:55:43,471 [INFO] PluginManage:310 - Check plugin power
2025-09-25 19:55:43,484 [INFO] PluginManage:359 - Loaded plugin power (category:power,tabindex:4)
2025-09-25 19:55:43,484 [INFO] PluginManage:310 - Check plugin projectmanager
2025-09-25 19:55:43,510 [INFO] PluginManage:359 - Loaded plugin projectmanager (category:projectmanager,tabindex:4)
2025-09-25 19:55:43,510 [INFO] PluginManage:310 - Check plugin rif
2025-09-25 19:55:43,518 [INFO] PluginManage:359 - Loaded plugin rif (category:base,tabindex:3)
2025-09-25 19:55:43,518 [INFO] PluginManage:310 - Check plugin thirdparty
2025-09-25 19:55:43,677 [INFO] PluginManage:359 - Loaded plugin thirdparty (category:base,tabindex:-1)
2025-09-25 19:55:43,677 [INFO] PluginManage:310 - Check plugin tools
2025-09-25 19:55:43,676 [WARN] IntegrityCheckThread:84 - waiting for thirdparty lock release [integrity check]
2025-09-25 19:55:43,678 [INFO] IntegrityCheckThread:86 - entering critical section [integrity check]
2025-09-25 19:55:43,678 [INFO] ThirdPartyUpdaterWithRetryManager:70 - Updater plugin not ready yet. [1/15]
2025-09-25 19:55:43,680 [INFO] PluginManage:359 - Loaded plugin tools (category:base,tabindex:7)
2025-09-25 19:55:43,680 [INFO] PluginManage:310 - Check plugin tutovideos
2025-09-25 19:55:43,835 [INFO] PluginManage:359 - Loaded plugin tutovideos (category:base,tabindex:-1)
2025-09-25 19:55:43,835 [INFO] PluginManage:310 - Check plugin updater
2025-09-25 19:55:43,862 [INFO] PluginManage:359 - Loaded plugin updater (category:base,tabindex:12)
2025-09-25 19:55:43,863 [INFO] PluginManage:310 - Check plugin userauth
2025-09-25 19:55:43,866 [INFO] UserAuth:118 - Init User Auth plugin
2025-09-25 19:55:43,868 [INFO] PluginManage:359 - Loaded plugin userauth (category:base,tabindex:14)
2025-09-25 19:55:43,869 [INFO] PluginManage:283 - PluginManage : Loaded plugins [18]
2025-09-25 19:55:44,088 [INFO] PinOutPanel:1589 - setPackage(No Configuration,No Configuration)
2025-09-25 19:55:44,158 [INFO] CADModel:165 - CPN selected for project level
2025-09-25 19:55:44,158 [INFO] CADModel:114 - Register for checkConnection events
2025-09-25 19:55:44,168 [INFO] IPUIPlugin:80 - create IPUIPlugin
2025-09-25 19:55:44,168 [INFO] PluginManager:220 - loadIPPluginJar : add mdma
2025-09-25 19:55:44,173 [INFO] IPUIPlugin:80 - create IPUIPlugin
2025-09-25 19:55:44,173 [INFO] PluginManager:220 - loadIPPluginJar : add freertos
2025-09-25 19:55:44,176 [INFO] IPUIPlugin:80 - create IPUIPlugin
2025-09-25 19:55:44,176 [INFO] PluginManager:220 - loadIPPluginJar : add gic
2025-09-25 19:55:44,183 [INFO] IPUIPlugin:80 - create IPUIPlugin
2025-09-25 19:55:44,183 [INFO] PluginManager:220 - loadIPPluginJar : add adc
2025-09-25 19:55:44,184 [INFO] IPUIPlugin:80 - create IPUIPlugin
2025-09-25 19:55:44,184 [INFO] PluginManager:220 - loadIPPluginJar : add gtzc
2025-09-25 19:55:44,185 [INFO] IPUIPlugin:80 - create IPUIPlugin
2025-09-25 19:55:44,185 [INFO] PluginManager:220 - loadIPPluginJar : add quadspi
2025-09-25 19:55:44,187 [INFO] IPUIPlugin:80 - create IPUIPlugin
2025-09-25 19:55:44,187 [INFO] PluginManager:220 - loadIPPluginJar : add aes
2025-09-25 19:55:44,190 [INFO] IPUIPlugin:80 - create IPUIPlugin
2025-09-25 19:55:44,190 [INFO] PluginManager:220 - loadIPPluginJar : add pdm2pcm
2025-09-25 19:55:44,191 [INFO] IPUIPlugin:80 - create IPUIPlugin
2025-09-25 19:55:44,191 [INFO] PluginManager:220 - loadIPPluginJar : add hash
2025-09-25 19:55:44,192 [INFO] IPUIPlugin:80 - create IPUIPlugin
2025-09-25 19:55:44,192 [INFO] PluginManager:220 - loadIPPluginJar : add tim
2025-09-25 19:55:44,193 [INFO] IPUIPlugin:80 - create IPUIPlugin
2025-09-25 19:55:44,193 [INFO] PluginManager:220 - loadIPPluginJar : add tsc
2025-09-25 19:55:44,195 [INFO] IPUIPlugin:80 - create IPUIPlugin
2025-09-25 19:55:44,195 [INFO] PluginManager:220 - loadIPPluginJar : add extmemmanager
2025-09-25 19:55:44,196 [INFO] IPUIPlugin:80 - create IPUIPlugin
2025-09-25 19:55:44,196 [INFO] PluginManager:220 - loadIPPluginJar : add ts
2025-09-25 19:55:44,197 [INFO] IPUIPlugin:80 - create IPUIPlugin
2025-09-25 19:55:44,197 [INFO] PluginManager:220 - loadIPPluginJar : add radio
2025-09-25 19:55:44,198 [INFO] IPUIPlugin:80 - create IPUIPlugin
2025-09-25 19:55:44,198 [INFO] PluginManager:220 - loadIPPluginJar : add can
2025-09-25 19:55:44,199 [INFO] IPUIPlugin:80 - create IPUIPlugin
2025-09-25 19:55:44,199 [INFO] PluginManager:220 - loadIPPluginJar : add dma3
2025-09-25 19:55:44,200 [INFO] IPUIPlugin:80 - create IPUIPlugin
2025-09-25 19:55:44,200 [INFO] PluginManager:220 - loadIPPluginJar : add dfsdm
2025-09-25 19:55:44,201 [INFO] IPUIPlugin:80 - create IPUIPlugin
2025-09-25 19:55:44,201 [INFO] PluginManager:220 - loadIPPluginJar : add spi
2025-09-25 19:55:44,202 [INFO] IPUIPlugin:80 - create IPUIPlugin
2025-09-25 19:55:44,202 [INFO] PluginManager:220 - loadIPPluginJar : add gfxmmu
2025-09-25 19:55:44,203 [INFO] IPUIPlugin:80 - create IPUIPlugin
2025-09-25 19:55:44,203 [INFO] PluginManager:220 - loadIPPluginJar : add genericplugin
2025-09-25 19:55:44,204 [INFO] IPUIPlugin:80 - create IPUIPlugin
2025-09-25 19:55:44,204 [INFO] PluginManager:220 - loadIPPluginJar : add cryp
2025-09-25 19:55:44,206 [INFO] IPUIPlugin:80 - create IPUIPlugin
2025-09-25 19:55:44,207 [INFO] PluginManager:220 - loadIPPluginJar : add gpio
2025-09-25 19:55:44,208 [INFO] IPUIPlugin:80 - create IPUIPlugin
2025-09-25 19:55:44,209 [INFO] PluginManager:220 - loadIPPluginJar : add ddr_ctrl_phy
2025-09-25 19:55:44,209 [INFO] IPUIPlugin:80 - create IPUIPlugin
2025-09-25 19:55:44,210 [INFO] PluginManager:220 - loadIPPluginJar : add comp
2025-09-25 19:55:44,211 [INFO] IPUIPlugin:80 - create IPUIPlugin
2025-09-25 19:55:44,211 [INFO] PluginManager:220 - loadIPPluginJar : add tracer_emb
2025-09-25 19:55:44,213 [INFO] IPUIPlugin:80 - create IPUIPlugin
2025-09-25 19:55:44,213 [INFO] PluginManager:220 - loadIPPluginJar : add openamp
2025-09-25 19:55:44,216 [INFO] IPUIPlugin:80 - create IPUIPlugin
2025-09-25 19:55:44,216 [INFO] PluginManager:220 - loadIPPluginJar : add stm32_wpan
2025-09-25 19:55:44,218 [INFO] IPUIPlugin:80 - create IPUIPlugin
2025-09-25 19:55:44,220 [INFO] PluginManager:220 - loadIPPluginJar : add plateformsettings
2025-09-25 19:55:44,222 [INFO] IPUIPlugin:80 - create IPUIPlugin
2025-09-25 19:55:44,222 [INFO] PluginManager:220 - loadIPPluginJar : add ipddr
2025-09-25 19:55:44,223 [INFO] IPUIPlugin:80 - create IPUIPlugin
2025-09-25 19:55:44,223 [INFO] PluginManager:220 - loadIPPluginJar : add usart
2025-09-25 19:55:44,224 [INFO] IPUIPlugin:80 - create IPUIPlugin
2025-09-25 19:55:44,224 [INFO] PluginManager:220 - loadIPPluginJar : add ltdc
2025-09-25 19:55:44,225 [INFO] IPUIPlugin:80 - create IPUIPlugin
2025-09-25 19:55:44,225 [INFO] PluginManager:220 - loadIPPluginJar : add nvic
2025-09-25 19:55:44,226 [INFO] IPUIPlugin:80 - create IPUIPlugin
2025-09-25 19:55:44,226 [INFO] PluginManager:220 - loadIPPluginJar : add fatfs
2025-09-25 19:55:44,230 [INFO] IPUIPlugin:80 - create IPUIPlugin
2025-09-25 19:55:44,230 [INFO] PluginManager:220 - loadIPPluginJar : add linkedlist
2025-09-25 19:55:44,233 [INFO] IPUIPlugin:80 - create IPUIPlugin
2025-09-25 19:55:44,233 [INFO] PluginManager:220 - loadIPPluginJar : add dma
2025-09-25 19:55:44,235 [INFO] IPUIPlugin:80 - create IPUIPlugin
2025-09-25 19:55:44,235 [INFO] PluginManager:220 - loadIPPluginJar : add fmc
2025-09-25 19:55:44,236 [INFO] IPUIPlugin:80 - create IPUIPlugin
2025-09-25 19:55:44,236 [INFO] PluginManager:220 - loadIPPluginJar : add i2s
2025-09-25 19:55:44,237 [INFO] IPUIPlugin:80 - create IPUIPlugin
2025-09-25 19:55:44,237 [INFO] PluginManager:220 - loadIPPluginJar : add ucpd
2025-09-25 19:55:44,238 [INFO] IPUIPlugin:80 - create IPUIPlugin
2025-09-25 19:55:44,238 [INFO] PluginManager:220 - loadIPPluginJar : add lorawan
2025-09-25 19:55:44,239 [INFO] IPUIPlugin:80 - create IPUIPlugin
2025-09-25 19:55:44,239 [INFO] PluginManager:220 - loadIPPluginJar : add opamp
2025-09-25 19:55:44,240 [INFO] IPUIPlugin:80 - create IPUIPlugin
2025-09-25 19:55:44,241 [INFO] PluginManager:220 - loadIPPluginJar : add i3c
2025-09-25 19:55:44,242 [INFO] IPUIPlugin:80 - create IPUIPlugin
2025-09-25 19:55:44,242 [INFO] PluginManager:220 - loadIPPluginJar : add touchsensing
2025-09-25 19:55:44,244 [INFO] IPUIPlugin:80 - create IPUIPlugin
2025-09-25 19:55:44,244 [INFO] PluginManager:220 - loadIPPluginJar : add i2c
2025-09-25 19:55:44,246 [INFO] IPUIPlugin:80 - create IPUIPlugin
2025-09-25 19:55:44,246 [INFO] PluginManager:220 - loadIPPluginJar : add resmgrutility
2025-09-25 19:55:44,249 [INFO] IPUIPlugin:80 - create IPUIPlugin
2025-09-25 19:55:44,249 [INFO] PluginManager:220 - loadIPPluginJar : add sai
2025-09-25 19:55:44,251 [INFO] IPUIPlugin:80 - create IPUIPlugin
2025-09-25 19:55:44,251 [INFO] PluginManager:220 - loadIPPluginJar : add usbx
2025-09-25 19:55:44,360 [FATAL] Updater:351 - Updater called before beeing initialized
2025-09-25 19:55:44,410 [INFO] RulesReader:64 - Compatibility file has been processed (317 Rules)
2025-09-25 19:55:44,424 [INFO] RulesReader:64 - Compatibility file has been processed (317 Rules)
2025-09-25 19:55:44,433 [INFO] CADModel:165 - CPN selected for project level
2025-09-25 19:55:44,433 [INFO] CADModel:114 - Register for checkConnection events
2025-09-25 19:55:44,434 [FATAL] Updater:351 - Updater called before beeing initialized
2025-09-25 19:55:44,434 [ERROR] CADModel:125 - Updater not yet initialized, retry later 
2025-09-25 19:55:44,649 [FATAL] Updater:351 - Updater called before beeing initialized
2025-09-25 19:55:44,650 [INFO] CADModel:165 - CPN selected for project level
2025-09-25 19:55:44,650 [INFO] CADModel:114 - Register for checkConnection events
2025-09-25 19:55:44,650 [FATAL] Updater:351 - Updater called before beeing initialized
2025-09-25 19:55:44,650 [ERROR] CADModel:125 - Updater not yet initialized, retry later 
2025-09-25 19:55:44,652 [FATAL] Updater:351 - Updater called before beeing initialized
2025-09-25 19:55:44,796 [FATAL] Updater:351 - Updater called before beeing initialized
2025-09-25 19:55:44,801 [INFO] DbMcusAds:53 - JSON generation date=Tue Jul 08 01:14:23 PDT 2025 (1751962463524)
2025-09-25 19:55:44,801 [FATAL] Updater:351 - Updater called before beeing initialized
2025-09-25 19:55:44,850 [WARN] DetailPanel:346 - Failed to get advertising image, set to default
2025-09-25 19:55:44,921 [FATAL] Updater:351 - Updater called before beeing initialized
2025-09-25 19:55:44,924 [FATAL] Updater:351 - Updater called before beeing initialized
2025-09-25 19:55:44,924 [FATAL] Updater:351 - Updater called before beeing initialized
2025-09-25 19:55:44,925 [WARN] DetailPanel:346 - Failed to get advertising image, set to default
2025-09-25 19:55:44,925 [FATAL] Updater:351 - Updater called before beeing initialized
2025-09-25 19:55:45,012 [ERROR] Updater:1198 - MainUpdater not yet initialized. External WinMGr cannot be set.
2025-09-25 19:55:45,019 [INFO] Updater:1134 - Updater Version found : 6.15.0
2025-09-25 19:55:45,031 [INFO] ApplicationProperties:184 - Using Application install path: /Applications/STM32CubeIDE.app/Contents/Eclipse/plugins/com.st.stm32cube.common.mx_6.15.0.202507011659
2025-09-25 19:55:45,494 [INFO] MainUpdater:2872 - connection check result : 10
2025-09-25 19:55:45,496 [INFO] MainUpdater:289 - Updater Check For Update Now.
2025-09-25 19:55:45,496 [INFO] MicroXplorer:498 - Change Database Version : DB.6.0.150
2025-09-25 19:55:45,509 [INFO] McuFinderGlobals:63 - Set McuFinder mode to 2 (CubeIDE integrated)
2025-09-25 19:55:45,509 [INFO] UserAuth:171 - activating auth plugin
2025-09-25 19:55:45,518 [INFO] UserAuth:487 - Internet connection configuration mode: 1
2025-09-25 19:55:45,538 [INFO] JxBrowserEngine:152 - Initiate JxBrowser Engine with user profile folder
2025-09-25 19:55:45,777 [INFO] CheckServerUpdateThread:120 - End of CheckServer Thread
2025-09-25 19:55:46,876 [WARN] PackLoader:240 - Cannot read IP mode file for STMicroelectronics.FP-SNS-MOTENVWB1.1.4.0
2025-09-25 19:55:46,898 [WARN] PackLoader:240 - Cannot read IP mode file for STMicroelectronics.FP-ATR-ASTRA1.2.0.2
2025-09-25 19:55:46,913 [WARN] PackLoader:240 - Cannot read IP mode file for STMicroelectronics.X-CUBE-SMBUS.2.1.0
2025-09-25 19:55:46,919 [WARN] PackLoader:240 - Cannot read IP mode file for STMicroelectronics.X-CUBE-ST60.1.0.0
2025-09-25 19:55:46,957 [WARN] PackLoader:240 - Cannot read IP mode file for STMicroelectronics.X-CUBE-AZRTOS-F7.1.1.0
2025-09-25 19:55:46,974 [WARN] PackLoader:240 - Cannot read IP mode file for Cesanta.I-CUBE-Mongoose.7.19.0
2025-09-25 19:55:46,985 [WARN] PackLoader:240 - Cannot read IP mode file for WES.I-CUBE-Cesium.1.4.0
2025-09-25 19:55:47,020 [WARN] PackLoader:240 - Cannot read IP mode file for Infineon.AIROC-Wi-Fi-Bluetooth-STM32.1.7.1
2025-09-25 19:55:47,082 [WARN] PackLoader:240 - Cannot read IP mode file for STMicroelectronics.X-CUBE-AZRTOS-H7.3.4.0
2025-09-25 19:55:47,108 [WARN] PackLoader:240 - Cannot read IP mode file for STMicroelectronics.X-CUBE-DISPLAY.3.0.0
2025-09-25 19:55:47,137 [WARN] PackLoader:240 - Cannot read IP mode file for STMicroelectronics.X-CUBE-NFC10.1.0.0
2025-09-25 19:55:47,144 [WARN] PackLoader:240 - Cannot read IP mode file for emotas.I-CUBE-CANOPEN.1.3.0
2025-09-25 19:55:47,155 [WARN] PackLoader:240 - Cannot read IP mode file for STMicroelectronics.FP-SNS-STBOX1.2.1.0
2025-09-25 19:55:47,165 [WARN] PackLoader:240 - Cannot read IP mode file for STMicroelectronics.FP-SNS-SMARTAG2.1.2.0
2025-09-25 19:55:47,170 [WARN] PackLoader:240 - Cannot read IP mode file for STMicroelectronics.FP-SNS-FLIGHT1.5.1.0
2025-09-25 19:55:47,178 [INFO] LogOutputStream:77 - [STDOUT_REDIRECT] 1 : Invalid condition id : UX_CORESTACK_Condition cause : null
2025-09-25 19:55:47,179 [INFO] LogOutputStream:77 - [STDOUT_REDIRECT] 1 : Invalid condition id : UX_CORESTACK_Condition cause : null
2025-09-25 19:55:47,180 [INFO] LogOutputStream:77 - [STDOUT_REDIRECT] 1 : Invalid condition id : UX_CORESTACK_Condition cause : null
2025-09-25 19:55:47,180 [INFO] LogOutputStream:77 - [STDOUT_REDIRECT] 1 : Invalid condition id : UX_CORESTACK_Condition cause : null
2025-09-25 19:55:47,180 [INFO] LogOutputStream:77 - [STDOUT_REDIRECT] 1 : Invalid condition id : UX_CORESTACK_Condition cause : null
2025-09-25 19:55:47,187 [WARN] PackLoader:240 - Cannot read IP mode file for STMicroelectronics.X-CUBE-AZRTOS-WL.2.0.0
2025-09-25 19:55:47,197 [WARN] PackLoader:240 - Cannot read IP mode file for STMicroelectronics.FP-SNS-MOTENV1.5.0.0
2025-09-25 19:55:47,206 [WARN] PackLoader:240 - Cannot read IP mode file for WES.I-CUBE-Cesium.1.3.0
2025-09-25 19:55:47,211 [WARN] PackLoader:240 - Cannot read IP mode file for STMicroelectronics.X-CUBE-BLE2.3.3.0
2025-09-25 19:55:47,224 [WARN] PackLoader:240 - Cannot read IP mode file for STMicroelectronics.X-CUBE-NFC9.1.0.0
2025-09-25 19:55:47,238 [WARN] PackLoader:240 - Cannot read IP mode file for wolfSSL.I-CUBE-wolfSSL.5.8.2
2025-09-25 19:55:47,249 [WARN] PackLoader:240 - Cannot read IP mode file for STMicroelectronics.X-CUBE-BLE1.7.1.0
2025-09-25 19:55:47,253 [WARN] PackLoader:240 - Cannot read IP mode file for wolfSSL.I-CUBE-wolfMQTT.1.19.2
2025-09-25 19:55:47,265 [WARN] PackLoader:240 - Cannot read IP mode file for STMicroelectronics.X-CUBE-EEPRMA1.5.2.0
2025-09-25 19:55:47,277 [WARN] PackLoader:240 - Cannot read IP mode file for STMicroelectronics.X-CUBE-AI.10.1.0
2025-09-25 19:55:47,296 [WARN] PackLoader:240 - Cannot read IP mode file for STMicroelectronics.X-CUBE-AZRTOS-G0.1.1.0
2025-09-25 19:55:47,307 [WARN] PackLoader:240 - Cannot read IP mode file for STMicroelectronics.X-CUBE-SAFEA1.1.2.2
2025-09-25 19:55:47,326 [WARN] PackLoader:240 - Cannot read IP mode file for STMicroelectronics.X-CUBE-NFC4.3.0.0
2025-09-25 19:55:47,337 [WARN] PackLoader:240 - Cannot read IP mode file for EmbeddedOffice.I-CUBE-FS-RTOS.1.0.1
2025-09-25 19:55:47,344 [WARN] PackLoader:240 - Cannot read IP mode file for STMicroelectronics.X-CUBE-WB05N.2.0.0
2025-09-25 19:55:47,350 [WARN] PackLoader:240 - Cannot read IP mode file for wolfSSL.I-CUBE-wolfTPM.3.8.0
2025-09-25 19:55:47,370 [WARN] PackLoader:240 - Cannot read IP mode file for STMicroelectronics.X-CUBE-TCPP.4.2.0
2025-09-25 19:55:47,395 [WARN] PackLoader:240 - Cannot read IP mode file for RealThread.X-CUBE-RT-Thread_Nano.4.1.1
2025-09-25 19:55:47,400 [WARN] PackLoader:240 - Cannot read IP mode file for STMicroelectronics.FP-ATR-SIGFOX1.3.2.0
2025-09-25 19:55:47,405 [WARN] PackLoader:240 - Cannot read IP mode file for ITTIA_DB.I-CUBE-ITTIADB.8.9.0
2025-09-25 19:55:47,413 [WARN] PackLoader:240 - Cannot read IP mode file for STMicroelectronics.X-CUBE-ST67W61.1.0.0
2025-09-25 19:55:47,417 [WARN] PackLoader:240 - Cannot read IP mode file for STMicroelectronics.X-CUBE-AI.10.2.0
2025-09-25 19:55:47,472 [WARN] PackLoader:240 - Cannot read IP mode file for SEGGER.I-CUBE-embOS.1.3.1
2025-09-25 19:55:47,530 [WARN] PackLoader:240 - Cannot read IP mode file for STMicroelectronics.X-CUBE-ALGOBUILD.1.4.0
2025-09-25 19:55:47,614 [WARN] PackLoader:240 - Cannot read IP mode file for STMicroelectronics.X-CUBE-MEMS1.11.3.0
2025-09-25 19:55:47,927 [WARN] PackLoader:240 - Cannot read IP mode file for STMicroelectronics.X-CUBE-PM33A1.1.0.0
2025-09-25 19:55:48,013 [WARN] PackLoader:240 - Cannot read IP mode file for STMicroelectronics.X-CUBE-AZRTOS-F4.1.1.0
2025-09-25 19:55:48,030 [WARN] PackLoader:240 - Cannot read IP mode file for Avnet-IotConnect.X-CUBE-IoTC-DA16k-PMOD.1.0.0
2025-09-25 19:55:48,037 [WARN] PackLoader:240 - Cannot read IP mode file for STMicroelectronics.X-CUBE-ISPU.2.1.0
2025-09-25 19:55:48,048 [WARN] PackLoader:240 - Cannot read IP mode file for STMicroelectronics.X-CUBE-NFC12.1.0.0
2025-09-25 19:55:48,081 [WARN] PackLoader:240 - Cannot read IP mode file for STMicroelectronics.X-CUBE-AZRTOS-L5.2.0.0
2025-09-25 19:55:48,095 [WARN] PackLoader:240 - Cannot read IP mode file for STMicroelectronics.X-CUBE-NFC6.3.1.0
2025-09-25 19:55:48,104 [WARN] PackLoader:240 - Cannot read IP mode file for STMicroelectronics.X-CUBE-FREERTOS.1.3.1
2025-09-25 19:55:48,119 [WARN] PackLoader:240 - Cannot read IP mode file for STMicroelectronics.FP-SNS-STAIOTCFT.1.0.0
2025-09-25 19:55:48,128 [WARN] PackLoader:240 - Cannot read IP mode file for STMicroelectronics.X-CUBE-DPower.1.3.0
2025-09-25 19:55:48,148 [WARN] ConditionMgr:438 - getConditionDescription Invalid condition id : LAN8742 Phy interface Condition cause : null
2025-09-25 19:55:48,152 [WARN] PackLoader:240 - Cannot read IP mode file for STMicroelectronics.X-CUBE-AZRTOS-L4.2.0.0
2025-09-25 19:55:48,156 [WARN] ConditionMgr:1044 - genDependencies : Invalid condition id : LAN8742 Phy interface Condition cause : null
2025-09-25 19:55:48,156 [WARN] ConditionMgr:1044 - genDependencies : Invalid condition id : LAN8742 Phy interface Condition cause : null
2025-09-25 19:55:48,157 [WARN] ConditionMgr:1044 - genDependencies : Invalid condition id : LAN8742 Phy interface Condition cause : null
2025-09-25 19:55:48,169 [WARN] PackLoader:240 - Cannot read IP mode file for STMicroelectronics.X-CUBE-SFXS2LP1.4.0.0
2025-09-25 19:55:48,188 [WARN] PackLoader:240 - Cannot read IP mode file for STMicroelectronics.X-CUBE-BLEMGR.4.1.0
2025-09-25 19:55:48,216 [WARN] ConditionMgr:438 - getConditionDescription Invalid condition id : UX DEVICE CLASS RTOS Condition cause : null
2025-09-25 19:55:48,216 [WARN] ConditionMgr:438 - getConditionDescription Invalid condition id : UX DEVICE CLASS RTOS Condition cause : null
2025-09-25 19:55:48,219 [WARN] PackLoader:240 - Cannot read IP mode file for STMicroelectronics.X-CUBE-AZRTOS-WB.2.0.0
2025-09-25 19:55:48,220 [WARN] ConditionMgr:1044 - genDependencies : Invalid condition id : UX DEVICE CLASS RTOS Condition cause : null
2025-09-25 19:55:48,220 [WARN] ConditionMgr:1044 - genDependencies : Invalid condition id : UX DEVICE CLASS RTOS Condition cause : null
2025-09-25 19:55:48,221 [WARN] ConditionMgr:1044 - genDependencies : Invalid condition id : UX DEVICE CLASS RTOS Condition cause : null
2025-09-25 19:55:48,222 [WARN] ConditionMgr:1044 - genDependencies : Invalid condition id : UX DEVICE CLASS RTOS Condition cause : null
2025-09-25 19:55:48,222 [WARN] ConditionMgr:1044 - genDependencies : Invalid condition id : UX DEVICE CLASS RTOS Condition cause : null
2025-09-25 19:55:48,226 [WARN] PackLoader:240 - Cannot read IP mode file for STMicroelectronics.X-CUBE-GNSS1.7.0.1
2025-09-25 19:55:48,248 [WARN] PackLoader:240 - Cannot read IP mode file for STMicroelectronics.X-CUBE-TOUCHGFX.4.25.0
2025-09-25 19:55:48,261 [WARN] PackLoader:240 - Cannot read IP mode file for STMicroelectronics.FP-SNS-STBOX1.2.0.0
2025-09-25 19:55:48,280 [WARN] ConditionMgr:438 - getConditionDescription Invalid condition id : Cortex-A Device cause : null
2025-09-25 19:55:48,336 [WARN] ConditionMgr:1044 - genDependencies : Invalid condition id : Cortex-A Device cause : null
2025-09-25 19:55:48,337 [WARN] ConditionMgr:1044 - genDependencies : Invalid condition id : Cortex-A Device cause : null
2025-09-25 19:55:48,337 [WARN] ConditionMgr:1044 - genDependencies : Invalid condition id : Cortex-A Device cause : null
2025-09-25 19:55:48,353 [WARN] PackLoader:240 - Cannot read IP mode file for STMicroelectronics.X-CUBE-SUBG2.5.0.0
2025-09-25 19:55:48,390 [WARN] PackLoader:240 - Cannot read IP mode file for STMicroelectronics.X-CUBE-AZRTOS-H7RS.1.1.0
2025-09-25 19:55:48,401 [WARN] PackLoader:240 - Cannot read IP mode file for Cesanta.I-CUBE-Mongoose.7.13.0
2025-09-25 19:55:48,415 [WARN] PackLoader:240 - Cannot read IP mode file for STMicroelectronics.X-CUBE-AZRTOS-G4.2.0.0
2025-09-25 19:55:48,419 [WARN] PackLoader:240 - Cannot read IP mode file for wolfSSL.I-CUBE-wolfSSH.1.4.20
2025-09-25 19:55:48,424 [WARN] PackLoader:240 - Cannot read IP mode file for STMicroelectronics.X-CUBE-NFC7.2.0.0
2025-09-25 19:55:48,437 [WARN] PackLoader:240 - Cannot read IP mode file for STMicroelectronics.X-CUBE-IPS.3.1.0
2025-09-25 19:55:48,443 [WARN] PackLoader:240 - Cannot read IP mode file for STMicroelectronics.X-CUBE-ALS.1.0.2
2025-09-25 19:55:48,450 [WARN] PackLoader:240 - Cannot read IP mode file for STMicroelectronics.X-CUBE-STSE01.1.0.0
2025-09-25 19:55:48,455 [WARN] PackLoader:240 - Cannot read IP mode file for portGmbH.I-Cube-SoM-uGOAL.1.1.0
2025-09-25 19:55:48,469 [WARN] PackLoader:240 - Cannot read IP mode file for STMicroelectronics.X-CUBE-TOF1.3.4.3
2025-09-25 19:55:48,477 [INFO] ThirdParty:978 - Integrity check success = true
2025-09-25 19:55:48,477 [INFO] IntegrityCheckThread:100 - exiting critical section [integrity check]
2025-09-25 19:55:48,477 [INFO] IntegrityCheckThread:103 - End integrity checks thread
2025-09-25 19:55:50,452 [INFO] WebApp:169 - Instantiating new browser for Auth
2025-09-25 19:55:51,950 [INFO] WebApp:463 - Apply proxy settings
2025-09-25 19:55:51,969 [INFO] WebApp:508 - Chromium authenticates against Manually configured proxy
2025-09-25 19:55:51,982 [INFO] WebApp:516 - Username used for proxy authentication: 
2025-09-25 19:55:52,026 [INFO] WebApp:900 - Register for checkConnection events
2025-09-25 19:55:52,027 [INFO] WebApp:463 - Apply proxy settings
2025-09-25 19:55:52,030 [INFO] WebApp:508 - Chromium authenticates against Manually configured proxy
2025-09-25 19:55:52,031 [INFO] WebApp:516 - Username used for proxy authentication: 
2025-09-25 19:55:52,179 [INFO] WebApp:225 - Starting web application
2025-09-25 19:55:52,180 [INFO] WebApp:593 - Web application path used /Applications/STM32CubeIDE.app/Contents/Eclipse/plugins/com.st.stm32cube.common.mx_6.15.0.202507011659/db/plugins/mcufinder/reactClient1/index.html
2025-09-25 19:55:52,676 [INFO] WebApp:191 - Connection restablished
2025-09-25 21:16:18,722 [INFO] WebApp:194 - Connection lost
2025-09-25 21:17:51,774 [INFO] WebApp:191 - Connection restablished
2025-09-25 21:18:13,789 [INFO] WebApp:194 - Connection lost
2025-09-25 21:31:14,984 [INFO] WebApp:191 - Connection restablished
2025-09-25 21:32:02,905 [INFO] WebApp:194 - Connection lost
2025-09-25 21:32:10,416 [INFO] WebApp:191 - Connection restablished
2025-09-25 21:33:29,960 [INFO] WebApp:194 - Connection lost
2025-09-25 21:43:06,562 [INFO] WebApp:191 - Connection restablished
2025-09-25 21:43:54,733 [INFO] WebApp:194 - Connection lost
2025-09-25 21:44:44,996 [INFO] WebApp:191 - Connection restablished
2025-09-25 21:45:56,675 [INFO] WebApp:194 - Connection lost
2025-09-25 21:46:00,674 [INFO] WebApp:191 - Connection restablished
2025-09-25 21:47:01,908 [INFO] WebApp:194 - Connection lost
2025-09-25 21:47:05,848 [INFO] WebApp:191 - Connection restablished
2025-09-25 21:47:58,966 [INFO] WebApp:194 - Connection lost
2025-09-25 21:48:03,067 [INFO] WebApp:191 - Connection restablished
2025-09-25 21:49:04,853 [INFO] WebApp:194 - Connection lost
2025-09-25 21:49:09,205 [INFO] WebApp:191 - Connection restablished
2025-09-25 21:50:01,327 [INFO] WebApp:194 - Connection lost
2025-09-25 21:50:05,767 [INFO] WebApp:191 - Connection restablished
2025-09-25 21:51:04,165 [INFO] WebApp:194 - Connection lost
2025-09-25 21:51:08,508 [INFO] WebApp:191 - Connection restablished
2025-09-25 21:52:04,656 [INFO] WebApp:194 - Connection lost
2025-09-25 21:52:09,126 [INFO] WebApp:191 - Connection restablished
2025-09-25 21:53:09,848 [INFO] WebApp:194 - Connection lost
2025-09-25 21:53:13,965 [INFO] WebApp:191 - Connection restablished
2025-09-25 21:54:12,058 [INFO] WebApp:194 - Connection lost
2025-09-25 21:54:16,046 [INFO] WebApp:191 - Connection restablished
2025-09-25 21:55:06,381 [INFO] WebApp:194 - Connection lost
2025-09-25 21:55:10,030 [INFO] WebApp:191 - Connection restablished
2025-09-25 21:56:55,133 [INFO] WebApp:194 - Connection lost
2025-09-25 21:56:59,789 [INFO] WebApp:191 - Connection restablished
2025-09-25 21:57:52,276 [INFO] WebApp:194 - Connection lost
2025-09-25 21:57:56,146 [INFO] WebApp:191 - Connection restablished
2025-09-25 21:58:46,811 [INFO] WebApp:194 - Connection lost
2025-09-25 21:58:50,905 [INFO] WebApp:191 - Connection restablished
2025-09-25 21:59:46,956 [INFO] WebApp:194 - Connection lost
2025-09-25 21:59:51,190 [INFO] WebApp:191 - Connection restablished
2025-09-25 22:00:52,817 [INFO] WebApp:194 - Connection lost
2025-09-25 22:00:56,505 [INFO] WebApp:191 - Connection restablished
2025-09-25 22:01:56,487 [INFO] WebApp:194 - Connection lost
2025-09-25 22:02:01,020 [INFO] WebApp:191 - Connection restablished
2025-09-25 22:02:56,573 [INFO] WebApp:194 - Connection lost
2025-09-25 22:03:00,886 [INFO] WebApp:191 - Connection restablished
2025-09-25 22:03:55,050 [INFO] WebApp:194 - Connection lost
2025-09-25 22:03:59,684 [INFO] WebApp:191 - Connection restablished
2025-09-25 22:04:50,843 [INFO] WebApp:194 - Connection lost
2025-09-25 22:04:55,141 [INFO] WebApp:191 - Connection restablished
2025-09-25 22:05:50,050 [INFO] WebApp:194 - Connection lost
2025-09-25 22:05:54,242 [INFO] WebApp:191 - Connection restablished
2025-09-25 22:06:45,857 [INFO] WebApp:194 - Connection lost
2025-09-25 22:06:49,525 [INFO] WebApp:191 - Connection restablished
2025-09-25 22:07:45,540 [INFO] WebApp:194 - Connection lost
2025-09-25 22:07:49,590 [INFO] WebApp:191 - Connection restablished
2025-09-25 22:08:49,254 [INFO] WebApp:194 - Connection lost
2025-09-25 22:08:53,391 [INFO] WebApp:191 - Connection restablished
2025-09-25 22:09:55,851 [INFO] WebApp:194 - Connection lost
2025-09-25 22:10:00,425 [INFO] WebApp:191 - Connection restablished
2025-09-25 22:10:58,287 [INFO] WebApp:194 - Connection lost
2025-09-25 22:11:01,802 [INFO] WebApp:191 - Connection restablished
2025-09-25 22:12:05,250 [INFO] WebApp:194 - Connection lost
2025-09-25 22:12:09,011 [INFO] WebApp:191 - Connection restablished
2025-09-25 22:13:01,591 [INFO] WebApp:194 - Connection lost
2025-09-25 22:13:05,444 [INFO] WebApp:191 - Connection restablished
2025-09-25 22:14:03,021 [INFO] WebApp:194 - Connection lost
2025-09-25 22:14:06,786 [INFO] WebApp:191 - Connection restablished
2025-09-25 22:14:56,466 [INFO] WebApp:194 - Connection lost
2025-09-25 22:15:00,875 [INFO] WebApp:191 - Connection restablished
2025-09-25 22:15:48,108 [INFO] WebApp:194 - Connection lost
2025-09-25 22:15:52,213 [INFO] WebApp:191 - Connection restablished
2025-09-25 22:16:43,968 [INFO] WebApp:194 - Connection lost
2025-09-25 22:16:48,615 [INFO] WebApp:191 - Connection restablished
2025-09-25 22:17:48,495 [INFO] WebApp:194 - Connection lost
2025-09-25 22:17:52,849 [INFO] WebApp:191 - Connection restablished
2025-09-25 22:18:56,277 [INFO] WebApp:194 - Connection lost
2025-09-25 22:19:00,847 [INFO] WebApp:191 - Connection restablished
2025-09-25 22:19:50,940 [INFO] WebApp:194 - Connection lost
2025-09-25 22:19:54,667 [INFO] WebApp:191 - Connection restablished
2025-09-25 22:20:43,880 [INFO] WebApp:194 - Connection lost
2025-09-25 22:20:48,502 [INFO] WebApp:191 - Connection restablished
2025-09-25 22:21:46,349 [INFO] WebApp:194 - Connection lost
2025-09-25 22:21:50,636 [INFO] WebApp:191 - Connection restablished
2025-09-25 22:21:59,520 [INFO] WebApp:194 - Connection lost
2025-09-25 22:22:03,641 [INFO] WebApp:191 - Connection restablished
2025-09-25 22:22:55,078 [INFO] WebApp:194 - Connection lost
2025-09-25 22:22:58,853 [INFO] WebApp:191 - Connection restablished
2025-09-25 22:24:02,676 [INFO] WebApp:194 - Connection lost
2025-09-25 22:24:06,792 [INFO] WebApp:191 - Connection restablished
2025-09-25 22:24:55,844 [INFO] WebApp:194 - Connection lost
2025-09-25 22:24:59,305 [INFO] WebApp:191 - Connection restablished
2025-09-25 22:25:56,550 [INFO] WebApp:194 - Connection lost
2025-09-25 22:26:01,122 [INFO] WebApp:191 - Connection restablished
2025-09-25 22:26:08,328 [INFO] WebApp:194 - Connection lost
2025-09-25 22:26:12,384 [INFO] WebApp:191 - Connection restablished
2025-09-25 22:26:58,862 [INFO] WebApp:194 - Connection lost
2025-09-25 22:27:02,483 [INFO] WebApp:191 - Connection restablished
2025-09-25 22:27:55,126 [INFO] WebApp:194 - Connection lost
2025-09-25 22:27:59,253 [INFO] WebApp:191 - Connection restablished
2025-09-25 22:28:48,193 [INFO] WebApp:194 - Connection lost
2025-09-25 22:28:51,747 [INFO] WebApp:191 - Connection restablished
2025-09-25 22:29:39,595 [INFO] WebApp:194 - Connection lost
2025-09-25 22:29:44,154 [INFO] WebApp:191 - Connection restablished
2025-09-25 22:30:38,556 [INFO] WebApp:194 - Connection lost
2025-09-25 22:30:42,085 [INFO] WebApp:191 - Connection restablished
2025-09-25 22:30:50,550 [INFO] WebApp:194 - Connection lost
2025-09-25 22:30:54,580 [INFO] WebApp:191 - Connection restablished
2025-09-25 22:31:47,698 [INFO] WebApp:194 - Connection lost
2025-09-25 22:31:51,830 [INFO] WebApp:191 - Connection restablished
2025-09-25 22:31:59,715 [INFO] WebApp:194 - Connection lost
2025-09-25 22:32:03,857 [INFO] WebApp:191 - Connection restablished
2025-09-25 22:33:01,128 [INFO] WebApp:194 - Connection lost
2025-09-25 22:33:04,691 [INFO] WebApp:191 - Connection restablished
2025-09-25 22:34:06,009 [INFO] WebApp:194 - Connection lost
2025-09-25 22:34:10,407 [INFO] WebApp:191 - Connection restablished
2025-09-25 22:35:09,706 [INFO] WebApp:194 - Connection lost
2025-09-25 22:35:13,201 [INFO] WebApp:191 - Connection restablished
2025-09-25 22:36:16,787 [INFO] WebApp:194 - Connection lost
2025-09-25 22:36:20,991 [INFO] WebApp:191 - Connection restablished
2025-09-25 22:36:29,288 [INFO] WebApp:194 - Connection lost
2025-09-25 22:36:33,463 [INFO] WebApp:191 - Connection restablished
2025-09-25 22:37:20,059 [INFO] WebApp:194 - Connection lost
2025-09-25 22:37:23,713 [INFO] WebApp:191 - Connection restablished
2025-09-25 22:38:23,835 [INFO] WebApp:194 - Connection lost
2025-09-25 22:38:28,582 [INFO] WebApp:191 - Connection restablished
2025-09-25 22:39:29,778 [INFO] WebApp:194 - Connection lost
2025-09-25 22:39:34,095 [INFO] WebApp:191 - Connection restablished
2025-09-25 22:40:37,994 [INFO] WebApp:194 - Connection lost
2025-09-25 22:40:42,676 [INFO] WebApp:191 - Connection restablished
2025-09-25 22:41:42,911 [INFO] WebApp:194 - Connection lost
2025-09-25 22:41:46,749 [INFO] WebApp:191 - Connection restablished
2025-09-25 22:42:48,860 [INFO] WebApp:194 - Connection lost
2025-09-25 22:42:53,355 [INFO] WebApp:191 - Connection restablished
2025-09-25 22:43:57,205 [INFO] WebApp:194 - Connection lost
2025-09-25 22:44:00,871 [INFO] WebApp:191 - Connection restablished
2025-09-25 22:44:52,335 [INFO] WebApp:194 - Connection lost
2025-09-25 22:44:56,976 [INFO] WebApp:191 - Connection restablished
2025-09-25 22:45:57,120 [INFO] WebApp:194 - Connection lost
2025-09-25 22:46:00,724 [INFO] WebApp:191 - Connection restablished
2025-09-25 22:46:53,190 [INFO] WebApp:194 - Connection lost
2025-09-25 22:46:57,764 [INFO] WebApp:191 - Connection restablished
2025-09-25 22:47:50,033 [INFO] WebApp:194 - Connection lost
2025-09-25 22:47:53,692 [INFO] WebApp:191 - Connection restablished
2025-09-25 22:48:44,777 [INFO] WebApp:194 - Connection lost
2025-09-25 22:48:49,404 [INFO] WebApp:191 - Connection restablished
2025-09-25 22:49:43,895 [INFO] WebApp:194 - Connection lost
2025-09-25 22:49:47,307 [INFO] WebApp:191 - Connection restablished
2025-09-25 22:49:56,028 [INFO] WebApp:194 - Connection lost
2025-09-25 22:49:59,743 [INFO] WebApp:191 - Connection restablished
2025-09-25 22:50:56,622 [INFO] WebApp:194 - Connection lost
2025-09-25 22:51:00,777 [INFO] WebApp:191 - Connection restablished
2025-09-25 22:51:48,646 [INFO] WebApp:194 - Connection lost
2025-09-25 22:51:52,221 [INFO] WebApp:191 - Connection restablished
2025-09-25 22:52:44,729 [INFO] WebApp:194 - Connection lost
2025-09-25 22:52:48,864 [INFO] WebApp:191 - Connection restablished
2025-09-25 22:53:43,299 [INFO] WebApp:194 - Connection lost
2025-09-25 22:53:47,020 [INFO] WebApp:191 - Connection restablished
2025-09-25 22:54:35,017 [INFO] WebApp:194 - Connection lost
2025-09-25 22:54:39,306 [INFO] WebApp:191 - Connection restablished
2025-09-25 22:55:41,286 [INFO] WebApp:194 - Connection lost
2025-09-25 22:55:44,990 [INFO] WebApp:191 - Connection restablished
2025-09-25 22:56:37,260 [INFO] WebApp:194 - Connection lost
2025-09-25 22:56:41,819 [INFO] WebApp:191 - Connection restablished
2025-09-25 22:57:32,228 [INFO] WebApp:194 - Connection lost
2025-09-25 22:57:35,824 [INFO] WebApp:191 - Connection restablished
2025-09-25 22:59:09,222 [INFO] WebApp:194 - Connection lost
2025-09-25 22:59:13,783 [INFO] WebApp:191 - Connection restablished
2025-09-25 23:00:15,382 [INFO] WebApp:194 - Connection lost
2025-09-25 23:00:19,269 [INFO] WebApp:191 - Connection restablished
2025-09-25 23:01:14,921 [INFO] WebApp:194 - Connection lost
2025-09-25 23:01:18,553 [INFO] WebApp:191 - Connection restablished
2025-09-25 23:02:16,604 [INFO] WebApp:194 - Connection lost
2025-09-25 23:02:21,265 [INFO] WebApp:191 - Connection restablished
2025-09-25 23:02:28,514 [INFO] WebApp:194 - Connection lost
2025-09-25 23:02:32,584 [INFO] WebApp:191 - Connection restablished
2025-09-25 23:03:21,547 [INFO] WebApp:194 - Connection lost
2025-09-25 23:03:25,128 [INFO] WebApp:191 - Connection restablished
2025-09-25 23:04:29,099 [INFO] WebApp:194 - Connection lost
2025-09-25 23:04:33,484 [INFO] WebApp:191 - Connection restablished
2025-09-25 23:05:32,158 [INFO] WebApp:194 - Connection lost
2025-09-25 23:05:35,829 [INFO] WebApp:191 - Connection restablished
2025-09-25 23:06:34,122 [INFO] WebApp:194 - Connection lost
2025-09-25 23:06:37,587 [INFO] WebApp:191 - Connection restablished
2025-09-25 23:07:33,523 [INFO] WebApp:194 - Connection lost
2025-09-25 23:07:37,951 [INFO] WebApp:191 - Connection restablished
2025-09-25 23:08:28,639 [INFO] WebApp:194 - Connection lost
2025-09-25 23:08:32,849 [INFO] WebApp:191 - Connection restablished
2025-09-25 23:09:22,387 [INFO] WebApp:194 - Connection lost
2025-09-25 23:09:26,887 [INFO] WebApp:191 - Connection restablished
2025-09-25 23:10:26,115 [INFO] WebApp:194 - Connection lost
2025-09-25 23:10:29,848 [INFO] WebApp:191 - Connection restablished
2025-09-25 23:11:24,278 [INFO] WebApp:194 - Connection lost
2025-09-25 23:11:28,717 [INFO] WebApp:191 - Connection restablished
2025-09-25 23:12:22,140 [INFO] WebApp:194 - Connection lost
2025-09-25 23:12:25,977 [INFO] WebApp:191 - Connection restablished
2025-09-25 23:13:12,925 [INFO] WebApp:194 - Connection lost
2025-09-25 23:13:17,106 [INFO] WebApp:191 - Connection restablished
2025-09-25 23:14:08,600 [INFO] WebApp:194 - Connection lost
2025-09-25 23:14:12,808 [INFO] WebApp:191 - Connection restablished
2025-09-25 23:15:15,593 [INFO] WebApp:194 - Connection lost
2025-09-25 23:15:20,076 [INFO] WebApp:191 - Connection restablished
2025-09-25 23:16:09,003 [INFO] WebApp:194 - Connection lost
2025-09-25 23:16:13,353 [INFO] WebApp:191 - Connection restablished
2025-09-25 23:17:06,092 [INFO] WebApp:194 - Connection lost
2025-09-25 23:17:10,150 [INFO] WebApp:191 - Connection restablished
2025-09-25 23:17:18,036 [INFO] WebApp:194 - Connection lost
2025-09-25 23:17:22,141 [INFO] WebApp:191 - Connection restablished
2025-09-25 23:18:18,779 [INFO] WebApp:194 - Connection lost
2025-09-25 23:18:22,976 [INFO] WebApp:191 - Connection restablished
2025-09-25 23:18:36,718 [INFO] WebApp:194 - Connection lost
2025-09-25 23:18:40,857 [INFO] WebApp:191 - Connection restablished
2025-09-25 23:19:42,010 [INFO] WebApp:194 - Connection lost
2025-09-25 23:19:46,584 [INFO] WebApp:191 - Connection restablished
2025-09-25 23:20:32,803 [INFO] WebApp:194 - Connection lost
2025-09-25 23:20:37,073 [INFO] WebApp:191 - Connection restablished
2025-09-25 23:21:27,794 [INFO] WebApp:194 - Connection lost
2025-09-25 23:21:32,227 [INFO] WebApp:191 - Connection restablished
2025-09-25 23:22:19,719 [INFO] WebApp:194 - Connection lost
2025-09-25 23:22:23,495 [INFO] WebApp:191 - Connection restablished
2025-09-25 23:23:14,024 [INFO] WebApp:194 - Connection lost
2025-09-25 23:23:18,125 [INFO] WebApp:191 - Connection restablished
2025-09-25 23:24:13,744 [INFO] WebApp:194 - Connection lost
2025-09-25 23:24:17,528 [INFO] WebApp:191 - Connection restablished
2025-09-25 23:25:14,118 [INFO] WebApp:194 - Connection lost
2025-09-25 23:25:18,700 [INFO] WebApp:191 - Connection restablished
2025-09-25 23:26:14,232 [INFO] WebApp:194 - Connection lost
2025-09-25 23:26:18,347 [INFO] WebApp:191 - Connection restablished
2025-09-25 23:27:17,903 [INFO] WebApp:194 - Connection lost
2025-09-25 23:27:22,658 [INFO] WebApp:191 - Connection restablished
2025-09-25 23:27:29,938 [INFO] WebApp:194 - Connection lost
2025-09-25 23:27:34,021 [INFO] WebApp:191 - Connection restablished
2025-09-25 23:28:35,931 [INFO] WebApp:194 - Connection lost
2025-09-25 23:28:40,150 [INFO] WebApp:191 - Connection restablished
2025-09-25 23:29:42,727 [INFO] WebApp:194 - Connection lost
2025-09-25 23:29:46,862 [INFO] WebApp:191 - Connection restablished
2025-09-25 23:30:38,819 [INFO] WebApp:194 - Connection lost
2025-09-25 23:30:43,323 [INFO] WebApp:191 - Connection restablished
2025-09-25 23:31:33,395 [INFO] WebApp:194 - Connection lost
2025-09-25 23:31:37,882 [INFO] WebApp:191 - Connection restablished
2025-09-25 23:32:38,931 [INFO] WebApp:194 - Connection lost
2025-09-25 23:32:43,196 [INFO] WebApp:191 - Connection restablished
2025-09-25 23:33:46,872 [INFO] WebApp:194 - Connection lost
2025-09-25 23:33:50,968 [INFO] WebApp:191 - Connection restablished
2025-09-25 23:34:48,099 [INFO] WebApp:194 - Connection lost
2025-09-25 23:34:51,733 [INFO] WebApp:191 - Connection restablished
2025-09-25 23:35:00,064 [INFO] WebApp:194 - Connection lost
2025-09-25 23:35:04,002 [INFO] WebApp:191 - Connection restablished
2025-09-25 23:35:54,311 [INFO] WebApp:194 - Connection lost
2025-09-25 23:35:58,989 [INFO] WebApp:191 - Connection restablished
2025-09-25 23:36:59,089 [INFO] WebApp:194 - Connection lost
2025-09-25 23:37:02,589 [INFO] WebApp:191 - Connection restablished
2025-09-25 23:37:59,985 [INFO] WebApp:194 - Connection lost
2025-09-25 23:38:04,515 [INFO] WebApp:191 - Connection restablished
2025-09-25 23:39:07,605 [INFO] WebApp:194 - Connection lost
2025-09-25 23:39:11,934 [INFO] WebApp:191 - Connection restablished
2025-09-25 23:40:09,425 [INFO] WebApp:194 - Connection lost
2025-09-25 23:40:14,100 [INFO] WebApp:191 - Connection restablished
2025-09-25 23:41:14,840 [INFO] WebApp:194 - Connection lost
2025-09-25 23:41:19,109 [INFO] WebApp:191 - Connection restablished
2025-09-25 23:42:14,991 [INFO] WebApp:194 - Connection lost
2025-09-25 23:42:19,149 [INFO] WebApp:191 - Connection restablished
2025-09-25 23:43:13,893 [INFO] WebApp:194 - Connection lost
2025-09-25 23:43:18,079 [INFO] WebApp:191 - Connection restablished
2025-09-25 23:44:08,241 [INFO] WebApp:194 - Connection lost
2025-09-25 23:44:12,938 [INFO] WebApp:191 - Connection restablished
2025-09-25 23:45:02,551 [INFO] WebApp:194 - Connection lost
2025-09-25 23:45:06,110 [INFO] WebApp:191 - Connection restablished
2025-09-25 23:46:07,141 [INFO] WebApp:194 - Connection lost
2025-09-25 23:46:11,690 [INFO] WebApp:191 - Connection restablished
2025-09-25 23:46:58,140 [INFO] WebApp:194 - Connection lost
2025-09-25 23:47:01,674 [INFO] WebApp:191 - Connection restablished
2025-09-25 23:47:49,432 [INFO] WebApp:194 - Connection lost
2025-09-25 23:47:53,932 [INFO] WebApp:191 - Connection restablished
2025-09-25 23:48:42,670 [INFO] WebApp:194 - Connection lost
2025-09-25 23:48:46,906 [INFO] WebApp:191 - Connection restablished
2025-09-25 23:49:40,350 [INFO] WebApp:194 - Connection lost
2025-09-25 23:49:44,409 [INFO] WebApp:191 - Connection restablished
2025-09-25 23:50:47,589 [INFO] WebApp:194 - Connection lost
2025-09-25 23:50:51,674 [INFO] WebApp:191 - Connection restablished
2025-09-25 23:51:41,509 [INFO] WebApp:194 - Connection lost
2025-09-25 23:51:46,048 [INFO] WebApp:191 - Connection restablished
2025-09-25 23:52:44,311 [INFO] WebApp:194 - Connection lost
2025-09-25 23:52:47,909 [INFO] WebApp:191 - Connection restablished
2025-09-25 23:53:46,268 [INFO] WebApp:194 - Connection lost
2025-09-25 23:53:50,491 [INFO] WebApp:191 - Connection restablished
2025-09-25 23:54:43,339 [INFO] WebApp:194 - Connection lost
2025-09-25 23:54:47,793 [INFO] WebApp:191 - Connection restablished
2025-09-25 23:55:40,783 [INFO] WebApp:194 - Connection lost
2025-09-25 23:55:45,271 [INFO] WebApp:191 - Connection restablished
2025-09-25 23:56:39,372 [INFO] WebApp:194 - Connection lost
2025-09-25 23:56:43,580 [INFO] WebApp:191 - Connection restablished
2025-09-25 23:57:40,697 [INFO] WebApp:194 - Connection lost
2025-09-25 23:57:45,370 [INFO] WebApp:191 - Connection restablished
2025-09-25 23:58:38,945 [INFO] WebApp:194 - Connection lost
2025-09-25 23:58:43,252 [INFO] WebApp:191 - Connection restablished
2025-09-25 23:59:47,140 [INFO] WebApp:194 - Connection lost
2025-09-25 23:59:51,335 [INFO] WebApp:191 - Connection restablished
