2025-12-29 17:14:58,888 [INFO] Activator:176 - 


2025-12-29 17:14:58,892 [INFO] Activator:177 - !SESSION log4j initialized
2025-12-29 17:15:05,232 [INFO] LogOutputStream:77 - [STDOUT_REDIRECT] 
2025-12-29 17:15:07,710 [ERROR] LogOutputStream:75 - [STDERR_REDIRECT] 
2025-12-29 17:15:10,072 [INFO] LogOutputStream:77 - [STDOUT_REDIRECT] 
2025-12-29 17:15:11,765 [INFO] ApplicationProperties:184 - Using Application install path: /Applications/STM32CubeIDE.app/Contents/Eclipse/plugins/com.st.stm32cube.common.mx_6.15.0.202507011659
2025-12-29 17:15:11,778 [INFO] DbMcusXml:78 - Set database path to: /Applications/STM32CubeIDE.app/Contents/Eclipse/plugins/com.st.stm32cube.common.mx_6.15.0.202507011659//db//mcu/
2025-12-29 17:15:11,778 [INFO] ApiDb:274 - Set plugin database path to: /Applications/STM32CubeIDE.app/Contents/Eclipse/plugins/com.st.stm32cube.common.mx_6.15.0.202507011659//db//plugins/boardmanager/
2025-12-29 17:15:11,779 [WARN] ApiDb:259 - Overriding images path with different value:  => /Applications/STM32CubeIDE.app/Contents/Eclipse/plugins/com.st.stm32cube.common.mx_6.15.0.202507011659//db//plugins/mcufinder/images/
2025-12-29 17:15:11,785 [INFO] ApiDb:250 - Set database path to: /Users/sheen/.stmcufinder/plugins/mcufinder//mcu/
2025-12-29 17:15:11,786 [INFO] DbMcusAds:125 - Set database path to: /Users/sheen/.stmcufinder/plugins/mcufinder//mcu/
2025-12-29 17:15:11,787 [INFO] CrossReferenceDbSqlite:203 - Set database path to: /Users/sheen/.stmcufinder/plugins/mcufinder//mcu/cs/
2025-12-29 17:15:11,919 [INFO] RulesReader:64 - Compatibility file has been processed (317 Rules)
2025-12-29 17:15:11,965 [INFO] DbMcusXml:78 - Set database path to: /Applications/STM32CubeIDE.app/Contents/Eclipse/plugins/com.st.stm32cube.common.mx_6.15.0.202507011659//db//mcu/
2025-12-29 17:15:11,965 [INFO] ApiDb:274 - Set plugin database path to: /Applications/STM32CubeIDE.app/Contents/Eclipse/plugins/com.st.stm32cube.common.mx_6.15.0.202507011659//db//plugins/boardmanager/
2025-12-29 17:15:11,966 [INFO] ApiDb:261 - Set plugin images path to: /Applications/STM32CubeIDE.app/Contents/Eclipse/plugins/com.st.stm32cube.common.mx_6.15.0.202507011659//db//plugins/mcufinder/images/
2025-12-29 17:15:11,966 [WARN] DbFile:41 - Overriding database path with different value: /Users/sheen/.stmcufinder/plugins/mcufinder/ => /Users/sheen/.stmcufinder/plugins/mcufinder
2025-12-29 17:15:11,966 [INFO] ApiDb:250 - Set database path to: /Users/sheen/.stmcufinder/plugins/mcufinder//mcu/
2025-12-29 17:15:11,966 [WARN] DbFile:41 - Overriding database path with different value: /Users/sheen/.stmcufinder/plugins/mcufinder/ => /Users/sheen/.stmcufinder/plugins/mcufinder
2025-12-29 17:15:11,966 [INFO] DbMcusAds:125 - Set database path to: /Users/sheen/.stmcufinder/plugins/mcufinder//mcu/
2025-12-29 17:15:11,966 [WARN] DbFile:41 - Overriding database path with different value: /Users/sheen/.stmcufinder/plugins/mcufinder/ => /Users/sheen/.stmcufinder/plugins/mcufinder
2025-12-29 17:15:11,966 [WARN] DbFile:41 - Overriding database path with different value: /Users/sheen/.stmcufinder/plugins/mcufinder/ => /Users/sheen/.stmcufinder/plugins/mcufinder
2025-12-29 17:15:11,966 [INFO] CrossReferenceDbSqlite:203 - Set database path to: /Users/sheen/.stmcufinder/plugins/mcufinder//mcu/cs/
2025-12-29 17:15:12,038 [INFO] MainPanel:274 - HeapMemory: 268435456
2025-12-29 17:15:12,431 [INFO] DbMcusXml:78 - Set database path to: /Applications/STM32CubeIDE.app/Contents/Eclipse/plugins/com.st.stm32cube.common.mx_6.15.0.202507011659//db//mcu/
2025-12-29 17:15:12,431 [INFO] ApiDb:274 - Set plugin database path to: /Applications/STM32CubeIDE.app/Contents/Eclipse/plugins/com.st.stm32cube.common.mx_6.15.0.202507011659//db//plugins/boardmanager/
2025-12-29 17:15:12,432 [INFO] ApiDb:261 - Set plugin images path to: /Applications/STM32CubeIDE.app/Contents/Eclipse/plugins/com.st.stm32cube.common.mx_6.15.0.202507011659//db//plugins/mcufinder/images/
2025-12-29 17:15:12,432 [WARN] DbFile:41 - Overriding database path with different value: /Users/sheen/.stmcufinder/plugins/mcufinder/ => /Users/sheen/.stmcufinder/plugins/mcufinder
2025-12-29 17:15:12,432 [INFO] ApiDb:250 - Set database path to: /Users/sheen/.stmcufinder/plugins/mcufinder//mcu/
2025-12-29 17:15:12,432 [WARN] DbFile:41 - Overriding database path with different value: /Users/sheen/.stmcufinder/plugins/mcufinder/ => /Users/sheen/.stmcufinder/plugins/mcufinder
2025-12-29 17:15:12,432 [INFO] DbMcusAds:125 - Set database path to: /Users/sheen/.stmcufinder/plugins/mcufinder//mcu/
2025-12-29 17:15:12,432 [WARN] DbFile:41 - Overriding database path with different value: /Users/sheen/.stmcufinder/plugins/mcufinder/ => /Users/sheen/.stmcufinder/plugins/mcufinder
2025-12-29 17:15:12,432 [WARN] DbFile:41 - Overriding database path with different value: /Users/sheen/.stmcufinder/plugins/mcufinder/ => /Users/sheen/.stmcufinder/plugins/mcufinder
2025-12-29 17:15:12,432 [INFO] CrossReferenceDbSqlite:203 - Set database path to: /Users/sheen/.stmcufinder/plugins/mcufinder//mcu/cs/
2025-12-29 17:15:12,448 [INFO] ApplicationProperties:184 - Using Application install path: /Applications/STM32CubeIDE.app/Contents/Eclipse/plugins/com.st.stm32cube.common.mx_6.15.0.202507011659
2025-12-29 17:15:12,449 [INFO] PluginManage:196 - Search for loadable plugins [exclusion list=, ]
2025-12-29 17:15:12,450 [INFO] PluginManage:310 - Check plugin analytics
2025-12-29 17:15:12,646 [INFO] AnalyticsPlugin:253 - Accepted Software Licenses: STM32CubeMX.6.15.0
2025-12-29 17:15:12,646 [INFO] AnalyticsPlugin:255 - Accepted CMSIS Pack Licenses: 
2025-12-29 17:15:12,647 [INFO] AnalyticsPlugin:257 - Accepted Firmware Licenses: FW.F4.1.28.0
2025-12-29 17:15:12,656 [INFO] PluginManage:359 - Loaded plugin analytics (category:tool,tabindex:-1)
2025-12-29 17:15:12,657 [INFO] PluginManage:310 - Check plugin cadmodel
2025-12-29 17:15:12,669 [INFO] CADModel:105 - Init CAD model plugin
2025-12-29 17:15:12,669 [INFO] PluginManage:359 - Loaded plugin cadmodel (category:power,tabindex:5)
2025-12-29 17:15:12,670 [INFO] PluginManage:310 - Check plugin clock
2025-12-29 17:15:12,680 [INFO] PluginManage:359 - Loaded plugin clock (category:base,tabindex:2)
2025-12-29 17:15:12,681 [INFO] PluginManage:310 - Check plugin ddr
2025-12-29 17:15:12,682 [INFO] PluginManage:359 - Loaded plugin ddr (category:tool,tabindex:6)
2025-12-29 17:15:12,683 [INFO] PluginManage:310 - Check plugin filemanager
2025-12-29 17:15:12,876 [INFO] PluginManage:359 - Loaded plugin filemanager (category:base,tabindex:10)
2025-12-29 17:15:12,877 [INFO] PluginManage:310 - Check plugin ipmanager
2025-12-29 17:15:12,884 [INFO] PluginManage:359 - Loaded plugin ipmanager (category:base,tabindex:5)
2025-12-29 17:15:12,884 [INFO] PluginManage:310 - Check plugin lpbam
2025-12-29 17:15:12,893 [INFO] PluginManage:359 - Loaded plugin lpbam (category:base,tabindex:0)
2025-12-29 17:15:12,893 [INFO] PluginManage:310 - Check plugin memorymap
2025-12-29 17:15:12,908 [INFO] PluginManage:359 - Loaded plugin memorymap (category:base,tabindex:4)
2025-12-29 17:15:12,909 [INFO] PluginManage:310 - Check plugin pinoutandconfiguration
2025-12-29 17:15:12,919 [INFO] PluginManage:359 - Loaded plugin pinoutandconfiguration (category:base,tabindex:1)
2025-12-29 17:15:12,920 [INFO] PluginManage:310 - Check plugin pinoutconfig
2025-12-29 17:15:13,281 [WARN] SupportedApi:132 - Cannot load RTOS API schema: s4s-elt-must-match.1: The content of 'definitions' must match (annotation?, (simpleType | complexType)?, (unique | key | keyref)*)). A problem was found starting at: attribute.
2025-12-29 17:15:13,558 [INFO] PluginManage:359 - Loaded plugin pinoutconfig (category:base,tabindex:0)
2025-12-29 17:15:13,560 [INFO] PluginManage:310 - Check plugin power
2025-12-29 17:15:13,593 [INFO] PluginManage:359 - Loaded plugin power (category:power,tabindex:4)
2025-12-29 17:15:13,594 [INFO] PluginManage:310 - Check plugin projectmanager
2025-12-29 17:15:13,650 [INFO] PluginManage:359 - Loaded plugin projectmanager (category:projectmanager,tabindex:4)
2025-12-29 17:15:13,650 [INFO] PluginManage:310 - Check plugin rif
2025-12-29 17:15:13,659 [INFO] PluginManage:359 - Loaded plugin rif (category:base,tabindex:3)
2025-12-29 17:15:13,660 [INFO] PluginManage:310 - Check plugin thirdparty
2025-12-29 17:15:13,825 [INFO] PluginManage:359 - Loaded plugin thirdparty (category:base,tabindex:-1)
2025-12-29 17:15:13,826 [INFO] PluginManage:310 - Check plugin tools
2025-12-29 17:15:13,830 [INFO] PluginManage:359 - Loaded plugin tools (category:base,tabindex:7)
2025-12-29 17:15:13,830 [INFO] PluginManage:310 - Check plugin tutovideos
2025-12-29 17:15:13,825 [WARN] IntegrityCheckThread:84 - waiting for thirdparty lock release [integrity check]
2025-12-29 17:15:13,834 [INFO] IntegrityCheckThread:86 - entering critical section [integrity check]
2025-12-29 17:15:13,834 [INFO] ThirdPartyUpdaterWithRetryManager:70 - Updater plugin not ready yet. [1/15]
2025-12-29 17:15:14,016 [INFO] PluginManage:359 - Loaded plugin tutovideos (category:base,tabindex:-1)
2025-12-29 17:15:14,017 [INFO] PluginManage:310 - Check plugin updater
2025-12-29 17:15:14,045 [INFO] PluginManage:359 - Loaded plugin updater (category:base,tabindex:12)
2025-12-29 17:15:14,045 [INFO] PluginManage:310 - Check plugin userauth
2025-12-29 17:15:14,051 [INFO] UserAuth:118 - Init User Auth plugin
2025-12-29 17:15:14,052 [INFO] PluginManage:359 - Loaded plugin userauth (category:base,tabindex:14)
2025-12-29 17:15:14,053 [INFO] PluginManage:283 - PluginManage : Loaded plugins [18]
2025-12-29 17:15:14,326 [INFO] PinOutPanel:1589 - setPackage(No Configuration,No Configuration)
2025-12-29 17:15:14,396 [INFO] CADModel:165 - CPN selected for project level
2025-12-29 17:15:14,396 [INFO] CADModel:114 - Register for checkConnection events
2025-12-29 17:15:14,409 [INFO] IPUIPlugin:80 - create IPUIPlugin
2025-12-29 17:15:14,409 [INFO] PluginManager:220 - loadIPPluginJar : add mdma
2025-12-29 17:15:14,414 [INFO] IPUIPlugin:80 - create IPUIPlugin
2025-12-29 17:15:14,414 [INFO] PluginManager:220 - loadIPPluginJar : add freertos
2025-12-29 17:15:14,417 [INFO] IPUIPlugin:80 - create IPUIPlugin
2025-12-29 17:15:14,418 [INFO] PluginManager:220 - loadIPPluginJar : add gic
2025-12-29 17:15:14,424 [INFO] IPUIPlugin:80 - create IPUIPlugin
2025-12-29 17:15:14,424 [INFO] PluginManager:220 - loadIPPluginJar : add adc
2025-12-29 17:15:14,425 [INFO] IPUIPlugin:80 - create IPUIPlugin
2025-12-29 17:15:14,425 [INFO] PluginManager:220 - loadIPPluginJar : add gtzc
2025-12-29 17:15:14,426 [INFO] IPUIPlugin:80 - create IPUIPlugin
2025-12-29 17:15:14,426 [INFO] PluginManager:220 - loadIPPluginJar : add quadspi
2025-12-29 17:15:14,427 [INFO] IPUIPlugin:80 - create IPUIPlugin
2025-12-29 17:15:14,427 [INFO] PluginManager:220 - loadIPPluginJar : add aes
2025-12-29 17:15:14,429 [INFO] IPUIPlugin:80 - create IPUIPlugin
2025-12-29 17:15:14,429 [INFO] PluginManager:220 - loadIPPluginJar : add pdm2pcm
2025-12-29 17:15:14,430 [INFO] IPUIPlugin:80 - create IPUIPlugin
2025-12-29 17:15:14,430 [INFO] PluginManager:220 - loadIPPluginJar : add hash
2025-12-29 17:15:14,431 [INFO] IPUIPlugin:80 - create IPUIPlugin
2025-12-29 17:15:14,431 [INFO] PluginManager:220 - loadIPPluginJar : add tim
2025-12-29 17:15:14,432 [INFO] IPUIPlugin:80 - create IPUIPlugin
2025-12-29 17:15:14,432 [INFO] PluginManager:220 - loadIPPluginJar : add tsc
2025-12-29 17:15:14,433 [INFO] IPUIPlugin:80 - create IPUIPlugin
2025-12-29 17:15:14,433 [INFO] PluginManager:220 - loadIPPluginJar : add extmemmanager
2025-12-29 17:15:14,434 [INFO] IPUIPlugin:80 - create IPUIPlugin
2025-12-29 17:15:14,434 [INFO] PluginManager:220 - loadIPPluginJar : add ts
2025-12-29 17:15:14,435 [INFO] IPUIPlugin:80 - create IPUIPlugin
2025-12-29 17:15:14,435 [INFO] PluginManager:220 - loadIPPluginJar : add radio
2025-12-29 17:15:14,437 [INFO] IPUIPlugin:80 - create IPUIPlugin
2025-12-29 17:15:14,437 [INFO] PluginManager:220 - loadIPPluginJar : add can
2025-12-29 17:15:14,438 [INFO] IPUIPlugin:80 - create IPUIPlugin
2025-12-29 17:15:14,438 [INFO] PluginManager:220 - loadIPPluginJar : add dma3
2025-12-29 17:15:14,439 [INFO] IPUIPlugin:80 - create IPUIPlugin
2025-12-29 17:15:14,439 [INFO] PluginManager:220 - loadIPPluginJar : add dfsdm
2025-12-29 17:15:14,440 [INFO] IPUIPlugin:80 - create IPUIPlugin
2025-12-29 17:15:14,440 [INFO] PluginManager:220 - loadIPPluginJar : add spi
2025-12-29 17:15:14,441 [INFO] IPUIPlugin:80 - create IPUIPlugin
2025-12-29 17:15:14,441 [INFO] PluginManager:220 - loadIPPluginJar : add gfxmmu
2025-12-29 17:15:14,442 [INFO] IPUIPlugin:80 - create IPUIPlugin
2025-12-29 17:15:14,442 [INFO] PluginManager:220 - loadIPPluginJar : add genericplugin
2025-12-29 17:15:14,443 [INFO] IPUIPlugin:80 - create IPUIPlugin
2025-12-29 17:15:14,443 [INFO] PluginManager:220 - loadIPPluginJar : add cryp
2025-12-29 17:15:14,447 [INFO] IPUIPlugin:80 - create IPUIPlugin
2025-12-29 17:15:14,447 [INFO] PluginManager:220 - loadIPPluginJar : add gpio
2025-12-29 17:15:14,451 [INFO] IPUIPlugin:80 - create IPUIPlugin
2025-12-29 17:15:14,452 [INFO] PluginManager:220 - loadIPPluginJar : add ddr_ctrl_phy
2025-12-29 17:15:14,453 [INFO] IPUIPlugin:80 - create IPUIPlugin
2025-12-29 17:15:14,454 [INFO] PluginManager:220 - loadIPPluginJar : add comp
2025-12-29 17:15:14,455 [INFO] IPUIPlugin:80 - create IPUIPlugin
2025-12-29 17:15:14,456 [INFO] PluginManager:220 - loadIPPluginJar : add tracer_emb
2025-12-29 17:15:14,457 [INFO] IPUIPlugin:80 - create IPUIPlugin
2025-12-29 17:15:14,457 [INFO] PluginManager:220 - loadIPPluginJar : add openamp
2025-12-29 17:15:14,461 [INFO] IPUIPlugin:80 - create IPUIPlugin
2025-12-29 17:15:14,461 [INFO] PluginManager:220 - loadIPPluginJar : add stm32_wpan
2025-12-29 17:15:14,464 [INFO] IPUIPlugin:80 - create IPUIPlugin
2025-12-29 17:15:14,466 [INFO] PluginManager:220 - loadIPPluginJar : add plateformsettings
2025-12-29 17:15:14,495 [INFO] IPUIPlugin:80 - create IPUIPlugin
2025-12-29 17:15:14,495 [INFO] PluginManager:220 - loadIPPluginJar : add ipddr
2025-12-29 17:15:14,496 [INFO] IPUIPlugin:80 - create IPUIPlugin
2025-12-29 17:15:14,496 [INFO] PluginManager:220 - loadIPPluginJar : add usart
2025-12-29 17:15:14,497 [INFO] IPUIPlugin:80 - create IPUIPlugin
2025-12-29 17:15:14,497 [INFO] PluginManager:220 - loadIPPluginJar : add ltdc
2025-12-29 17:15:14,498 [INFO] IPUIPlugin:80 - create IPUIPlugin
2025-12-29 17:15:14,499 [INFO] PluginManager:220 - loadIPPluginJar : add nvic
2025-12-29 17:15:14,500 [INFO] IPUIPlugin:80 - create IPUIPlugin
2025-12-29 17:15:14,500 [INFO] PluginManager:220 - loadIPPluginJar : add fatfs
2025-12-29 17:15:14,505 [INFO] IPUIPlugin:80 - create IPUIPlugin
2025-12-29 17:15:14,505 [INFO] PluginManager:220 - loadIPPluginJar : add linkedlist
2025-12-29 17:15:14,508 [INFO] IPUIPlugin:80 - create IPUIPlugin
2025-12-29 17:15:14,508 [INFO] PluginManager:220 - loadIPPluginJar : add dma
2025-12-29 17:15:14,510 [INFO] IPUIPlugin:80 - create IPUIPlugin
2025-12-29 17:15:14,510 [INFO] PluginManager:220 - loadIPPluginJar : add fmc
2025-12-29 17:15:14,511 [INFO] IPUIPlugin:80 - create IPUIPlugin
2025-12-29 17:15:14,511 [INFO] PluginManager:220 - loadIPPluginJar : add i2s
2025-12-29 17:15:14,512 [INFO] IPUIPlugin:80 - create IPUIPlugin
2025-12-29 17:15:14,512 [INFO] PluginManager:220 - loadIPPluginJar : add ucpd
2025-12-29 17:15:14,514 [INFO] IPUIPlugin:80 - create IPUIPlugin
2025-12-29 17:15:14,514 [INFO] PluginManager:220 - loadIPPluginJar : add lorawan
2025-12-29 17:15:14,515 [INFO] IPUIPlugin:80 - create IPUIPlugin
2025-12-29 17:15:14,515 [INFO] PluginManager:220 - loadIPPluginJar : add opamp
2025-12-29 17:15:14,516 [INFO] IPUIPlugin:80 - create IPUIPlugin
2025-12-29 17:15:14,516 [INFO] PluginManager:220 - loadIPPluginJar : add i3c
2025-12-29 17:15:14,518 [INFO] IPUIPlugin:80 - create IPUIPlugin
2025-12-29 17:15:14,518 [INFO] PluginManager:220 - loadIPPluginJar : add touchsensing
2025-12-29 17:15:14,520 [INFO] IPUIPlugin:80 - create IPUIPlugin
2025-12-29 17:15:14,520 [INFO] PluginManager:220 - loadIPPluginJar : add i2c
2025-12-29 17:15:14,522 [INFO] IPUIPlugin:80 - create IPUIPlugin
2025-12-29 17:15:14,522 [INFO] PluginManager:220 - loadIPPluginJar : add resmgrutility
2025-12-29 17:15:14,524 [INFO] IPUIPlugin:80 - create IPUIPlugin
2025-12-29 17:15:14,525 [INFO] PluginManager:220 - loadIPPluginJar : add sai
2025-12-29 17:15:14,526 [INFO] IPUIPlugin:80 - create IPUIPlugin
2025-12-29 17:15:14,526 [INFO] PluginManager:220 - loadIPPluginJar : add usbx
2025-12-29 17:15:14,634 [FATAL] Updater:351 - Updater called before beeing initialized
2025-12-29 17:15:14,679 [INFO] RulesReader:64 - Compatibility file has been processed (317 Rules)
2025-12-29 17:15:14,690 [INFO] RulesReader:64 - Compatibility file has been processed (317 Rules)
2025-12-29 17:15:14,701 [INFO] CADModel:165 - CPN selected for project level
2025-12-29 17:15:14,702 [INFO] CADModel:114 - Register for checkConnection events
2025-12-29 17:15:14,702 [FATAL] Updater:351 - Updater called before beeing initialized
2025-12-29 17:15:14,702 [ERROR] CADModel:125 - Updater not yet initialized, retry later 
2025-12-29 17:15:14,954 [FATAL] Updater:351 - Updater called before beeing initialized
2025-12-29 17:15:14,956 [INFO] CADModel:165 - CPN selected for project level
2025-12-29 17:15:14,956 [INFO] CADModel:114 - Register for checkConnection events
2025-12-29 17:15:14,956 [FATAL] Updater:351 - Updater called before beeing initialized
2025-12-29 17:15:14,956 [ERROR] CADModel:125 - Updater not yet initialized, retry later 
2025-12-29 17:15:14,959 [FATAL] Updater:351 - Updater called before beeing initialized
2025-12-29 17:15:15,119 [FATAL] Updater:351 - Updater called before beeing initialized
2025-12-29 17:15:15,126 [INFO] DbMcusAds:53 - JSON generation date=Tue Jul 08 01:14:23 PDT 2025 (1751962463524)
2025-12-29 17:15:15,126 [FATAL] Updater:351 - Updater called before beeing initialized
2025-12-29 17:15:15,458 [WARN] DetailPanel:346 - Failed to get advertising image, set to default
2025-12-29 17:15:15,526 [FATAL] Updater:351 - Updater called before beeing initialized
2025-12-29 17:15:15,529 [FATAL] Updater:351 - Updater called before beeing initialized
2025-12-29 17:15:15,529 [FATAL] Updater:351 - Updater called before beeing initialized
2025-12-29 17:15:15,529 [WARN] DetailPanel:346 - Failed to get advertising image, set to default
2025-12-29 17:15:15,533 [FATAL] Updater:351 - Updater called before beeing initialized
2025-12-29 17:15:15,603 [ERROR] Updater:1198 - MainUpdater not yet initialized. External WinMGr cannot be set.
2025-12-29 17:15:15,613 [INFO] Updater:1134 - Updater Version found : 6.15.0
2025-12-29 17:15:15,626 [INFO] ApplicationProperties:184 - Using Application install path: /Applications/STM32CubeIDE.app/Contents/Eclipse/plugins/com.st.stm32cube.common.mx_6.15.0.202507011659
2025-12-29 17:15:15,959 [INFO] MainUpdater:2872 - connection check result : 10
2025-12-29 17:15:15,959 [INFO] MainUpdater:3604 - Updater definition file requires update
2025-12-29 17:15:15,960 [INFO] MainUpdater:289 - Updater Check For Update Now.
2025-12-29 17:15:15,960 [INFO] MicroXplorer:498 - Change Database Version : DB.6.0.150
2025-12-29 17:15:15,973 [INFO] McuFinderGlobals:63 - Set McuFinder mode to 2 (CubeIDE integrated)
2025-12-29 17:15:15,973 [INFO] UserAuth:171 - activating auth plugin
2025-12-29 17:15:15,981 [INFO] UserAuth:487 - Internet connection configuration mode: 1
2025-12-29 17:15:15,994 [INFO] JxBrowserEngine:152 - Initiate JxBrowser Engine with user profile folder
2025-12-29 17:15:16,010 [INFO] ServerAccessManage:452 - Complete download http(s) 200
2025-12-29 17:15:16,013 [INFO] ServerAccessManage:509 - Download File updaters.zip
2025-12-29 17:15:16,172 [INFO] FileExtend:248 - Unzip File : updaters.zip
2025-12-29 17:15:16,172 [INFO] FileExtend:263 - Standard Zip Deflate
2025-12-29 17:15:16,560 [INFO] ServerAccessManage:452 - Complete download http(s) 200
2025-12-29 17:15:16,560 [INFO] ServerAccessManage:509 - Download File PacksControlFlags.xml
2025-12-29 17:15:16,894 [WARN] MainUpdater:1193 - Updater busy. Cannot search thirdparties
2025-12-29 17:15:16,914 [INFO] ThirdPartyUpdaterWithRetryManager:96 - Updater plugin is busy. [1/15]
2025-12-29 17:15:17,100 [INFO] ServerAccessManage:452 - Complete download http(s) 200
2025-12-29 17:15:17,102 [INFO] ServerAccessManage:509 - Download File cubemx.pidx
2025-12-29 17:15:17,285 [INFO] LoadServerUpdatesThread:375 - End of LoadServerUpdate Thread
2025-12-29 17:15:17,499 [INFO] CheckServerUpdateThread:120 - End of CheckServer Thread
2025-12-29 17:15:20,112 [WARN] PackLoader:240 - Cannot read IP mode file for STMicroelectronics.FP-SNS-MOTENVWB1.1.4.0
2025-12-29 17:15:20,133 [WARN] PackLoader:240 - Cannot read IP mode file for STMicroelectronics.FP-ATR-ASTRA1.2.0.2
2025-12-29 17:15:20,152 [WARN] PackLoader:240 - Cannot read IP mode file for STMicroelectronics.X-CUBE-SMBUS.2.1.0
2025-12-29 17:15:20,158 [WARN] PackLoader:240 - Cannot read IP mode file for STMicroelectronics.X-CUBE-ST60.1.0.0
2025-12-29 17:15:20,204 [WARN] PackLoader:240 - Cannot read IP mode file for STMicroelectronics.X-CUBE-AZRTOS-F7.1.1.0
2025-12-29 17:15:20,225 [WARN] PackLoader:240 - Cannot read IP mode file for Cesanta.I-CUBE-Mongoose.7.19.0
2025-12-29 17:15:20,232 [WARN] PackLoader:240 - Cannot read IP mode file for STMicroelectronics.FP-SNS-MOTENV1.5.1.0
2025-12-29 17:15:20,252 [WARN] PackLoader:240 - Cannot read IP mode file for WES.I-CUBE-Cesium.1.4.0
2025-12-29 17:15:20,306 [WARN] PackLoader:240 - Cannot read IP mode file for Infineon.AIROC-Wi-Fi-Bluetooth-STM32.1.7.1
2025-12-29 17:15:20,381 [WARN] PackLoader:240 - Cannot read IP mode file for STMicroelectronics.X-CUBE-AZRTOS-H7.3.4.0
2025-12-29 17:15:20,409 [WARN] PackLoader:240 - Cannot read IP mode file for STMicroelectronics.X-CUBE-DISPLAY.3.0.0
2025-12-29 17:15:20,452 [WARN] PackLoader:240 - Cannot read IP mode file for STMicroelectronics.X-CUBE-NFC10.1.0.0
2025-12-29 17:15:20,461 [WARN] PackLoader:240 - Cannot read IP mode file for STMicroelectronics.X-CUBE-ST60.1.1.0
2025-12-29 17:15:20,469 [WARN] PackLoader:240 - Cannot read IP mode file for emotas.I-CUBE-CANOPEN.1.3.0
2025-12-29 17:15:20,480 [WARN] PackLoader:240 - Cannot read IP mode file for STMicroelectronics.X-CUBE-GNSS1.7.1.0
2025-12-29 17:15:20,492 [WARN] PackLoader:240 - Cannot read IP mode file for STMicroelectronics.FP-SNS-STBOX1.2.1.0
2025-12-29 17:15:20,502 [WARN] PackLoader:240 - Cannot read IP mode file for STMicroelectronics.FP-SNS-SMARTAG2.1.2.0
2025-12-29 17:15:20,505 [WARN] PackLoader:240 - Cannot read IP mode file for STMicroelectronics.FP-SNS-FLIGHT1.5.1.0
2025-12-29 17:15:20,514 [INFO] LogOutputStream:77 - [STDOUT_REDIRECT] 1 : Invalid condition id : UX_CORESTACK_Condition cause : null
2025-12-29 17:15:20,516 [INFO] LogOutputStream:77 - [STDOUT_REDIRECT] 1 : Invalid condition id : UX_CORESTACK_Condition cause : null
2025-12-29 17:15:20,516 [INFO] LogOutputStream:77 - [STDOUT_REDIRECT] 1 : Invalid condition id : UX_CORESTACK_Condition cause : null
2025-12-29 17:15:20,516 [INFO] LogOutputStream:77 - [STDOUT_REDIRECT] 1 : Invalid condition id : UX_CORESTACK_Condition cause : null
2025-12-29 17:15:20,516 [INFO] LogOutputStream:77 - [STDOUT_REDIRECT] 1 : Invalid condition id : UX_CORESTACK_Condition cause : null
2025-12-29 17:15:20,524 [WARN] PackLoader:240 - Cannot read IP mode file for STMicroelectronics.X-CUBE-AZRTOS-WL.2.0.0
2025-12-29 17:15:20,536 [WARN] PackLoader:240 - Cannot read IP mode file for STMicroelectronics.FP-SNS-MOTENV1.5.0.0
2025-12-29 17:15:20,570 [WARN] PackLoader:240 - Cannot read IP mode file for STMicroelectronics.X-CUBE-AZRTOS-H7RS.1.2.0
2025-12-29 17:15:20,585 [WARN] PackLoader:240 - Cannot read IP mode file for WES.I-CUBE-Cesium.1.3.0
2025-12-29 17:15:20,596 [WARN] PackLoader:240 - Cannot read IP mode file for STMicroelectronics.X-CUBE-BLE2.3.3.0
2025-12-29 17:15:20,640 [WARN] PackLoader:240 - Cannot read IP mode file for STMicroelectronics.X-CUBE-NFC9.1.0.0
2025-12-29 17:15:20,650 [WARN] PackLoader:240 - Cannot read IP mode file for wolfSSL.I-CUBE-wolfSSL.5.8.2
2025-12-29 17:15:20,657 [WARN] PackLoader:240 - Cannot read IP mode file for STMicroelectronics.X-CUBE-BLE1.7.1.0
2025-12-29 17:15:20,662 [WARN] PackLoader:240 - Cannot read IP mode file for wolfSSL.I-CUBE-wolfMQTT.1.19.2
2025-12-29 17:15:20,671 [WARN] PackLoader:240 - Cannot read IP mode file for STMicroelectronics.X-CUBE-FREERTOS.1.4.0
2025-12-29 17:15:20,681 [WARN] PackLoader:240 - Cannot read IP mode file for STMicroelectronics.X-CUBE-EEPRMA1.5.2.0
2025-12-29 17:15:20,697 [WARN] PackLoader:240 - Cannot read IP mode file for STMicroelectronics.X-CUBE-ST67W61.1.1.0
2025-12-29 17:15:20,704 [WARN] PackLoader:240 - Cannot read IP mode file for STMicroelectronics.X-CUBE-AI.10.1.0
2025-12-29 17:15:20,780 [WARN] PackLoader:240 - Cannot read IP mode file for STMicroelectronics.X-CUBE-MEMS1.12.0.0
2025-12-29 17:15:20,879 [WARN] PackLoader:240 - Cannot read IP mode file for STMicroelectronics.X-CUBE-AZRTOS-G0.1.1.0
2025-12-29 17:15:20,890 [WARN] PackLoader:240 - Cannot read IP mode file for STMicroelectronics.X-CUBE-SAFEA1.1.2.2
2025-12-29 17:15:20,897 [WARN] PackLoader:240 - Cannot read IP mode file for STMicroelectronics.X-CUBE-NFC4.3.0.0
2025-12-29 17:15:20,909 [WARN] PackLoader:240 - Cannot read IP mode file for EmbeddedOffice.I-CUBE-FS-RTOS.1.0.1
2025-12-29 17:15:20,919 [WARN] PackLoader:240 - Cannot read IP mode file for STMicroelectronics.X-CUBE-WB05N.2.0.0
2025-12-29 17:15:20,923 [WARN] PackLoader:240 - Cannot read IP mode file for wolfSSL.I-CUBE-wolfTPM.3.8.0
2025-12-29 17:15:20,927 [WARN] PackLoader:240 - Cannot read IP mode file for STMicroelectronics.X-CUBE-TCPP.4.2.0
2025-12-29 17:15:20,935 [WARN] PackLoader:240 - Cannot read IP mode file for RealThread.X-CUBE-RT-Thread_Nano.4.1.1
2025-12-29 17:15:20,939 [WARN] PackLoader:240 - Cannot read IP mode file for STMicroelectronics.FP-ATR-SIGFOX1.3.2.0
2025-12-29 17:15:20,945 [WARN] PackLoader:240 - Cannot read IP mode file for ITTIA_DB.I-CUBE-ITTIADB.8.9.0
2025-12-29 17:15:20,952 [WARN] PackLoader:240 - Cannot read IP mode file for STMicroelectronics.X-CUBE-ST67W61.1.0.0
2025-12-29 17:15:20,955 [WARN] PackLoader:240 - Cannot read IP mode file for STMicroelectronics.X-CUBE-AI.10.2.0
2025-12-29 17:15:20,991 [WARN] PackLoader:240 - Cannot read IP mode file for SEGGER.I-CUBE-embOS.1.3.1
2025-12-29 17:15:21,028 [WARN] PackLoader:240 - Cannot read IP mode file for STMicroelectronics.X-CUBE-ALGOBUILD.1.4.0
2025-12-29 17:15:21,121 [WARN] PackLoader:240 - Cannot read IP mode file for STMicroelectronics.X-CUBE-MEMS1.11.3.0
2025-12-29 17:15:21,227 [WARN] PackLoader:240 - Cannot read IP mode file for STMicroelectronics.X-CUBE-PM33A1.1.0.0
2025-12-29 17:15:21,248 [WARN] PackLoader:240 - Cannot read IP mode file for STMicroelectronics.X-CUBE-AZRTOS-F4.1.1.0
2025-12-29 17:15:21,255 [WARN] PackLoader:240 - Cannot read IP mode file for Avnet-IotConnect.X-CUBE-IoTC-DA16k-PMOD.1.0.0
2025-12-29 17:15:21,257 [WARN] PackLoader:240 - Cannot read IP mode file for STMicroelectronics.X-CUBE-ISPU.2.1.0
2025-12-29 17:15:21,269 [WARN] PackLoader:240 - Cannot read IP mode file for STMicroelectronics.X-CUBE-IPS.3.2.0
2025-12-29 17:15:21,280 [WARN] PackLoader:240 - Cannot read IP mode file for STMicroelectronics.X-CUBE-NFC12.1.0.0
2025-12-29 17:15:21,301 [WARN] PackLoader:240 - Cannot read IP mode file for STMicroelectronics.X-CUBE-AZRTOS-L5.2.0.0
2025-12-29 17:15:21,311 [WARN] PackLoader:240 - Cannot read IP mode file for STMicroelectronics.X-CUBE-NFC6.3.1.0
2025-12-29 17:15:21,318 [WARN] PackLoader:240 - Cannot read IP mode file for STMicroelectronics.X-CUBE-FREERTOS.1.3.1
2025-12-29 17:15:21,321 [WARN] PackLoader:240 - Cannot read IP mode file for STMicroelectronics.X-CUBE-TOUCHGFX.4.26.0
2025-12-29 17:15:21,326 [WARN] PackLoader:240 - Cannot read IP mode file for STMicroelectronics.FP-SNS-STAIOTCFT.1.0.0
2025-12-29 17:15:21,335 [WARN] PackLoader:240 - Cannot read IP mode file for STMicroelectronics.X-CUBE-DPower.1.3.0
2025-12-29 17:15:21,367 [WARN] ConditionMgr:438 - getConditionDescription Invalid condition id : LAN8742 Phy interface Condition cause : null
2025-12-29 17:15:21,369 [WARN] PackLoader:240 - Cannot read IP mode file for STMicroelectronics.X-CUBE-AZRTOS-L4.2.0.0
2025-12-29 17:15:21,373 [WARN] ConditionMgr:1044 - genDependencies : Invalid condition id : LAN8742 Phy interface Condition cause : null
2025-12-29 17:15:21,374 [WARN] ConditionMgr:1044 - genDependencies : Invalid condition id : LAN8742 Phy interface Condition cause : null
2025-12-29 17:15:21,375 [WARN] ConditionMgr:1044 - genDependencies : Invalid condition id : LAN8742 Phy interface Condition cause : null
2025-12-29 17:15:21,394 [WARN] PackLoader:240 - Cannot read IP mode file for STMicroelectronics.X-CUBE-SFXS2LP1.4.0.0
2025-12-29 17:15:21,414 [WARN] PackLoader:240 - Cannot read IP mode file for STMicroelectronics.X-CUBE-BLEMGR.4.1.0
2025-12-29 17:15:21,432 [WARN] ConditionMgr:438 - getConditionDescription Invalid condition id : UX DEVICE CLASS RTOS Condition cause : null
2025-12-29 17:15:21,433 [WARN] ConditionMgr:438 - getConditionDescription Invalid condition id : UX DEVICE CLASS RTOS Condition cause : null
2025-12-29 17:15:21,436 [WARN] PackLoader:240 - Cannot read IP mode file for STMicroelectronics.X-CUBE-AZRTOS-WB.2.0.0
2025-12-29 17:15:21,437 [WARN] ConditionMgr:1044 - genDependencies : Invalid condition id : UX DEVICE CLASS RTOS Condition cause : null
2025-12-29 17:15:21,438 [WARN] ConditionMgr:1044 - genDependencies : Invalid condition id : UX DEVICE CLASS RTOS Condition cause : null
2025-12-29 17:15:21,438 [WARN] ConditionMgr:1044 - genDependencies : Invalid condition id : UX DEVICE CLASS RTOS Condition cause : null
2025-12-29 17:15:21,439 [WARN] ConditionMgr:1044 - genDependencies : Invalid condition id : UX DEVICE CLASS RTOS Condition cause : null
2025-12-29 17:15:21,439 [WARN] ConditionMgr:1044 - genDependencies : Invalid condition id : UX DEVICE CLASS RTOS Condition cause : null
2025-12-29 17:15:21,444 [WARN] PackLoader:240 - Cannot read IP mode file for STMicroelectronics.X-CUBE-GNSS1.7.0.1
2025-12-29 17:15:21,447 [WARN] PackLoader:240 - Cannot read IP mode file for STMicroelectronics.X-CUBE-TOUCHGFX.4.25.0
2025-12-29 17:15:21,452 [WARN] PackLoader:240 - Cannot read IP mode file for STMicroelectronics.FP-SNS-STBOX1.2.0.0
2025-12-29 17:15:21,456 [WARN] ConditionMgr:438 - getConditionDescription Invalid condition id : Cortex-A Device cause : null
2025-12-29 17:15:21,468 [WARN] ConditionMgr:1044 - genDependencies : Invalid condition id : Cortex-A Device cause : null
2025-12-29 17:15:21,468 [WARN] ConditionMgr:1044 - genDependencies : Invalid condition id : Cortex-A Device cause : null
2025-12-29 17:15:21,469 [WARN] ConditionMgr:1044 - genDependencies : Invalid condition id : Cortex-A Device cause : null
2025-12-29 17:15:21,481 [WARN] PackLoader:240 - Cannot read IP mode file for STMicroelectronics.X-CUBE-SUBG2.5.0.0
2025-12-29 17:15:21,514 [WARN] PackLoader:240 - Cannot read IP mode file for STMicroelectronics.X-CUBE-AZRTOS-H7RS.1.1.0
2025-12-29 17:15:21,521 [WARN] PackLoader:240 - Cannot read IP mode file for Cesanta.I-CUBE-Mongoose.7.13.0
2025-12-29 17:15:21,535 [WARN] PackLoader:240 - Cannot read IP mode file for STMicroelectronics.X-CUBE-AZRTOS-G4.2.0.0
2025-12-29 17:15:21,541 [WARN] PackLoader:240 - Cannot read IP mode file for wolfSSL.I-CUBE-wolfSSH.1.4.20
2025-12-29 17:15:21,544 [WARN] PackLoader:240 - Cannot read IP mode file for STMicroelectronics.X-CUBE-NFC7.2.0.0
2025-12-29 17:15:21,565 [WARN] PackLoader:240 - Cannot read IP mode file for STMicroelectronics.X-CUBE-IPS.3.1.0
2025-12-29 17:15:21,576 [WARN] PackLoader:240 - Cannot read IP mode file for STMicroelectronics.X-CUBE-ALS.1.0.2
2025-12-29 17:15:21,586 [WARN] PackLoader:240 - Cannot read IP mode file for STMicroelectronics.X-CUBE-STSE01.1.0.0
2025-12-29 17:15:21,606 [WARN] PackLoader:240 - Cannot read IP mode file for portGmbH.I-Cube-SoM-uGOAL.1.1.0
2025-12-29 17:15:21,619 [WARN] PackLoader:240 - Cannot read IP mode file for STMicroelectronics.X-CUBE-TOF1.3.4.3
2025-12-29 17:15:21,629 [INFO] ThirdParty:978 - Integrity check success = true
2025-12-29 17:15:21,629 [INFO] IntegrityCheckThread:100 - exiting critical section [integrity check]
2025-12-29 17:15:21,629 [INFO] IntegrityCheckThread:103 - End integrity checks thread
2025-12-29 17:15:50,936 [INFO] WebApp:169 - Instantiating new browser for Auth
2025-12-29 17:15:52,471 [INFO] WebApp:463 - Apply proxy settings
2025-12-29 17:15:52,491 [INFO] WebApp:508 - Chromium authenticates against Manually configured proxy
2025-12-29 17:15:52,511 [INFO] WebApp:516 - Username used for proxy authentication: 
2025-12-29 17:15:52,551 [INFO] WebApp:900 - Register for checkConnection events
2025-12-29 17:15:52,552 [INFO] WebApp:463 - Apply proxy settings
2025-12-29 17:15:52,555 [INFO] WebApp:508 - Chromium authenticates against Manually configured proxy
2025-12-29 17:15:52,555 [INFO] WebApp:516 - Username used for proxy authentication: 
2025-12-29 17:15:52,719 [INFO] WebApp:225 - Starting web application
2025-12-29 17:15:52,719 [INFO] WebApp:593 - Web application path used /Applications/STM32CubeIDE.app/Contents/Eclipse/plugins/com.st.stm32cube.common.mx_6.15.0.202507011659/db/plugins/mcufinder/reactClient1/index.html
2025-12-29 17:15:53,129 [INFO] WebApp:191 - Connection restablished
