2025-11-22 15:49:26,795 [INFO] Activator:176 - 


2025-11-22 15:49:26,800 [INFO] Activator:177 - !SESSION log4j initialized
2025-11-22 15:49:32,693 [INFO] LogOutputStream:77 - [STDOUT_REDIRECT] 
2025-11-22 15:49:33,774 [ERROR] LogOutputStream:75 - [STDERR_REDIRECT] 
2025-11-22 15:49:35,816 [INFO] LogOutputStream:77 - [STDOUT_REDIRECT] 
2025-11-22 15:49:37,483 [INFO] ApplicationProperties:184 - Using Application install path: /Applications/STM32CubeIDE.app/Contents/Eclipse/plugins/com.st.stm32cube.common.mx_6.15.0.202507011659
2025-11-22 15:49:37,500 [INFO] DbMcusXml:78 - Set database path to: /Applications/STM32CubeIDE.app/Contents/Eclipse/plugins/com.st.stm32cube.common.mx_6.15.0.202507011659//db//mcu/
2025-11-22 15:49:37,501 [INFO] ApiDb:274 - Set plugin database path to: /Applications/STM32CubeIDE.app/Contents/Eclipse/plugins/com.st.stm32cube.common.mx_6.15.0.202507011659//db//plugins/boardmanager/
2025-11-22 15:49:37,502 [WARN] ApiDb:259 - Overriding images path with different value:  => /Applications/STM32CubeIDE.app/Contents/Eclipse/plugins/com.st.stm32cube.common.mx_6.15.0.202507011659//db//plugins/mcufinder/images/
2025-11-22 15:49:37,514 [INFO] ApiDb:250 - Set database path to: /Users/sheen/.stmcufinder/plugins/mcufinder//mcu/
2025-11-22 15:49:37,515 [INFO] DbMcusAds:125 - Set database path to: /Users/sheen/.stmcufinder/plugins/mcufinder//mcu/
2025-11-22 15:49:37,516 [INFO] CrossReferenceDbSqlite:203 - Set database path to: /Users/sheen/.stmcufinder/plugins/mcufinder//mcu/cs/
2025-11-22 15:49:37,751 [INFO] RulesReader:64 - Compatibility file has been processed (317 Rules)
2025-11-22 15:49:37,800 [INFO] DbMcusXml:78 - Set database path to: /Applications/STM32CubeIDE.app/Contents/Eclipse/plugins/com.st.stm32cube.common.mx_6.15.0.202507011659//db//mcu/
2025-11-22 15:49:37,800 [INFO] ApiDb:274 - Set plugin database path to: /Applications/STM32CubeIDE.app/Contents/Eclipse/plugins/com.st.stm32cube.common.mx_6.15.0.202507011659//db//plugins/boardmanager/
2025-11-22 15:49:37,801 [INFO] ApiDb:261 - Set plugin images path to: /Applications/STM32CubeIDE.app/Contents/Eclipse/plugins/com.st.stm32cube.common.mx_6.15.0.202507011659//db//plugins/mcufinder/images/
2025-11-22 15:49:37,801 [WARN] DbFile:41 - Overriding database path with different value: /Users/sheen/.stmcufinder/plugins/mcufinder/ => /Users/sheen/.stmcufinder/plugins/mcufinder
2025-11-22 15:49:37,801 [INFO] ApiDb:250 - Set database path to: /Users/sheen/.stmcufinder/plugins/mcufinder//mcu/
2025-11-22 15:49:37,801 [WARN] DbFile:41 - Overriding database path with different value: /Users/sheen/.stmcufinder/plugins/mcufinder/ => /Users/sheen/.stmcufinder/plugins/mcufinder
2025-11-22 15:49:37,801 [INFO] DbMcusAds:125 - Set database path to: /Users/sheen/.stmcufinder/plugins/mcufinder//mcu/
2025-11-22 15:49:37,801 [WARN] DbFile:41 - Overriding database path with different value: /Users/sheen/.stmcufinder/plugins/mcufinder/ => /Users/sheen/.stmcufinder/plugins/mcufinder
2025-11-22 15:49:37,801 [WARN] DbFile:41 - Overriding database path with different value: /Users/sheen/.stmcufinder/plugins/mcufinder/ => /Users/sheen/.stmcufinder/plugins/mcufinder
2025-11-22 15:49:37,802 [INFO] CrossReferenceDbSqlite:203 - Set database path to: /Users/sheen/.stmcufinder/plugins/mcufinder//mcu/cs/
2025-11-22 15:49:37,869 [INFO] MainPanel:274 - HeapMemory: 268435456
2025-11-22 15:49:38,182 [INFO] DbMcusXml:78 - Set database path to: /Applications/STM32CubeIDE.app/Contents/Eclipse/plugins/com.st.stm32cube.common.mx_6.15.0.202507011659//db//mcu/
2025-11-22 15:49:38,182 [INFO] ApiDb:274 - Set plugin database path to: /Applications/STM32CubeIDE.app/Contents/Eclipse/plugins/com.st.stm32cube.common.mx_6.15.0.202507011659//db//plugins/boardmanager/
2025-11-22 15:49:38,182 [INFO] ApiDb:261 - Set plugin images path to: /Applications/STM32CubeIDE.app/Contents/Eclipse/plugins/com.st.stm32cube.common.mx_6.15.0.202507011659//db//plugins/mcufinder/images/
2025-11-22 15:49:38,182 [WARN] DbFile:41 - Overriding database path with different value: /Users/sheen/.stmcufinder/plugins/mcufinder/ => /Users/sheen/.stmcufinder/plugins/mcufinder
2025-11-22 15:49:38,182 [INFO] ApiDb:250 - Set database path to: /Users/sheen/.stmcufinder/plugins/mcufinder//mcu/
2025-11-22 15:49:38,182 [WARN] DbFile:41 - Overriding database path with different value: /Users/sheen/.stmcufinder/plugins/mcufinder/ => /Users/sheen/.stmcufinder/plugins/mcufinder
2025-11-22 15:49:38,182 [INFO] DbMcusAds:125 - Set database path to: /Users/sheen/.stmcufinder/plugins/mcufinder//mcu/
2025-11-22 15:49:38,182 [WARN] DbFile:41 - Overriding database path with different value: /Users/sheen/.stmcufinder/plugins/mcufinder/ => /Users/sheen/.stmcufinder/plugins/mcufinder
2025-11-22 15:49:38,182 [WARN] DbFile:41 - Overriding database path with different value: /Users/sheen/.stmcufinder/plugins/mcufinder/ => /Users/sheen/.stmcufinder/plugins/mcufinder
2025-11-22 15:49:38,183 [INFO] CrossReferenceDbSqlite:203 - Set database path to: /Users/sheen/.stmcufinder/plugins/mcufinder//mcu/cs/
2025-11-22 15:49:38,197 [INFO] ApplicationProperties:184 - Using Application install path: /Applications/STM32CubeIDE.app/Contents/Eclipse/plugins/com.st.stm32cube.common.mx_6.15.0.202507011659
2025-11-22 15:49:38,198 [INFO] PluginManage:196 - Search for loadable plugins [exclusion list=, ]
2025-11-22 15:49:38,199 [INFO] PluginManage:310 - Check plugin analytics
2025-11-22 15:49:38,372 [INFO] AnalyticsPlugin:253 - Accepted Software Licenses: STM32CubeMX.6.15.0
2025-11-22 15:49:38,373 [INFO] AnalyticsPlugin:255 - Accepted CMSIS Pack Licenses: 
2025-11-22 15:49:38,375 [INFO] AnalyticsPlugin:257 - Accepted Firmware Licenses: FW.F4.1.28.0
2025-11-22 15:49:38,385 [INFO] PluginManage:359 - Loaded plugin analytics (category:tool,tabindex:-1)
2025-11-22 15:49:38,389 [INFO] PluginManage:310 - Check plugin cadmodel
2025-11-22 15:49:38,406 [INFO] CADModel:105 - Init CAD model plugin
2025-11-22 15:49:38,406 [INFO] PluginManage:359 - Loaded plugin cadmodel (category:power,tabindex:5)
2025-11-22 15:49:38,407 [INFO] PluginManage:310 - Check plugin clock
2025-11-22 15:49:38,417 [INFO] PluginManage:359 - Loaded plugin clock (category:base,tabindex:2)
2025-11-22 15:49:38,417 [INFO] PluginManage:310 - Check plugin ddr
2025-11-22 15:49:38,419 [INFO] PluginManage:359 - Loaded plugin ddr (category:tool,tabindex:6)
2025-11-22 15:49:38,419 [INFO] PluginManage:310 - Check plugin filemanager
2025-11-22 15:49:38,561 [INFO] PluginManage:359 - Loaded plugin filemanager (category:base,tabindex:10)
2025-11-22 15:49:38,561 [INFO] PluginManage:310 - Check plugin ipmanager
2025-11-22 15:49:38,566 [INFO] PluginManage:359 - Loaded plugin ipmanager (category:base,tabindex:5)
2025-11-22 15:49:38,567 [INFO] PluginManage:310 - Check plugin lpbam
2025-11-22 15:49:38,573 [INFO] PluginManage:359 - Loaded plugin lpbam (category:base,tabindex:0)
2025-11-22 15:49:38,573 [INFO] PluginManage:310 - Check plugin memorymap
2025-11-22 15:49:38,583 [INFO] PluginManage:359 - Loaded plugin memorymap (category:base,tabindex:4)
2025-11-22 15:49:38,583 [INFO] PluginManage:310 - Check plugin pinoutandconfiguration
2025-11-22 15:49:38,588 [INFO] PluginManage:359 - Loaded plugin pinoutandconfiguration (category:base,tabindex:1)
2025-11-22 15:49:38,588 [INFO] PluginManage:310 - Check plugin pinoutconfig
2025-11-22 15:49:38,670 [WARN] SupportedApi:132 - Cannot load RTOS API schema: s4s-elt-must-match.1: The content of 'definitions' must match (annotation?, (simpleType | complexType)?, (unique | key | keyref)*)). A problem was found starting at: attribute.
2025-11-22 15:49:38,806 [INFO] PluginManage:359 - Loaded plugin pinoutconfig (category:base,tabindex:0)
2025-11-22 15:49:38,806 [INFO] PluginManage:310 - Check plugin power
2025-11-22 15:49:38,815 [INFO] PluginManage:359 - Loaded plugin power (category:power,tabindex:4)
2025-11-22 15:49:38,815 [INFO] PluginManage:310 - Check plugin projectmanager
2025-11-22 15:49:38,841 [INFO] PluginManage:359 - Loaded plugin projectmanager (category:projectmanager,tabindex:4)
2025-11-22 15:49:38,841 [INFO] PluginManage:310 - Check plugin rif
2025-11-22 15:49:38,848 [INFO] PluginManage:359 - Loaded plugin rif (category:base,tabindex:3)
2025-11-22 15:49:38,848 [INFO] PluginManage:310 - Check plugin thirdparty
2025-11-22 15:49:39,001 [INFO] PluginManage:359 - Loaded plugin thirdparty (category:base,tabindex:-1)
2025-11-22 15:49:39,000 [WARN] IntegrityCheckThread:84 - waiting for thirdparty lock release [integrity check]
2025-11-22 15:49:39,001 [INFO] IntegrityCheckThread:86 - entering critical section [integrity check]
2025-11-22 15:49:39,001 [INFO] PluginManage:310 - Check plugin tools
2025-11-22 15:49:39,001 [INFO] ThirdPartyUpdaterWithRetryManager:70 - Updater plugin not ready yet. [1/15]
2025-11-22 15:49:39,002 [INFO] PluginManage:359 - Loaded plugin tools (category:base,tabindex:7)
2025-11-22 15:49:39,003 [INFO] PluginManage:310 - Check plugin tutovideos
2025-11-22 15:49:39,158 [INFO] PluginManage:359 - Loaded plugin tutovideos (category:base,tabindex:-1)
2025-11-22 15:49:39,159 [INFO] PluginManage:310 - Check plugin updater
2025-11-22 15:49:39,184 [INFO] PluginManage:359 - Loaded plugin updater (category:base,tabindex:12)
2025-11-22 15:49:39,184 [INFO] PluginManage:310 - Check plugin userauth
2025-11-22 15:49:39,189 [INFO] UserAuth:118 - Init User Auth plugin
2025-11-22 15:49:39,190 [INFO] PluginManage:359 - Loaded plugin userauth (category:base,tabindex:14)
2025-11-22 15:49:39,191 [INFO] PluginManage:283 - PluginManage : Loaded plugins [18]
2025-11-22 15:49:39,474 [INFO] PinOutPanel:1589 - setPackage(No Configuration,No Configuration)
2025-11-22 15:49:39,569 [INFO] CADModel:165 - CPN selected for project level
2025-11-22 15:49:39,570 [INFO] CADModel:114 - Register for checkConnection events
2025-11-22 15:49:39,580 [INFO] IPUIPlugin:80 - create IPUIPlugin
2025-11-22 15:49:39,581 [INFO] PluginManager:220 - loadIPPluginJar : add mdma
2025-11-22 15:49:39,585 [INFO] IPUIPlugin:80 - create IPUIPlugin
2025-11-22 15:49:39,586 [INFO] PluginManager:220 - loadIPPluginJar : add freertos
2025-11-22 15:49:39,589 [INFO] IPUIPlugin:80 - create IPUIPlugin
2025-11-22 15:49:39,589 [INFO] PluginManager:220 - loadIPPluginJar : add gic
2025-11-22 15:49:39,595 [INFO] IPUIPlugin:80 - create IPUIPlugin
2025-11-22 15:49:39,595 [INFO] PluginManager:220 - loadIPPluginJar : add adc
2025-11-22 15:49:39,596 [INFO] IPUIPlugin:80 - create IPUIPlugin
2025-11-22 15:49:39,596 [INFO] PluginManager:220 - loadIPPluginJar : add gtzc
2025-11-22 15:49:39,597 [INFO] IPUIPlugin:80 - create IPUIPlugin
2025-11-22 15:49:39,598 [INFO] PluginManager:220 - loadIPPluginJar : add quadspi
2025-11-22 15:49:39,599 [INFO] IPUIPlugin:80 - create IPUIPlugin
2025-11-22 15:49:39,599 [INFO] PluginManager:220 - loadIPPluginJar : add aes
2025-11-22 15:49:39,600 [INFO] IPUIPlugin:80 - create IPUIPlugin
2025-11-22 15:49:39,600 [INFO] PluginManager:220 - loadIPPluginJar : add pdm2pcm
2025-11-22 15:49:39,601 [INFO] IPUIPlugin:80 - create IPUIPlugin
2025-11-22 15:49:39,601 [INFO] PluginManager:220 - loadIPPluginJar : add hash
2025-11-22 15:49:39,602 [INFO] IPUIPlugin:80 - create IPUIPlugin
2025-11-22 15:49:39,602 [INFO] PluginManager:220 - loadIPPluginJar : add tim
2025-11-22 15:49:39,603 [INFO] IPUIPlugin:80 - create IPUIPlugin
2025-11-22 15:49:39,603 [INFO] PluginManager:220 - loadIPPluginJar : add tsc
2025-11-22 15:49:39,604 [INFO] IPUIPlugin:80 - create IPUIPlugin
2025-11-22 15:49:39,604 [INFO] PluginManager:220 - loadIPPluginJar : add extmemmanager
2025-11-22 15:49:39,606 [INFO] IPUIPlugin:80 - create IPUIPlugin
2025-11-22 15:49:39,606 [INFO] PluginManager:220 - loadIPPluginJar : add ts
2025-11-22 15:49:39,606 [INFO] IPUIPlugin:80 - create IPUIPlugin
2025-11-22 15:49:39,606 [INFO] PluginManager:220 - loadIPPluginJar : add radio
2025-11-22 15:49:39,608 [INFO] IPUIPlugin:80 - create IPUIPlugin
2025-11-22 15:49:39,608 [INFO] PluginManager:220 - loadIPPluginJar : add can
2025-11-22 15:49:39,609 [INFO] IPUIPlugin:80 - create IPUIPlugin
2025-11-22 15:49:39,609 [INFO] PluginManager:220 - loadIPPluginJar : add dma3
2025-11-22 15:49:39,610 [INFO] IPUIPlugin:80 - create IPUIPlugin
2025-11-22 15:49:39,610 [INFO] PluginManager:220 - loadIPPluginJar : add dfsdm
2025-11-22 15:49:39,611 [INFO] IPUIPlugin:80 - create IPUIPlugin
2025-11-22 15:49:39,611 [INFO] PluginManager:220 - loadIPPluginJar : add spi
2025-11-22 15:49:39,612 [INFO] IPUIPlugin:80 - create IPUIPlugin
2025-11-22 15:49:39,612 [INFO] PluginManager:220 - loadIPPluginJar : add gfxmmu
2025-11-22 15:49:39,614 [INFO] IPUIPlugin:80 - create IPUIPlugin
2025-11-22 15:49:39,614 [INFO] PluginManager:220 - loadIPPluginJar : add genericplugin
2025-11-22 15:49:39,615 [INFO] IPUIPlugin:80 - create IPUIPlugin
2025-11-22 15:49:39,615 [INFO] PluginManager:220 - loadIPPluginJar : add cryp
2025-11-22 15:49:39,617 [INFO] IPUIPlugin:80 - create IPUIPlugin
2025-11-22 15:49:39,618 [INFO] PluginManager:220 - loadIPPluginJar : add gpio
2025-11-22 15:49:39,620 [INFO] IPUIPlugin:80 - create IPUIPlugin
2025-11-22 15:49:39,620 [INFO] PluginManager:220 - loadIPPluginJar : add ddr_ctrl_phy
2025-11-22 15:49:39,621 [INFO] IPUIPlugin:80 - create IPUIPlugin
2025-11-22 15:49:39,621 [INFO] PluginManager:220 - loadIPPluginJar : add comp
2025-11-22 15:49:39,622 [INFO] IPUIPlugin:80 - create IPUIPlugin
2025-11-22 15:49:39,623 [INFO] PluginManager:220 - loadIPPluginJar : add tracer_emb
2025-11-22 15:49:39,624 [INFO] IPUIPlugin:80 - create IPUIPlugin
2025-11-22 15:49:39,625 [INFO] PluginManager:220 - loadIPPluginJar : add openamp
2025-11-22 15:49:39,628 [INFO] IPUIPlugin:80 - create IPUIPlugin
2025-11-22 15:49:39,628 [INFO] PluginManager:220 - loadIPPluginJar : add stm32_wpan
2025-11-22 15:49:39,630 [INFO] IPUIPlugin:80 - create IPUIPlugin
2025-11-22 15:49:39,632 [INFO] PluginManager:220 - loadIPPluginJar : add plateformsettings
2025-11-22 15:49:39,634 [INFO] IPUIPlugin:80 - create IPUIPlugin
2025-11-22 15:49:39,634 [INFO] PluginManager:220 - loadIPPluginJar : add ipddr
2025-11-22 15:49:39,635 [INFO] IPUIPlugin:80 - create IPUIPlugin
2025-11-22 15:49:39,635 [INFO] PluginManager:220 - loadIPPluginJar : add usart
2025-11-22 15:49:39,636 [INFO] IPUIPlugin:80 - create IPUIPlugin
2025-11-22 15:49:39,636 [INFO] PluginManager:220 - loadIPPluginJar : add ltdc
2025-11-22 15:49:39,637 [INFO] IPUIPlugin:80 - create IPUIPlugin
2025-11-22 15:49:39,637 [INFO] PluginManager:220 - loadIPPluginJar : add nvic
2025-11-22 15:49:39,638 [INFO] IPUIPlugin:80 - create IPUIPlugin
2025-11-22 15:49:39,638 [INFO] PluginManager:220 - loadIPPluginJar : add fatfs
2025-11-22 15:49:39,642 [INFO] IPUIPlugin:80 - create IPUIPlugin
2025-11-22 15:49:39,642 [INFO] PluginManager:220 - loadIPPluginJar : add linkedlist
2025-11-22 15:49:39,645 [INFO] IPUIPlugin:80 - create IPUIPlugin
2025-11-22 15:49:39,645 [INFO] PluginManager:220 - loadIPPluginJar : add dma
2025-11-22 15:49:39,647 [INFO] IPUIPlugin:80 - create IPUIPlugin
2025-11-22 15:49:39,647 [INFO] PluginManager:220 - loadIPPluginJar : add fmc
2025-11-22 15:49:39,648 [INFO] IPUIPlugin:80 - create IPUIPlugin
2025-11-22 15:49:39,648 [INFO] PluginManager:220 - loadIPPluginJar : add i2s
2025-11-22 15:49:39,649 [INFO] IPUIPlugin:80 - create IPUIPlugin
2025-11-22 15:49:39,649 [INFO] PluginManager:220 - loadIPPluginJar : add ucpd
2025-11-22 15:49:39,650 [INFO] IPUIPlugin:80 - create IPUIPlugin
2025-11-22 15:49:39,651 [INFO] PluginManager:220 - loadIPPluginJar : add lorawan
2025-11-22 15:49:39,652 [INFO] IPUIPlugin:80 - create IPUIPlugin
2025-11-22 15:49:39,652 [INFO] PluginManager:220 - loadIPPluginJar : add opamp
2025-11-22 15:49:39,654 [INFO] IPUIPlugin:80 - create IPUIPlugin
2025-11-22 15:49:39,654 [INFO] PluginManager:220 - loadIPPluginJar : add i3c
2025-11-22 15:49:39,655 [INFO] IPUIPlugin:80 - create IPUIPlugin
2025-11-22 15:49:39,656 [INFO] PluginManager:220 - loadIPPluginJar : add touchsensing
2025-11-22 15:49:39,658 [INFO] IPUIPlugin:80 - create IPUIPlugin
2025-11-22 15:49:39,658 [INFO] PluginManager:220 - loadIPPluginJar : add i2c
2025-11-22 15:49:39,660 [INFO] IPUIPlugin:80 - create IPUIPlugin
2025-11-22 15:49:39,660 [INFO] PluginManager:220 - loadIPPluginJar : add resmgrutility
2025-11-22 15:49:39,662 [INFO] IPUIPlugin:80 - create IPUIPlugin
2025-11-22 15:49:39,662 [INFO] PluginManager:220 - loadIPPluginJar : add sai
2025-11-22 15:49:39,663 [INFO] IPUIPlugin:80 - create IPUIPlugin
2025-11-22 15:49:39,663 [INFO] PluginManager:220 - loadIPPluginJar : add usbx
2025-11-22 15:49:39,778 [FATAL] Updater:351 - Updater called before beeing initialized
2025-11-22 15:49:39,814 [INFO] RulesReader:64 - Compatibility file has been processed (317 Rules)
2025-11-22 15:49:39,830 [INFO] RulesReader:64 - Compatibility file has been processed (317 Rules)
2025-11-22 15:49:39,837 [INFO] CADModel:165 - CPN selected for project level
2025-11-22 15:49:39,838 [INFO] CADModel:114 - Register for checkConnection events
2025-11-22 15:49:39,838 [FATAL] Updater:351 - Updater called before beeing initialized
2025-11-22 15:49:39,838 [ERROR] CADModel:125 - Updater not yet initialized, retry later 
2025-11-22 15:49:40,058 [FATAL] Updater:351 - Updater called before beeing initialized
2025-11-22 15:49:40,059 [INFO] CADModel:165 - CPN selected for project level
2025-11-22 15:49:40,060 [INFO] CADModel:114 - Register for checkConnection events
2025-11-22 15:49:40,060 [FATAL] Updater:351 - Updater called before beeing initialized
2025-11-22 15:49:40,060 [ERROR] CADModel:125 - Updater not yet initialized, retry later 
2025-11-22 15:49:40,062 [FATAL] Updater:351 - Updater called before beeing initialized
2025-11-22 15:49:40,206 [FATAL] Updater:351 - Updater called before beeing initialized
2025-11-22 15:49:40,210 [INFO] DbMcusAds:53 - JSON generation date=Tue Jul 08 01:14:23 PDT 2025 (1751962463524)
2025-11-22 15:49:40,210 [FATAL] Updater:351 - Updater called before beeing initialized
2025-11-22 15:49:40,572 [WARN] DetailPanel:346 - Failed to get advertising image, set to default
2025-11-22 15:49:40,652 [FATAL] Updater:351 - Updater called before beeing initialized
2025-11-22 15:49:40,657 [FATAL] Updater:351 - Updater called before beeing initialized
2025-11-22 15:49:40,658 [FATAL] Updater:351 - Updater called before beeing initialized
2025-11-22 15:49:40,658 [WARN] DetailPanel:346 - Failed to get advertising image, set to default
2025-11-22 15:49:40,661 [FATAL] Updater:351 - Updater called before beeing initialized
2025-11-22 15:49:40,718 [ERROR] Updater:1198 - MainUpdater not yet initialized. External WinMGr cannot be set.
2025-11-22 15:49:40,727 [INFO] Updater:1134 - Updater Version found : 6.15.0
2025-11-22 15:49:40,740 [INFO] ApplicationProperties:184 - Using Application install path: /Applications/STM32CubeIDE.app/Contents/Eclipse/plugins/com.st.stm32cube.common.mx_6.15.0.202507011659
2025-11-22 15:49:41,079 [INFO] MainUpdater:2872 - connection check result : 10
2025-11-22 15:49:41,079 [INFO] MainUpdater:3604 - Updater definition file requires update
2025-11-22 15:49:41,080 [INFO] MainUpdater:289 - Updater Check For Update Now.
2025-11-22 15:49:41,080 [INFO] MicroXplorer:498 - Change Database Version : DB.6.0.150
2025-11-22 15:49:41,091 [INFO] McuFinderGlobals:63 - Set McuFinder mode to 2 (CubeIDE integrated)
2025-11-22 15:49:41,091 [INFO] UserAuth:171 - activating auth plugin
2025-11-22 15:49:41,099 [INFO] UserAuth:487 - Internet connection configuration mode: 1
2025-11-22 15:49:41,114 [INFO] JxBrowserEngine:152 - Initiate JxBrowser Engine with user profile folder
2025-11-22 15:49:41,299 [INFO] ServerAccessManage:452 - Complete download http(s) 200
2025-11-22 15:49:41,301 [INFO] ServerAccessManage:509 - Download File updaters.zip
2025-11-22 15:49:41,410 [INFO] FileExtend:248 - Unzip File : updaters.zip
2025-11-22 15:49:41,410 [INFO] FileExtend:263 - Standard Zip Deflate
2025-11-22 15:52:06,707 [INFO] Activator:176 - 


2025-11-22 15:52:06,709 [INFO] Activator:177 - !SESSION log4j initialized
2025-11-22 15:52:12,628 [INFO] LogOutputStream:77 - [STDOUT_REDIRECT] 
2025-11-22 15:52:12,896 [ERROR] LogOutputStream:75 - [STDERR_REDIRECT] 
2025-11-22 15:52:15,275 [INFO] LogOutputStream:77 - [STDOUT_REDIRECT] 
2025-11-22 15:52:16,623 [INFO] ApplicationProperties:184 - Using Application install path: /Applications/STM32CubeIDE.app/Contents/Eclipse/plugins/com.st.stm32cube.common.mx_6.15.0.202507011659
2025-11-22 15:52:16,635 [INFO] DbMcusXml:78 - Set database path to: /Applications/STM32CubeIDE.app/Contents/Eclipse/plugins/com.st.stm32cube.common.mx_6.15.0.202507011659//db//mcu/
2025-11-22 15:52:16,636 [INFO] ApiDb:274 - Set plugin database path to: /Applications/STM32CubeIDE.app/Contents/Eclipse/plugins/com.st.stm32cube.common.mx_6.15.0.202507011659//db//plugins/boardmanager/
2025-11-22 15:52:16,637 [WARN] ApiDb:259 - Overriding images path with different value:  => /Applications/STM32CubeIDE.app/Contents/Eclipse/plugins/com.st.stm32cube.common.mx_6.15.0.202507011659//db//plugins/mcufinder/images/
2025-11-22 15:52:16,643 [INFO] ApiDb:250 - Set database path to: /Users/sheen/.stmcufinder/plugins/mcufinder//mcu/
2025-11-22 15:52:16,644 [INFO] DbMcusAds:125 - Set database path to: /Users/sheen/.stmcufinder/plugins/mcufinder//mcu/
2025-11-22 15:52:16,645 [INFO] CrossReferenceDbSqlite:203 - Set database path to: /Users/sheen/.stmcufinder/plugins/mcufinder//mcu/cs/
2025-11-22 15:52:16,765 [INFO] RulesReader:64 - Compatibility file has been processed (317 Rules)
2025-11-22 15:52:16,815 [INFO] DbMcusXml:78 - Set database path to: /Applications/STM32CubeIDE.app/Contents/Eclipse/plugins/com.st.stm32cube.common.mx_6.15.0.202507011659//db//mcu/
2025-11-22 15:52:16,816 [INFO] ApiDb:274 - Set plugin database path to: /Applications/STM32CubeIDE.app/Contents/Eclipse/plugins/com.st.stm32cube.common.mx_6.15.0.202507011659//db//plugins/boardmanager/
2025-11-22 15:52:16,816 [INFO] ApiDb:261 - Set plugin images path to: /Applications/STM32CubeIDE.app/Contents/Eclipse/plugins/com.st.stm32cube.common.mx_6.15.0.202507011659//db//plugins/mcufinder/images/
2025-11-22 15:52:16,816 [WARN] DbFile:41 - Overriding database path with different value: /Users/sheen/.stmcufinder/plugins/mcufinder/ => /Users/sheen/.stmcufinder/plugins/mcufinder
2025-11-22 15:52:16,816 [INFO] ApiDb:250 - Set database path to: /Users/sheen/.stmcufinder/plugins/mcufinder//mcu/
2025-11-22 15:52:16,816 [WARN] DbFile:41 - Overriding database path with different value: /Users/sheen/.stmcufinder/plugins/mcufinder/ => /Users/sheen/.stmcufinder/plugins/mcufinder
2025-11-22 15:52:16,816 [INFO] DbMcusAds:125 - Set database path to: /Users/sheen/.stmcufinder/plugins/mcufinder//mcu/
2025-11-22 15:52:16,816 [WARN] DbFile:41 - Overriding database path with different value: /Users/sheen/.stmcufinder/plugins/mcufinder/ => /Users/sheen/.stmcufinder/plugins/mcufinder
2025-11-22 15:52:16,816 [WARN] DbFile:41 - Overriding database path with different value: /Users/sheen/.stmcufinder/plugins/mcufinder/ => /Users/sheen/.stmcufinder/plugins/mcufinder
2025-11-22 15:52:16,816 [INFO] CrossReferenceDbSqlite:203 - Set database path to: /Users/sheen/.stmcufinder/plugins/mcufinder//mcu/cs/
2025-11-22 15:52:16,874 [INFO] MainPanel:274 - HeapMemory: 268435456
2025-11-22 15:52:17,072 [INFO] DbMcusXml:78 - Set database path to: /Applications/STM32CubeIDE.app/Contents/Eclipse/plugins/com.st.stm32cube.common.mx_6.15.0.202507011659//db//mcu/
2025-11-22 15:52:17,072 [INFO] ApiDb:274 - Set plugin database path to: /Applications/STM32CubeIDE.app/Contents/Eclipse/plugins/com.st.stm32cube.common.mx_6.15.0.202507011659//db//plugins/boardmanager/
2025-11-22 15:52:17,072 [INFO] ApiDb:261 - Set plugin images path to: /Applications/STM32CubeIDE.app/Contents/Eclipse/plugins/com.st.stm32cube.common.mx_6.15.0.202507011659//db//plugins/mcufinder/images/
2025-11-22 15:52:17,072 [WARN] DbFile:41 - Overriding database path with different value: /Users/sheen/.stmcufinder/plugins/mcufinder/ => /Users/sheen/.stmcufinder/plugins/mcufinder
2025-11-22 15:52:17,072 [INFO] ApiDb:250 - Set database path to: /Users/sheen/.stmcufinder/plugins/mcufinder//mcu/
2025-11-22 15:52:17,072 [WARN] DbFile:41 - Overriding database path with different value: /Users/sheen/.stmcufinder/plugins/mcufinder/ => /Users/sheen/.stmcufinder/plugins/mcufinder
2025-11-22 15:52:17,072 [INFO] DbMcusAds:125 - Set database path to: /Users/sheen/.stmcufinder/plugins/mcufinder//mcu/
2025-11-22 15:52:17,072 [WARN] DbFile:41 - Overriding database path with different value: /Users/sheen/.stmcufinder/plugins/mcufinder/ => /Users/sheen/.stmcufinder/plugins/mcufinder
2025-11-22 15:52:17,072 [WARN] DbFile:41 - Overriding database path with different value: /Users/sheen/.stmcufinder/plugins/mcufinder/ => /Users/sheen/.stmcufinder/plugins/mcufinder
2025-11-22 15:52:17,072 [INFO] CrossReferenceDbSqlite:203 - Set database path to: /Users/sheen/.stmcufinder/plugins/mcufinder//mcu/cs/
2025-11-22 15:52:17,086 [INFO] ApplicationProperties:184 - Using Application install path: /Applications/STM32CubeIDE.app/Contents/Eclipse/plugins/com.st.stm32cube.common.mx_6.15.0.202507011659
2025-11-22 15:52:17,087 [INFO] PluginManage:196 - Search for loadable plugins [exclusion list=, ]
2025-11-22 15:52:17,088 [INFO] PluginManage:310 - Check plugin analytics
2025-11-22 15:52:17,277 [INFO] AnalyticsPlugin:253 - Accepted Software Licenses: STM32CubeMX.6.15.0
2025-11-22 15:52:17,277 [INFO] AnalyticsPlugin:255 - Accepted CMSIS Pack Licenses: 
2025-11-22 15:52:17,277 [INFO] AnalyticsPlugin:257 - Accepted Firmware Licenses: FW.F4.1.28.0
2025-11-22 15:52:17,285 [INFO] PluginManage:359 - Loaded plugin analytics (category:tool,tabindex:-1)
2025-11-22 15:52:17,287 [INFO] PluginManage:310 - Check plugin cadmodel
2025-11-22 15:52:17,300 [INFO] CADModel:105 - Init CAD model plugin
2025-11-22 15:52:17,300 [INFO] PluginManage:359 - Loaded plugin cadmodel (category:power,tabindex:5)
2025-11-22 15:52:17,301 [INFO] PluginManage:310 - Check plugin clock
2025-11-22 15:52:17,310 [INFO] PluginManage:359 - Loaded plugin clock (category:base,tabindex:2)
2025-11-22 15:52:17,311 [INFO] PluginManage:310 - Check plugin ddr
2025-11-22 15:52:17,313 [INFO] PluginManage:359 - Loaded plugin ddr (category:tool,tabindex:6)
2025-11-22 15:52:17,313 [INFO] PluginManage:310 - Check plugin filemanager
2025-11-22 15:52:17,463 [INFO] PluginManage:359 - Loaded plugin filemanager (category:base,tabindex:10)
2025-11-22 15:52:17,463 [INFO] PluginManage:310 - Check plugin ipmanager
2025-11-22 15:52:17,469 [INFO] PluginManage:359 - Loaded plugin ipmanager (category:base,tabindex:5)
2025-11-22 15:52:17,470 [INFO] PluginManage:310 - Check plugin lpbam
2025-11-22 15:52:17,480 [INFO] PluginManage:359 - Loaded plugin lpbam (category:base,tabindex:0)
2025-11-22 15:52:17,480 [INFO] PluginManage:310 - Check plugin memorymap
2025-11-22 15:52:17,490 [INFO] PluginManage:359 - Loaded plugin memorymap (category:base,tabindex:4)
2025-11-22 15:52:17,490 [INFO] PluginManage:310 - Check plugin pinoutandconfiguration
2025-11-22 15:52:17,495 [INFO] PluginManage:359 - Loaded plugin pinoutandconfiguration (category:base,tabindex:1)
2025-11-22 15:52:17,496 [INFO] PluginManage:310 - Check plugin pinoutconfig
2025-11-22 15:52:17,569 [WARN] SupportedApi:132 - Cannot load RTOS API schema: s4s-elt-must-match.1: The content of 'definitions' must match (annotation?, (simpleType | complexType)?, (unique | key | keyref)*)). A problem was found starting at: attribute.
2025-11-22 15:52:17,693 [INFO] PluginManage:359 - Loaded plugin pinoutconfig (category:base,tabindex:0)
2025-11-22 15:52:17,693 [INFO] PluginManage:310 - Check plugin power
2025-11-22 15:52:17,703 [INFO] PluginManage:359 - Loaded plugin power (category:power,tabindex:4)
2025-11-22 15:52:17,703 [INFO] PluginManage:310 - Check plugin projectmanager
2025-11-22 15:52:17,725 [INFO] PluginManage:359 - Loaded plugin projectmanager (category:projectmanager,tabindex:4)
2025-11-22 15:52:17,726 [INFO] PluginManage:310 - Check plugin rif
2025-11-22 15:52:17,733 [INFO] PluginManage:359 - Loaded plugin rif (category:base,tabindex:3)
2025-11-22 15:52:17,733 [INFO] PluginManage:310 - Check plugin thirdparty
2025-11-22 15:52:17,882 [WARN] IntegrityCheckThread:84 - waiting for thirdparty lock release [integrity check]
2025-11-22 15:52:17,882 [INFO] PluginManage:359 - Loaded plugin thirdparty (category:base,tabindex:-1)
2025-11-22 15:52:17,882 [INFO] PluginManage:310 - Check plugin tools
2025-11-22 15:52:17,882 [INFO] IntegrityCheckThread:86 - entering critical section [integrity check]
2025-11-22 15:52:17,884 [INFO] ThirdPartyUpdaterWithRetryManager:70 - Updater plugin not ready yet. [1/15]
2025-11-22 15:52:17,885 [INFO] PluginManage:359 - Loaded plugin tools (category:base,tabindex:7)
2025-11-22 15:52:17,885 [INFO] PluginManage:310 - Check plugin tutovideos
2025-11-22 15:52:18,038 [INFO] PluginManage:359 - Loaded plugin tutovideos (category:base,tabindex:-1)
2025-11-22 15:52:18,039 [INFO] PluginManage:310 - Check plugin updater
2025-11-22 15:52:18,064 [INFO] PluginManage:359 - Loaded plugin updater (category:base,tabindex:12)
2025-11-22 15:52:18,064 [INFO] PluginManage:310 - Check plugin userauth
2025-11-22 15:52:18,067 [INFO] UserAuth:118 - Init User Auth plugin
2025-11-22 15:52:18,068 [INFO] PluginManage:359 - Loaded plugin userauth (category:base,tabindex:14)
2025-11-22 15:52:18,069 [INFO] PluginManage:283 - PluginManage : Loaded plugins [18]
2025-11-22 15:52:18,272 [INFO] PinOutPanel:1589 - setPackage(No Configuration,No Configuration)
2025-11-22 15:52:18,337 [INFO] CADModel:165 - CPN selected for project level
2025-11-22 15:52:18,338 [INFO] CADModel:114 - Register for checkConnection events
2025-11-22 15:52:18,348 [INFO] IPUIPlugin:80 - create IPUIPlugin
2025-11-22 15:52:18,348 [INFO] PluginManager:220 - loadIPPluginJar : add mdma
2025-11-22 15:52:18,353 [INFO] IPUIPlugin:80 - create IPUIPlugin
2025-11-22 15:52:18,353 [INFO] PluginManager:220 - loadIPPluginJar : add freertos
2025-11-22 15:52:18,357 [INFO] IPUIPlugin:80 - create IPUIPlugin
2025-11-22 15:52:18,357 [INFO] PluginManager:220 - loadIPPluginJar : add gic
2025-11-22 15:52:18,363 [INFO] IPUIPlugin:80 - create IPUIPlugin
2025-11-22 15:52:18,363 [INFO] PluginManager:220 - loadIPPluginJar : add adc
2025-11-22 15:52:18,365 [INFO] IPUIPlugin:80 - create IPUIPlugin
2025-11-22 15:52:18,365 [INFO] PluginManager:220 - loadIPPluginJar : add gtzc
2025-11-22 15:52:18,365 [INFO] IPUIPlugin:80 - create IPUIPlugin
2025-11-22 15:52:18,365 [INFO] PluginManager:220 - loadIPPluginJar : add quadspi
2025-11-22 15:52:18,366 [INFO] IPUIPlugin:80 - create IPUIPlugin
2025-11-22 15:52:18,366 [INFO] PluginManager:220 - loadIPPluginJar : add aes
2025-11-22 15:52:18,368 [INFO] IPUIPlugin:80 - create IPUIPlugin
2025-11-22 15:52:18,368 [INFO] PluginManager:220 - loadIPPluginJar : add pdm2pcm
2025-11-22 15:52:18,368 [INFO] IPUIPlugin:80 - create IPUIPlugin
2025-11-22 15:52:18,368 [INFO] PluginManager:220 - loadIPPluginJar : add hash
2025-11-22 15:52:18,369 [INFO] IPUIPlugin:80 - create IPUIPlugin
2025-11-22 15:52:18,369 [INFO] PluginManager:220 - loadIPPluginJar : add tim
2025-11-22 15:52:18,370 [INFO] IPUIPlugin:80 - create IPUIPlugin
2025-11-22 15:52:18,370 [INFO] PluginManager:220 - loadIPPluginJar : add tsc
2025-11-22 15:52:18,372 [INFO] IPUIPlugin:80 - create IPUIPlugin
2025-11-22 15:52:18,372 [INFO] PluginManager:220 - loadIPPluginJar : add extmemmanager
2025-11-22 15:52:18,373 [INFO] IPUIPlugin:80 - create IPUIPlugin
2025-11-22 15:52:18,373 [INFO] PluginManager:220 - loadIPPluginJar : add ts
2025-11-22 15:52:18,374 [INFO] IPUIPlugin:80 - create IPUIPlugin
2025-11-22 15:52:18,374 [INFO] PluginManager:220 - loadIPPluginJar : add radio
2025-11-22 15:52:18,375 [INFO] IPUIPlugin:80 - create IPUIPlugin
2025-11-22 15:52:18,375 [INFO] PluginManager:220 - loadIPPluginJar : add can
2025-11-22 15:52:18,376 [INFO] IPUIPlugin:80 - create IPUIPlugin
2025-11-22 15:52:18,376 [INFO] PluginManager:220 - loadIPPluginJar : add dma3
2025-11-22 15:52:18,377 [INFO] IPUIPlugin:80 - create IPUIPlugin
2025-11-22 15:52:18,377 [INFO] PluginManager:220 - loadIPPluginJar : add dfsdm
2025-11-22 15:52:18,378 [INFO] IPUIPlugin:80 - create IPUIPlugin
2025-11-22 15:52:18,378 [INFO] PluginManager:220 - loadIPPluginJar : add spi
2025-11-22 15:52:18,379 [INFO] IPUIPlugin:80 - create IPUIPlugin
2025-11-22 15:52:18,380 [INFO] PluginManager:220 - loadIPPluginJar : add gfxmmu
2025-11-22 15:52:18,381 [INFO] IPUIPlugin:80 - create IPUIPlugin
2025-11-22 15:52:18,381 [INFO] PluginManager:220 - loadIPPluginJar : add genericplugin
2025-11-22 15:52:18,382 [INFO] IPUIPlugin:80 - create IPUIPlugin
2025-11-22 15:52:18,382 [INFO] PluginManager:220 - loadIPPluginJar : add cryp
2025-11-22 15:52:18,384 [INFO] IPUIPlugin:80 - create IPUIPlugin
2025-11-22 15:52:18,384 [INFO] PluginManager:220 - loadIPPluginJar : add gpio
2025-11-22 15:52:18,386 [INFO] IPUIPlugin:80 - create IPUIPlugin
2025-11-22 15:52:18,386 [INFO] PluginManager:220 - loadIPPluginJar : add ddr_ctrl_phy
2025-11-22 15:52:18,387 [INFO] IPUIPlugin:80 - create IPUIPlugin
2025-11-22 15:52:18,387 [INFO] PluginManager:220 - loadIPPluginJar : add comp
2025-11-22 15:52:18,388 [INFO] IPUIPlugin:80 - create IPUIPlugin
2025-11-22 15:52:18,389 [INFO] PluginManager:220 - loadIPPluginJar : add tracer_emb
2025-11-22 15:52:18,391 [INFO] IPUIPlugin:80 - create IPUIPlugin
2025-11-22 15:52:18,391 [INFO] PluginManager:220 - loadIPPluginJar : add openamp
2025-11-22 15:52:18,394 [INFO] IPUIPlugin:80 - create IPUIPlugin
2025-11-22 15:52:18,394 [INFO] PluginManager:220 - loadIPPluginJar : add stm32_wpan
2025-11-22 15:52:18,397 [INFO] IPUIPlugin:80 - create IPUIPlugin
2025-11-22 15:52:18,398 [INFO] PluginManager:220 - loadIPPluginJar : add plateformsettings
2025-11-22 15:52:18,400 [INFO] IPUIPlugin:80 - create IPUIPlugin
2025-11-22 15:52:18,400 [INFO] PluginManager:220 - loadIPPluginJar : add ipddr
2025-11-22 15:52:18,402 [INFO] IPUIPlugin:80 - create IPUIPlugin
2025-11-22 15:52:18,402 [INFO] PluginManager:220 - loadIPPluginJar : add usart
2025-11-22 15:52:18,403 [INFO] IPUIPlugin:80 - create IPUIPlugin
2025-11-22 15:52:18,403 [INFO] PluginManager:220 - loadIPPluginJar : add ltdc
2025-11-22 15:52:18,404 [INFO] IPUIPlugin:80 - create IPUIPlugin
2025-11-22 15:52:18,404 [INFO] PluginManager:220 - loadIPPluginJar : add nvic
2025-11-22 15:52:18,405 [INFO] IPUIPlugin:80 - create IPUIPlugin
2025-11-22 15:52:18,405 [INFO] PluginManager:220 - loadIPPluginJar : add fatfs
2025-11-22 15:52:18,409 [INFO] IPUIPlugin:80 - create IPUIPlugin
2025-11-22 15:52:18,409 [INFO] PluginManager:220 - loadIPPluginJar : add linkedlist
2025-11-22 15:52:18,412 [INFO] IPUIPlugin:80 - create IPUIPlugin
2025-11-22 15:52:18,412 [INFO] PluginManager:220 - loadIPPluginJar : add dma
2025-11-22 15:52:18,414 [INFO] IPUIPlugin:80 - create IPUIPlugin
2025-11-22 15:52:18,414 [INFO] PluginManager:220 - loadIPPluginJar : add fmc
2025-11-22 15:52:18,415 [INFO] IPUIPlugin:80 - create IPUIPlugin
2025-11-22 15:52:18,415 [INFO] PluginManager:220 - loadIPPluginJar : add i2s
2025-11-22 15:52:18,416 [INFO] IPUIPlugin:80 - create IPUIPlugin
2025-11-22 15:52:18,416 [INFO] PluginManager:220 - loadIPPluginJar : add ucpd
2025-11-22 15:52:18,417 [INFO] IPUIPlugin:80 - create IPUIPlugin
2025-11-22 15:52:18,417 [INFO] PluginManager:220 - loadIPPluginJar : add lorawan
2025-11-22 15:52:18,418 [INFO] IPUIPlugin:80 - create IPUIPlugin
2025-11-22 15:52:18,418 [INFO] PluginManager:220 - loadIPPluginJar : add opamp
2025-11-22 15:52:18,420 [INFO] IPUIPlugin:80 - create IPUIPlugin
2025-11-22 15:52:18,420 [INFO] PluginManager:220 - loadIPPluginJar : add i3c
2025-11-22 15:52:18,421 [INFO] IPUIPlugin:80 - create IPUIPlugin
2025-11-22 15:52:18,421 [INFO] PluginManager:220 - loadIPPluginJar : add touchsensing
2025-11-22 15:52:18,423 [INFO] IPUIPlugin:80 - create IPUIPlugin
2025-11-22 15:52:18,423 [INFO] PluginManager:220 - loadIPPluginJar : add i2c
2025-11-22 15:52:18,425 [INFO] IPUIPlugin:80 - create IPUIPlugin
2025-11-22 15:52:18,425 [INFO] PluginManager:220 - loadIPPluginJar : add resmgrutility
2025-11-22 15:52:18,427 [INFO] IPUIPlugin:80 - create IPUIPlugin
2025-11-22 15:52:18,427 [INFO] PluginManager:220 - loadIPPluginJar : add sai
2025-11-22 15:52:18,428 [INFO] IPUIPlugin:80 - create IPUIPlugin
2025-11-22 15:52:18,428 [INFO] PluginManager:220 - loadIPPluginJar : add usbx
2025-11-22 15:52:18,536 [FATAL] Updater:351 - Updater called before beeing initialized
2025-11-22 15:52:18,581 [INFO] RulesReader:64 - Compatibility file has been processed (317 Rules)
2025-11-22 15:52:18,596 [INFO] RulesReader:64 - Compatibility file has been processed (317 Rules)
2025-11-22 15:52:18,603 [INFO] CADModel:165 - CPN selected for project level
2025-11-22 15:52:18,604 [INFO] CADModel:114 - Register for checkConnection events
2025-11-22 15:52:18,604 [FATAL] Updater:351 - Updater called before beeing initialized
2025-11-22 15:52:18,604 [ERROR] CADModel:125 - Updater not yet initialized, retry later 
2025-11-22 15:52:18,799 [FATAL] Updater:351 - Updater called before beeing initialized
2025-11-22 15:52:18,801 [INFO] CADModel:165 - CPN selected for project level
2025-11-22 15:52:18,801 [INFO] CADModel:114 - Register for checkConnection events
2025-11-22 15:52:18,801 [FATAL] Updater:351 - Updater called before beeing initialized
2025-11-22 15:52:18,801 [ERROR] CADModel:125 - Updater not yet initialized, retry later 
2025-11-22 15:52:18,804 [FATAL] Updater:351 - Updater called before beeing initialized
2025-11-22 15:52:18,981 [FATAL] Updater:351 - Updater called before beeing initialized
2025-11-22 15:52:18,987 [INFO] DbMcusAds:53 - JSON generation date=Tue Jul 08 01:14:23 PDT 2025 (1751962463524)
2025-11-22 15:52:18,987 [FATAL] Updater:351 - Updater called before beeing initialized
2025-11-22 15:52:19,134 [WARN] DetailPanel:346 - Failed to get advertising image, set to default
2025-11-22 15:52:19,318 [FATAL] Updater:351 - Updater called before beeing initialized
2025-11-22 15:52:19,333 [FATAL] Updater:351 - Updater called before beeing initialized
2025-11-22 15:52:19,333 [FATAL] Updater:351 - Updater called before beeing initialized
2025-11-22 15:52:19,334 [WARN] DetailPanel:346 - Failed to get advertising image, set to default
2025-11-22 15:52:19,337 [FATAL] Updater:351 - Updater called before beeing initialized
2025-11-22 15:52:19,519 [ERROR] Updater:1198 - MainUpdater not yet initialized. External WinMGr cannot be set.
2025-11-22 15:52:19,532 [INFO] Updater:1134 - Updater Version found : 6.15.0
2025-11-22 15:52:19,549 [INFO] ApplicationProperties:184 - Using Application install path: /Applications/STM32CubeIDE.app/Contents/Eclipse/plugins/com.st.stm32cube.common.mx_6.15.0.202507011659
2025-11-22 15:52:19,964 [INFO] MainUpdater:2872 - connection check result : 10
2025-11-22 15:52:19,965 [INFO] MainUpdater:3604 - Updater definition file requires update
2025-11-22 15:52:19,966 [INFO] MainUpdater:289 - Updater Check For Update Now.
2025-11-22 15:52:19,966 [INFO] MicroXplorer:498 - Change Database Version : DB.6.0.150
2025-11-22 15:52:19,981 [INFO] McuFinderGlobals:63 - Set McuFinder mode to 2 (CubeIDE integrated)
2025-11-22 15:52:19,981 [INFO] UserAuth:171 - activating auth plugin
2025-11-22 15:52:19,993 [INFO] UserAuth:487 - Internet connection configuration mode: 1
2025-11-22 15:52:20,006 [INFO] JxBrowserEngine:152 - Initiate JxBrowser Engine with user profile folder
2025-11-22 15:52:20,019 [INFO] ServerAccessManage:452 - Complete download http(s) 200
2025-11-22 15:52:20,023 [INFO] ServerAccessManage:509 - Download File updaters.zip
2025-11-22 15:52:20,152 [INFO] FileExtend:248 - Unzip File : updaters.zip
2025-11-22 15:52:20,152 [INFO] FileExtend:263 - Standard Zip Deflate
2025-11-22 15:52:20,671 [INFO] ServerAccessManage:452 - Complete download http(s) 200
2025-11-22 15:52:20,679 [INFO] ServerAccessManage:509 - Download File PacksControlFlags.xml
2025-11-22 15:52:20,890 [WARN] MainUpdater:1193 - Updater busy. Cannot search thirdparties
2025-11-22 15:52:20,890 [INFO] ThirdPartyUpdaterWithRetryManager:96 - Updater plugin is busy. [1/15]
2025-11-22 15:52:21,047 [INFO] ServerAccessManage:452 - Complete download http(s) 200
2025-11-22 15:52:21,047 [INFO] ServerAccessManage:509 - Download File cubemx.pidx
2025-11-22 15:52:22,367 [INFO] ServerAccessManage:452 - Complete download http(s) 200
2025-11-22 15:52:22,368 [INFO] ServerAccessManage:509 - Download File STMicroelectronics.X-CUBE-FREERTOS.pdsc
2025-11-22 15:52:23,896 [WARN] MainUpdater:1193 - Updater busy. Cannot search thirdparties
2025-11-22 15:52:23,896 [INFO] ThirdPartyUpdaterWithRetryManager:96 - Updater plugin is busy. [2/15]
2025-11-22 15:52:24,367 [INFO] ServerAccessManage:452 - Complete download http(s) 200
2025-11-22 15:52:24,368 [INFO] ServerAccessManage:509 - Download File STMicroelectronics.X-CUBE-MEMS1.pdsc
2025-11-22 15:52:26,900 [WARN] MainUpdater:1193 - Updater busy. Cannot search thirdparties
2025-11-22 15:52:26,900 [INFO] ThirdPartyUpdaterWithRetryManager:96 - Updater plugin is busy. [3/15]
2025-11-22 15:52:27,709 [INFO] ServerAccessManage:452 - Complete download http(s) 200
2025-11-22 15:52:27,710 [INFO] ServerAccessManage:509 - Download File STMicroelectronics.X-CUBE-AZRTOS-H7RS.pdsc
2025-11-22 15:52:28,475 [WARN] PackLoader:240 - Cannot read IP mode file for STMicroelectronics.X-CUBE-FREERTOS.1.4.0
2025-11-22 15:52:28,624 [INFO] CheckServerUpdateThread:120 - End of CheckServer Thread
2025-11-22 15:52:28,671 [WARN] PackLoader:240 - Cannot read IP mode file for STMicroelectronics.X-CUBE-MEMS1.12.0.0
2025-11-22 15:52:28,906 [WARN] PackLoader:240 - Cannot read IP mode file for STMicroelectronics.X-CUBE-AZRTOS-H7RS.1.2.0
2025-11-22 15:52:28,922 [INFO] PopulateThirdPartyThread:66 - Ending populate Thread
2025-11-22 15:52:28,926 [INFO] ThirdParty:1030 - CMSIS Pack Vendor :STMicroelectronics X-CUBE-FREERTOS 1.4.0
2025-11-22 15:52:28,926 [INFO] ThirdParty:1030 - CMSIS Pack Vendor :STMicroelectronics X-CUBE-MEMS1 12.0.0
2025-11-22 15:52:28,926 [INFO] ThirdParty:1030 - CMSIS Pack Vendor :STMicroelectronics X-CUBE-AZRTOS-H7RS 1.2.0
2025-11-22 15:52:28,926 [INFO] LoadServerUpdatesThread:375 - End of LoadServerUpdate Thread
2025-11-22 15:52:30,046 [WARN] PackLoader:240 - Cannot read IP mode file for STMicroelectronics.FP-SNS-MOTENVWB1.1.4.0
2025-11-22 15:52:30,074 [WARN] PackLoader:240 - Cannot read IP mode file for STMicroelectronics.FP-ATR-ASTRA1.2.0.2
2025-11-22 15:52:30,097 [WARN] PackLoader:240 - Cannot read IP mode file for STMicroelectronics.X-CUBE-SMBUS.2.1.0
2025-11-22 15:52:30,105 [WARN] PackLoader:240 - Cannot read IP mode file for STMicroelectronics.X-CUBE-ST60.1.0.0
2025-11-22 15:52:30,131 [WARN] PackLoader:240 - Cannot read IP mode file for STMicroelectronics.X-CUBE-AZRTOS-F7.1.1.0
2025-11-22 15:52:30,144 [WARN] PackLoader:240 - Cannot read IP mode file for Cesanta.I-CUBE-Mongoose.7.19.0
2025-11-22 15:52:30,148 [WARN] PackLoader:240 - Cannot read IP mode file for STMicroelectronics.FP-SNS-MOTENV1.5.1.0
2025-11-22 15:52:30,158 [WARN] PackLoader:240 - Cannot read IP mode file for WES.I-CUBE-Cesium.1.4.0
2025-11-22 15:52:30,202 [WARN] PackLoader:240 - Cannot read IP mode file for Infineon.AIROC-Wi-Fi-Bluetooth-STM32.1.7.1
2025-11-22 15:52:30,240 [WARN] PackLoader:240 - Cannot read IP mode file for STMicroelectronics.X-CUBE-AZRTOS-H7.3.4.0
2025-11-22 15:52:30,256 [WARN] PackLoader:240 - Cannot read IP mode file for STMicroelectronics.X-CUBE-DISPLAY.3.0.0
2025-11-22 15:52:30,276 [WARN] PackLoader:240 - Cannot read IP mode file for STMicroelectronics.X-CUBE-NFC10.1.0.0
2025-11-22 15:52:30,282 [WARN] PackLoader:240 - Cannot read IP mode file for STMicroelectronics.X-CUBE-ST60.1.1.0
2025-11-22 15:52:30,287 [WARN] PackLoader:240 - Cannot read IP mode file for emotas.I-CUBE-CANOPEN.1.3.0
2025-11-22 15:52:30,292 [WARN] PackLoader:240 - Cannot read IP mode file for STMicroelectronics.X-CUBE-GNSS1.7.1.0
2025-11-22 15:52:30,302 [WARN] PackLoader:240 - Cannot read IP mode file for STMicroelectronics.FP-SNS-STBOX1.2.1.0
2025-11-22 15:52:30,318 [WARN] PackLoader:240 - Cannot read IP mode file for STMicroelectronics.FP-SNS-SMARTAG2.1.2.0
2025-11-22 15:52:30,321 [WARN] PackLoader:240 - Cannot read IP mode file for STMicroelectronics.FP-SNS-FLIGHT1.5.1.0
2025-11-22 15:52:30,328 [INFO] LogOutputStream:77 - [STDOUT_REDIRECT] 1 : Invalid condition id : UX_CORESTACK_Condition cause : null
2025-11-22 15:52:30,331 [INFO] LogOutputStream:77 - [STDOUT_REDIRECT] 1 : Invalid condition id : UX_CORESTACK_Condition cause : null
2025-11-22 15:52:30,331 [INFO] LogOutputStream:77 - [STDOUT_REDIRECT] 1 : Invalid condition id : UX_CORESTACK_Condition cause : null
2025-11-22 15:52:30,331 [INFO] LogOutputStream:77 - [STDOUT_REDIRECT] 1 : Invalid condition id : UX_CORESTACK_Condition cause : null
2025-11-22 15:52:30,331 [INFO] LogOutputStream:77 - [STDOUT_REDIRECT] 1 : Invalid condition id : UX_CORESTACK_Condition cause : null
2025-11-22 15:52:30,337 [WARN] PackLoader:240 - Cannot read IP mode file for STMicroelectronics.X-CUBE-AZRTOS-WL.2.0.0
2025-11-22 15:52:30,343 [WARN] PackLoader:240 - Cannot read IP mode file for STMicroelectronics.FP-SNS-MOTENV1.5.0.0
2025-11-22 15:52:30,365 [WARN] PackLoader:240 - Cannot read IP mode file for STMicroelectronics.X-CUBE-AZRTOS-H7RS.1.2.0
2025-11-22 15:52:30,377 [WARN] PackLoader:240 - Cannot read IP mode file for WES.I-CUBE-Cesium.1.3.0
2025-11-22 15:52:30,383 [WARN] PackLoader:240 - Cannot read IP mode file for STMicroelectronics.X-CUBE-BLE2.3.3.0
2025-11-22 15:52:30,411 [WARN] PackLoader:240 - Cannot read IP mode file for STMicroelectronics.X-CUBE-NFC9.1.0.0
2025-11-22 15:52:30,419 [WARN] PackLoader:240 - Cannot read IP mode file for wolfSSL.I-CUBE-wolfSSL.5.8.2
2025-11-22 15:52:30,424 [WARN] PackLoader:240 - Cannot read IP mode file for STMicroelectronics.X-CUBE-BLE1.7.1.0
2025-11-22 15:52:30,426 [WARN] PackLoader:240 - Cannot read IP mode file for wolfSSL.I-CUBE-wolfMQTT.1.19.2
2025-11-22 15:52:30,432 [WARN] PackLoader:240 - Cannot read IP mode file for STMicroelectronics.X-CUBE-FREERTOS.1.4.0
2025-11-22 15:52:30,439 [WARN] PackLoader:240 - Cannot read IP mode file for STMicroelectronics.X-CUBE-EEPRMA1.5.2.0
2025-11-22 15:52:30,449 [WARN] PackLoader:240 - Cannot read IP mode file for STMicroelectronics.X-CUBE-ST67W61.1.1.0
2025-11-22 15:52:30,454 [WARN] PackLoader:240 - Cannot read IP mode file for STMicroelectronics.X-CUBE-AI.10.1.0
2025-11-22 15:52:30,519 [WARN] PackLoader:240 - Cannot read IP mode file for STMicroelectronics.X-CUBE-MEMS1.12.0.0
2025-11-22 15:52:30,602 [WARN] PackLoader:240 - Cannot read IP mode file for STMicroelectronics.X-CUBE-AZRTOS-G0.1.1.0
2025-11-22 15:52:30,638 [WARN] PackLoader:240 - Cannot read IP mode file for STMicroelectronics.X-CUBE-SAFEA1.1.2.2
2025-11-22 15:52:30,647 [WARN] PackLoader:240 - Cannot read IP mode file for STMicroelectronics.X-CUBE-NFC4.3.0.0
2025-11-22 15:52:30,657 [WARN] PackLoader:240 - Cannot read IP mode file for EmbeddedOffice.I-CUBE-FS-RTOS.1.0.1
2025-11-22 15:52:30,670 [WARN] PackLoader:240 - Cannot read IP mode file for STMicroelectronics.X-CUBE-WB05N.2.0.0
2025-11-22 15:52:30,675 [WARN] PackLoader:240 - Cannot read IP mode file for wolfSSL.I-CUBE-wolfTPM.3.8.0
2025-11-22 15:52:30,681 [WARN] PackLoader:240 - Cannot read IP mode file for STMicroelectronics.X-CUBE-TCPP.4.2.0
2025-11-22 15:52:30,685 [WARN] PackLoader:240 - Cannot read IP mode file for RealThread.X-CUBE-RT-Thread_Nano.4.1.1
2025-11-22 15:52:30,687 [WARN] PackLoader:240 - Cannot read IP mode file for STMicroelectronics.FP-ATR-SIGFOX1.3.2.0
2025-11-22 15:52:30,691 [WARN] PackLoader:240 - Cannot read IP mode file for ITTIA_DB.I-CUBE-ITTIADB.8.9.0
2025-11-22 15:52:30,698 [WARN] PackLoader:240 - Cannot read IP mode file for STMicroelectronics.X-CUBE-ST67W61.1.0.0
2025-11-22 15:52:30,702 [WARN] PackLoader:240 - Cannot read IP mode file for STMicroelectronics.X-CUBE-AI.10.2.0
2025-11-22 15:52:30,739 [WARN] PackLoader:240 - Cannot read IP mode file for SEGGER.I-CUBE-embOS.1.3.1
2025-11-22 15:52:30,779 [WARN] PackLoader:240 - Cannot read IP mode file for STMicroelectronics.X-CUBE-ALGOBUILD.1.4.0
2025-11-22 15:52:30,850 [WARN] PackLoader:240 - Cannot read IP mode file for STMicroelectronics.X-CUBE-MEMS1.11.3.0
2025-11-22 15:52:30,936 [WARN] PackLoader:240 - Cannot read IP mode file for STMicroelectronics.X-CUBE-PM33A1.1.0.0
2025-11-22 15:52:30,958 [WARN] PackLoader:240 - Cannot read IP mode file for STMicroelectronics.X-CUBE-AZRTOS-F4.1.1.0
2025-11-22 15:52:30,967 [WARN] PackLoader:240 - Cannot read IP mode file for Avnet-IotConnect.X-CUBE-IoTC-DA16k-PMOD.1.0.0
2025-11-22 15:52:30,970 [WARN] PackLoader:240 - Cannot read IP mode file for STMicroelectronics.X-CUBE-ISPU.2.1.0
2025-11-22 15:52:30,982 [WARN] PackLoader:240 - Cannot read IP mode file for STMicroelectronics.X-CUBE-IPS.3.2.0
2025-11-22 15:52:30,996 [WARN] PackLoader:240 - Cannot read IP mode file for STMicroelectronics.X-CUBE-NFC12.1.0.0
2025-11-22 15:52:31,040 [WARN] PackLoader:240 - Cannot read IP mode file for STMicroelectronics.X-CUBE-AZRTOS-L5.2.0.0
2025-11-22 15:52:31,070 [WARN] PackLoader:240 - Cannot read IP mode file for STMicroelectronics.X-CUBE-NFC6.3.1.0
2025-11-22 15:52:31,082 [WARN] PackLoader:240 - Cannot read IP mode file for STMicroelectronics.X-CUBE-FREERTOS.1.3.1
2025-11-22 15:52:31,088 [WARN] PackLoader:240 - Cannot read IP mode file for STMicroelectronics.X-CUBE-TOUCHGFX.4.26.0
2025-11-22 15:52:31,093 [WARN] PackLoader:240 - Cannot read IP mode file for STMicroelectronics.FP-SNS-STAIOTCFT.1.0.0
2025-11-22 15:52:31,100 [WARN] PackLoader:240 - Cannot read IP mode file for STMicroelectronics.X-CUBE-DPower.1.3.0
2025-11-22 15:52:31,124 [WARN] ConditionMgr:438 - getConditionDescription Invalid condition id : LAN8742 Phy interface Condition cause : null
2025-11-22 15:52:31,126 [WARN] PackLoader:240 - Cannot read IP mode file for STMicroelectronics.X-CUBE-AZRTOS-L4.2.0.0
2025-11-22 15:52:31,131 [WARN] ConditionMgr:1044 - genDependencies : Invalid condition id : LAN8742 Phy interface Condition cause : null
2025-11-22 15:52:31,132 [WARN] ConditionMgr:1044 - genDependencies : Invalid condition id : LAN8742 Phy interface Condition cause : null
2025-11-22 15:52:31,133 [WARN] ConditionMgr:1044 - genDependencies : Invalid condition id : LAN8742 Phy interface Condition cause : null
2025-11-22 15:52:31,144 [WARN] PackLoader:240 - Cannot read IP mode file for STMicroelectronics.X-CUBE-SFXS2LP1.4.0.0
2025-11-22 15:52:31,168 [WARN] PackLoader:240 - Cannot read IP mode file for STMicroelectronics.X-CUBE-BLEMGR.4.1.0
2025-11-22 15:52:31,514 [WARN] ConditionMgr:438 - getConditionDescription Invalid condition id : UX DEVICE CLASS RTOS Condition cause : null
2025-11-22 15:52:31,523 [WARN] ConditionMgr:438 - getConditionDescription Invalid condition id : UX DEVICE CLASS RTOS Condition cause : null
2025-11-22 15:52:31,530 [WARN] PackLoader:240 - Cannot read IP mode file for STMicroelectronics.X-CUBE-AZRTOS-WB.2.0.0
2025-11-22 15:52:31,534 [WARN] ConditionMgr:1044 - genDependencies : Invalid condition id : UX DEVICE CLASS RTOS Condition cause : null
2025-11-22 15:52:31,535 [WARN] ConditionMgr:1044 - genDependencies : Invalid condition id : UX DEVICE CLASS RTOS Condition cause : null
2025-11-22 15:52:31,536 [WARN] ConditionMgr:1044 - genDependencies : Invalid condition id : UX DEVICE CLASS RTOS Condition cause : null
2025-11-22 15:52:31,537 [WARN] ConditionMgr:1044 - genDependencies : Invalid condition id : UX DEVICE CLASS RTOS Condition cause : null
2025-11-22 15:52:31,537 [WARN] ConditionMgr:1044 - genDependencies : Invalid condition id : UX DEVICE CLASS RTOS Condition cause : null
2025-11-22 15:52:31,583 [WARN] PackLoader:240 - Cannot read IP mode file for STMicroelectronics.X-CUBE-GNSS1.7.0.1
2025-11-22 15:52:31,592 [WARN] PackLoader:240 - Cannot read IP mode file for STMicroelectronics.X-CUBE-TOUCHGFX.4.25.0
2025-11-22 15:52:31,600 [WARN] PackLoader:240 - Cannot read IP mode file for STMicroelectronics.FP-SNS-STBOX1.2.0.0
2025-11-22 15:52:31,608 [WARN] ConditionMgr:438 - getConditionDescription Invalid condition id : Cortex-A Device cause : null
2025-11-22 15:52:31,655 [WARN] ConditionMgr:1044 - genDependencies : Invalid condition id : Cortex-A Device cause : null
2025-11-22 15:52:31,656 [WARN] ConditionMgr:1044 - genDependencies : Invalid condition id : Cortex-A Device cause : null
2025-11-22 15:52:31,656 [WARN] ConditionMgr:1044 - genDependencies : Invalid condition id : Cortex-A Device cause : null
2025-11-22 15:52:31,694 [WARN] PackLoader:240 - Cannot read IP mode file for STMicroelectronics.X-CUBE-SUBG2.5.0.0
2025-11-22 15:52:31,743 [WARN] PackLoader:240 - Cannot read IP mode file for STMicroelectronics.X-CUBE-AZRTOS-H7RS.1.1.0
2025-11-22 15:52:31,757 [WARN] PackLoader:240 - Cannot read IP mode file for Cesanta.I-CUBE-Mongoose.7.13.0
2025-11-22 15:52:31,780 [WARN] PackLoader:240 - Cannot read IP mode file for STMicroelectronics.X-CUBE-AZRTOS-G4.2.0.0
2025-11-22 15:52:31,787 [WARN] PackLoader:240 - Cannot read IP mode file for wolfSSL.I-CUBE-wolfSSH.1.4.20
2025-11-22 15:52:31,792 [WARN] PackLoader:240 - Cannot read IP mode file for STMicroelectronics.X-CUBE-NFC7.2.0.0
2025-11-22 15:52:31,806 [WARN] PackLoader:240 - Cannot read IP mode file for STMicroelectronics.X-CUBE-IPS.3.1.0
2025-11-22 15:52:31,816 [WARN] PackLoader:240 - Cannot read IP mode file for STMicroelectronics.X-CUBE-ALS.1.0.2
2025-11-22 15:52:31,824 [WARN] PackLoader:240 - Cannot read IP mode file for STMicroelectronics.X-CUBE-STSE01.1.0.0
2025-11-22 15:52:31,831 [WARN] PackLoader:240 - Cannot read IP mode file for portGmbH.I-Cube-SoM-uGOAL.1.1.0
2025-11-22 15:52:31,848 [WARN] PackLoader:240 - Cannot read IP mode file for STMicroelectronics.X-CUBE-TOF1.3.4.3
2025-11-22 15:52:31,884 [INFO] ThirdParty:978 - Integrity check success = true
2025-11-22 15:52:31,885 [INFO] IntegrityCheckThread:100 - exiting critical section [integrity check]
2025-11-22 15:52:31,885 [INFO] IntegrityCheckThread:103 - End integrity checks thread
2025-11-22 15:52:51,479 [INFO] WebApp:169 - Instantiating new browser for Auth
2025-11-22 15:52:52,836 [INFO] WebApp:463 - Apply proxy settings
2025-11-22 15:52:52,871 [INFO] WebApp:508 - Chromium authenticates against Manually configured proxy
2025-11-22 15:52:52,881 [INFO] WebApp:516 - Username used for proxy authentication: 
2025-11-22 15:52:52,920 [INFO] WebApp:900 - Register for checkConnection events
2025-11-22 15:52:52,922 [INFO] WebApp:463 - Apply proxy settings
2025-11-22 15:52:52,928 [INFO] WebApp:508 - Chromium authenticates against Manually configured proxy
2025-11-22 15:52:52,928 [INFO] WebApp:516 - Username used for proxy authentication: 
2025-11-22 15:52:53,082 [INFO] WebApp:225 - Starting web application
2025-11-22 15:52:53,082 [INFO] WebApp:593 - Web application path used /Applications/STM32CubeIDE.app/Contents/Eclipse/plugins/com.st.stm32cube.common.mx_6.15.0.202507011659/db/plugins/mcufinder/reactClient1/index.html
2025-11-22 15:52:53,494 [INFO] WebApp:191 - Connection restablished
