2025-09-16 19:57:27,078 [ERROR] LogOutputStream:75 - [STDERR_REDIRECT] 
2025-09-16 20:18:12,669 [INFO] Activator:176 - 


2025-09-16 20:18:12,671 [INFO] Activator:177 - !SESSION log4j initialized
2025-09-16 20:18:16,811 [INFO] LogOutputStream:77 - [STDOUT_REDIRECT] 
2025-09-16 20:18:17,934 [ERROR] LogOutputStream:75 - [STDERR_REDIRECT] 
2025-09-16 20:18:20,188 [INFO] LogOutputStream:77 - [STDOUT_REDIRECT] 
2025-09-16 20:18:26,788 [INFO] ApplicationProperties:184 - Using Application install path: /Applications/STM32CubeIDE.app/Contents/Eclipse/plugins/com.st.stm32cube.common.mx_6.15.0.202507011659
2025-09-16 20:18:26,798 [INFO] DbMcusXml:78 - Set database path to: /Applications/STM32CubeIDE.app/Contents/Eclipse/plugins/com.st.stm32cube.common.mx_6.15.0.202507011659//db//mcu/
2025-09-16 20:18:26,799 [INFO] ApiDb:274 - Set plugin database path to: /Applications/STM32CubeIDE.app/Contents/Eclipse/plugins/com.st.stm32cube.common.mx_6.15.0.202507011659//db//plugins/boardmanager/
2025-09-16 20:18:26,800 [WARN] ApiDb:259 - Overriding images path with different value:  => /Applications/STM32CubeIDE.app/Contents/Eclipse/plugins/com.st.stm32cube.common.mx_6.15.0.202507011659//db//plugins/mcufinder/images/
2025-09-16 20:18:26,803 [INFO] ApiDb:250 - Set database path to: /Users/sheen/.stmcufinder/plugins/mcufinder//mcu/
2025-09-16 20:18:26,804 [INFO] DbMcusAds:125 - Set database path to: /Users/sheen/.stmcufinder/plugins/mcufinder//mcu/
2025-09-16 20:18:26,805 [INFO] CrossReferenceDbSqlite:203 - Set database path to: /Users/sheen/.stmcufinder/plugins/mcufinder//mcu/cs/
2025-09-16 20:18:27,197 [INFO] RulesReader:64 - Compatibility file has been processed (317 Rules)
2025-09-16 20:18:27,291 [INFO] DbMcusXml:78 - Set database path to: /Applications/STM32CubeIDE.app/Contents/Eclipse/plugins/com.st.stm32cube.common.mx_6.15.0.202507011659//db//mcu/
2025-09-16 20:18:27,292 [INFO] ApiDb:274 - Set plugin database path to: /Applications/STM32CubeIDE.app/Contents/Eclipse/plugins/com.st.stm32cube.common.mx_6.15.0.202507011659//db//plugins/boardmanager/
2025-09-16 20:18:27,293 [INFO] ApiDb:261 - Set plugin images path to: /Applications/STM32CubeIDE.app/Contents/Eclipse/plugins/com.st.stm32cube.common.mx_6.15.0.202507011659//db//plugins/mcufinder/images/
2025-09-16 20:18:27,294 [WARN] DbFile:41 - Overriding database path with different value: /Users/sheen/.stmcufinder/plugins/mcufinder/ => /Users/sheen/.stmcufinder/plugins/mcufinder
2025-09-16 20:18:27,294 [INFO] ApiDb:250 - Set database path to: /Users/sheen/.stmcufinder/plugins/mcufinder//mcu/
2025-09-16 20:18:27,294 [WARN] DbFile:41 - Overriding database path with different value: /Users/sheen/.stmcufinder/plugins/mcufinder/ => /Users/sheen/.stmcufinder/plugins/mcufinder
2025-09-16 20:18:27,294 [INFO] DbMcusAds:125 - Set database path to: /Users/sheen/.stmcufinder/plugins/mcufinder//mcu/
2025-09-16 20:18:27,294 [WARN] DbFile:41 - Overriding database path with different value: /Users/sheen/.stmcufinder/plugins/mcufinder/ => /Users/sheen/.stmcufinder/plugins/mcufinder
2025-09-16 20:18:27,294 [WARN] DbFile:41 - Overriding database path with different value: /Users/sheen/.stmcufinder/plugins/mcufinder/ => /Users/sheen/.stmcufinder/plugins/mcufinder
2025-09-16 20:18:27,294 [INFO] CrossReferenceDbSqlite:203 - Set database path to: /Users/sheen/.stmcufinder/plugins/mcufinder//mcu/cs/
2025-09-16 20:18:27,370 [INFO] MainPanel:274 - HeapMemory: 268435456
2025-09-16 20:18:27,903 [INFO] DbMcusXml:78 - Set database path to: /Applications/STM32CubeIDE.app/Contents/Eclipse/plugins/com.st.stm32cube.common.mx_6.15.0.202507011659//db//mcu/
2025-09-16 20:18:27,904 [INFO] ApiDb:274 - Set plugin database path to: /Applications/STM32CubeIDE.app/Contents/Eclipse/plugins/com.st.stm32cube.common.mx_6.15.0.202507011659//db//plugins/boardmanager/
2025-09-16 20:18:27,905 [INFO] ApiDb:261 - Set plugin images path to: /Applications/STM32CubeIDE.app/Contents/Eclipse/plugins/com.st.stm32cube.common.mx_6.15.0.202507011659//db//plugins/mcufinder/images/
2025-09-16 20:18:27,905 [WARN] DbFile:41 - Overriding database path with different value: /Users/sheen/.stmcufinder/plugins/mcufinder/ => /Users/sheen/.stmcufinder/plugins/mcufinder
2025-09-16 20:18:27,905 [INFO] ApiDb:250 - Set database path to: /Users/sheen/.stmcufinder/plugins/mcufinder//mcu/
2025-09-16 20:18:27,905 [WARN] DbFile:41 - Overriding database path with different value: /Users/sheen/.stmcufinder/plugins/mcufinder/ => /Users/sheen/.stmcufinder/plugins/mcufinder
2025-09-16 20:18:27,905 [INFO] DbMcusAds:125 - Set database path to: /Users/sheen/.stmcufinder/plugins/mcufinder//mcu/
2025-09-16 20:18:27,905 [WARN] DbFile:41 - Overriding database path with different value: /Users/sheen/.stmcufinder/plugins/mcufinder/ => /Users/sheen/.stmcufinder/plugins/mcufinder
2025-09-16 20:18:27,906 [WARN] DbFile:41 - Overriding database path with different value: /Users/sheen/.stmcufinder/plugins/mcufinder/ => /Users/sheen/.stmcufinder/plugins/mcufinder
2025-09-16 20:18:27,907 [INFO] CrossReferenceDbSqlite:203 - Set database path to: /Users/sheen/.stmcufinder/plugins/mcufinder//mcu/cs/
2025-09-16 20:18:27,945 [INFO] ApplicationProperties:184 - Using Application install path: /Applications/STM32CubeIDE.app/Contents/Eclipse/plugins/com.st.stm32cube.common.mx_6.15.0.202507011659
2025-09-16 20:18:27,947 [INFO] PluginManage:196 - Search for loadable plugins [exclusion list=, ]
2025-09-16 20:18:27,957 [INFO] PluginManage:310 - Check plugin analytics
2025-09-16 20:18:28,250 [INFO] AnalyticsPlugin:253 - Accepted Software Licenses: 
2025-09-16 20:18:28,251 [INFO] AnalyticsPlugin:255 - Accepted CMSIS Pack Licenses: 
2025-09-16 20:18:28,251 [INFO] AnalyticsPlugin:257 - Accepted Firmware Licenses: 
2025-09-16 20:18:28,269 [INFO] PluginManage:359 - Loaded plugin analytics (category:tool,tabindex:-1)
2025-09-16 20:18:28,274 [INFO] PluginManage:310 - Check plugin cadmodel
2025-09-16 20:18:28,298 [INFO] CADModel:105 - Init CAD model plugin
2025-09-16 20:18:28,298 [INFO] PluginManage:359 - Loaded plugin cadmodel (category:power,tabindex:5)
2025-09-16 20:18:28,298 [INFO] PluginManage:310 - Check plugin clock
2025-09-16 20:18:28,309 [INFO] PluginManage:359 - Loaded plugin clock (category:base,tabindex:2)
2025-09-16 20:18:28,309 [INFO] PluginManage:310 - Check plugin ddr
2025-09-16 20:18:28,310 [INFO] PluginManage:359 - Loaded plugin ddr (category:tool,tabindex:6)
2025-09-16 20:18:28,311 [INFO] PluginManage:310 - Check plugin filemanager
2025-09-16 20:18:28,447 [INFO] PluginManage:359 - Loaded plugin filemanager (category:base,tabindex:10)
2025-09-16 20:18:28,447 [INFO] PluginManage:310 - Check plugin ipmanager
2025-09-16 20:18:28,454 [INFO] PluginManage:359 - Loaded plugin ipmanager (category:base,tabindex:5)
2025-09-16 20:18:28,454 [INFO] PluginManage:310 - Check plugin lpbam
2025-09-16 20:18:28,462 [INFO] PluginManage:359 - Loaded plugin lpbam (category:base,tabindex:0)
2025-09-16 20:18:28,463 [INFO] PluginManage:310 - Check plugin memorymap
2025-09-16 20:18:28,469 [INFO] PluginManage:359 - Loaded plugin memorymap (category:base,tabindex:4)
2025-09-16 20:18:28,470 [INFO] PluginManage:310 - Check plugin pinoutandconfiguration
2025-09-16 20:18:28,475 [INFO] PluginManage:359 - Loaded plugin pinoutandconfiguration (category:base,tabindex:1)
2025-09-16 20:18:28,475 [INFO] PluginManage:310 - Check plugin pinoutconfig
2025-09-16 20:18:28,547 [WARN] SupportedApi:132 - Cannot load RTOS API schema: s4s-elt-must-match.1: The content of 'definitions' must match (annotation?, (simpleType | complexType)?, (unique | key | keyref)*)). A problem was found starting at: attribute.
2025-09-16 20:18:28,686 [INFO] PluginManage:359 - Loaded plugin pinoutconfig (category:base,tabindex:0)
2025-09-16 20:18:28,687 [INFO] PluginManage:310 - Check plugin power
2025-09-16 20:18:28,698 [INFO] PluginManage:359 - Loaded plugin power (category:power,tabindex:4)
2025-09-16 20:18:28,698 [INFO] PluginManage:310 - Check plugin projectmanager
2025-09-16 20:18:28,726 [INFO] PluginManage:359 - Loaded plugin projectmanager (category:projectmanager,tabindex:4)
2025-09-16 20:18:28,727 [INFO] PluginManage:310 - Check plugin rif
2025-09-16 20:18:28,735 [INFO] PluginManage:359 - Loaded plugin rif (category:base,tabindex:3)
2025-09-16 20:18:28,735 [INFO] PluginManage:310 - Check plugin thirdparty
2025-09-16 20:18:28,918 [INFO] PluginManage:359 - Loaded plugin thirdparty (category:base,tabindex:-1)
2025-09-16 20:18:28,918 [WARN] IntegrityCheckThread:84 - waiting for thirdparty lock release [integrity check]
2025-09-16 20:18:28,919 [INFO] PluginManage:310 - Check plugin tools
2025-09-16 20:18:28,919 [INFO] IntegrityCheckThread:86 - entering critical section [integrity check]
2025-09-16 20:18:28,920 [INFO] ThirdPartyUpdaterWithRetryManager:70 - Updater plugin not ready yet. [1/15]
2025-09-16 20:18:28,921 [INFO] PluginManage:359 - Loaded plugin tools (category:base,tabindex:7)
2025-09-16 20:18:28,921 [INFO] PluginManage:310 - Check plugin tutovideos
2025-09-16 20:18:29,083 [INFO] PluginManage:359 - Loaded plugin tutovideos (category:base,tabindex:-1)
2025-09-16 20:18:29,083 [INFO] PluginManage:310 - Check plugin updater
2025-09-16 20:18:29,116 [INFO] PluginManage:359 - Loaded plugin updater (category:base,tabindex:12)
2025-09-16 20:18:29,117 [INFO] PluginManage:310 - Check plugin userauth
2025-09-16 20:18:29,122 [INFO] UserAuth:118 - Init User Auth plugin
2025-09-16 20:18:29,122 [INFO] PluginManage:359 - Loaded plugin userauth (category:base,tabindex:14)
2025-09-16 20:18:29,125 [INFO] PluginManage:283 - PluginManage : Loaded plugins [18]
2025-09-16 20:18:29,337 [INFO] PinOutPanel:1589 - setPackage(No Configuration,No Configuration)
2025-09-16 20:18:29,432 [INFO] CADModel:165 - CPN selected for project level
2025-09-16 20:18:29,432 [INFO] CADModel:114 - Register for checkConnection events
2025-09-16 20:18:29,441 [INFO] IPUIPlugin:80 - create IPUIPlugin
2025-09-16 20:18:29,441 [INFO] PluginManager:220 - loadIPPluginJar : add mdma
2025-09-16 20:18:29,446 [INFO] IPUIPlugin:80 - create IPUIPlugin
2025-09-16 20:18:29,446 [INFO] PluginManager:220 - loadIPPluginJar : add freertos
2025-09-16 20:18:29,449 [INFO] IPUIPlugin:80 - create IPUIPlugin
2025-09-16 20:18:29,449 [INFO] PluginManager:220 - loadIPPluginJar : add gic
2025-09-16 20:18:29,455 [INFO] IPUIPlugin:80 - create IPUIPlugin
2025-09-16 20:18:29,455 [INFO] PluginManager:220 - loadIPPluginJar : add adc
2025-09-16 20:18:29,456 [INFO] IPUIPlugin:80 - create IPUIPlugin
2025-09-16 20:18:29,456 [INFO] PluginManager:220 - loadIPPluginJar : add gtzc
2025-09-16 20:18:29,457 [INFO] IPUIPlugin:80 - create IPUIPlugin
2025-09-16 20:18:29,457 [INFO] PluginManager:220 - loadIPPluginJar : add quadspi
2025-09-16 20:18:29,458 [INFO] IPUIPlugin:80 - create IPUIPlugin
2025-09-16 20:18:29,458 [INFO] PluginManager:220 - loadIPPluginJar : add aes
2025-09-16 20:18:29,460 [INFO] IPUIPlugin:80 - create IPUIPlugin
2025-09-16 20:18:29,460 [INFO] PluginManager:220 - loadIPPluginJar : add pdm2pcm
2025-09-16 20:18:29,461 [INFO] IPUIPlugin:80 - create IPUIPlugin
2025-09-16 20:18:29,461 [INFO] PluginManager:220 - loadIPPluginJar : add hash
2025-09-16 20:18:29,462 [INFO] IPUIPlugin:80 - create IPUIPlugin
2025-09-16 20:18:29,462 [INFO] PluginManager:220 - loadIPPluginJar : add tim
2025-09-16 20:18:29,463 [INFO] IPUIPlugin:80 - create IPUIPlugin
2025-09-16 20:18:29,463 [INFO] PluginManager:220 - loadIPPluginJar : add tsc
2025-09-16 20:18:29,464 [INFO] IPUIPlugin:80 - create IPUIPlugin
2025-09-16 20:18:29,465 [INFO] PluginManager:220 - loadIPPluginJar : add extmemmanager
2025-09-16 20:18:29,466 [INFO] IPUIPlugin:80 - create IPUIPlugin
2025-09-16 20:18:29,466 [INFO] PluginManager:220 - loadIPPluginJar : add ts
2025-09-16 20:18:29,466 [INFO] IPUIPlugin:80 - create IPUIPlugin
2025-09-16 20:18:29,467 [INFO] PluginManager:220 - loadIPPluginJar : add radio
2025-09-16 20:18:29,468 [INFO] IPUIPlugin:80 - create IPUIPlugin
2025-09-16 20:18:29,468 [INFO] PluginManager:220 - loadIPPluginJar : add can
2025-09-16 20:18:29,469 [INFO] IPUIPlugin:80 - create IPUIPlugin
2025-09-16 20:18:29,469 [INFO] PluginManager:220 - loadIPPluginJar : add dma3
2025-09-16 20:18:29,470 [INFO] IPUIPlugin:80 - create IPUIPlugin
2025-09-16 20:18:29,470 [INFO] PluginManager:220 - loadIPPluginJar : add dfsdm
2025-09-16 20:18:29,471 [INFO] IPUIPlugin:80 - create IPUIPlugin
2025-09-16 20:18:29,471 [INFO] PluginManager:220 - loadIPPluginJar : add spi
2025-09-16 20:18:29,473 [INFO] IPUIPlugin:80 - create IPUIPlugin
2025-09-16 20:18:29,473 [INFO] PluginManager:220 - loadIPPluginJar : add gfxmmu
2025-09-16 20:18:29,474 [INFO] IPUIPlugin:80 - create IPUIPlugin
2025-09-16 20:18:29,474 [INFO] PluginManager:220 - loadIPPluginJar : add genericplugin
2025-09-16 20:18:29,475 [INFO] IPUIPlugin:80 - create IPUIPlugin
2025-09-16 20:18:29,475 [INFO] PluginManager:220 - loadIPPluginJar : add cryp
2025-09-16 20:18:29,478 [INFO] IPUIPlugin:80 - create IPUIPlugin
2025-09-16 20:18:29,478 [INFO] PluginManager:220 - loadIPPluginJar : add gpio
2025-09-16 20:18:29,480 [INFO] IPUIPlugin:80 - create IPUIPlugin
2025-09-16 20:18:29,480 [INFO] PluginManager:220 - loadIPPluginJar : add ddr_ctrl_phy
2025-09-16 20:18:29,481 [INFO] IPUIPlugin:80 - create IPUIPlugin
2025-09-16 20:18:29,481 [INFO] PluginManager:220 - loadIPPluginJar : add comp
2025-09-16 20:18:29,483 [INFO] IPUIPlugin:80 - create IPUIPlugin
2025-09-16 20:18:29,483 [INFO] PluginManager:220 - loadIPPluginJar : add tracer_emb
2025-09-16 20:18:29,484 [INFO] IPUIPlugin:80 - create IPUIPlugin
2025-09-16 20:18:29,485 [INFO] PluginManager:220 - loadIPPluginJar : add openamp
2025-09-16 20:18:29,488 [INFO] IPUIPlugin:80 - create IPUIPlugin
2025-09-16 20:18:29,488 [INFO] PluginManager:220 - loadIPPluginJar : add stm32_wpan
2025-09-16 20:18:29,492 [INFO] IPUIPlugin:80 - create IPUIPlugin
2025-09-16 20:18:29,494 [INFO] PluginManager:220 - loadIPPluginJar : add plateformsettings
2025-09-16 20:18:29,496 [INFO] IPUIPlugin:80 - create IPUIPlugin
2025-09-16 20:18:29,496 [INFO] PluginManager:220 - loadIPPluginJar : add ipddr
2025-09-16 20:18:29,497 [INFO] IPUIPlugin:80 - create IPUIPlugin
2025-09-16 20:18:29,497 [INFO] PluginManager:220 - loadIPPluginJar : add usart
2025-09-16 20:18:29,498 [INFO] IPUIPlugin:80 - create IPUIPlugin
2025-09-16 20:18:29,498 [INFO] PluginManager:220 - loadIPPluginJar : add ltdc
2025-09-16 20:18:29,499 [INFO] IPUIPlugin:80 - create IPUIPlugin
2025-09-16 20:18:29,499 [INFO] PluginManager:220 - loadIPPluginJar : add nvic
2025-09-16 20:18:29,500 [INFO] IPUIPlugin:80 - create IPUIPlugin
2025-09-16 20:18:29,500 [INFO] PluginManager:220 - loadIPPluginJar : add fatfs
2025-09-16 20:18:29,503 [INFO] IPUIPlugin:80 - create IPUIPlugin
2025-09-16 20:18:29,503 [INFO] PluginManager:220 - loadIPPluginJar : add linkedlist
2025-09-16 20:18:29,507 [INFO] IPUIPlugin:80 - create IPUIPlugin
2025-09-16 20:18:29,507 [INFO] PluginManager:220 - loadIPPluginJar : add dma
2025-09-16 20:18:29,509 [INFO] IPUIPlugin:80 - create IPUIPlugin
2025-09-16 20:18:29,509 [INFO] PluginManager:220 - loadIPPluginJar : add fmc
2025-09-16 20:18:29,511 [INFO] IPUIPlugin:80 - create IPUIPlugin
2025-09-16 20:18:29,511 [INFO] PluginManager:220 - loadIPPluginJar : add i2s
2025-09-16 20:18:29,511 [INFO] IPUIPlugin:80 - create IPUIPlugin
2025-09-16 20:18:29,511 [INFO] PluginManager:220 - loadIPPluginJar : add ucpd
2025-09-16 20:18:29,513 [INFO] IPUIPlugin:80 - create IPUIPlugin
2025-09-16 20:18:29,513 [INFO] PluginManager:220 - loadIPPluginJar : add lorawan
2025-09-16 20:18:29,514 [INFO] IPUIPlugin:80 - create IPUIPlugin
2025-09-16 20:18:29,514 [INFO] PluginManager:220 - loadIPPluginJar : add opamp
2025-09-16 20:18:29,515 [INFO] IPUIPlugin:80 - create IPUIPlugin
2025-09-16 20:18:29,516 [INFO] PluginManager:220 - loadIPPluginJar : add i3c
2025-09-16 20:18:29,518 [INFO] IPUIPlugin:80 - create IPUIPlugin
2025-09-16 20:18:29,518 [INFO] PluginManager:220 - loadIPPluginJar : add touchsensing
2025-09-16 20:18:29,520 [INFO] IPUIPlugin:80 - create IPUIPlugin
2025-09-16 20:18:29,520 [INFO] PluginManager:220 - loadIPPluginJar : add i2c
2025-09-16 20:18:29,522 [INFO] IPUIPlugin:80 - create IPUIPlugin
2025-09-16 20:18:29,522 [INFO] PluginManager:220 - loadIPPluginJar : add resmgrutility
2025-09-16 20:18:29,523 [INFO] IPUIPlugin:80 - create IPUIPlugin
2025-09-16 20:18:29,523 [INFO] PluginManager:220 - loadIPPluginJar : add sai
2025-09-16 20:18:29,524 [INFO] IPUIPlugin:80 - create IPUIPlugin
2025-09-16 20:18:29,524 [INFO] PluginManager:220 - loadIPPluginJar : add usbx
2025-09-16 20:18:29,636 [FATAL] Updater:351 - Updater called before beeing initialized
2025-09-16 20:18:29,753 [INFO] RulesReader:64 - Compatibility file has been processed (317 Rules)
2025-09-16 20:18:29,791 [INFO] RulesReader:64 - Compatibility file has been processed (317 Rules)
2025-09-16 20:18:29,804 [INFO] CADModel:165 - CPN selected for project level
2025-09-16 20:18:29,804 [INFO] CADModel:114 - Register for checkConnection events
2025-09-16 20:18:29,804 [FATAL] Updater:351 - Updater called before beeing initialized
2025-09-16 20:18:29,804 [ERROR] CADModel:125 - Updater not yet initialized, retry later 
2025-09-16 20:18:30,405 [FATAL] Updater:351 - Updater called before beeing initialized
2025-09-16 20:18:30,406 [INFO] CADModel:165 - CPN selected for project level
2025-09-16 20:18:30,406 [INFO] CADModel:114 - Register for checkConnection events
2025-09-16 20:18:30,406 [FATAL] Updater:351 - Updater called before beeing initialized
2025-09-16 20:18:30,406 [ERROR] CADModel:125 - Updater not yet initialized, retry later 
2025-09-16 20:18:30,409 [FATAL] Updater:351 - Updater called before beeing initialized
2025-09-16 20:18:30,558 [FATAL] Updater:351 - Updater called before beeing initialized
2025-09-16 20:18:30,563 [INFO] DbMcusAds:53 - JSON generation date=Tue Jul 08 01:14:23 PDT 2025 (1751962463582)
2025-09-16 20:18:30,564 [FATAL] Updater:351 - Updater called before beeing initialized
2025-09-16 20:18:30,896 [WARN] DetailPanel:346 - Failed to get advertising image, set to default
2025-09-16 20:18:30,961 [FATAL] Updater:351 - Updater called before beeing initialized
2025-09-16 20:18:30,964 [FATAL] Updater:351 - Updater called before beeing initialized
2025-09-16 20:18:30,965 [FATAL] Updater:351 - Updater called before beeing initialized
2025-09-16 20:18:30,965 [WARN] DetailPanel:346 - Failed to get advertising image, set to default
2025-09-16 20:18:30,968 [FATAL] Updater:351 - Updater called before beeing initialized
2025-09-16 20:18:31,011 [ERROR] Updater:1198 - MainUpdater not yet initialized. External WinMGr cannot be set.
2025-09-16 20:18:31,015 [INFO] Updater:1134 - Updater Version found : 6.15.0
2025-09-16 20:18:31,028 [INFO] ApplicationProperties:184 - Using Application install path: /Applications/STM32CubeIDE.app/Contents/Eclipse/plugins/com.st.stm32cube.common.mx_6.15.0.202507011659
2025-09-16 20:18:31,338 [INFO] MainUpdater:2872 - connection check result : 10
2025-09-16 20:18:31,339 [INFO] MainUpdater:289 - Updater Check For Update Now.
2025-09-16 20:18:31,339 [INFO] MicroXplorer:498 - Change Database Version : DB.6.0.150
2025-09-16 20:18:31,356 [INFO] McuFinderGlobals:63 - Set McuFinder mode to 2 (CubeIDE integrated)
2025-09-16 20:18:31,356 [INFO] UserAuth:171 - activating auth plugin
2025-09-16 20:18:31,375 [INFO] UserAuth:487 - Internet connection configuration mode: 1
2025-09-16 20:18:31,389 [INFO] JxBrowserEngine:152 - Initiate JxBrowser Engine with user profile folder
2025-09-16 20:18:31,615 [INFO] CheckServerUpdateThread:120 - End of CheckServer Thread
2025-09-16 20:18:32,077 [WARN] PackLoader:240 - Cannot read IP mode file for STMicroelectronics.FP-SNS-MOTENVWB1.1.4.0
2025-09-16 20:18:32,095 [WARN] PackLoader:240 - Cannot read IP mode file for STMicroelectronics.FP-ATR-ASTRA1.2.0.2
2025-09-16 20:18:32,108 [WARN] PackLoader:240 - Cannot read IP mode file for STMicroelectronics.X-CUBE-SMBUS.2.1.0
2025-09-16 20:18:32,114 [WARN] PackLoader:240 - Cannot read IP mode file for STMicroelectronics.X-CUBE-ST60.1.0.0
2025-09-16 20:18:32,161 [WARN] PackLoader:240 - Cannot read IP mode file for STMicroelectronics.X-CUBE-AZRTOS-F7.1.1.0
2025-09-16 20:18:32,232 [WARN] PackLoader:240 - Cannot read IP mode file for Infineon.AIROC-Wi-Fi-Bluetooth-STM32.1.7.1
2025-09-16 20:18:32,310 [WARN] PackLoader:240 - Cannot read IP mode file for STMicroelectronics.X-CUBE-AZRTOS-H7.3.4.0
2025-09-16 20:18:32,377 [WARN] PackLoader:240 - Cannot read IP mode file for STMicroelectronics.X-CUBE-DISPLAY.3.0.0
2025-09-16 20:18:32,404 [WARN] PackLoader:240 - Cannot read IP mode file for STMicroelectronics.X-CUBE-NFC10.1.0.0
2025-09-16 20:18:32,418 [WARN] PackLoader:240 - Cannot read IP mode file for emotas.I-CUBE-CANOPEN.1.3.0
2025-09-16 20:18:32,430 [WARN] PackLoader:240 - Cannot read IP mode file for STMicroelectronics.FP-SNS-STBOX1.2.1.0
2025-09-16 20:18:32,440 [WARN] PackLoader:240 - Cannot read IP mode file for STMicroelectronics.FP-SNS-SMARTAG2.1.2.0
2025-09-16 20:18:32,446 [WARN] PackLoader:240 - Cannot read IP mode file for STMicroelectronics.FP-SNS-FLIGHT1.5.1.0
2025-09-16 20:18:32,455 [INFO] LogOutputStream:77 - [STDOUT_REDIRECT] 1 : Invalid condition id : UX_CORESTACK_Condition cause : null
2025-09-16 20:18:32,458 [INFO] LogOutputStream:77 - [STDOUT_REDIRECT] 1 : Invalid condition id : UX_CORESTACK_Condition cause : null
2025-09-16 20:18:32,458 [INFO] LogOutputStream:77 - [STDOUT_REDIRECT] 1 : Invalid condition id : UX_CORESTACK_Condition cause : null
2025-09-16 20:18:32,458 [INFO] LogOutputStream:77 - [STDOUT_REDIRECT] 1 : Invalid condition id : UX_CORESTACK_Condition cause : null
2025-09-16 20:18:32,459 [INFO] LogOutputStream:77 - [STDOUT_REDIRECT] 1 : Invalid condition id : UX_CORESTACK_Condition cause : null
2025-09-16 20:18:32,465 [WARN] PackLoader:240 - Cannot read IP mode file for STMicroelectronics.X-CUBE-AZRTOS-WL.2.0.0
2025-09-16 20:18:32,475 [WARN] PackLoader:240 - Cannot read IP mode file for STMicroelectronics.FP-SNS-MOTENV1.5.0.0
2025-09-16 20:18:32,488 [WARN] PackLoader:240 - Cannot read IP mode file for WES.I-CUBE-Cesium.1.3.0
2025-09-16 20:18:32,494 [WARN] PackLoader:240 - Cannot read IP mode file for STMicroelectronics.X-CUBE-BLE2.3.3.0
2025-09-16 20:18:32,502 [WARN] PackLoader:240 - Cannot read IP mode file for STMicroelectronics.X-CUBE-NFC9.1.0.0
2025-09-16 20:18:32,507 [WARN] PackLoader:240 - Cannot read IP mode file for wolfSSL.I-CUBE-wolfSSL.5.8.2
2025-09-16 20:18:32,517 [WARN] PackLoader:240 - Cannot read IP mode file for STMicroelectronics.X-CUBE-BLE1.7.1.0
2025-09-16 20:18:32,528 [WARN] PackLoader:240 - Cannot read IP mode file for wolfSSL.I-CUBE-wolfMQTT.1.19.2
2025-09-16 20:18:32,534 [WARN] PackLoader:240 - Cannot read IP mode file for STMicroelectronics.X-CUBE-EEPRMA1.5.2.0
2025-09-16 20:18:32,540 [WARN] PackLoader:240 - Cannot read IP mode file for STMicroelectronics.X-CUBE-AI.10.1.0
2025-09-16 20:18:32,562 [WARN] PackLoader:240 - Cannot read IP mode file for STMicroelectronics.X-CUBE-AZRTOS-G0.1.1.0
2025-09-16 20:18:32,641 [WARN] PackLoader:240 - Cannot read IP mode file for STMicroelectronics.X-CUBE-SAFEA1.1.2.2
2025-09-16 20:18:32,662 [WARN] PackLoader:240 - Cannot read IP mode file for STMicroelectronics.X-CUBE-NFC4.3.0.0
2025-09-16 20:18:32,703 [WARN] PackLoader:240 - Cannot read IP mode file for EmbeddedOffice.I-CUBE-FS-RTOS.1.0.1
2025-09-16 20:18:32,735 [WARN] PackLoader:240 - Cannot read IP mode file for STMicroelectronics.X-CUBE-WB05N.2.0.0
2025-09-16 20:18:32,757 [WARN] PackLoader:240 - Cannot read IP mode file for wolfSSL.I-CUBE-wolfTPM.3.8.0
2025-09-16 20:18:32,766 [WARN] PackLoader:240 - Cannot read IP mode file for STMicroelectronics.X-CUBE-TCPP.4.2.0
2025-09-16 20:18:32,783 [WARN] PackLoader:240 - Cannot read IP mode file for RealThread.X-CUBE-RT-Thread_Nano.4.1.1
2025-09-16 20:18:32,787 [WARN] PackLoader:240 - Cannot read IP mode file for STMicroelectronics.FP-ATR-SIGFOX1.3.2.0
2025-09-16 20:18:32,794 [WARN] PackLoader:240 - Cannot read IP mode file for ITTIA_DB.I-CUBE-ITTIADB.8.9.0
2025-09-16 20:18:32,803 [WARN] PackLoader:240 - Cannot read IP mode file for STMicroelectronics.X-CUBE-ST67W61.1.0.0
2025-09-16 20:18:32,808 [WARN] PackLoader:240 - Cannot read IP mode file for STMicroelectronics.X-CUBE-AI.10.2.0
2025-09-16 20:18:32,880 [WARN] PackLoader:240 - Cannot read IP mode file for SEGGER.I-CUBE-embOS.1.3.1
2025-09-16 20:18:32,911 [WARN] PackLoader:240 - Cannot read IP mode file for STMicroelectronics.X-CUBE-ALGOBUILD.1.4.0
2025-09-16 20:18:32,990 [WARN] PackLoader:240 - Cannot read IP mode file for STMicroelectronics.X-CUBE-MEMS1.11.3.0
2025-09-16 20:18:33,367 [WARN] PackLoader:240 - Cannot read IP mode file for STMicroelectronics.X-CUBE-PM33A1.1.0.0
2025-09-16 20:18:33,416 [WARN] PackLoader:240 - Cannot read IP mode file for STMicroelectronics.X-CUBE-AZRTOS-F4.1.1.0
2025-09-16 20:18:33,428 [WARN] PackLoader:240 - Cannot read IP mode file for Avnet-IotConnect.X-CUBE-IoTC-DA16k-PMOD.1.0.0
2025-09-16 20:18:33,435 [WARN] PackLoader:240 - Cannot read IP mode file for STMicroelectronics.X-CUBE-ISPU.2.1.0
2025-09-16 20:18:33,473 [WARN] PackLoader:240 - Cannot read IP mode file for STMicroelectronics.X-CUBE-NFC12.1.0.0
2025-09-16 20:18:33,501 [WARN] PackLoader:240 - Cannot read IP mode file for STMicroelectronics.X-CUBE-AZRTOS-L5.2.0.0
2025-09-16 20:18:33,522 [WARN] PackLoader:240 - Cannot read IP mode file for STMicroelectronics.X-CUBE-NFC6.3.1.0
2025-09-16 20:18:33,530 [WARN] PackLoader:240 - Cannot read IP mode file for STMicroelectronics.X-CUBE-FREERTOS.1.3.1
2025-09-16 20:18:33,538 [WARN] PackLoader:240 - Cannot read IP mode file for STMicroelectronics.FP-SNS-STAIOTCFT.1.0.0
2025-09-16 20:18:33,544 [WARN] PackLoader:240 - Cannot read IP mode file for STMicroelectronics.X-CUBE-DPower.1.3.0
2025-09-16 20:18:33,565 [WARN] ConditionMgr:438 - getConditionDescription Invalid condition id : LAN8742 Phy interface Condition cause : null
2025-09-16 20:18:33,566 [WARN] PackLoader:240 - Cannot read IP mode file for STMicroelectronics.X-CUBE-AZRTOS-L4.2.0.0
2025-09-16 20:18:33,569 [WARN] ConditionMgr:1044 - genDependencies : Invalid condition id : LAN8742 Phy interface Condition cause : null
2025-09-16 20:18:33,571 [WARN] ConditionMgr:1044 - genDependencies : Invalid condition id : LAN8742 Phy interface Condition cause : null
2025-09-16 20:18:33,573 [WARN] ConditionMgr:1044 - genDependencies : Invalid condition id : LAN8742 Phy interface Condition cause : null
2025-09-16 20:18:33,584 [WARN] PackLoader:240 - Cannot read IP mode file for STMicroelectronics.X-CUBE-SFXS2LP1.4.0.0
2025-09-16 20:18:33,614 [WARN] PackLoader:240 - Cannot read IP mode file for STMicroelectronics.X-CUBE-BLEMGR.4.1.0
2025-09-16 20:18:33,644 [WARN] ConditionMgr:438 - getConditionDescription Invalid condition id : UX DEVICE CLASS RTOS Condition cause : null
2025-09-16 20:18:33,645 [WARN] ConditionMgr:438 - getConditionDescription Invalid condition id : UX DEVICE CLASS RTOS Condition cause : null
2025-09-16 20:18:33,649 [WARN] PackLoader:240 - Cannot read IP mode file for STMicroelectronics.X-CUBE-AZRTOS-WB.2.0.0
2025-09-16 20:18:33,650 [WARN] ConditionMgr:1044 - genDependencies : Invalid condition id : UX DEVICE CLASS RTOS Condition cause : null
2025-09-16 20:18:33,650 [WARN] ConditionMgr:1044 - genDependencies : Invalid condition id : UX DEVICE CLASS RTOS Condition cause : null
2025-09-16 20:18:33,650 [WARN] ConditionMgr:1044 - genDependencies : Invalid condition id : UX DEVICE CLASS RTOS Condition cause : null
2025-09-16 20:18:33,651 [WARN] ConditionMgr:1044 - genDependencies : Invalid condition id : UX DEVICE CLASS RTOS Condition cause : null
2025-09-16 20:18:33,651 [WARN] ConditionMgr:1044 - genDependencies : Invalid condition id : UX DEVICE CLASS RTOS Condition cause : null
2025-09-16 20:18:33,660 [WARN] PackLoader:240 - Cannot read IP mode file for STMicroelectronics.X-CUBE-GNSS1.7.0.1
2025-09-16 20:18:33,678 [WARN] PackLoader:240 - Cannot read IP mode file for STMicroelectronics.X-CUBE-TOUCHGFX.4.25.0
2025-09-16 20:18:33,684 [WARN] PackLoader:240 - Cannot read IP mode file for STMicroelectronics.FP-SNS-STBOX1.2.0.0
2025-09-16 20:18:33,689 [WARN] ConditionMgr:438 - getConditionDescription Invalid condition id : Cortex-A Device cause : null
2025-09-16 20:18:33,745 [WARN] ConditionMgr:1044 - genDependencies : Invalid condition id : Cortex-A Device cause : null
2025-09-16 20:18:33,745 [WARN] ConditionMgr:1044 - genDependencies : Invalid condition id : Cortex-A Device cause : null
2025-09-16 20:18:33,745 [WARN] ConditionMgr:1044 - genDependencies : Invalid condition id : Cortex-A Device cause : null
2025-09-16 20:18:33,761 [WARN] PackLoader:240 - Cannot read IP mode file for STMicroelectronics.X-CUBE-SUBG2.5.0.0
2025-09-16 20:18:33,791 [WARN] PackLoader:240 - Cannot read IP mode file for STMicroelectronics.X-CUBE-AZRTOS-H7RS.1.1.0
2025-09-16 20:18:33,797 [WARN] PackLoader:240 - Cannot read IP mode file for Cesanta.I-CUBE-Mongoose.7.13.0
2025-09-16 20:18:33,812 [WARN] PackLoader:240 - Cannot read IP mode file for STMicroelectronics.X-CUBE-AZRTOS-G4.2.0.0
2025-09-16 20:18:33,817 [WARN] PackLoader:240 - Cannot read IP mode file for wolfSSL.I-CUBE-wolfSSH.1.4.20
2025-09-16 20:18:33,820 [WARN] PackLoader:240 - Cannot read IP mode file for STMicroelectronics.X-CUBE-NFC7.2.0.0
2025-09-16 20:18:33,833 [WARN] PackLoader:240 - Cannot read IP mode file for STMicroelectronics.X-CUBE-IPS.3.1.0
2025-09-16 20:18:33,841 [WARN] PackLoader:240 - Cannot read IP mode file for STMicroelectronics.X-CUBE-ALS.1.0.2
2025-09-16 20:18:33,847 [WARN] PackLoader:240 - Cannot read IP mode file for STMicroelectronics.X-CUBE-STSE01.1.0.0
2025-09-16 20:18:33,852 [WARN] PackLoader:240 - Cannot read IP mode file for portGmbH.I-Cube-SoM-uGOAL.1.1.0
2025-09-16 20:18:33,867 [WARN] PackLoader:240 - Cannot read IP mode file for STMicroelectronics.X-CUBE-TOF1.3.4.3
2025-09-16 20:18:33,877 [INFO] ThirdParty:978 - Integrity check success = true
2025-09-16 20:18:33,877 [INFO] IntegrityCheckThread:100 - exiting critical section [integrity check]
2025-09-16 20:18:33,877 [INFO] IntegrityCheckThread:103 - End integrity checks thread
2025-09-16 20:18:36,200 [INFO] WebApp:169 - Instantiating new browser for Auth
2025-09-16 20:18:37,669 [INFO] WebApp:463 - Apply proxy settings
2025-09-16 20:18:37,681 [INFO] WebApp:508 - Chromium authenticates against Manually configured proxy
2025-09-16 20:18:37,692 [INFO] WebApp:516 - Username used for proxy authentication: 
2025-09-16 20:18:37,735 [INFO] WebApp:900 - Register for checkConnection events
2025-09-16 20:18:37,736 [INFO] WebApp:463 - Apply proxy settings
2025-09-16 20:18:37,740 [INFO] WebApp:508 - Chromium authenticates against Manually configured proxy
2025-09-16 20:18:37,740 [INFO] WebApp:516 - Username used for proxy authentication: 
2025-09-16 20:18:37,909 [INFO] WebApp:225 - Starting web application
2025-09-16 20:18:37,909 [INFO] WebApp:593 - Web application path used /Applications/STM32CubeIDE.app/Contents/Eclipse/plugins/com.st.stm32cube.common.mx_6.15.0.202507011659/db/plugins/mcufinder/reactClient1/index.html
2025-09-16 20:18:38,432 [INFO] WebApp:191 - Connection restablished
