2025-10-05 22:51:59,425 [INFO] Activator:176 - 


2025-10-05 22:51:59,430 [INFO] Activator:177 - !SESSION log4j initialized
2025-10-05 22:52:03,908 [ERROR] LogOutputStream:75 - [STDERR_REDIRECT] 
2025-10-05 22:52:04,665 [INFO] LogOutputStream:77 - [STDOUT_REDIRECT] 
2025-10-05 22:52:06,199 [INFO] LogOutputStream:77 - [STDOUT_REDIRECT] 
2025-10-05 22:52:08,882 [INFO] ApplicationProperties:184 - Using Application install path: /Applications/STM32CubeIDE.app/Contents/Eclipse/plugins/com.st.stm32cube.common.mx_6.15.0.202507011659
2025-10-05 22:52:08,908 [INFO] DbMcusXml:78 - Set database path to: /Applications/STM32CubeIDE.app/Contents/Eclipse/plugins/com.st.stm32cube.common.mx_6.15.0.202507011659//db//mcu/
2025-10-05 22:52:08,909 [INFO] ApiDb:274 - Set plugin database path to: /Applications/STM32CubeIDE.app/Contents/Eclipse/plugins/com.st.stm32cube.common.mx_6.15.0.202507011659//db//plugins/boardmanager/
2025-10-05 22:52:08,911 [WARN] ApiDb:259 - Overriding images path with different value:  => /Applications/STM32CubeIDE.app/Contents/Eclipse/plugins/com.st.stm32cube.common.mx_6.15.0.202507011659//db//plugins/mcufinder/images/
2025-10-05 22:52:08,923 [INFO] ApiDb:250 - Set database path to: /Users/sheen/.stmcufinder/plugins/mcufinder//mcu/
2025-10-05 22:52:08,924 [INFO] DbMcusAds:125 - Set database path to: /Users/sheen/.stmcufinder/plugins/mcufinder//mcu/
2025-10-05 22:52:08,925 [INFO] CrossReferenceDbSqlite:203 - Set database path to: /Users/sheen/.stmcufinder/plugins/mcufinder//mcu/cs/
2025-10-05 22:52:09,082 [INFO] RulesReader:64 - Compatibility file has been processed (317 Rules)
2025-10-05 22:52:09,134 [INFO] DbMcusXml:78 - Set database path to: /Applications/STM32CubeIDE.app/Contents/Eclipse/plugins/com.st.stm32cube.common.mx_6.15.0.202507011659//db//mcu/
2025-10-05 22:52:09,134 [INFO] ApiDb:274 - Set plugin database path to: /Applications/STM32CubeIDE.app/Contents/Eclipse/plugins/com.st.stm32cube.common.mx_6.15.0.202507011659//db//plugins/boardmanager/
2025-10-05 22:52:09,135 [INFO] ApiDb:261 - Set plugin images path to: /Applications/STM32CubeIDE.app/Contents/Eclipse/plugins/com.st.stm32cube.common.mx_6.15.0.202507011659//db//plugins/mcufinder/images/
2025-10-05 22:52:09,136 [WARN] DbFile:41 - Overriding database path with different value: /Users/sheen/.stmcufinder/plugins/mcufinder/ => /Users/sheen/.stmcufinder/plugins/mcufinder
2025-10-05 22:52:09,136 [INFO] ApiDb:250 - Set database path to: /Users/sheen/.stmcufinder/plugins/mcufinder//mcu/
2025-10-05 22:52:09,136 [WARN] DbFile:41 - Overriding database path with different value: /Users/sheen/.stmcufinder/plugins/mcufinder/ => /Users/sheen/.stmcufinder/plugins/mcufinder
2025-10-05 22:52:09,136 [INFO] DbMcusAds:125 - Set database path to: /Users/sheen/.stmcufinder/plugins/mcufinder//mcu/
2025-10-05 22:52:09,136 [WARN] DbFile:41 - Overriding database path with different value: /Users/sheen/.stmcufinder/plugins/mcufinder/ => /Users/sheen/.stmcufinder/plugins/mcufinder
2025-10-05 22:52:09,136 [WARN] DbFile:41 - Overriding database path with different value: /Users/sheen/.stmcufinder/plugins/mcufinder/ => /Users/sheen/.stmcufinder/plugins/mcufinder
2025-10-05 22:52:09,136 [INFO] CrossReferenceDbSqlite:203 - Set database path to: /Users/sheen/.stmcufinder/plugins/mcufinder//mcu/cs/
2025-10-05 22:52:09,206 [INFO] MainPanel:274 - HeapMemory: 268435456
2025-10-05 22:52:09,790 [INFO] DbMcusXml:78 - Set database path to: /Applications/STM32CubeIDE.app/Contents/Eclipse/plugins/com.st.stm32cube.common.mx_6.15.0.202507011659//db//mcu/
2025-10-05 22:52:09,790 [INFO] ApiDb:274 - Set plugin database path to: /Applications/STM32CubeIDE.app/Contents/Eclipse/plugins/com.st.stm32cube.common.mx_6.15.0.202507011659//db//plugins/boardmanager/
2025-10-05 22:52:09,791 [INFO] ApiDb:261 - Set plugin images path to: /Applications/STM32CubeIDE.app/Contents/Eclipse/plugins/com.st.stm32cube.common.mx_6.15.0.202507011659//db//plugins/mcufinder/images/
2025-10-05 22:52:09,791 [WARN] DbFile:41 - Overriding database path with different value: /Users/sheen/.stmcufinder/plugins/mcufinder/ => /Users/sheen/.stmcufinder/plugins/mcufinder
2025-10-05 22:52:09,791 [INFO] ApiDb:250 - Set database path to: /Users/sheen/.stmcufinder/plugins/mcufinder//mcu/
2025-10-05 22:52:09,791 [WARN] DbFile:41 - Overriding database path with different value: /Users/sheen/.stmcufinder/plugins/mcufinder/ => /Users/sheen/.stmcufinder/plugins/mcufinder
2025-10-05 22:52:09,791 [INFO] DbMcusAds:125 - Set database path to: /Users/sheen/.stmcufinder/plugins/mcufinder//mcu/
2025-10-05 22:52:09,791 [WARN] DbFile:41 - Overriding database path with different value: /Users/sheen/.stmcufinder/plugins/mcufinder/ => /Users/sheen/.stmcufinder/plugins/mcufinder
2025-10-05 22:52:09,791 [WARN] DbFile:41 - Overriding database path with different value: /Users/sheen/.stmcufinder/plugins/mcufinder/ => /Users/sheen/.stmcufinder/plugins/mcufinder
2025-10-05 22:52:09,791 [INFO] CrossReferenceDbSqlite:203 - Set database path to: /Users/sheen/.stmcufinder/plugins/mcufinder//mcu/cs/
2025-10-05 22:52:09,808 [INFO] ApplicationProperties:184 - Using Application install path: /Applications/STM32CubeIDE.app/Contents/Eclipse/plugins/com.st.stm32cube.common.mx_6.15.0.202507011659
2025-10-05 22:52:09,809 [INFO] PluginManage:196 - Search for loadable plugins [exclusion list=, ]
2025-10-05 22:52:09,811 [INFO] PluginManage:310 - Check plugin analytics
2025-10-05 22:52:10,023 [INFO] AnalyticsPlugin:253 - Accepted Software Licenses: STM32CubeMX.6.15.0
2025-10-05 22:52:10,024 [INFO] AnalyticsPlugin:255 - Accepted CMSIS Pack Licenses: 
2025-10-05 22:52:10,024 [INFO] AnalyticsPlugin:257 - Accepted Firmware Licenses: FW.F4.1.28.0
2025-10-05 22:52:10,041 [INFO] PluginManage:359 - Loaded plugin analytics (category:tool,tabindex:-1)
2025-10-05 22:52:10,043 [INFO] PluginManage:310 - Check plugin cadmodel
2025-10-05 22:52:10,069 [INFO] CADModel:105 - Init CAD model plugin
2025-10-05 22:52:10,070 [INFO] PluginManage:359 - Loaded plugin cadmodel (category:power,tabindex:5)
2025-10-05 22:52:10,070 [INFO] PluginManage:310 - Check plugin clock
2025-10-05 22:52:10,082 [INFO] PluginManage:359 - Loaded plugin clock (category:base,tabindex:2)
2025-10-05 22:52:10,082 [INFO] PluginManage:310 - Check plugin ddr
2025-10-05 22:52:10,084 [INFO] PluginManage:359 - Loaded plugin ddr (category:tool,tabindex:6)
2025-10-05 22:52:10,084 [INFO] PluginManage:310 - Check plugin filemanager
2025-10-05 22:52:10,230 [INFO] PluginManage:359 - Loaded plugin filemanager (category:base,tabindex:10)
2025-10-05 22:52:10,230 [INFO] PluginManage:310 - Check plugin ipmanager
2025-10-05 22:52:10,236 [INFO] PluginManage:359 - Loaded plugin ipmanager (category:base,tabindex:5)
2025-10-05 22:52:10,237 [INFO] PluginManage:310 - Check plugin lpbam
2025-10-05 22:52:10,243 [INFO] PluginManage:359 - Loaded plugin lpbam (category:base,tabindex:0)
2025-10-05 22:52:10,243 [INFO] PluginManage:310 - Check plugin memorymap
2025-10-05 22:52:10,253 [INFO] PluginManage:359 - Loaded plugin memorymap (category:base,tabindex:4)
2025-10-05 22:52:10,253 [INFO] PluginManage:310 - Check plugin pinoutandconfiguration
2025-10-05 22:52:10,260 [INFO] PluginManage:359 - Loaded plugin pinoutandconfiguration (category:base,tabindex:1)
2025-10-05 22:52:10,260 [INFO] PluginManage:310 - Check plugin pinoutconfig
2025-10-05 22:52:10,338 [WARN] SupportedApi:132 - Cannot load RTOS API schema: s4s-elt-must-match.1: The content of 'definitions' must match (annotation?, (simpleType | complexType)?, (unique | key | keyref)*)). A problem was found starting at: attribute.
2025-10-05 22:52:10,481 [INFO] PluginManage:359 - Loaded plugin pinoutconfig (category:base,tabindex:0)
2025-10-05 22:52:10,481 [INFO] PluginManage:310 - Check plugin power
2025-10-05 22:52:10,492 [INFO] PluginManage:359 - Loaded plugin power (category:power,tabindex:4)
2025-10-05 22:52:10,492 [INFO] PluginManage:310 - Check plugin projectmanager
2025-10-05 22:52:10,516 [INFO] PluginManage:359 - Loaded plugin projectmanager (category:projectmanager,tabindex:4)
2025-10-05 22:52:10,516 [INFO] PluginManage:310 - Check plugin rif
2025-10-05 22:52:10,523 [INFO] PluginManage:359 - Loaded plugin rif (category:base,tabindex:3)
2025-10-05 22:52:10,524 [INFO] PluginManage:310 - Check plugin thirdparty
2025-10-05 22:52:10,683 [INFO] PluginManage:359 - Loaded plugin thirdparty (category:base,tabindex:-1)
2025-10-05 22:52:10,684 [INFO] PluginManage:310 - Check plugin tools
2025-10-05 22:52:10,683 [WARN] IntegrityCheckThread:84 - waiting for thirdparty lock release [integrity check]
2025-10-05 22:52:10,687 [INFO] IntegrityCheckThread:86 - entering critical section [integrity check]
2025-10-05 22:52:10,687 [INFO] ThirdPartyUpdaterWithRetryManager:70 - Updater plugin not ready yet. [1/15]
2025-10-05 22:52:10,688 [INFO] PluginManage:359 - Loaded plugin tools (category:base,tabindex:7)
2025-10-05 22:52:10,688 [INFO] PluginManage:310 - Check plugin tutovideos
2025-10-05 22:52:10,845 [INFO] PluginManage:359 - Loaded plugin tutovideos (category:base,tabindex:-1)
2025-10-05 22:52:10,845 [INFO] PluginManage:310 - Check plugin updater
2025-10-05 22:52:10,869 [INFO] PluginManage:359 - Loaded plugin updater (category:base,tabindex:12)
2025-10-05 22:52:10,869 [INFO] PluginManage:310 - Check plugin userauth
2025-10-05 22:52:10,873 [INFO] UserAuth:118 - Init User Auth plugin
2025-10-05 22:52:10,875 [INFO] PluginManage:359 - Loaded plugin userauth (category:base,tabindex:14)
2025-10-05 22:52:10,875 [INFO] PluginManage:283 - PluginManage : Loaded plugins [18]
2025-10-05 22:52:11,104 [INFO] PinOutPanel:1589 - setPackage(No Configuration,No Configuration)
2025-10-05 22:52:11,168 [INFO] CADModel:165 - CPN selected for project level
2025-10-05 22:52:11,168 [INFO] CADModel:114 - Register for checkConnection events
2025-10-05 22:52:11,176 [INFO] IPUIPlugin:80 - create IPUIPlugin
2025-10-05 22:52:11,177 [INFO] PluginManager:220 - loadIPPluginJar : add mdma
2025-10-05 22:52:11,181 [INFO] IPUIPlugin:80 - create IPUIPlugin
2025-10-05 22:52:11,181 [INFO] PluginManager:220 - loadIPPluginJar : add freertos
2025-10-05 22:52:11,186 [INFO] IPUIPlugin:80 - create IPUIPlugin
2025-10-05 22:52:11,186 [INFO] PluginManager:220 - loadIPPluginJar : add gic
2025-10-05 22:52:11,194 [INFO] IPUIPlugin:80 - create IPUIPlugin
2025-10-05 22:52:11,194 [INFO] PluginManager:220 - loadIPPluginJar : add adc
2025-10-05 22:52:11,196 [INFO] IPUIPlugin:80 - create IPUIPlugin
2025-10-05 22:52:11,196 [INFO] PluginManager:220 - loadIPPluginJar : add gtzc
2025-10-05 22:52:11,197 [INFO] IPUIPlugin:80 - create IPUIPlugin
2025-10-05 22:52:11,197 [INFO] PluginManager:220 - loadIPPluginJar : add quadspi
2025-10-05 22:52:11,198 [INFO] IPUIPlugin:80 - create IPUIPlugin
2025-10-05 22:52:11,199 [INFO] PluginManager:220 - loadIPPluginJar : add aes
2025-10-05 22:52:11,200 [INFO] IPUIPlugin:80 - create IPUIPlugin
2025-10-05 22:52:11,200 [INFO] PluginManager:220 - loadIPPluginJar : add pdm2pcm
2025-10-05 22:52:11,201 [INFO] IPUIPlugin:80 - create IPUIPlugin
2025-10-05 22:52:11,201 [INFO] PluginManager:220 - loadIPPluginJar : add hash
2025-10-05 22:52:11,202 [INFO] IPUIPlugin:80 - create IPUIPlugin
2025-10-05 22:52:11,202 [INFO] PluginManager:220 - loadIPPluginJar : add tim
2025-10-05 22:52:11,203 [INFO] IPUIPlugin:80 - create IPUIPlugin
2025-10-05 22:52:11,203 [INFO] PluginManager:220 - loadIPPluginJar : add tsc
2025-10-05 22:52:11,205 [INFO] IPUIPlugin:80 - create IPUIPlugin
2025-10-05 22:52:11,206 [INFO] PluginManager:220 - loadIPPluginJar : add extmemmanager
2025-10-05 22:52:11,207 [INFO] IPUIPlugin:80 - create IPUIPlugin
2025-10-05 22:52:11,207 [INFO] PluginManager:220 - loadIPPluginJar : add ts
2025-10-05 22:52:11,207 [INFO] IPUIPlugin:80 - create IPUIPlugin
2025-10-05 22:52:11,207 [INFO] PluginManager:220 - loadIPPluginJar : add radio
2025-10-05 22:52:11,209 [INFO] IPUIPlugin:80 - create IPUIPlugin
2025-10-05 22:52:11,209 [INFO] PluginManager:220 - loadIPPluginJar : add can
2025-10-05 22:52:11,210 [INFO] IPUIPlugin:80 - create IPUIPlugin
2025-10-05 22:52:11,210 [INFO] PluginManager:220 - loadIPPluginJar : add dma3
2025-10-05 22:52:11,211 [INFO] IPUIPlugin:80 - create IPUIPlugin
2025-10-05 22:52:11,211 [INFO] PluginManager:220 - loadIPPluginJar : add dfsdm
2025-10-05 22:52:11,212 [INFO] IPUIPlugin:80 - create IPUIPlugin
2025-10-05 22:52:11,212 [INFO] PluginManager:220 - loadIPPluginJar : add spi
2025-10-05 22:52:11,213 [INFO] IPUIPlugin:80 - create IPUIPlugin
2025-10-05 22:52:11,213 [INFO] PluginManager:220 - loadIPPluginJar : add gfxmmu
2025-10-05 22:52:11,214 [INFO] IPUIPlugin:80 - create IPUIPlugin
2025-10-05 22:52:11,214 [INFO] PluginManager:220 - loadIPPluginJar : add genericplugin
2025-10-05 22:52:11,215 [INFO] IPUIPlugin:80 - create IPUIPlugin
2025-10-05 22:52:11,215 [INFO] PluginManager:220 - loadIPPluginJar : add cryp
2025-10-05 22:52:11,217 [INFO] IPUIPlugin:80 - create IPUIPlugin
2025-10-05 22:52:11,218 [INFO] PluginManager:220 - loadIPPluginJar : add gpio
2025-10-05 22:52:11,220 [INFO] IPUIPlugin:80 - create IPUIPlugin
2025-10-05 22:52:11,220 [INFO] PluginManager:220 - loadIPPluginJar : add ddr_ctrl_phy
2025-10-05 22:52:11,221 [INFO] IPUIPlugin:80 - create IPUIPlugin
2025-10-05 22:52:11,221 [INFO] PluginManager:220 - loadIPPluginJar : add comp
2025-10-05 22:52:11,223 [INFO] IPUIPlugin:80 - create IPUIPlugin
2025-10-05 22:52:11,223 [INFO] PluginManager:220 - loadIPPluginJar : add tracer_emb
2025-10-05 22:52:11,225 [INFO] IPUIPlugin:80 - create IPUIPlugin
2025-10-05 22:52:11,225 [INFO] PluginManager:220 - loadIPPluginJar : add openamp
2025-10-05 22:52:11,228 [INFO] IPUIPlugin:80 - create IPUIPlugin
2025-10-05 22:52:11,229 [INFO] PluginManager:220 - loadIPPluginJar : add stm32_wpan
2025-10-05 22:52:11,232 [INFO] IPUIPlugin:80 - create IPUIPlugin
2025-10-05 22:52:11,233 [INFO] PluginManager:220 - loadIPPluginJar : add plateformsettings
2025-10-05 22:52:11,236 [INFO] IPUIPlugin:80 - create IPUIPlugin
2025-10-05 22:52:11,236 [INFO] PluginManager:220 - loadIPPluginJar : add ipddr
2025-10-05 22:52:11,237 [INFO] IPUIPlugin:80 - create IPUIPlugin
2025-10-05 22:52:11,237 [INFO] PluginManager:220 - loadIPPluginJar : add usart
2025-10-05 22:52:11,237 [INFO] IPUIPlugin:80 - create IPUIPlugin
2025-10-05 22:52:11,237 [INFO] PluginManager:220 - loadIPPluginJar : add ltdc
2025-10-05 22:52:11,239 [INFO] IPUIPlugin:80 - create IPUIPlugin
2025-10-05 22:52:11,239 [INFO] PluginManager:220 - loadIPPluginJar : add nvic
2025-10-05 22:52:11,239 [INFO] IPUIPlugin:80 - create IPUIPlugin
2025-10-05 22:52:11,239 [INFO] PluginManager:220 - loadIPPluginJar : add fatfs
2025-10-05 22:52:11,244 [INFO] IPUIPlugin:80 - create IPUIPlugin
2025-10-05 22:52:11,244 [INFO] PluginManager:220 - loadIPPluginJar : add linkedlist
2025-10-05 22:52:11,247 [INFO] IPUIPlugin:80 - create IPUIPlugin
2025-10-05 22:52:11,247 [INFO] PluginManager:220 - loadIPPluginJar : add dma
2025-10-05 22:52:11,249 [INFO] IPUIPlugin:80 - create IPUIPlugin
2025-10-05 22:52:11,249 [INFO] PluginManager:220 - loadIPPluginJar : add fmc
2025-10-05 22:52:11,251 [INFO] IPUIPlugin:80 - create IPUIPlugin
2025-10-05 22:52:11,251 [INFO] PluginManager:220 - loadIPPluginJar : add i2s
2025-10-05 22:52:11,252 [INFO] IPUIPlugin:80 - create IPUIPlugin
2025-10-05 22:52:11,252 [INFO] PluginManager:220 - loadIPPluginJar : add ucpd
2025-10-05 22:52:11,253 [INFO] IPUIPlugin:80 - create IPUIPlugin
2025-10-05 22:52:11,253 [INFO] PluginManager:220 - loadIPPluginJar : add lorawan
2025-10-05 22:52:11,254 [INFO] IPUIPlugin:80 - create IPUIPlugin
2025-10-05 22:52:11,254 [INFO] PluginManager:220 - loadIPPluginJar : add opamp
2025-10-05 22:52:11,255 [INFO] IPUIPlugin:80 - create IPUIPlugin
2025-10-05 22:52:11,256 [INFO] PluginManager:220 - loadIPPluginJar : add i3c
2025-10-05 22:52:11,257 [INFO] IPUIPlugin:80 - create IPUIPlugin
2025-10-05 22:52:11,257 [INFO] PluginManager:220 - loadIPPluginJar : add touchsensing
2025-10-05 22:52:11,259 [INFO] IPUIPlugin:80 - create IPUIPlugin
2025-10-05 22:52:11,259 [INFO] PluginManager:220 - loadIPPluginJar : add i2c
2025-10-05 22:52:11,261 [INFO] IPUIPlugin:80 - create IPUIPlugin
2025-10-05 22:52:11,261 [INFO] PluginManager:220 - loadIPPluginJar : add resmgrutility
2025-10-05 22:52:11,263 [INFO] IPUIPlugin:80 - create IPUIPlugin
2025-10-05 22:52:11,264 [INFO] PluginManager:220 - loadIPPluginJar : add sai
2025-10-05 22:52:11,265 [INFO] IPUIPlugin:80 - create IPUIPlugin
2025-10-05 22:52:11,265 [INFO] PluginManager:220 - loadIPPluginJar : add usbx
2025-10-05 22:52:11,384 [FATAL] Updater:351 - Updater called before beeing initialized
2025-10-05 22:52:11,434 [INFO] RulesReader:64 - Compatibility file has been processed (317 Rules)
2025-10-05 22:52:11,453 [INFO] RulesReader:64 - Compatibility file has been processed (317 Rules)
2025-10-05 22:52:11,460 [INFO] CADModel:165 - CPN selected for project level
2025-10-05 22:52:11,461 [INFO] CADModel:114 - Register for checkConnection events
2025-10-05 22:52:11,461 [FATAL] Updater:351 - Updater called before beeing initialized
2025-10-05 22:52:11,461 [ERROR] CADModel:125 - Updater not yet initialized, retry later 
2025-10-05 22:52:11,677 [FATAL] Updater:351 - Updater called before beeing initialized
2025-10-05 22:52:11,679 [INFO] CADModel:165 - CPN selected for project level
2025-10-05 22:52:11,679 [INFO] CADModel:114 - Register for checkConnection events
2025-10-05 22:52:11,679 [FATAL] Updater:351 - Updater called before beeing initialized
2025-10-05 22:52:11,679 [ERROR] CADModel:125 - Updater not yet initialized, retry later 
2025-10-05 22:52:11,682 [FATAL] Updater:351 - Updater called before beeing initialized
2025-10-05 22:52:11,846 [FATAL] Updater:351 - Updater called before beeing initialized
2025-10-05 22:52:11,853 [INFO] DbMcusAds:53 - JSON generation date=Tue Jul 08 01:14:23 PDT 2025 (1751962463524)
2025-10-05 22:52:11,853 [FATAL] Updater:351 - Updater called before beeing initialized
2025-10-05 22:52:11,905 [WARN] DetailPanel:346 - Failed to get advertising image, set to default
2025-10-05 22:52:11,982 [FATAL] Updater:351 - Updater called before beeing initialized
2025-10-05 22:52:11,986 [FATAL] Updater:351 - Updater called before beeing initialized
2025-10-05 22:52:11,986 [FATAL] Updater:351 - Updater called before beeing initialized
2025-10-05 22:52:11,987 [WARN] DetailPanel:346 - Failed to get advertising image, set to default
2025-10-05 22:52:11,991 [FATAL] Updater:351 - Updater called before beeing initialized
2025-10-05 22:52:12,057 [ERROR] Updater:1198 - MainUpdater not yet initialized. External WinMGr cannot be set.
2025-10-05 22:52:12,136 [INFO] Updater:1134 - Updater Version found : 6.15.0
2025-10-05 22:52:12,151 [INFO] ApplicationProperties:184 - Using Application install path: /Applications/STM32CubeIDE.app/Contents/Eclipse/plugins/com.st.stm32cube.common.mx_6.15.0.202507011659
2025-10-05 22:52:12,502 [INFO] MainUpdater:2872 - connection check result : 10
2025-10-05 22:52:12,503 [INFO] MainUpdater:289 - Updater Check For Update Now.
2025-10-05 22:52:12,504 [INFO] MicroXplorer:498 - Change Database Version : DB.6.0.150
2025-10-05 22:52:12,517 [INFO] McuFinderGlobals:63 - Set McuFinder mode to 2 (CubeIDE integrated)
2025-10-05 22:52:12,517 [INFO] UserAuth:171 - activating auth plugin
2025-10-05 22:52:12,532 [INFO] UserAuth:487 - Internet connection configuration mode: 1
2025-10-05 22:52:12,552 [INFO] JxBrowserEngine:152 - Initiate JxBrowser Engine with user profile folder
2025-10-05 22:52:12,827 [INFO] CheckServerUpdateThread:120 - End of CheckServer Thread
2025-10-05 22:52:13,858 [WARN] PackLoader:240 - Cannot read IP mode file for STMicroelectronics.FP-SNS-MOTENVWB1.1.4.0
2025-10-05 22:52:13,880 [WARN] PackLoader:240 - Cannot read IP mode file for STMicroelectronics.FP-ATR-ASTRA1.2.0.2
2025-10-05 22:52:13,900 [WARN] PackLoader:240 - Cannot read IP mode file for STMicroelectronics.X-CUBE-SMBUS.2.1.0
2025-10-05 22:52:13,909 [WARN] PackLoader:240 - Cannot read IP mode file for STMicroelectronics.X-CUBE-ST60.1.0.0
2025-10-05 22:52:13,965 [WARN] PackLoader:240 - Cannot read IP mode file for STMicroelectronics.X-CUBE-AZRTOS-F7.1.1.0
2025-10-05 22:52:14,004 [WARN] PackLoader:240 - Cannot read IP mode file for Cesanta.I-CUBE-Mongoose.7.19.0
2025-10-05 22:52:14,024 [WARN] PackLoader:240 - Cannot read IP mode file for WES.I-CUBE-Cesium.1.4.0
2025-10-05 22:52:14,089 [WARN] PackLoader:240 - Cannot read IP mode file for Infineon.AIROC-Wi-Fi-Bluetooth-STM32.1.7.1
2025-10-05 22:52:14,190 [WARN] PackLoader:240 - Cannot read IP mode file for STMicroelectronics.X-CUBE-AZRTOS-H7.3.4.0
2025-10-05 22:52:14,234 [WARN] PackLoader:240 - Cannot read IP mode file for STMicroelectronics.X-CUBE-DISPLAY.3.0.0
2025-10-05 22:52:14,263 [WARN] PackLoader:240 - Cannot read IP mode file for STMicroelectronics.X-CUBE-NFC10.1.0.0
2025-10-05 22:52:14,282 [WARN] PackLoader:240 - Cannot read IP mode file for emotas.I-CUBE-CANOPEN.1.3.0
2025-10-05 22:52:14,297 [WARN] PackLoader:240 - Cannot read IP mode file for STMicroelectronics.FP-SNS-STBOX1.2.1.0
2025-10-05 22:52:14,306 [WARN] PackLoader:240 - Cannot read IP mode file for STMicroelectronics.FP-SNS-SMARTAG2.1.2.0
2025-10-05 22:52:14,310 [WARN] PackLoader:240 - Cannot read IP mode file for STMicroelectronics.FP-SNS-FLIGHT1.5.1.0
2025-10-05 22:52:14,319 [INFO] LogOutputStream:77 - [STDOUT_REDIRECT] 1 : Invalid condition id : UX_CORESTACK_Condition cause : null
2025-10-05 22:52:14,320 [INFO] LogOutputStream:77 - [STDOUT_REDIRECT] 1 : Invalid condition id : UX_CORESTACK_Condition cause : null
2025-10-05 22:52:14,321 [INFO] LogOutputStream:77 - [STDOUT_REDIRECT] 1 : Invalid condition id : UX_CORESTACK_Condition cause : null
2025-10-05 22:52:14,321 [INFO] LogOutputStream:77 - [STDOUT_REDIRECT] 1 : Invalid condition id : UX_CORESTACK_Condition cause : null
2025-10-05 22:52:14,322 [INFO] LogOutputStream:77 - [STDOUT_REDIRECT] 1 : Invalid condition id : UX_CORESTACK_Condition cause : null
2025-10-05 22:52:14,329 [WARN] PackLoader:240 - Cannot read IP mode file for STMicroelectronics.X-CUBE-AZRTOS-WL.2.0.0
2025-10-05 22:52:14,338 [WARN] PackLoader:240 - Cannot read IP mode file for STMicroelectronics.FP-SNS-MOTENV1.5.0.0
2025-10-05 22:52:14,348 [WARN] PackLoader:240 - Cannot read IP mode file for WES.I-CUBE-Cesium.1.3.0
2025-10-05 22:52:14,359 [WARN] PackLoader:240 - Cannot read IP mode file for STMicroelectronics.X-CUBE-BLE2.3.3.0
2025-10-05 22:52:14,371 [WARN] PackLoader:240 - Cannot read IP mode file for STMicroelectronics.X-CUBE-NFC9.1.0.0
2025-10-05 22:52:14,391 [WARN] PackLoader:240 - Cannot read IP mode file for wolfSSL.I-CUBE-wolfSSL.5.8.2
2025-10-05 22:52:14,406 [WARN] PackLoader:240 - Cannot read IP mode file for STMicroelectronics.X-CUBE-BLE1.7.1.0
2025-10-05 22:52:14,409 [WARN] PackLoader:240 - Cannot read IP mode file for wolfSSL.I-CUBE-wolfMQTT.1.19.2
2025-10-05 22:52:14,413 [WARN] PackLoader:240 - Cannot read IP mode file for STMicroelectronics.X-CUBE-EEPRMA1.5.2.0
2025-10-05 22:52:14,417 [WARN] PackLoader:240 - Cannot read IP mode file for STMicroelectronics.X-CUBE-AI.10.1.0
2025-10-05 22:52:14,434 [WARN] PackLoader:240 - Cannot read IP mode file for STMicroelectronics.X-CUBE-AZRTOS-G0.1.1.0
2025-10-05 22:52:14,444 [WARN] PackLoader:240 - Cannot read IP mode file for STMicroelectronics.X-CUBE-SAFEA1.1.2.2
2025-10-05 22:52:14,452 [WARN] PackLoader:240 - Cannot read IP mode file for STMicroelectronics.X-CUBE-NFC4.3.0.0
2025-10-05 22:52:14,465 [WARN] PackLoader:240 - Cannot read IP mode file for EmbeddedOffice.I-CUBE-FS-RTOS.1.0.1
2025-10-05 22:52:14,472 [WARN] PackLoader:240 - Cannot read IP mode file for STMicroelectronics.X-CUBE-WB05N.2.0.0
2025-10-05 22:52:14,481 [WARN] PackLoader:240 - Cannot read IP mode file for wolfSSL.I-CUBE-wolfTPM.3.8.0
2025-10-05 22:52:14,489 [WARN] PackLoader:240 - Cannot read IP mode file for STMicroelectronics.X-CUBE-TCPP.4.2.0
2025-10-05 22:52:14,494 [WARN] PackLoader:240 - Cannot read IP mode file for RealThread.X-CUBE-RT-Thread_Nano.4.1.1
2025-10-05 22:52:14,501 [WARN] PackLoader:240 - Cannot read IP mode file for STMicroelectronics.FP-ATR-SIGFOX1.3.2.0
2025-10-05 22:52:14,506 [WARN] PackLoader:240 - Cannot read IP mode file for ITTIA_DB.I-CUBE-ITTIADB.8.9.0
2025-10-05 22:52:14,513 [WARN] PackLoader:240 - Cannot read IP mode file for STMicroelectronics.X-CUBE-ST67W61.1.0.0
2025-10-05 22:52:14,516 [WARN] PackLoader:240 - Cannot read IP mode file for STMicroelectronics.X-CUBE-AI.10.2.0
2025-10-05 22:52:14,572 [WARN] PackLoader:240 - Cannot read IP mode file for SEGGER.I-CUBE-embOS.1.3.1
2025-10-05 22:52:15,014 [WARN] PackLoader:240 - Cannot read IP mode file for STMicroelectronics.X-CUBE-ALGOBUILD.1.4.0
2025-10-05 22:52:15,169 [WARN] PackLoader:240 - Cannot read IP mode file for STMicroelectronics.X-CUBE-MEMS1.11.3.0
2025-10-05 22:52:15,301 [WARN] PackLoader:240 - Cannot read IP mode file for STMicroelectronics.X-CUBE-PM33A1.1.0.0
2025-10-05 22:52:15,337 [WARN] PackLoader:240 - Cannot read IP mode file for STMicroelectronics.X-CUBE-AZRTOS-F4.1.1.0
2025-10-05 22:52:15,349 [WARN] PackLoader:240 - Cannot read IP mode file for Avnet-IotConnect.X-CUBE-IoTC-DA16k-PMOD.1.0.0
2025-10-05 22:52:15,359 [WARN] PackLoader:240 - Cannot read IP mode file for STMicroelectronics.X-CUBE-ISPU.2.1.0
2025-10-05 22:52:15,367 [WARN] PackLoader:240 - Cannot read IP mode file for STMicroelectronics.X-CUBE-NFC12.1.0.0
2025-10-05 22:52:15,400 [WARN] PackLoader:240 - Cannot read IP mode file for STMicroelectronics.X-CUBE-AZRTOS-L5.2.0.0
2025-10-05 22:52:15,415 [WARN] PackLoader:240 - Cannot read IP mode file for STMicroelectronics.X-CUBE-NFC6.3.1.0
2025-10-05 22:52:15,427 [WARN] PackLoader:240 - Cannot read IP mode file for STMicroelectronics.X-CUBE-FREERTOS.1.3.1
2025-10-05 22:52:15,449 [WARN] PackLoader:240 - Cannot read IP mode file for STMicroelectronics.X-CUBE-TOUCHGFX.4.26.0
2025-10-05 22:52:15,457 [WARN] PackLoader:240 - Cannot read IP mode file for STMicroelectronics.FP-SNS-STAIOTCFT.1.0.0
2025-10-05 22:52:15,467 [WARN] PackLoader:240 - Cannot read IP mode file for STMicroelectronics.X-CUBE-DPower.1.3.0
2025-10-05 22:52:15,492 [WARN] ConditionMgr:438 - getConditionDescription Invalid condition id : LAN8742 Phy interface Condition cause : null
2025-10-05 22:52:15,495 [WARN] PackLoader:240 - Cannot read IP mode file for STMicroelectronics.X-CUBE-AZRTOS-L4.2.0.0
2025-10-05 22:52:15,498 [WARN] ConditionMgr:1044 - genDependencies : Invalid condition id : LAN8742 Phy interface Condition cause : null
2025-10-05 22:52:15,499 [WARN] ConditionMgr:1044 - genDependencies : Invalid condition id : LAN8742 Phy interface Condition cause : null
2025-10-05 22:52:15,500 [WARN] ConditionMgr:1044 - genDependencies : Invalid condition id : LAN8742 Phy interface Condition cause : null
2025-10-05 22:52:15,512 [WARN] PackLoader:240 - Cannot read IP mode file for STMicroelectronics.X-CUBE-SFXS2LP1.4.0.0
2025-10-05 22:52:15,536 [WARN] PackLoader:240 - Cannot read IP mode file for STMicroelectronics.X-CUBE-BLEMGR.4.1.0
2025-10-05 22:52:15,566 [WARN] ConditionMgr:438 - getConditionDescription Invalid condition id : UX DEVICE CLASS RTOS Condition cause : null
2025-10-05 22:52:15,566 [WARN] ConditionMgr:438 - getConditionDescription Invalid condition id : UX DEVICE CLASS RTOS Condition cause : null
2025-10-05 22:52:15,590 [WARN] PackLoader:240 - Cannot read IP mode file for STMicroelectronics.X-CUBE-AZRTOS-WB.2.0.0
2025-10-05 22:52:15,593 [WARN] ConditionMgr:1044 - genDependencies : Invalid condition id : UX DEVICE CLASS RTOS Condition cause : null
2025-10-05 22:52:15,594 [WARN] ConditionMgr:1044 - genDependencies : Invalid condition id : UX DEVICE CLASS RTOS Condition cause : null
2025-10-05 22:52:15,594 [WARN] ConditionMgr:1044 - genDependencies : Invalid condition id : UX DEVICE CLASS RTOS Condition cause : null
2025-10-05 22:52:15,595 [WARN] ConditionMgr:1044 - genDependencies : Invalid condition id : UX DEVICE CLASS RTOS Condition cause : null
2025-10-05 22:52:15,595 [WARN] ConditionMgr:1044 - genDependencies : Invalid condition id : UX DEVICE CLASS RTOS Condition cause : null
2025-10-05 22:52:15,617 [WARN] PackLoader:240 - Cannot read IP mode file for STMicroelectronics.X-CUBE-GNSS1.7.0.1
2025-10-05 22:52:15,628 [WARN] PackLoader:240 - Cannot read IP mode file for STMicroelectronics.X-CUBE-TOUCHGFX.4.25.0
2025-10-05 22:52:15,634 [WARN] PackLoader:240 - Cannot read IP mode file for STMicroelectronics.FP-SNS-STBOX1.2.0.0
2025-10-05 22:52:15,639 [WARN] ConditionMgr:438 - getConditionDescription Invalid condition id : Cortex-A Device cause : null
2025-10-05 22:52:15,701 [WARN] ConditionMgr:1044 - genDependencies : Invalid condition id : Cortex-A Device cause : null
2025-10-05 22:52:15,702 [WARN] ConditionMgr:1044 - genDependencies : Invalid condition id : Cortex-A Device cause : null
2025-10-05 22:52:15,702 [WARN] ConditionMgr:1044 - genDependencies : Invalid condition id : Cortex-A Device cause : null
2025-10-05 22:52:15,713 [WARN] PackLoader:240 - Cannot read IP mode file for STMicroelectronics.X-CUBE-SUBG2.5.0.0
2025-10-05 22:52:15,753 [WARN] PackLoader:240 - Cannot read IP mode file for STMicroelectronics.X-CUBE-AZRTOS-H7RS.1.1.0
2025-10-05 22:52:15,759 [WARN] PackLoader:240 - Cannot read IP mode file for Cesanta.I-CUBE-Mongoose.7.13.0
2025-10-05 22:52:15,774 [WARN] PackLoader:240 - Cannot read IP mode file for STMicroelectronics.X-CUBE-AZRTOS-G4.2.0.0
2025-10-05 22:52:15,781 [WARN] PackLoader:240 - Cannot read IP mode file for wolfSSL.I-CUBE-wolfSSH.1.4.20
2025-10-05 22:52:15,788 [WARN] PackLoader:240 - Cannot read IP mode file for STMicroelectronics.X-CUBE-NFC7.2.0.0
2025-10-05 22:52:15,800 [WARN] PackLoader:240 - Cannot read IP mode file for STMicroelectronics.X-CUBE-IPS.3.1.0
2025-10-05 22:52:15,808 [WARN] PackLoader:240 - Cannot read IP mode file for STMicroelectronics.X-CUBE-ALS.1.0.2
2025-10-05 22:52:15,817 [WARN] PackLoader:240 - Cannot read IP mode file for STMicroelectronics.X-CUBE-STSE01.1.0.0
2025-10-05 22:52:15,824 [WARN] PackLoader:240 - Cannot read IP mode file for portGmbH.I-Cube-SoM-uGOAL.1.1.0
2025-10-05 22:52:15,842 [WARN] PackLoader:240 - Cannot read IP mode file for STMicroelectronics.X-CUBE-TOF1.3.4.3
2025-10-05 22:52:15,852 [INFO] ThirdParty:978 - Integrity check success = true
2025-10-05 22:52:15,852 [INFO] IntegrityCheckThread:100 - exiting critical section [integrity check]
2025-10-05 22:52:15,852 [INFO] IntegrityCheckThread:103 - End integrity checks thread
2025-10-05 22:52:17,756 [INFO] WebApp:169 - Instantiating new browser for Auth
2025-10-05 22:52:19,145 [INFO] WebApp:463 - Apply proxy settings
2025-10-05 22:52:19,161 [INFO] WebApp:508 - Chromium authenticates against Manually configured proxy
2025-10-05 22:52:19,172 [INFO] WebApp:516 - Username used for proxy authentication: 
2025-10-05 22:52:19,214 [INFO] WebApp:900 - Register for checkConnection events
2025-10-05 22:52:19,214 [INFO] WebApp:463 - Apply proxy settings
2025-10-05 22:52:19,217 [INFO] WebApp:508 - Chromium authenticates against Manually configured proxy
2025-10-05 22:52:19,218 [INFO] WebApp:516 - Username used for proxy authentication: 
2025-10-05 22:52:19,376 [INFO] WebApp:225 - Starting web application
2025-10-05 22:52:19,376 [INFO] WebApp:593 - Web application path used /Applications/STM32CubeIDE.app/Contents/Eclipse/plugins/com.st.stm32cube.common.mx_6.15.0.202507011659/db/plugins/mcufinder/reactClient1/index.html
2025-10-05 22:52:19,901 [INFO] WebApp:191 - Connection restablished
