2025-10-17 15:03:11,560 [INFO] Activator:176 - 


2025-10-17 15:03:11,565 [INFO] Activator:177 - !SESSION log4j initialized
2025-10-17 15:03:17,515 [INFO] LogOutputStream:77 - [STDOUT_REDIRECT] 
2025-10-17 15:03:17,824 [ERROR] LogOutputStream:75 - [STDERR_REDIRECT] 
2025-10-17 15:03:20,381 [INFO] LogOutputStream:77 - [STDOUT_REDIRECT] 
2025-10-17 15:03:21,765 [INFO] ApplicationProperties:184 - Using Application install path: /Applications/STM32CubeIDE.app/Contents/Eclipse/plugins/com.st.stm32cube.common.mx_6.15.0.202507011659
2025-10-17 15:03:21,783 [INFO] DbMcusXml:78 - Set database path to: /Applications/STM32CubeIDE.app/Contents/Eclipse/plugins/com.st.stm32cube.common.mx_6.15.0.202507011659//db//mcu/
2025-10-17 15:03:21,784 [INFO] ApiDb:274 - Set plugin database path to: /Applications/STM32CubeIDE.app/Contents/Eclipse/plugins/com.st.stm32cube.common.mx_6.15.0.202507011659//db//plugins/boardmanager/
2025-10-17 15:03:21,784 [WARN] ApiDb:259 - Overriding images path with different value:  => /Applications/STM32CubeIDE.app/Contents/Eclipse/plugins/com.st.stm32cube.common.mx_6.15.0.202507011659//db//plugins/mcufinder/images/
2025-10-17 15:03:21,790 [INFO] ApiDb:250 - Set database path to: /Users/sheen/.stmcufinder/plugins/mcufinder//mcu/
2025-10-17 15:03:21,791 [INFO] DbMcusAds:125 - Set database path to: /Users/sheen/.stmcufinder/plugins/mcufinder//mcu/
2025-10-17 15:03:21,792 [INFO] CrossReferenceDbSqlite:203 - Set database path to: /Users/sheen/.stmcufinder/plugins/mcufinder//mcu/cs/
2025-10-17 15:03:21,928 [INFO] RulesReader:64 - Compatibility file has been processed (317 Rules)
2025-10-17 15:03:21,983 [INFO] DbMcusXml:78 - Set database path to: /Applications/STM32CubeIDE.app/Contents/Eclipse/plugins/com.st.stm32cube.common.mx_6.15.0.202507011659//db//mcu/
2025-10-17 15:03:21,984 [INFO] ApiDb:274 - Set plugin database path to: /Applications/STM32CubeIDE.app/Contents/Eclipse/plugins/com.st.stm32cube.common.mx_6.15.0.202507011659//db//plugins/boardmanager/
2025-10-17 15:03:21,984 [INFO] ApiDb:261 - Set plugin images path to: /Applications/STM32CubeIDE.app/Contents/Eclipse/plugins/com.st.stm32cube.common.mx_6.15.0.202507011659//db//plugins/mcufinder/images/
2025-10-17 15:03:21,984 [WARN] DbFile:41 - Overriding database path with different value: /Users/sheen/.stmcufinder/plugins/mcufinder/ => /Users/sheen/.stmcufinder/plugins/mcufinder
2025-10-17 15:03:21,984 [INFO] ApiDb:250 - Set database path to: /Users/sheen/.stmcufinder/plugins/mcufinder//mcu/
2025-10-17 15:03:21,984 [WARN] DbFile:41 - Overriding database path with different value: /Users/sheen/.stmcufinder/plugins/mcufinder/ => /Users/sheen/.stmcufinder/plugins/mcufinder
2025-10-17 15:03:21,984 [INFO] DbMcusAds:125 - Set database path to: /Users/sheen/.stmcufinder/plugins/mcufinder//mcu/
2025-10-17 15:03:21,984 [WARN] DbFile:41 - Overriding database path with different value: /Users/sheen/.stmcufinder/plugins/mcufinder/ => /Users/sheen/.stmcufinder/plugins/mcufinder
2025-10-17 15:03:21,984 [WARN] DbFile:41 - Overriding database path with different value: /Users/sheen/.stmcufinder/plugins/mcufinder/ => /Users/sheen/.stmcufinder/plugins/mcufinder
2025-10-17 15:03:21,984 [INFO] CrossReferenceDbSqlite:203 - Set database path to: /Users/sheen/.stmcufinder/plugins/mcufinder//mcu/cs/
2025-10-17 15:03:22,067 [INFO] MainPanel:274 - HeapMemory: 268435456
2025-10-17 15:03:22,666 [INFO] DbMcusXml:78 - Set database path to: /Applications/STM32CubeIDE.app/Contents/Eclipse/plugins/com.st.stm32cube.common.mx_6.15.0.202507011659//db//mcu/
2025-10-17 15:03:22,666 [INFO] ApiDb:274 - Set plugin database path to: /Applications/STM32CubeIDE.app/Contents/Eclipse/plugins/com.st.stm32cube.common.mx_6.15.0.202507011659//db//plugins/boardmanager/
2025-10-17 15:03:22,666 [INFO] ApiDb:261 - Set plugin images path to: /Applications/STM32CubeIDE.app/Contents/Eclipse/plugins/com.st.stm32cube.common.mx_6.15.0.202507011659//db//plugins/mcufinder/images/
2025-10-17 15:03:22,667 [WARN] DbFile:41 - Overriding database path with different value: /Users/sheen/.stmcufinder/plugins/mcufinder/ => /Users/sheen/.stmcufinder/plugins/mcufinder
2025-10-17 15:03:22,667 [INFO] ApiDb:250 - Set database path to: /Users/sheen/.stmcufinder/plugins/mcufinder//mcu/
2025-10-17 15:03:22,667 [WARN] DbFile:41 - Overriding database path with different value: /Users/sheen/.stmcufinder/plugins/mcufinder/ => /Users/sheen/.stmcufinder/plugins/mcufinder
2025-10-17 15:03:22,667 [INFO] DbMcusAds:125 - Set database path to: /Users/sheen/.stmcufinder/plugins/mcufinder//mcu/
2025-10-17 15:03:22,667 [WARN] DbFile:41 - Overriding database path with different value: /Users/sheen/.stmcufinder/plugins/mcufinder/ => /Users/sheen/.stmcufinder/plugins/mcufinder
2025-10-17 15:03:22,667 [WARN] DbFile:41 - Overriding database path with different value: /Users/sheen/.stmcufinder/plugins/mcufinder/ => /Users/sheen/.stmcufinder/plugins/mcufinder
2025-10-17 15:03:22,667 [INFO] CrossReferenceDbSqlite:203 - Set database path to: /Users/sheen/.stmcufinder/plugins/mcufinder//mcu/cs/
2025-10-17 15:03:22,683 [INFO] ApplicationProperties:184 - Using Application install path: /Applications/STM32CubeIDE.app/Contents/Eclipse/plugins/com.st.stm32cube.common.mx_6.15.0.202507011659
2025-10-17 15:03:22,685 [INFO] PluginManage:196 - Search for loadable plugins [exclusion list=, ]
2025-10-17 15:03:22,686 [INFO] PluginManage:310 - Check plugin analytics
2025-10-17 15:03:22,869 [INFO] AnalyticsPlugin:253 - Accepted Software Licenses: STM32CubeMX.6.15.0
2025-10-17 15:03:22,870 [INFO] AnalyticsPlugin:255 - Accepted CMSIS Pack Licenses: 
2025-10-17 15:03:22,870 [INFO] AnalyticsPlugin:257 - Accepted Firmware Licenses: FW.F4.1.28.0
2025-10-17 15:03:22,876 [INFO] PluginManage:359 - Loaded plugin analytics (category:tool,tabindex:-1)
2025-10-17 15:03:22,878 [INFO] PluginManage:310 - Check plugin cadmodel
2025-10-17 15:03:22,889 [INFO] CADModel:105 - Init CAD model plugin
2025-10-17 15:03:22,889 [INFO] PluginManage:359 - Loaded plugin cadmodel (category:power,tabindex:5)
2025-10-17 15:03:22,890 [INFO] PluginManage:310 - Check plugin clock
2025-10-17 15:03:22,900 [INFO] PluginManage:359 - Loaded plugin clock (category:base,tabindex:2)
2025-10-17 15:03:22,900 [INFO] PluginManage:310 - Check plugin ddr
2025-10-17 15:03:22,902 [INFO] PluginManage:359 - Loaded plugin ddr (category:tool,tabindex:6)
2025-10-17 15:03:22,902 [INFO] PluginManage:310 - Check plugin filemanager
2025-10-17 15:03:23,035 [INFO] PluginManage:359 - Loaded plugin filemanager (category:base,tabindex:10)
2025-10-17 15:03:23,035 [INFO] PluginManage:310 - Check plugin ipmanager
2025-10-17 15:03:23,041 [INFO] PluginManage:359 - Loaded plugin ipmanager (category:base,tabindex:5)
2025-10-17 15:03:23,041 [INFO] PluginManage:310 - Check plugin lpbam
2025-10-17 15:03:23,051 [INFO] PluginManage:359 - Loaded plugin lpbam (category:base,tabindex:0)
2025-10-17 15:03:23,051 [INFO] PluginManage:310 - Check plugin memorymap
2025-10-17 15:03:23,061 [INFO] PluginManage:359 - Loaded plugin memorymap (category:base,tabindex:4)
2025-10-17 15:03:23,062 [INFO] PluginManage:310 - Check plugin pinoutandconfiguration
2025-10-17 15:03:23,068 [INFO] PluginManage:359 - Loaded plugin pinoutandconfiguration (category:base,tabindex:1)
2025-10-17 15:03:23,068 [INFO] PluginManage:310 - Check plugin pinoutconfig
2025-10-17 15:03:23,150 [WARN] SupportedApi:132 - Cannot load RTOS API schema: s4s-elt-must-match.1: The content of 'definitions' must match (annotation?, (simpleType | complexType)?, (unique | key | keyref)*)). A problem was found starting at: attribute.
2025-10-17 15:03:23,266 [INFO] PluginManage:359 - Loaded plugin pinoutconfig (category:base,tabindex:0)
2025-10-17 15:03:23,266 [INFO] PluginManage:310 - Check plugin power
2025-10-17 15:03:23,275 [INFO] PluginManage:359 - Loaded plugin power (category:power,tabindex:4)
2025-10-17 15:03:23,275 [INFO] PluginManage:310 - Check plugin projectmanager
2025-10-17 15:03:23,297 [INFO] PluginManage:359 - Loaded plugin projectmanager (category:projectmanager,tabindex:4)
2025-10-17 15:03:23,297 [INFO] PluginManage:310 - Check plugin rif
2025-10-17 15:03:23,305 [INFO] PluginManage:359 - Loaded plugin rif (category:base,tabindex:3)
2025-10-17 15:03:23,305 [INFO] PluginManage:310 - Check plugin thirdparty
2025-10-17 15:03:23,453 [INFO] PluginManage:359 - Loaded plugin thirdparty (category:base,tabindex:-1)
2025-10-17 15:03:23,453 [INFO] PluginManage:310 - Check plugin tools
2025-10-17 15:03:23,456 [INFO] PluginManage:359 - Loaded plugin tools (category:base,tabindex:7)
2025-10-17 15:03:23,453 [WARN] IntegrityCheckThread:84 - waiting for thirdparty lock release [integrity check]
2025-10-17 15:03:23,456 [INFO] PluginManage:310 - Check plugin tutovideos
2025-10-17 15:03:23,456 [INFO] IntegrityCheckThread:86 - entering critical section [integrity check]
2025-10-17 15:03:23,457 [INFO] ThirdPartyUpdaterWithRetryManager:70 - Updater plugin not ready yet. [1/15]
2025-10-17 15:03:23,631 [INFO] PluginManage:359 - Loaded plugin tutovideos (category:base,tabindex:-1)
2025-10-17 15:03:23,632 [INFO] PluginManage:310 - Check plugin updater
2025-10-17 15:03:23,658 [INFO] PluginManage:359 - Loaded plugin updater (category:base,tabindex:12)
2025-10-17 15:03:23,659 [INFO] PluginManage:310 - Check plugin userauth
2025-10-17 15:03:23,661 [INFO] UserAuth:118 - Init User Auth plugin
2025-10-17 15:03:23,662 [INFO] PluginManage:359 - Loaded plugin userauth (category:base,tabindex:14)
2025-10-17 15:03:23,662 [INFO] PluginManage:283 - PluginManage : Loaded plugins [18]
2025-10-17 15:03:23,867 [INFO] PinOutPanel:1589 - setPackage(No Configuration,No Configuration)
2025-10-17 15:03:23,935 [INFO] CADModel:165 - CPN selected for project level
2025-10-17 15:03:23,935 [INFO] CADModel:114 - Register for checkConnection events
2025-10-17 15:03:23,946 [INFO] IPUIPlugin:80 - create IPUIPlugin
2025-10-17 15:03:23,946 [INFO] PluginManager:220 - loadIPPluginJar : add mdma
2025-10-17 15:03:23,950 [INFO] IPUIPlugin:80 - create IPUIPlugin
2025-10-17 15:03:23,950 [INFO] PluginManager:220 - loadIPPluginJar : add freertos
2025-10-17 15:03:23,954 [INFO] IPUIPlugin:80 - create IPUIPlugin
2025-10-17 15:03:23,954 [INFO] PluginManager:220 - loadIPPluginJar : add gic
2025-10-17 15:03:23,960 [INFO] IPUIPlugin:80 - create IPUIPlugin
2025-10-17 15:03:23,960 [INFO] PluginManager:220 - loadIPPluginJar : add adc
2025-10-17 15:03:23,961 [INFO] IPUIPlugin:80 - create IPUIPlugin
2025-10-17 15:03:23,961 [INFO] PluginManager:220 - loadIPPluginJar : add gtzc
2025-10-17 15:03:23,962 [INFO] IPUIPlugin:80 - create IPUIPlugin
2025-10-17 15:03:23,962 [INFO] PluginManager:220 - loadIPPluginJar : add quadspi
2025-10-17 15:03:23,963 [INFO] IPUIPlugin:80 - create IPUIPlugin
2025-10-17 15:03:23,963 [INFO] PluginManager:220 - loadIPPluginJar : add aes
2025-10-17 15:03:23,965 [INFO] IPUIPlugin:80 - create IPUIPlugin
2025-10-17 15:03:23,965 [INFO] PluginManager:220 - loadIPPluginJar : add pdm2pcm
2025-10-17 15:03:23,966 [INFO] IPUIPlugin:80 - create IPUIPlugin
2025-10-17 15:03:23,966 [INFO] PluginManager:220 - loadIPPluginJar : add hash
2025-10-17 15:03:23,966 [INFO] IPUIPlugin:80 - create IPUIPlugin
2025-10-17 15:03:23,966 [INFO] PluginManager:220 - loadIPPluginJar : add tim
2025-10-17 15:03:23,967 [INFO] IPUIPlugin:80 - create IPUIPlugin
2025-10-17 15:03:23,967 [INFO] PluginManager:220 - loadIPPluginJar : add tsc
2025-10-17 15:03:23,968 [INFO] IPUIPlugin:80 - create IPUIPlugin
2025-10-17 15:03:23,968 [INFO] PluginManager:220 - loadIPPluginJar : add extmemmanager
2025-10-17 15:03:23,970 [INFO] IPUIPlugin:80 - create IPUIPlugin
2025-10-17 15:03:23,970 [INFO] PluginManager:220 - loadIPPluginJar : add ts
2025-10-17 15:03:23,971 [INFO] IPUIPlugin:80 - create IPUIPlugin
2025-10-17 15:03:23,971 [INFO] PluginManager:220 - loadIPPluginJar : add radio
2025-10-17 15:03:23,972 [INFO] IPUIPlugin:80 - create IPUIPlugin
2025-10-17 15:03:23,972 [INFO] PluginManager:220 - loadIPPluginJar : add can
2025-10-17 15:03:23,973 [INFO] IPUIPlugin:80 - create IPUIPlugin
2025-10-17 15:03:23,973 [INFO] PluginManager:220 - loadIPPluginJar : add dma3
2025-10-17 15:03:23,974 [INFO] IPUIPlugin:80 - create IPUIPlugin
2025-10-17 15:03:23,974 [INFO] PluginManager:220 - loadIPPluginJar : add dfsdm
2025-10-17 15:03:23,975 [INFO] IPUIPlugin:80 - create IPUIPlugin
2025-10-17 15:03:23,975 [INFO] PluginManager:220 - loadIPPluginJar : add spi
2025-10-17 15:03:23,976 [INFO] IPUIPlugin:80 - create IPUIPlugin
2025-10-17 15:03:23,976 [INFO] PluginManager:220 - loadIPPluginJar : add gfxmmu
2025-10-17 15:03:23,977 [INFO] IPUIPlugin:80 - create IPUIPlugin
2025-10-17 15:03:23,977 [INFO] PluginManager:220 - loadIPPluginJar : add genericplugin
2025-10-17 15:03:23,978 [INFO] IPUIPlugin:80 - create IPUIPlugin
2025-10-17 15:03:23,978 [INFO] PluginManager:220 - loadIPPluginJar : add cryp
2025-10-17 15:03:23,981 [INFO] IPUIPlugin:80 - create IPUIPlugin
2025-10-17 15:03:23,981 [INFO] PluginManager:220 - loadIPPluginJar : add gpio
2025-10-17 15:03:23,983 [INFO] IPUIPlugin:80 - create IPUIPlugin
2025-10-17 15:03:23,983 [INFO] PluginManager:220 - loadIPPluginJar : add ddr_ctrl_phy
2025-10-17 15:03:23,984 [INFO] IPUIPlugin:80 - create IPUIPlugin
2025-10-17 15:03:23,984 [INFO] PluginManager:220 - loadIPPluginJar : add comp
2025-10-17 15:03:23,985 [INFO] IPUIPlugin:80 - create IPUIPlugin
2025-10-17 15:03:23,986 [INFO] PluginManager:220 - loadIPPluginJar : add tracer_emb
2025-10-17 15:03:23,987 [INFO] IPUIPlugin:80 - create IPUIPlugin
2025-10-17 15:03:23,988 [INFO] PluginManager:220 - loadIPPluginJar : add openamp
2025-10-17 15:03:23,990 [INFO] IPUIPlugin:80 - create IPUIPlugin
2025-10-17 15:03:23,990 [INFO] PluginManager:220 - loadIPPluginJar : add stm32_wpan
2025-10-17 15:03:23,993 [INFO] IPUIPlugin:80 - create IPUIPlugin
2025-10-17 15:03:23,995 [INFO] PluginManager:220 - loadIPPluginJar : add plateformsettings
2025-10-17 15:03:23,997 [INFO] IPUIPlugin:80 - create IPUIPlugin
2025-10-17 15:03:23,997 [INFO] PluginManager:220 - loadIPPluginJar : add ipddr
2025-10-17 15:03:23,998 [INFO] IPUIPlugin:80 - create IPUIPlugin
2025-10-17 15:03:23,998 [INFO] PluginManager:220 - loadIPPluginJar : add usart
2025-10-17 15:03:23,999 [INFO] IPUIPlugin:80 - create IPUIPlugin
2025-10-17 15:03:23,999 [INFO] PluginManager:220 - loadIPPluginJar : add ltdc
2025-10-17 15:03:24,000 [INFO] IPUIPlugin:80 - create IPUIPlugin
2025-10-17 15:03:24,000 [INFO] PluginManager:220 - loadIPPluginJar : add nvic
2025-10-17 15:03:24,001 [INFO] IPUIPlugin:80 - create IPUIPlugin
2025-10-17 15:03:24,001 [INFO] PluginManager:220 - loadIPPluginJar : add fatfs
2025-10-17 15:03:24,005 [INFO] IPUIPlugin:80 - create IPUIPlugin
2025-10-17 15:03:24,005 [INFO] PluginManager:220 - loadIPPluginJar : add linkedlist
2025-10-17 15:03:24,009 [INFO] IPUIPlugin:80 - create IPUIPlugin
2025-10-17 15:03:24,009 [INFO] PluginManager:220 - loadIPPluginJar : add dma
2025-10-17 15:03:24,011 [INFO] IPUIPlugin:80 - create IPUIPlugin
2025-10-17 15:03:24,011 [INFO] PluginManager:220 - loadIPPluginJar : add fmc
2025-10-17 15:03:24,012 [INFO] IPUIPlugin:80 - create IPUIPlugin
2025-10-17 15:03:24,012 [INFO] PluginManager:220 - loadIPPluginJar : add i2s
2025-10-17 15:03:24,014 [INFO] IPUIPlugin:80 - create IPUIPlugin
2025-10-17 15:03:24,014 [INFO] PluginManager:220 - loadIPPluginJar : add ucpd
2025-10-17 15:03:24,015 [INFO] IPUIPlugin:80 - create IPUIPlugin
2025-10-17 15:03:24,015 [INFO] PluginManager:220 - loadIPPluginJar : add lorawan
2025-10-17 15:03:24,018 [INFO] IPUIPlugin:80 - create IPUIPlugin
2025-10-17 15:03:24,018 [INFO] PluginManager:220 - loadIPPluginJar : add opamp
2025-10-17 15:03:24,021 [INFO] IPUIPlugin:80 - create IPUIPlugin
2025-10-17 15:03:24,021 [INFO] PluginManager:220 - loadIPPluginJar : add i3c
2025-10-17 15:03:24,022 [INFO] IPUIPlugin:80 - create IPUIPlugin
2025-10-17 15:03:24,023 [INFO] PluginManager:220 - loadIPPluginJar : add touchsensing
2025-10-17 15:03:24,026 [INFO] IPUIPlugin:80 - create IPUIPlugin
2025-10-17 15:03:24,026 [INFO] PluginManager:220 - loadIPPluginJar : add i2c
2025-10-17 15:03:24,028 [INFO] IPUIPlugin:80 - create IPUIPlugin
2025-10-17 15:03:24,028 [INFO] PluginManager:220 - loadIPPluginJar : add resmgrutility
2025-10-17 15:03:24,030 [INFO] IPUIPlugin:80 - create IPUIPlugin
2025-10-17 15:03:24,030 [INFO] PluginManager:220 - loadIPPluginJar : add sai
2025-10-17 15:03:24,031 [INFO] IPUIPlugin:80 - create IPUIPlugin
2025-10-17 15:03:24,031 [INFO] PluginManager:220 - loadIPPluginJar : add usbx
2025-10-17 15:03:24,145 [FATAL] Updater:351 - Updater called before beeing initialized
2025-10-17 15:03:24,191 [INFO] RulesReader:64 - Compatibility file has been processed (317 Rules)
2025-10-17 15:03:24,203 [INFO] RulesReader:64 - Compatibility file has been processed (317 Rules)
2025-10-17 15:03:24,210 [INFO] CADModel:165 - CPN selected for project level
2025-10-17 15:03:24,210 [INFO] CADModel:114 - Register for checkConnection events
2025-10-17 15:03:24,211 [FATAL] Updater:351 - Updater called before beeing initialized
2025-10-17 15:03:24,211 [ERROR] CADModel:125 - Updater not yet initialized, retry later 
2025-10-17 15:03:24,432 [FATAL] Updater:351 - Updater called before beeing initialized
2025-10-17 15:03:24,433 [INFO] CADModel:165 - CPN selected for project level
2025-10-17 15:03:24,433 [INFO] CADModel:114 - Register for checkConnection events
2025-10-17 15:03:24,433 [FATAL] Updater:351 - Updater called before beeing initialized
2025-10-17 15:03:24,433 [ERROR] CADModel:125 - Updater not yet initialized, retry later 
2025-10-17 15:03:24,435 [FATAL] Updater:351 - Updater called before beeing initialized
2025-10-17 15:03:24,567 [FATAL] Updater:351 - Updater called before beeing initialized
2025-10-17 15:03:24,572 [INFO] DbMcusAds:53 - JSON generation date=Tue Jul 08 01:14:23 PDT 2025 (1751962463524)
2025-10-17 15:03:24,572 [FATAL] Updater:351 - Updater called before beeing initialized
2025-10-17 15:03:24,623 [WARN] DetailPanel:346 - Failed to get advertising image, set to default
2025-10-17 15:03:24,692 [FATAL] Updater:351 - Updater called before beeing initialized
2025-10-17 15:03:24,695 [FATAL] Updater:351 - Updater called before beeing initialized
2025-10-17 15:03:24,695 [FATAL] Updater:351 - Updater called before beeing initialized
2025-10-17 15:03:24,695 [WARN] DetailPanel:346 - Failed to get advertising image, set to default
2025-10-17 15:03:24,699 [FATAL] Updater:351 - Updater called before beeing initialized
2025-10-17 15:03:24,749 [ERROR] Updater:1198 - MainUpdater not yet initialized. External WinMGr cannot be set.
2025-10-17 15:03:24,752 [INFO] Updater:1134 - Updater Version found : 6.15.0
2025-10-17 15:03:24,766 [INFO] ApplicationProperties:184 - Using Application install path: /Applications/STM32CubeIDE.app/Contents/Eclipse/plugins/com.st.stm32cube.common.mx_6.15.0.202507011659
2025-10-17 15:03:25,051 [INFO] MainUpdater:2872 - connection check result : 10
2025-10-17 15:03:25,051 [INFO] MainUpdater:3604 - Updater definition file requires update
2025-10-17 15:03:25,052 [INFO] MainUpdater:289 - Updater Check For Update Now.
2025-10-17 15:03:25,052 [INFO] MicroXplorer:498 - Change Database Version : DB.6.0.150
2025-10-17 15:03:25,059 [INFO] McuFinderGlobals:63 - Set McuFinder mode to 2 (CubeIDE integrated)
2025-10-17 15:03:25,059 [INFO] UserAuth:171 - activating auth plugin
2025-10-17 15:03:25,067 [INFO] UserAuth:487 - Internet connection configuration mode: 1
2025-10-17 15:03:25,081 [INFO] JxBrowserEngine:152 - Initiate JxBrowser Engine with user profile folder
2025-10-17 15:03:25,081 [INFO] ServerAccessManage:452 - Complete download http(s) 200
2025-10-17 15:03:25,083 [INFO] ServerAccessManage:509 - Download File updaters.zip
2025-10-17 15:03:25,543 [INFO] FileExtend:248 - Unzip File : updaters.zip
2025-10-17 15:03:25,551 [INFO] FileExtend:263 - Standard Zip Deflate
2025-10-17 15:05:40,630 [INFO] Activator:176 - 


2025-10-17 15:05:40,632 [INFO] Activator:177 - !SESSION log4j initialized
2025-10-17 15:05:46,435 [INFO] LogOutputStream:77 - [STDOUT_REDIRECT] 
2025-10-17 15:05:46,762 [ERROR] LogOutputStream:75 - [STDERR_REDIRECT] 
2025-10-17 15:05:49,329 [INFO] LogOutputStream:77 - [STDOUT_REDIRECT] 
2025-10-17 15:05:50,701 [INFO] ApplicationProperties:184 - Using Application install path: /Applications/STM32CubeIDE.app/Contents/Eclipse/plugins/com.st.stm32cube.common.mx_6.15.0.202507011659
2025-10-17 15:05:50,718 [INFO] DbMcusXml:78 - Set database path to: /Applications/STM32CubeIDE.app/Contents/Eclipse/plugins/com.st.stm32cube.common.mx_6.15.0.202507011659//db//mcu/
2025-10-17 15:05:50,718 [INFO] ApiDb:274 - Set plugin database path to: /Applications/STM32CubeIDE.app/Contents/Eclipse/plugins/com.st.stm32cube.common.mx_6.15.0.202507011659//db//plugins/boardmanager/
2025-10-17 15:05:50,719 [WARN] ApiDb:259 - Overriding images path with different value:  => /Applications/STM32CubeIDE.app/Contents/Eclipse/plugins/com.st.stm32cube.common.mx_6.15.0.202507011659//db//plugins/mcufinder/images/
2025-10-17 15:05:50,724 [INFO] ApiDb:250 - Set database path to: /Users/sheen/.stmcufinder/plugins/mcufinder//mcu/
2025-10-17 15:05:50,725 [INFO] DbMcusAds:125 - Set database path to: /Users/sheen/.stmcufinder/plugins/mcufinder//mcu/
2025-10-17 15:05:50,726 [INFO] CrossReferenceDbSqlite:203 - Set database path to: /Users/sheen/.stmcufinder/plugins/mcufinder//mcu/cs/
2025-10-17 15:05:50,857 [INFO] RulesReader:64 - Compatibility file has been processed (317 Rules)
2025-10-17 15:05:50,906 [INFO] DbMcusXml:78 - Set database path to: /Applications/STM32CubeIDE.app/Contents/Eclipse/plugins/com.st.stm32cube.common.mx_6.15.0.202507011659//db//mcu/
2025-10-17 15:05:50,907 [INFO] ApiDb:274 - Set plugin database path to: /Applications/STM32CubeIDE.app/Contents/Eclipse/plugins/com.st.stm32cube.common.mx_6.15.0.202507011659//db//plugins/boardmanager/
2025-10-17 15:05:50,907 [INFO] ApiDb:261 - Set plugin images path to: /Applications/STM32CubeIDE.app/Contents/Eclipse/plugins/com.st.stm32cube.common.mx_6.15.0.202507011659//db//plugins/mcufinder/images/
2025-10-17 15:05:50,907 [WARN] DbFile:41 - Overriding database path with different value: /Users/sheen/.stmcufinder/plugins/mcufinder/ => /Users/sheen/.stmcufinder/plugins/mcufinder
2025-10-17 15:05:50,907 [INFO] ApiDb:250 - Set database path to: /Users/sheen/.stmcufinder/plugins/mcufinder//mcu/
2025-10-17 15:05:50,907 [WARN] DbFile:41 - Overriding database path with different value: /Users/sheen/.stmcufinder/plugins/mcufinder/ => /Users/sheen/.stmcufinder/plugins/mcufinder
2025-10-17 15:05:50,907 [INFO] DbMcusAds:125 - Set database path to: /Users/sheen/.stmcufinder/plugins/mcufinder//mcu/
2025-10-17 15:05:50,907 [WARN] DbFile:41 - Overriding database path with different value: /Users/sheen/.stmcufinder/plugins/mcufinder/ => /Users/sheen/.stmcufinder/plugins/mcufinder
2025-10-17 15:05:50,907 [WARN] DbFile:41 - Overriding database path with different value: /Users/sheen/.stmcufinder/plugins/mcufinder/ => /Users/sheen/.stmcufinder/plugins/mcufinder
2025-10-17 15:05:50,907 [INFO] CrossReferenceDbSqlite:203 - Set database path to: /Users/sheen/.stmcufinder/plugins/mcufinder//mcu/cs/
2025-10-17 15:05:50,966 [INFO] MainPanel:274 - HeapMemory: 268435456
2025-10-17 15:05:51,389 [INFO] DbMcusXml:78 - Set database path to: /Applications/STM32CubeIDE.app/Contents/Eclipse/plugins/com.st.stm32cube.common.mx_6.15.0.202507011659//db//mcu/
2025-10-17 15:05:51,389 [INFO] ApiDb:274 - Set plugin database path to: /Applications/STM32CubeIDE.app/Contents/Eclipse/plugins/com.st.stm32cube.common.mx_6.15.0.202507011659//db//plugins/boardmanager/
2025-10-17 15:05:51,389 [INFO] ApiDb:261 - Set plugin images path to: /Applications/STM32CubeIDE.app/Contents/Eclipse/plugins/com.st.stm32cube.common.mx_6.15.0.202507011659//db//plugins/mcufinder/images/
2025-10-17 15:05:51,389 [WARN] DbFile:41 - Overriding database path with different value: /Users/sheen/.stmcufinder/plugins/mcufinder/ => /Users/sheen/.stmcufinder/plugins/mcufinder
2025-10-17 15:05:51,389 [INFO] ApiDb:250 - Set database path to: /Users/sheen/.stmcufinder/plugins/mcufinder//mcu/
2025-10-17 15:05:51,389 [WARN] DbFile:41 - Overriding database path with different value: /Users/sheen/.stmcufinder/plugins/mcufinder/ => /Users/sheen/.stmcufinder/plugins/mcufinder
2025-10-17 15:05:51,389 [INFO] DbMcusAds:125 - Set database path to: /Users/sheen/.stmcufinder/plugins/mcufinder//mcu/
2025-10-17 15:05:51,390 [WARN] DbFile:41 - Overriding database path with different value: /Users/sheen/.stmcufinder/plugins/mcufinder/ => /Users/sheen/.stmcufinder/plugins/mcufinder
2025-10-17 15:05:51,390 [WARN] DbFile:41 - Overriding database path with different value: /Users/sheen/.stmcufinder/plugins/mcufinder/ => /Users/sheen/.stmcufinder/plugins/mcufinder
2025-10-17 15:05:51,390 [INFO] CrossReferenceDbSqlite:203 - Set database path to: /Users/sheen/.stmcufinder/plugins/mcufinder//mcu/cs/
2025-10-17 15:05:51,407 [INFO] ApplicationProperties:184 - Using Application install path: /Applications/STM32CubeIDE.app/Contents/Eclipse/plugins/com.st.stm32cube.common.mx_6.15.0.202507011659
2025-10-17 15:05:51,408 [INFO] PluginManage:196 - Search for loadable plugins [exclusion list=, ]
2025-10-17 15:05:51,409 [INFO] PluginManage:310 - Check plugin analytics
2025-10-17 15:05:51,623 [INFO] AnalyticsPlugin:253 - Accepted Software Licenses: STM32CubeMX.6.15.0
2025-10-17 15:05:51,623 [INFO] AnalyticsPlugin:255 - Accepted CMSIS Pack Licenses: 
2025-10-17 15:05:51,623 [INFO] AnalyticsPlugin:257 - Accepted Firmware Licenses: FW.F4.1.28.0
2025-10-17 15:05:51,639 [INFO] PluginManage:359 - Loaded plugin analytics (category:tool,tabindex:-1)
2025-10-17 15:05:51,641 [INFO] PluginManage:310 - Check plugin cadmodel
2025-10-17 15:05:51,652 [INFO] CADModel:105 - Init CAD model plugin
2025-10-17 15:05:51,652 [INFO] PluginManage:359 - Loaded plugin cadmodel (category:power,tabindex:5)
2025-10-17 15:05:51,653 [INFO] PluginManage:310 - Check plugin clock
2025-10-17 15:05:51,662 [INFO] PluginManage:359 - Loaded plugin clock (category:base,tabindex:2)
2025-10-17 15:05:51,662 [INFO] PluginManage:310 - Check plugin ddr
2025-10-17 15:05:51,664 [INFO] PluginManage:359 - Loaded plugin ddr (category:tool,tabindex:6)
2025-10-17 15:05:51,665 [INFO] PluginManage:310 - Check plugin filemanager
2025-10-17 15:05:51,813 [INFO] PluginManage:359 - Loaded plugin filemanager (category:base,tabindex:10)
2025-10-17 15:05:51,813 [INFO] PluginManage:310 - Check plugin ipmanager
2025-10-17 15:05:51,820 [INFO] PluginManage:359 - Loaded plugin ipmanager (category:base,tabindex:5)
2025-10-17 15:05:51,820 [INFO] PluginManage:310 - Check plugin lpbam
2025-10-17 15:05:51,830 [INFO] PluginManage:359 - Loaded plugin lpbam (category:base,tabindex:0)
2025-10-17 15:05:51,830 [INFO] PluginManage:310 - Check plugin memorymap
2025-10-17 15:05:51,839 [INFO] PluginManage:359 - Loaded plugin memorymap (category:base,tabindex:4)
2025-10-17 15:05:51,839 [INFO] PluginManage:310 - Check plugin pinoutandconfiguration
2025-10-17 15:05:51,844 [INFO] PluginManage:359 - Loaded plugin pinoutandconfiguration (category:base,tabindex:1)
2025-10-17 15:05:51,844 [INFO] PluginManage:310 - Check plugin pinoutconfig
2025-10-17 15:05:51,924 [WARN] SupportedApi:132 - Cannot load RTOS API schema: s4s-elt-must-match.1: The content of 'definitions' must match (annotation?, (simpleType | complexType)?, (unique | key | keyref)*)). A problem was found starting at: attribute.
2025-10-17 15:05:52,045 [INFO] PluginManage:359 - Loaded plugin pinoutconfig (category:base,tabindex:0)
2025-10-17 15:05:52,045 [INFO] PluginManage:310 - Check plugin power
2025-10-17 15:05:52,055 [INFO] PluginManage:359 - Loaded plugin power (category:power,tabindex:4)
2025-10-17 15:05:52,055 [INFO] PluginManage:310 - Check plugin projectmanager
2025-10-17 15:05:52,081 [INFO] PluginManage:359 - Loaded plugin projectmanager (category:projectmanager,tabindex:4)
2025-10-17 15:05:52,082 [INFO] PluginManage:310 - Check plugin rif
2025-10-17 15:05:52,089 [INFO] PluginManage:359 - Loaded plugin rif (category:base,tabindex:3)
2025-10-17 15:05:52,090 [INFO] PluginManage:310 - Check plugin thirdparty
2025-10-17 15:05:52,221 [INFO] PluginManage:359 - Loaded plugin thirdparty (category:base,tabindex:-1)
2025-10-17 15:05:52,221 [INFO] PluginManage:310 - Check plugin tools
2025-10-17 15:05:52,221 [WARN] IntegrityCheckThread:84 - waiting for thirdparty lock release [integrity check]
2025-10-17 15:05:52,221 [INFO] IntegrityCheckThread:86 - entering critical section [integrity check]
2025-10-17 15:05:52,222 [INFO] ThirdPartyUpdaterWithRetryManager:70 - Updater plugin not ready yet. [1/15]
2025-10-17 15:05:52,224 [INFO] PluginManage:359 - Loaded plugin tools (category:base,tabindex:7)
2025-10-17 15:05:52,224 [INFO] PluginManage:310 - Check plugin tutovideos
2025-10-17 15:05:52,387 [INFO] PluginManage:359 - Loaded plugin tutovideos (category:base,tabindex:-1)
2025-10-17 15:05:52,387 [INFO] PluginManage:310 - Check plugin updater
2025-10-17 15:05:52,416 [INFO] PluginManage:359 - Loaded plugin updater (category:base,tabindex:12)
2025-10-17 15:05:52,416 [INFO] PluginManage:310 - Check plugin userauth
2025-10-17 15:05:52,420 [INFO] UserAuth:118 - Init User Auth plugin
2025-10-17 15:05:52,421 [INFO] PluginManage:359 - Loaded plugin userauth (category:base,tabindex:14)
2025-10-17 15:05:52,422 [INFO] PluginManage:283 - PluginManage : Loaded plugins [18]
2025-10-17 15:05:52,631 [INFO] PinOutPanel:1589 - setPackage(No Configuration,No Configuration)
2025-10-17 15:05:52,704 [INFO] CADModel:165 - CPN selected for project level
2025-10-17 15:05:52,704 [INFO] CADModel:114 - Register for checkConnection events
2025-10-17 15:05:52,713 [INFO] IPUIPlugin:80 - create IPUIPlugin
2025-10-17 15:05:52,713 [INFO] PluginManager:220 - loadIPPluginJar : add mdma
2025-10-17 15:05:52,718 [INFO] IPUIPlugin:80 - create IPUIPlugin
2025-10-17 15:05:52,718 [INFO] PluginManager:220 - loadIPPluginJar : add freertos
2025-10-17 15:05:52,722 [INFO] IPUIPlugin:80 - create IPUIPlugin
2025-10-17 15:05:52,722 [INFO] PluginManager:220 - loadIPPluginJar : add gic
2025-10-17 15:05:52,728 [INFO] IPUIPlugin:80 - create IPUIPlugin
2025-10-17 15:05:52,728 [INFO] PluginManager:220 - loadIPPluginJar : add adc
2025-10-17 15:05:52,730 [INFO] IPUIPlugin:80 - create IPUIPlugin
2025-10-17 15:05:52,730 [INFO] PluginManager:220 - loadIPPluginJar : add gtzc
2025-10-17 15:05:52,730 [INFO] IPUIPlugin:80 - create IPUIPlugin
2025-10-17 15:05:52,731 [INFO] PluginManager:220 - loadIPPluginJar : add quadspi
2025-10-17 15:05:52,732 [INFO] IPUIPlugin:80 - create IPUIPlugin
2025-10-17 15:05:52,732 [INFO] PluginManager:220 - loadIPPluginJar : add aes
2025-10-17 15:05:52,733 [INFO] IPUIPlugin:80 - create IPUIPlugin
2025-10-17 15:05:52,733 [INFO] PluginManager:220 - loadIPPluginJar : add pdm2pcm
2025-10-17 15:05:52,734 [INFO] IPUIPlugin:80 - create IPUIPlugin
2025-10-17 15:05:52,734 [INFO] PluginManager:220 - loadIPPluginJar : add hash
2025-10-17 15:05:52,736 [INFO] IPUIPlugin:80 - create IPUIPlugin
2025-10-17 15:05:52,736 [INFO] PluginManager:220 - loadIPPluginJar : add tim
2025-10-17 15:05:52,736 [INFO] IPUIPlugin:80 - create IPUIPlugin
2025-10-17 15:05:52,736 [INFO] PluginManager:220 - loadIPPluginJar : add tsc
2025-10-17 15:05:52,738 [INFO] IPUIPlugin:80 - create IPUIPlugin
2025-10-17 15:05:52,738 [INFO] PluginManager:220 - loadIPPluginJar : add extmemmanager
2025-10-17 15:05:52,739 [INFO] IPUIPlugin:80 - create IPUIPlugin
2025-10-17 15:05:52,739 [INFO] PluginManager:220 - loadIPPluginJar : add ts
2025-10-17 15:05:52,740 [INFO] IPUIPlugin:80 - create IPUIPlugin
2025-10-17 15:05:52,740 [INFO] PluginManager:220 - loadIPPluginJar : add radio
2025-10-17 15:05:52,741 [INFO] IPUIPlugin:80 - create IPUIPlugin
2025-10-17 15:05:52,742 [INFO] PluginManager:220 - loadIPPluginJar : add can
2025-10-17 15:05:52,743 [INFO] IPUIPlugin:80 - create IPUIPlugin
2025-10-17 15:05:52,743 [INFO] PluginManager:220 - loadIPPluginJar : add dma3
2025-10-17 15:05:52,745 [INFO] IPUIPlugin:80 - create IPUIPlugin
2025-10-17 15:05:52,745 [INFO] PluginManager:220 - loadIPPluginJar : add dfsdm
2025-10-17 15:05:52,745 [INFO] IPUIPlugin:80 - create IPUIPlugin
2025-10-17 15:05:52,745 [INFO] PluginManager:220 - loadIPPluginJar : add spi
2025-10-17 15:05:52,747 [INFO] IPUIPlugin:80 - create IPUIPlugin
2025-10-17 15:05:52,747 [INFO] PluginManager:220 - loadIPPluginJar : add gfxmmu
2025-10-17 15:05:52,748 [INFO] IPUIPlugin:80 - create IPUIPlugin
2025-10-17 15:05:52,748 [INFO] PluginManager:220 - loadIPPluginJar : add genericplugin
2025-10-17 15:05:52,749 [INFO] IPUIPlugin:80 - create IPUIPlugin
2025-10-17 15:05:52,749 [INFO] PluginManager:220 - loadIPPluginJar : add cryp
2025-10-17 15:05:52,751 [INFO] IPUIPlugin:80 - create IPUIPlugin
2025-10-17 15:05:52,751 [INFO] PluginManager:220 - loadIPPluginJar : add gpio
2025-10-17 15:05:52,753 [INFO] IPUIPlugin:80 - create IPUIPlugin
2025-10-17 15:05:52,754 [INFO] PluginManager:220 - loadIPPluginJar : add ddr_ctrl_phy
2025-10-17 15:05:52,754 [INFO] IPUIPlugin:80 - create IPUIPlugin
2025-10-17 15:05:52,755 [INFO] PluginManager:220 - loadIPPluginJar : add comp
2025-10-17 15:05:52,756 [INFO] IPUIPlugin:80 - create IPUIPlugin
2025-10-17 15:05:52,757 [INFO] PluginManager:220 - loadIPPluginJar : add tracer_emb
2025-10-17 15:05:52,758 [INFO] IPUIPlugin:80 - create IPUIPlugin
2025-10-17 15:05:52,758 [INFO] PluginManager:220 - loadIPPluginJar : add openamp
2025-10-17 15:05:52,761 [INFO] IPUIPlugin:80 - create IPUIPlugin
2025-10-17 15:05:52,761 [INFO] PluginManager:220 - loadIPPluginJar : add stm32_wpan
2025-10-17 15:05:52,765 [INFO] IPUIPlugin:80 - create IPUIPlugin
2025-10-17 15:05:52,767 [INFO] PluginManager:220 - loadIPPluginJar : add plateformsettings
2025-10-17 15:05:52,768 [INFO] IPUIPlugin:80 - create IPUIPlugin
2025-10-17 15:05:52,768 [INFO] PluginManager:220 - loadIPPluginJar : add ipddr
2025-10-17 15:05:52,770 [INFO] IPUIPlugin:80 - create IPUIPlugin
2025-10-17 15:05:52,770 [INFO] PluginManager:220 - loadIPPluginJar : add usart
2025-10-17 15:05:52,770 [INFO] IPUIPlugin:80 - create IPUIPlugin
2025-10-17 15:05:52,771 [INFO] PluginManager:220 - loadIPPluginJar : add ltdc
2025-10-17 15:05:52,772 [INFO] IPUIPlugin:80 - create IPUIPlugin
2025-10-17 15:05:52,772 [INFO] PluginManager:220 - loadIPPluginJar : add nvic
2025-10-17 15:05:52,773 [INFO] IPUIPlugin:80 - create IPUIPlugin
2025-10-17 15:05:52,773 [INFO] PluginManager:220 - loadIPPluginJar : add fatfs
2025-10-17 15:05:52,777 [INFO] IPUIPlugin:80 - create IPUIPlugin
2025-10-17 15:05:52,777 [INFO] PluginManager:220 - loadIPPluginJar : add linkedlist
2025-10-17 15:05:52,780 [INFO] IPUIPlugin:80 - create IPUIPlugin
2025-10-17 15:05:52,780 [INFO] PluginManager:220 - loadIPPluginJar : add dma
2025-10-17 15:05:52,782 [INFO] IPUIPlugin:80 - create IPUIPlugin
2025-10-17 15:05:52,782 [INFO] PluginManager:220 - loadIPPluginJar : add fmc
2025-10-17 15:05:52,783 [INFO] IPUIPlugin:80 - create IPUIPlugin
2025-10-17 15:05:52,783 [INFO] PluginManager:220 - loadIPPluginJar : add i2s
2025-10-17 15:05:52,784 [INFO] IPUIPlugin:80 - create IPUIPlugin
2025-10-17 15:05:52,785 [INFO] PluginManager:220 - loadIPPluginJar : add ucpd
2025-10-17 15:05:52,786 [INFO] IPUIPlugin:80 - create IPUIPlugin
2025-10-17 15:05:52,786 [INFO] PluginManager:220 - loadIPPluginJar : add lorawan
2025-10-17 15:05:52,789 [INFO] IPUIPlugin:80 - create IPUIPlugin
2025-10-17 15:05:52,789 [INFO] PluginManager:220 - loadIPPluginJar : add opamp
2025-10-17 15:05:52,792 [INFO] IPUIPlugin:80 - create IPUIPlugin
2025-10-17 15:05:52,792 [INFO] PluginManager:220 - loadIPPluginJar : add i3c
2025-10-17 15:05:52,793 [INFO] IPUIPlugin:80 - create IPUIPlugin
2025-10-17 15:05:52,793 [INFO] PluginManager:220 - loadIPPluginJar : add touchsensing
2025-10-17 15:05:52,795 [INFO] IPUIPlugin:80 - create IPUIPlugin
2025-10-17 15:05:52,795 [INFO] PluginManager:220 - loadIPPluginJar : add i2c
2025-10-17 15:05:52,798 [INFO] IPUIPlugin:80 - create IPUIPlugin
2025-10-17 15:05:52,798 [INFO] PluginManager:220 - loadIPPluginJar : add resmgrutility
2025-10-17 15:05:52,800 [INFO] IPUIPlugin:80 - create IPUIPlugin
2025-10-17 15:05:52,800 [INFO] PluginManager:220 - loadIPPluginJar : add sai
2025-10-17 15:05:52,801 [INFO] IPUIPlugin:80 - create IPUIPlugin
2025-10-17 15:05:52,801 [INFO] PluginManager:220 - loadIPPluginJar : add usbx
2025-10-17 15:05:52,919 [FATAL] Updater:351 - Updater called before beeing initialized
2025-10-17 15:05:52,960 [INFO] RulesReader:64 - Compatibility file has been processed (317 Rules)
2025-10-17 15:05:52,971 [INFO] RulesReader:64 - Compatibility file has been processed (317 Rules)
2025-10-17 15:05:52,978 [INFO] CADModel:165 - CPN selected for project level
2025-10-17 15:05:52,979 [INFO] CADModel:114 - Register for checkConnection events
2025-10-17 15:05:52,979 [FATAL] Updater:351 - Updater called before beeing initialized
2025-10-17 15:05:52,980 [ERROR] CADModel:125 - Updater not yet initialized, retry later 
2025-10-17 15:05:53,169 [FATAL] Updater:351 - Updater called before beeing initialized
2025-10-17 15:05:53,170 [INFO] CADModel:165 - CPN selected for project level
2025-10-17 15:05:53,170 [INFO] CADModel:114 - Register for checkConnection events
2025-10-17 15:05:53,171 [FATAL] Updater:351 - Updater called before beeing initialized
2025-10-17 15:05:53,171 [ERROR] CADModel:125 - Updater not yet initialized, retry later 
2025-10-17 15:05:53,173 [FATAL] Updater:351 - Updater called before beeing initialized
2025-10-17 15:05:53,318 [FATAL] Updater:351 - Updater called before beeing initialized
2025-10-17 15:05:53,322 [INFO] DbMcusAds:53 - JSON generation date=Tue Jul 08 01:14:23 PDT 2025 (1751962463524)
2025-10-17 15:05:53,322 [FATAL] Updater:351 - Updater called before beeing initialized
2025-10-17 15:05:53,371 [WARN] DetailPanel:346 - Failed to get advertising image, set to default
2025-10-17 15:05:53,435 [FATAL] Updater:351 - Updater called before beeing initialized
2025-10-17 15:05:53,438 [FATAL] Updater:351 - Updater called before beeing initialized
2025-10-17 15:05:53,438 [FATAL] Updater:351 - Updater called before beeing initialized
2025-10-17 15:05:53,438 [WARN] DetailPanel:346 - Failed to get advertising image, set to default
2025-10-17 15:05:53,441 [FATAL] Updater:351 - Updater called before beeing initialized
2025-10-17 15:05:53,499 [ERROR] Updater:1198 - MainUpdater not yet initialized. External WinMGr cannot be set.
2025-10-17 15:05:53,502 [INFO] Updater:1134 - Updater Version found : 6.15.0
2025-10-17 15:05:53,539 [INFO] ApplicationProperties:184 - Using Application install path: /Applications/STM32CubeIDE.app/Contents/Eclipse/plugins/com.st.stm32cube.common.mx_6.15.0.202507011659
2025-10-17 15:05:53,824 [INFO] MainUpdater:2872 - connection check result : 10
2025-10-17 15:05:53,824 [INFO] MainUpdater:3604 - Updater definition file requires update
2025-10-17 15:05:53,825 [INFO] MainUpdater:289 - Updater Check For Update Now.
2025-10-17 15:05:53,825 [INFO] MicroXplorer:498 - Change Database Version : DB.6.0.150
2025-10-17 15:05:53,832 [INFO] McuFinderGlobals:63 - Set McuFinder mode to 2 (CubeIDE integrated)
2025-10-17 15:05:53,832 [INFO] UserAuth:171 - activating auth plugin
2025-10-17 15:05:53,839 [INFO] UserAuth:487 - Internet connection configuration mode: 1
2025-10-17 15:05:53,852 [INFO] JxBrowserEngine:152 - Initiate JxBrowser Engine with user profile folder
2025-10-17 15:05:53,880 [INFO] ServerAccessManage:452 - Complete download http(s) 200
2025-10-17 15:05:53,881 [INFO] ServerAccessManage:509 - Download File updaters.zip
2025-10-17 15:05:54,336 [INFO] FileExtend:248 - Unzip File : updaters.zip
2025-10-17 15:05:54,342 [INFO] FileExtend:263 - Standard Zip Deflate
2025-10-17 15:05:54,599 [INFO] ServerAccessManage:452 - Complete download http(s) 200
2025-10-17 15:05:54,602 [INFO] ServerAccessManage:509 - Download File PacksControlFlags.xml
2025-10-17 15:05:54,746 [INFO] ServerAccessManage:452 - Complete download http(s) 200
2025-10-17 15:05:54,746 [INFO] ServerAccessManage:509 - Download File cubemx.pidx
2025-10-17 15:05:55,228 [WARN] MainUpdater:1193 - Updater busy. Cannot search thirdparties
2025-10-17 15:05:55,229 [INFO] ThirdPartyUpdaterWithRetryManager:96 - Updater plugin is busy. [1/15]
2025-10-17 15:05:55,708 [INFO] ServerAccessManage:452 - Complete download http(s) 200
2025-10-17 15:05:55,708 [INFO] ServerAccessManage:509 - Download File STMicroelectronics.X-CUBE-ST60.pdsc
2025-10-17 15:05:56,466 [WARN] PackLoader:240 - Cannot read IP mode file for STMicroelectronics.X-CUBE-ST60.1.1.0
2025-10-17 15:05:56,516 [INFO] PopulateThirdPartyThread:66 - Ending populate Thread
2025-10-17 15:05:56,524 [INFO] ThirdParty:1030 - CMSIS Pack Vendor :STMicroelectronics X-CUBE-ST60 1.1.0
2025-10-17 15:05:56,525 [INFO] LoadServerUpdatesThread:375 - End of LoadServerUpdate Thread
2025-10-17 15:05:56,647 [INFO] CheckServerUpdateThread:120 - End of CheckServer Thread
2025-10-17 15:05:58,428 [WARN] PackLoader:240 - Cannot read IP mode file for STMicroelectronics.FP-SNS-MOTENVWB1.1.4.0
2025-10-17 15:05:58,443 [WARN] PackLoader:240 - Cannot read IP mode file for STMicroelectronics.FP-ATR-ASTRA1.2.0.2
2025-10-17 15:05:58,458 [WARN] PackLoader:240 - Cannot read IP mode file for STMicroelectronics.X-CUBE-SMBUS.2.1.0
2025-10-17 15:05:58,467 [WARN] PackLoader:240 - Cannot read IP mode file for STMicroelectronics.X-CUBE-ST60.1.0.0
2025-10-17 15:05:58,515 [WARN] PackLoader:240 - Cannot read IP mode file for STMicroelectronics.X-CUBE-AZRTOS-F7.1.1.0
2025-10-17 15:05:58,540 [WARN] PackLoader:240 - Cannot read IP mode file for Cesanta.I-CUBE-Mongoose.7.19.0
2025-10-17 15:05:58,571 [WARN] PackLoader:240 - Cannot read IP mode file for WES.I-CUBE-Cesium.1.4.0
2025-10-17 15:05:58,640 [WARN] PackLoader:240 - Cannot read IP mode file for Infineon.AIROC-Wi-Fi-Bluetooth-STM32.1.7.1
2025-10-17 15:05:58,736 [WARN] PackLoader:240 - Cannot read IP mode file for STMicroelectronics.X-CUBE-AZRTOS-H7.3.4.0
2025-10-17 15:05:58,804 [WARN] PackLoader:240 - Cannot read IP mode file for STMicroelectronics.X-CUBE-DISPLAY.3.0.0
2025-10-17 15:05:58,876 [WARN] PackLoader:240 - Cannot read IP mode file for STMicroelectronics.X-CUBE-NFC10.1.0.0
2025-10-17 15:05:58,902 [WARN] PackLoader:240 - Cannot read IP mode file for STMicroelectronics.X-CUBE-ST60.1.1.0
2025-10-17 15:05:58,940 [WARN] PackLoader:240 - Cannot read IP mode file for emotas.I-CUBE-CANOPEN.1.3.0
2025-10-17 15:05:58,975 [WARN] PackLoader:240 - Cannot read IP mode file for STMicroelectronics.FP-SNS-STBOX1.2.1.0
2025-10-17 15:05:58,999 [WARN] PackLoader:240 - Cannot read IP mode file for STMicroelectronics.FP-SNS-SMARTAG2.1.2.0
2025-10-17 15:05:59,010 [WARN] PackLoader:240 - Cannot read IP mode file for STMicroelectronics.FP-SNS-FLIGHT1.5.1.0
2025-10-17 15:05:59,028 [INFO] LogOutputStream:77 - [STDOUT_REDIRECT] 1 : Invalid condition id : UX_CORESTACK_Condition cause : null
2025-10-17 15:05:59,030 [INFO] LogOutputStream:77 - [STDOUT_REDIRECT] 1 : Invalid condition id : UX_CORESTACK_Condition cause : null
2025-10-17 15:05:59,031 [INFO] LogOutputStream:77 - [STDOUT_REDIRECT] 1 : Invalid condition id : UX_CORESTACK_Condition cause : null
2025-10-17 15:05:59,031 [INFO] LogOutputStream:77 - [STDOUT_REDIRECT] 1 : Invalid condition id : UX_CORESTACK_Condition cause : null
2025-10-17 15:05:59,031 [INFO] LogOutputStream:77 - [STDOUT_REDIRECT] 1 : Invalid condition id : UX_CORESTACK_Condition cause : null
2025-10-17 15:05:59,039 [WARN] PackLoader:240 - Cannot read IP mode file for STMicroelectronics.X-CUBE-AZRTOS-WL.2.0.0
2025-10-17 15:05:59,056 [WARN] PackLoader:240 - Cannot read IP mode file for STMicroelectronics.FP-SNS-MOTENV1.5.0.0
2025-10-17 15:05:59,071 [WARN] PackLoader:240 - Cannot read IP mode file for WES.I-CUBE-Cesium.1.3.0
2025-10-17 15:05:59,099 [WARN] PackLoader:240 - Cannot read IP mode file for STMicroelectronics.X-CUBE-BLE2.3.3.0
2025-10-17 15:05:59,118 [WARN] PackLoader:240 - Cannot read IP mode file for STMicroelectronics.X-CUBE-NFC9.1.0.0
2025-10-17 15:05:59,144 [WARN] PackLoader:240 - Cannot read IP mode file for wolfSSL.I-CUBE-wolfSSL.5.8.2
2025-10-17 15:05:59,169 [WARN] PackLoader:240 - Cannot read IP mode file for STMicroelectronics.X-CUBE-BLE1.7.1.0
2025-10-17 15:05:59,182 [WARN] PackLoader:240 - Cannot read IP mode file for wolfSSL.I-CUBE-wolfMQTT.1.19.2
2025-10-17 15:05:59,189 [WARN] PackLoader:240 - Cannot read IP mode file for STMicroelectronics.X-CUBE-EEPRMA1.5.2.0
2025-10-17 15:05:59,203 [WARN] PackLoader:240 - Cannot read IP mode file for STMicroelectronics.X-CUBE-ST67W61.1.1.0
2025-10-17 15:05:59,209 [WARN] PackLoader:240 - Cannot read IP mode file for STMicroelectronics.X-CUBE-AI.10.1.0
2025-10-17 15:05:59,233 [WARN] PackLoader:240 - Cannot read IP mode file for STMicroelectronics.X-CUBE-AZRTOS-G0.1.1.0
2025-10-17 15:05:59,249 [WARN] PackLoader:240 - Cannot read IP mode file for STMicroelectronics.X-CUBE-SAFEA1.1.2.2
2025-10-17 15:05:59,251 [INFO] WebApp:169 - Instantiating new browser for Auth
2025-10-17 15:05:59,257 [WARN] PackLoader:240 - Cannot read IP mode file for STMicroelectronics.X-CUBE-NFC4.3.0.0
2025-10-17 15:05:59,289 [WARN] PackLoader:240 - Cannot read IP mode file for EmbeddedOffice.I-CUBE-FS-RTOS.1.0.1
2025-10-17 15:05:59,306 [WARN] PackLoader:240 - Cannot read IP mode file for STMicroelectronics.X-CUBE-WB05N.2.0.0
2025-10-17 15:05:59,319 [WARN] PackLoader:240 - Cannot read IP mode file for wolfSSL.I-CUBE-wolfTPM.3.8.0
2025-10-17 15:05:59,329 [WARN] PackLoader:240 - Cannot read IP mode file for STMicroelectronics.X-CUBE-TCPP.4.2.0
2025-10-17 15:05:59,343 [WARN] PackLoader:240 - Cannot read IP mode file for RealThread.X-CUBE-RT-Thread_Nano.4.1.1
2025-10-17 15:05:59,351 [WARN] PackLoader:240 - Cannot read IP mode file for STMicroelectronics.FP-ATR-SIGFOX1.3.2.0
2025-10-17 15:05:59,362 [WARN] PackLoader:240 - Cannot read IP mode file for ITTIA_DB.I-CUBE-ITTIADB.8.9.0
2025-10-17 15:05:59,373 [WARN] PackLoader:240 - Cannot read IP mode file for STMicroelectronics.X-CUBE-ST67W61.1.0.0
2025-10-17 15:05:59,376 [WARN] PackLoader:240 - Cannot read IP mode file for STMicroelectronics.X-CUBE-AI.10.2.0
2025-10-17 15:05:59,419 [WARN] PackLoader:240 - Cannot read IP mode file for SEGGER.I-CUBE-embOS.1.3.1
2025-10-17 15:05:59,470 [WARN] PackLoader:240 - Cannot read IP mode file for STMicroelectronics.X-CUBE-ALGOBUILD.1.4.0
2025-10-17 15:05:59,570 [WARN] PackLoader:240 - Cannot read IP mode file for STMicroelectronics.X-CUBE-MEMS1.11.3.0
2025-10-17 15:05:59,674 [WARN] PackLoader:240 - Cannot read IP mode file for STMicroelectronics.X-CUBE-PM33A1.1.0.0
2025-10-17 15:05:59,713 [WARN] PackLoader:240 - Cannot read IP mode file for STMicroelectronics.X-CUBE-AZRTOS-F4.1.1.0
2025-10-17 15:05:59,736 [WARN] PackLoader:240 - Cannot read IP mode file for Avnet-IotConnect.X-CUBE-IoTC-DA16k-PMOD.1.0.0
2025-10-17 15:05:59,745 [WARN] PackLoader:240 - Cannot read IP mode file for STMicroelectronics.X-CUBE-ISPU.2.1.0
2025-10-17 15:05:59,763 [WARN] PackLoader:240 - Cannot read IP mode file for STMicroelectronics.X-CUBE-IPS.3.2.0
2025-10-17 15:05:59,779 [WARN] PackLoader:240 - Cannot read IP mode file for STMicroelectronics.X-CUBE-NFC12.1.0.0
2025-10-17 15:05:59,803 [WARN] PackLoader:240 - Cannot read IP mode file for STMicroelectronics.X-CUBE-AZRTOS-L5.2.0.0
2025-10-17 15:05:59,823 [WARN] PackLoader:240 - Cannot read IP mode file for STMicroelectronics.X-CUBE-NFC6.3.1.0
2025-10-17 15:05:59,832 [WARN] PackLoader:240 - Cannot read IP mode file for STMicroelectronics.X-CUBE-FREERTOS.1.3.1
2025-10-17 15:05:59,836 [WARN] PackLoader:240 - Cannot read IP mode file for STMicroelectronics.X-CUBE-TOUCHGFX.4.26.0
2025-10-17 15:05:59,841 [WARN] PackLoader:240 - Cannot read IP mode file for STMicroelectronics.FP-SNS-STAIOTCFT.1.0.0
2025-10-17 15:05:59,848 [WARN] PackLoader:240 - Cannot read IP mode file for STMicroelectronics.X-CUBE-DPower.1.3.0
2025-10-17 15:05:59,875 [WARN] ConditionMgr:438 - getConditionDescription Invalid condition id : LAN8742 Phy interface Condition cause : null
2025-10-17 15:05:59,877 [WARN] PackLoader:240 - Cannot read IP mode file for STMicroelectronics.X-CUBE-AZRTOS-L4.2.0.0
2025-10-17 15:05:59,880 [WARN] ConditionMgr:1044 - genDependencies : Invalid condition id : LAN8742 Phy interface Condition cause : null
2025-10-17 15:05:59,881 [WARN] ConditionMgr:1044 - genDependencies : Invalid condition id : LAN8742 Phy interface Condition cause : null
2025-10-17 15:05:59,882 [WARN] ConditionMgr:1044 - genDependencies : Invalid condition id : LAN8742 Phy interface Condition cause : null
2025-10-17 15:05:59,891 [WARN] PackLoader:240 - Cannot read IP mode file for STMicroelectronics.X-CUBE-SFXS2LP1.4.0.0
2025-10-17 15:05:59,910 [WARN] PackLoader:240 - Cannot read IP mode file for STMicroelectronics.X-CUBE-BLEMGR.4.1.0
2025-10-17 15:05:59,929 [WARN] ConditionMgr:438 - getConditionDescription Invalid condition id : UX DEVICE CLASS RTOS Condition cause : null
2025-10-17 15:05:59,929 [WARN] ConditionMgr:438 - getConditionDescription Invalid condition id : UX DEVICE CLASS RTOS Condition cause : null
2025-10-17 15:05:59,933 [WARN] PackLoader:240 - Cannot read IP mode file for STMicroelectronics.X-CUBE-AZRTOS-WB.2.0.0
2025-10-17 15:05:59,934 [WARN] ConditionMgr:1044 - genDependencies : Invalid condition id : UX DEVICE CLASS RTOS Condition cause : null
2025-10-17 15:05:59,934 [WARN] ConditionMgr:1044 - genDependencies : Invalid condition id : UX DEVICE CLASS RTOS Condition cause : null
2025-10-17 15:05:59,935 [WARN] ConditionMgr:1044 - genDependencies : Invalid condition id : UX DEVICE CLASS RTOS Condition cause : null
2025-10-17 15:05:59,936 [WARN] ConditionMgr:1044 - genDependencies : Invalid condition id : UX DEVICE CLASS RTOS Condition cause : null
2025-10-17 15:05:59,936 [WARN] ConditionMgr:1044 - genDependencies : Invalid condition id : UX DEVICE CLASS RTOS Condition cause : null
2025-10-17 15:05:59,945 [WARN] PackLoader:240 - Cannot read IP mode file for STMicroelectronics.X-CUBE-GNSS1.7.0.1
2025-10-17 15:05:59,948 [WARN] PackLoader:240 - Cannot read IP mode file for STMicroelectronics.X-CUBE-TOUCHGFX.4.25.0
2025-10-17 15:05:59,955 [WARN] PackLoader:240 - Cannot read IP mode file for STMicroelectronics.FP-SNS-STBOX1.2.0.0
2025-10-17 15:05:59,960 [WARN] ConditionMgr:438 - getConditionDescription Invalid condition id : Cortex-A Device cause : null
2025-10-17 15:05:59,991 [WARN] ConditionMgr:1044 - genDependencies : Invalid condition id : Cortex-A Device cause : null
2025-10-17 15:05:59,991 [WARN] ConditionMgr:1044 - genDependencies : Invalid condition id : Cortex-A Device cause : null
2025-10-17 15:05:59,992 [WARN] ConditionMgr:1044 - genDependencies : Invalid condition id : Cortex-A Device cause : null
2025-10-17 15:06:00,004 [WARN] PackLoader:240 - Cannot read IP mode file for STMicroelectronics.X-CUBE-SUBG2.5.0.0
2025-10-17 15:06:00,043 [WARN] PackLoader:240 - Cannot read IP mode file for STMicroelectronics.X-CUBE-AZRTOS-H7RS.1.1.0
2025-10-17 15:06:00,052 [WARN] PackLoader:240 - Cannot read IP mode file for Cesanta.I-CUBE-Mongoose.7.13.0
2025-10-17 15:06:00,076 [WARN] PackLoader:240 - Cannot read IP mode file for STMicroelectronics.X-CUBE-AZRTOS-G4.2.0.0
2025-10-17 15:06:00,081 [WARN] PackLoader:240 - Cannot read IP mode file for wolfSSL.I-CUBE-wolfSSH.1.4.20
2025-10-17 15:06:00,085 [WARN] PackLoader:240 - Cannot read IP mode file for STMicroelectronics.X-CUBE-NFC7.2.0.0
2025-10-17 15:06:00,095 [WARN] PackLoader:240 - Cannot read IP mode file for STMicroelectronics.X-CUBE-IPS.3.1.0
2025-10-17 15:06:00,103 [WARN] PackLoader:240 - Cannot read IP mode file for STMicroelectronics.X-CUBE-ALS.1.0.2
2025-10-17 15:06:00,109 [WARN] PackLoader:240 - Cannot read IP mode file for STMicroelectronics.X-CUBE-STSE01.1.0.0
2025-10-17 15:06:00,115 [WARN] PackLoader:240 - Cannot read IP mode file for portGmbH.I-Cube-SoM-uGOAL.1.1.0
2025-10-17 15:06:00,131 [WARN] PackLoader:240 - Cannot read IP mode file for STMicroelectronics.X-CUBE-TOF1.3.4.3
2025-10-17 15:06:00,140 [INFO] ThirdParty:978 - Integrity check success = true
2025-10-17 15:06:00,140 [INFO] IntegrityCheckThread:100 - exiting critical section [integrity check]
2025-10-17 15:06:00,140 [INFO] IntegrityCheckThread:103 - End integrity checks thread
2025-10-17 15:06:00,802 [INFO] WebApp:463 - Apply proxy settings
2025-10-17 15:06:00,811 [INFO] WebApp:508 - Chromium authenticates against Manually configured proxy
2025-10-17 15:06:00,828 [INFO] WebApp:516 - Username used for proxy authentication: 
2025-10-17 15:06:00,871 [INFO] WebApp:900 - Register for checkConnection events
2025-10-17 15:06:00,871 [INFO] WebApp:463 - Apply proxy settings
2025-10-17 15:06:00,876 [INFO] WebApp:508 - Chromium authenticates against Manually configured proxy
2025-10-17 15:06:00,877 [INFO] WebApp:516 - Username used for proxy authentication: 
2025-10-17 15:06:01,028 [INFO] WebApp:225 - Starting web application
2025-10-17 15:06:01,028 [INFO] WebApp:593 - Web application path used /Applications/STM32CubeIDE.app/Contents/Eclipse/plugins/com.st.stm32cube.common.mx_6.15.0.202507011659/db/plugins/mcufinder/reactClient1/index.html
2025-10-17 15:06:01,468 [INFO] WebApp:191 - Connection restablished
2025-10-17 16:01:05,284 [INFO] WebApp:194 - Connection lost
2025-10-17 16:01:06,122 [INFO] WebApp:191 - Connection restablished
2025-10-17 16:57:30,956 [INFO] WebApp:194 - Connection lost
2025-10-17 16:57:32,288 [INFO] WebApp:191 - Connection restablished
2025-10-17 17:06:17,559 [INFO] WebApp:194 - Connection lost
2025-10-17 17:06:24,675 [INFO] WebApp:191 - Connection restablished
2025-10-17 17:53:30,475 [INFO] WebApp:194 - Connection lost
2025-10-17 17:53:41,167 [INFO] WebApp:191 - Connection restablished
2025-10-17 17:53:47,368 [INFO] WebApp:194 - Connection lost
2025-10-17 17:53:54,225 [INFO] WebApp:191 - Connection restablished
2025-10-17 18:04:12,166 [INFO] WebApp:194 - Connection lost
2025-10-17 18:15:32,820 [INFO] WebApp:191 - Connection restablished
2025-10-17 18:30:40,188 [INFO] WebApp:194 - Connection lost
2025-10-17 18:30:40,901 [INFO] WebApp:191 - Connection restablished
2025-10-17 18:46:22,321 [INFO] WebApp:194 - Connection lost
2025-10-17 18:46:22,535 [INFO] WebApp:191 - Connection restablished
2025-10-17 19:00:38,304 [INFO] WebApp:194 - Connection lost
2025-10-17 19:00:39,686 [INFO] WebApp:191 - Connection restablished
2025-10-17 19:01:26,745 [INFO] WebApp:194 - Connection lost
2025-10-17 19:01:27,548 [INFO] WebApp:191 - Connection restablished
2025-10-17 19:03:56,080 [INFO] WebApp:194 - Connection lost
2025-10-17 19:03:56,290 [INFO] WebApp:191 - Connection restablished
2025-10-17 19:13:47,290 [INFO] WebApp:194 - Connection lost
2025-10-17 19:13:49,257 [INFO] WebApp:191 - Connection restablished
2025-10-17 20:45:38,176 [INFO] WebApp:194 - Connection lost
2025-10-17 20:45:38,917 [INFO] WebApp:191 - Connection restablished
2025-10-17 20:49:32,141 [INFO] WebApp:194 - Connection lost
2025-10-17 20:49:32,646 [INFO] WebApp:191 - Connection restablished
2025-10-17 20:49:33,048 [INFO] WebApp:194 - Connection lost
2025-10-17 20:49:34,125 [INFO] WebApp:191 - Connection restablished
2025-10-17 20:54:47,417 [INFO] WebApp:194 - Connection lost
2025-10-17 20:54:47,654 [INFO] WebApp:191 - Connection restablished
2025-10-17 20:59:30,860 [INFO] WebApp:194 - Connection lost
2025-10-17 20:59:31,128 [INFO] WebApp:191 - Connection restablished
2025-10-17 21:14:39,257 [INFO] WebApp:194 - Connection lost
2025-10-17 21:14:39,509 [INFO] WebApp:191 - Connection restablished
2025-10-17 21:19:32,042 [INFO] WebApp:194 - Connection lost
2025-10-17 21:19:34,144 [INFO] WebApp:191 - Connection restablished
2025-10-17 21:25:21,039 [INFO] WebApp:194 - Connection lost
2025-10-17 21:25:21,347 [INFO] WebApp:191 - Connection restablished
2025-10-17 21:25:25,106 [INFO] WebApp:194 - Connection lost
2025-10-17 21:25:29,204 [INFO] WebApp:191 - Connection restablished
2025-10-17 22:43:09,958 [INFO] WebApp:194 - Connection lost
2025-10-17 22:43:12,397 [INFO] WebApp:191 - Connection restablished
