2025-10-18 01:04:04,975 [INFO] WebApp:194 - Connection lost
2025-10-18 01:04:05,921 [INFO] WebApp:191 - Connection restablished
2025-10-18 01:06:32,241 [INFO] WebApp:194 - Connection lost
2025-10-18 01:06:32,386 [INFO] WebApp:191 - Connection restablished
2025-10-18 01:23:30,314 [INFO] WebApp:194 - Connection lost
2025-10-18 01:23:30,639 [INFO] WebApp:191 - Connection restablished
2025-10-18 01:39:16,429 [INFO] WebApp:194 - Connection lost
2025-10-18 01:39:16,540 [INFO] WebApp:191 - Connection restablished
2025-10-18 01:43:31,210 [INFO] WebApp:194 - Connection lost
2025-10-18 01:43:31,452 [INFO] WebApp:191 - Connection restablished
2025-10-18 01:49:34,862 [INFO] WebApp:194 - Connection lost
2025-10-18 01:49:35,135 [INFO] WebApp:191 - Connection restablished
2025-10-18 02:07:37,283 [INFO] WebApp:194 - Connection lost
2025-10-18 02:07:37,517 [INFO] WebApp:191 - Connection restablished
2025-10-18 02:07:38,581 [INFO] WebApp:194 - Connection lost
2025-10-18 02:07:39,212 [INFO] WebApp:191 - Connection restablished
2025-10-18 02:24:20,374 [INFO] WebApp:194 - Connection lost
2025-10-18 02:24:22,524 [INFO] WebApp:191 - Connection restablished
2025-10-18 02:41:14,437 [INFO] WebApp:194 - Connection lost
2025-10-18 02:41:17,236 [INFO] WebApp:191 - Connection restablished
2025-10-18 02:41:20,475 [INFO] WebApp:194 - Connection lost
2025-10-18 02:41:23,396 [INFO] WebApp:191 - Connection restablished
2025-10-18 02:56:49,344 [INFO] WebApp:194 - Connection lost
2025-10-18 02:56:49,790 [INFO] WebApp:191 - Connection restablished
2025-10-18 02:58:02,251 [INFO] WebApp:194 - Connection lost
2025-10-18 02:58:02,407 [INFO] WebApp:191 - Connection restablished
2025-10-18 03:15:28,287 [INFO] WebApp:194 - Connection lost
2025-10-18 03:15:28,497 [INFO] WebApp:191 - Connection restablished
2025-10-18 03:32:35,250 [INFO] WebApp:194 - Connection lost
2025-10-18 03:32:35,558 [INFO] WebApp:191 - Connection restablished
2025-10-18 03:50:22,288 [INFO] WebApp:194 - Connection lost
2025-10-18 03:50:22,711 [INFO] WebApp:191 - Connection restablished
2025-10-18 04:05:34,259 [INFO] WebApp:194 - Connection lost
2025-10-18 04:05:34,973 [INFO] WebApp:191 - Connection restablished
2025-10-18 04:21:46,258 [INFO] WebApp:194 - Connection lost
2025-10-18 04:21:46,693 [INFO] WebApp:191 - Connection restablished
2025-10-18 04:38:50,260 [INFO] WebApp:194 - Connection lost
2025-10-18 04:38:51,037 [INFO] WebApp:191 - Connection restablished
2025-10-18 04:55:05,334 [INFO] WebApp:194 - Connection lost
2025-10-18 04:55:06,206 [INFO] WebApp:191 - Connection restablished
2025-10-18 05:10:56,245 [INFO] WebApp:194 - Connection lost
2025-10-18 05:10:56,883 [INFO] WebApp:191 - Connection restablished
2025-10-18 05:26:21,338 [INFO] WebApp:194 - Connection lost
2025-10-18 05:26:21,855 [INFO] WebApp:191 - Connection restablished
2025-10-18 05:42:01,391 [INFO] WebApp:194 - Connection lost
2025-10-18 05:42:01,813 [INFO] WebApp:191 - Connection restablished
2025-10-18 05:59:31,247 [INFO] WebApp:194 - Connection lost
2025-10-18 05:59:32,103 [INFO] WebApp:191 - Connection restablished
2025-10-18 05:59:32,545 [INFO] WebApp:194 - Connection lost
2025-10-18 05:59:33,685 [INFO] WebApp:191 - Connection restablished
2025-10-18 06:16:01,246 [INFO] WebApp:194 - Connection lost
2025-10-18 06:16:03,793 [INFO] WebApp:191 - Connection restablished
2025-10-18 06:33:22,249 [INFO] WebApp:194 - Connection lost
2025-10-18 06:33:24,611 [INFO] WebApp:191 - Connection restablished
2025-10-18 06:50:29,241 [INFO] WebApp:194 - Connection lost
2025-10-18 06:50:31,764 [INFO] WebApp:191 - Connection restablished
2025-10-18 06:54:40,224 [INFO] WebApp:194 - Connection lost
2025-10-18 06:54:43,334 [INFO] WebApp:191 - Connection restablished
2025-10-18 07:09:51,390 [INFO] WebApp:194 - Connection lost
2025-10-18 07:09:51,819 [INFO] WebApp:191 - Connection restablished
2025-10-18 07:27:27,249 [INFO] WebApp:194 - Connection lost
2025-10-18 07:27:27,568 [INFO] WebApp:191 - Connection restablished
2025-10-18 07:43:40,258 [INFO] WebApp:194 - Connection lost
2025-10-18 07:43:40,633 [INFO] WebApp:191 - Connection restablished
2025-10-18 07:45:50,019 [INFO] WebApp:194 - Connection lost
2025-10-18 07:45:50,265 [INFO] WebApp:191 - Connection restablished
2025-10-18 08:03:00,251 [INFO] WebApp:194 - Connection lost
2025-10-18 08:03:00,715 [INFO] WebApp:191 - Connection restablished
2025-10-18 08:18:05,552 [INFO] WebApp:194 - Connection lost
2025-10-18 08:18:05,721 [INFO] WebApp:191 - Connection restablished
2025-10-18 08:29:30,192 [INFO] WebApp:194 - Connection lost
2025-10-18 08:29:30,587 [INFO] WebApp:191 - Connection restablished
2025-10-18 08:44:44,104 [INFO] WebApp:194 - Connection lost
2025-10-18 08:44:44,516 [INFO] WebApp:191 - Connection restablished
2025-10-18 08:55:40,306 [INFO] WebApp:194 - Connection lost
2025-10-18 08:55:40,686 [INFO] WebApp:191 - Connection restablished
2025-10-18 09:03:03,768 [INFO] WebApp:194 - Connection lost
2025-10-18 09:10:24,941 [INFO] WebApp:191 - Connection restablished
2025-10-18 10:00:54,179 [INFO] WebApp:194 - Connection lost
2025-10-18 10:01:00,872 [INFO] WebApp:191 - Connection restablished
2025-10-18 11:19:05,548 [INFO] WebApp:194 - Connection lost
2025-10-18 11:38:14,382 [INFO] WebApp:191 - Connection restablished
2025-10-18 14:21:52,568 [INFO] Activator:176 - 


2025-10-18 14:21:52,570 [INFO] Activator:177 - !SESSION log4j initialized
2025-10-18 14:21:58,567 [INFO] LogOutputStream:77 - [STDOUT_REDIRECT] 
2025-10-18 14:21:58,941 [ERROR] LogOutputStream:75 - [STDERR_REDIRECT] 
2025-10-18 14:22:01,470 [INFO] LogOutputStream:77 - [STDOUT_REDIRECT] 
2025-10-18 14:22:02,880 [INFO] ApplicationProperties:184 - Using Application install path: /Applications/STM32CubeIDE.app/Contents/Eclipse/plugins/com.st.stm32cube.common.mx_6.15.0.202507011659
2025-10-18 14:22:02,892 [INFO] DbMcusXml:78 - Set database path to: /Applications/STM32CubeIDE.app/Contents/Eclipse/plugins/com.st.stm32cube.common.mx_6.15.0.202507011659//db//mcu/
2025-10-18 14:22:02,892 [INFO] ApiDb:274 - Set plugin database path to: /Applications/STM32CubeIDE.app/Contents/Eclipse/plugins/com.st.stm32cube.common.mx_6.15.0.202507011659//db//plugins/boardmanager/
2025-10-18 14:22:02,893 [WARN] ApiDb:259 - Overriding images path with different value:  => /Applications/STM32CubeIDE.app/Contents/Eclipse/plugins/com.st.stm32cube.common.mx_6.15.0.202507011659//db//plugins/mcufinder/images/
2025-10-18 14:22:02,901 [INFO] ApiDb:250 - Set database path to: /Users/sheen/.stmcufinder/plugins/mcufinder//mcu/
2025-10-18 14:22:02,901 [INFO] DbMcusAds:125 - Set database path to: /Users/sheen/.stmcufinder/plugins/mcufinder//mcu/
2025-10-18 14:22:02,902 [INFO] CrossReferenceDbSqlite:203 - Set database path to: /Users/sheen/.stmcufinder/plugins/mcufinder//mcu/cs/
2025-10-18 14:22:03,031 [INFO] RulesReader:64 - Compatibility file has been processed (317 Rules)
2025-10-18 14:22:03,077 [INFO] DbMcusXml:78 - Set database path to: /Applications/STM32CubeIDE.app/Contents/Eclipse/plugins/com.st.stm32cube.common.mx_6.15.0.202507011659//db//mcu/
2025-10-18 14:22:03,078 [INFO] ApiDb:274 - Set plugin database path to: /Applications/STM32CubeIDE.app/Contents/Eclipse/plugins/com.st.stm32cube.common.mx_6.15.0.202507011659//db//plugins/boardmanager/
2025-10-18 14:22:03,078 [INFO] ApiDb:261 - Set plugin images path to: /Applications/STM32CubeIDE.app/Contents/Eclipse/plugins/com.st.stm32cube.common.mx_6.15.0.202507011659//db//plugins/mcufinder/images/
2025-10-18 14:22:03,078 [WARN] DbFile:41 - Overriding database path with different value: /Users/sheen/.stmcufinder/plugins/mcufinder/ => /Users/sheen/.stmcufinder/plugins/mcufinder
2025-10-18 14:22:03,078 [INFO] ApiDb:250 - Set database path to: /Users/sheen/.stmcufinder/plugins/mcufinder//mcu/
2025-10-18 14:22:03,079 [WARN] DbFile:41 - Overriding database path with different value: /Users/sheen/.stmcufinder/plugins/mcufinder/ => /Users/sheen/.stmcufinder/plugins/mcufinder
2025-10-18 14:22:03,079 [INFO] DbMcusAds:125 - Set database path to: /Users/sheen/.stmcufinder/plugins/mcufinder//mcu/
2025-10-18 14:22:03,079 [WARN] DbFile:41 - Overriding database path with different value: /Users/sheen/.stmcufinder/plugins/mcufinder/ => /Users/sheen/.stmcufinder/plugins/mcufinder
2025-10-18 14:22:03,079 [WARN] DbFile:41 - Overriding database path with different value: /Users/sheen/.stmcufinder/plugins/mcufinder/ => /Users/sheen/.stmcufinder/plugins/mcufinder
2025-10-18 14:22:03,079 [INFO] CrossReferenceDbSqlite:203 - Set database path to: /Users/sheen/.stmcufinder/plugins/mcufinder//mcu/cs/
2025-10-18 14:22:03,144 [INFO] MainPanel:274 - HeapMemory: 268435456
2025-10-18 14:22:03,747 [INFO] DbMcusXml:78 - Set database path to: /Applications/STM32CubeIDE.app/Contents/Eclipse/plugins/com.st.stm32cube.common.mx_6.15.0.202507011659//db//mcu/
2025-10-18 14:22:03,747 [INFO] ApiDb:274 - Set plugin database path to: /Applications/STM32CubeIDE.app/Contents/Eclipse/plugins/com.st.stm32cube.common.mx_6.15.0.202507011659//db//plugins/boardmanager/
2025-10-18 14:22:03,747 [INFO] ApiDb:261 - Set plugin images path to: /Applications/STM32CubeIDE.app/Contents/Eclipse/plugins/com.st.stm32cube.common.mx_6.15.0.202507011659//db//plugins/mcufinder/images/
2025-10-18 14:22:03,748 [WARN] DbFile:41 - Overriding database path with different value: /Users/sheen/.stmcufinder/plugins/mcufinder/ => /Users/sheen/.stmcufinder/plugins/mcufinder
2025-10-18 14:22:03,748 [INFO] ApiDb:250 - Set database path to: /Users/sheen/.stmcufinder/plugins/mcufinder//mcu/
2025-10-18 14:22:03,748 [WARN] DbFile:41 - Overriding database path with different value: /Users/sheen/.stmcufinder/plugins/mcufinder/ => /Users/sheen/.stmcufinder/plugins/mcufinder
2025-10-18 14:22:03,748 [INFO] DbMcusAds:125 - Set database path to: /Users/sheen/.stmcufinder/plugins/mcufinder//mcu/
2025-10-18 14:22:03,748 [WARN] DbFile:41 - Overriding database path with different value: /Users/sheen/.stmcufinder/plugins/mcufinder/ => /Users/sheen/.stmcufinder/plugins/mcufinder
2025-10-18 14:22:03,748 [WARN] DbFile:41 - Overriding database path with different value: /Users/sheen/.stmcufinder/plugins/mcufinder/ => /Users/sheen/.stmcufinder/plugins/mcufinder
2025-10-18 14:22:03,748 [INFO] CrossReferenceDbSqlite:203 - Set database path to: /Users/sheen/.stmcufinder/plugins/mcufinder//mcu/cs/
2025-10-18 14:22:03,764 [INFO] ApplicationProperties:184 - Using Application install path: /Applications/STM32CubeIDE.app/Contents/Eclipse/plugins/com.st.stm32cube.common.mx_6.15.0.202507011659
2025-10-18 14:22:03,765 [INFO] PluginManage:196 - Search for loadable plugins [exclusion list=, ]
2025-10-18 14:22:03,766 [INFO] PluginManage:310 - Check plugin analytics
2025-10-18 14:22:03,956 [INFO] AnalyticsPlugin:253 - Accepted Software Licenses: STM32CubeMX.6.15.0
2025-10-18 14:22:03,956 [INFO] AnalyticsPlugin:255 - Accepted CMSIS Pack Licenses: 
2025-10-18 14:22:03,956 [INFO] AnalyticsPlugin:257 - Accepted Firmware Licenses: FW.F4.1.28.0
2025-10-18 14:22:03,964 [INFO] PluginManage:359 - Loaded plugin analytics (category:tool,tabindex:-1)
2025-10-18 14:22:03,965 [INFO] PluginManage:310 - Check plugin cadmodel
2025-10-18 14:22:03,976 [INFO] CADModel:105 - Init CAD model plugin
2025-10-18 14:22:03,976 [INFO] PluginManage:359 - Loaded plugin cadmodel (category:power,tabindex:5)
2025-10-18 14:22:03,977 [INFO] PluginManage:310 - Check plugin clock
2025-10-18 14:22:03,986 [INFO] PluginManage:359 - Loaded plugin clock (category:base,tabindex:2)
2025-10-18 14:22:03,987 [INFO] PluginManage:310 - Check plugin ddr
2025-10-18 14:22:03,989 [INFO] PluginManage:359 - Loaded plugin ddr (category:tool,tabindex:6)
2025-10-18 14:22:03,989 [INFO] PluginManage:310 - Check plugin filemanager
2025-10-18 14:22:04,150 [INFO] PluginManage:359 - Loaded plugin filemanager (category:base,tabindex:10)
2025-10-18 14:22:04,151 [INFO] PluginManage:310 - Check plugin ipmanager
2025-10-18 14:22:04,160 [INFO] PluginManage:359 - Loaded plugin ipmanager (category:base,tabindex:5)
2025-10-18 14:22:04,161 [INFO] PluginManage:310 - Check plugin lpbam
2025-10-18 14:22:04,171 [INFO] PluginManage:359 - Loaded plugin lpbam (category:base,tabindex:0)
2025-10-18 14:22:04,171 [INFO] PluginManage:310 - Check plugin memorymap
2025-10-18 14:22:04,181 [INFO] PluginManage:359 - Loaded plugin memorymap (category:base,tabindex:4)
2025-10-18 14:22:04,181 [INFO] PluginManage:310 - Check plugin pinoutandconfiguration
2025-10-18 14:22:04,186 [INFO] PluginManage:359 - Loaded plugin pinoutandconfiguration (category:base,tabindex:1)
2025-10-18 14:22:04,186 [INFO] PluginManage:310 - Check plugin pinoutconfig
2025-10-18 14:22:04,268 [WARN] SupportedApi:132 - Cannot load RTOS API schema: s4s-elt-must-match.1: The content of 'definitions' must match (annotation?, (simpleType | complexType)?, (unique | key | keyref)*)). A problem was found starting at: attribute.
2025-10-18 14:22:04,395 [INFO] PluginManage:359 - Loaded plugin pinoutconfig (category:base,tabindex:0)
2025-10-18 14:22:04,395 [INFO] PluginManage:310 - Check plugin power
2025-10-18 14:22:04,405 [INFO] PluginManage:359 - Loaded plugin power (category:power,tabindex:4)
2025-10-18 14:22:04,406 [INFO] PluginManage:310 - Check plugin projectmanager
2025-10-18 14:22:04,430 [INFO] PluginManage:359 - Loaded plugin projectmanager (category:projectmanager,tabindex:4)
2025-10-18 14:22:04,430 [INFO] PluginManage:310 - Check plugin rif
2025-10-18 14:22:04,437 [INFO] PluginManage:359 - Loaded plugin rif (category:base,tabindex:3)
2025-10-18 14:22:04,437 [INFO] PluginManage:310 - Check plugin thirdparty
2025-10-18 14:22:04,574 [INFO] PluginManage:359 - Loaded plugin thirdparty (category:base,tabindex:-1)
2025-10-18 14:22:04,575 [INFO] PluginManage:310 - Check plugin tools
2025-10-18 14:22:04,574 [WARN] IntegrityCheckThread:84 - waiting for thirdparty lock release [integrity check]
2025-10-18 14:22:04,575 [INFO] IntegrityCheckThread:86 - entering critical section [integrity check]
2025-10-18 14:22:04,575 [INFO] ThirdPartyUpdaterWithRetryManager:70 - Updater plugin not ready yet. [1/15]
2025-10-18 14:22:04,577 [INFO] PluginManage:359 - Loaded plugin tools (category:base,tabindex:7)
2025-10-18 14:22:04,577 [INFO] PluginManage:310 - Check plugin tutovideos
2025-10-18 14:22:04,733 [INFO] PluginManage:359 - Loaded plugin tutovideos (category:base,tabindex:-1)
2025-10-18 14:22:04,734 [INFO] PluginManage:310 - Check plugin updater
2025-10-18 14:22:04,766 [INFO] PluginManage:359 - Loaded plugin updater (category:base,tabindex:12)
2025-10-18 14:22:04,766 [INFO] PluginManage:310 - Check plugin userauth
2025-10-18 14:22:04,769 [INFO] UserAuth:118 - Init User Auth plugin
2025-10-18 14:22:04,770 [INFO] PluginManage:359 - Loaded plugin userauth (category:base,tabindex:14)
2025-10-18 14:22:04,771 [INFO] PluginManage:283 - PluginManage : Loaded plugins [18]
2025-10-18 14:22:04,983 [INFO] PinOutPanel:1589 - setPackage(No Configuration,No Configuration)
2025-10-18 14:22:05,047 [INFO] CADModel:165 - CPN selected for project level
2025-10-18 14:22:05,047 [INFO] CADModel:114 - Register for checkConnection events
2025-10-18 14:22:05,057 [INFO] IPUIPlugin:80 - create IPUIPlugin
2025-10-18 14:22:05,058 [INFO] PluginManager:220 - loadIPPluginJar : add mdma
2025-10-18 14:22:05,062 [INFO] IPUIPlugin:80 - create IPUIPlugin
2025-10-18 14:22:05,063 [INFO] PluginManager:220 - loadIPPluginJar : add freertos
2025-10-18 14:22:05,066 [INFO] IPUIPlugin:80 - create IPUIPlugin
2025-10-18 14:22:05,066 [INFO] PluginManager:220 - loadIPPluginJar : add gic
2025-10-18 14:22:05,072 [INFO] IPUIPlugin:80 - create IPUIPlugin
2025-10-18 14:22:05,073 [INFO] PluginManager:220 - loadIPPluginJar : add adc
2025-10-18 14:22:05,074 [INFO] IPUIPlugin:80 - create IPUIPlugin
2025-10-18 14:22:05,074 [INFO] PluginManager:220 - loadIPPluginJar : add gtzc
2025-10-18 14:22:05,075 [INFO] IPUIPlugin:80 - create IPUIPlugin
2025-10-18 14:22:05,075 [INFO] PluginManager:220 - loadIPPluginJar : add quadspi
2025-10-18 14:22:05,076 [INFO] IPUIPlugin:80 - create IPUIPlugin
2025-10-18 14:22:05,076 [INFO] PluginManager:220 - loadIPPluginJar : add aes
2025-10-18 14:22:05,078 [INFO] IPUIPlugin:80 - create IPUIPlugin
2025-10-18 14:22:05,078 [INFO] PluginManager:220 - loadIPPluginJar : add pdm2pcm
2025-10-18 14:22:05,079 [INFO] IPUIPlugin:80 - create IPUIPlugin
2025-10-18 14:22:05,079 [INFO] PluginManager:220 - loadIPPluginJar : add hash
2025-10-18 14:22:05,080 [INFO] IPUIPlugin:80 - create IPUIPlugin
2025-10-18 14:22:05,080 [INFO] PluginManager:220 - loadIPPluginJar : add tim
2025-10-18 14:22:05,081 [INFO] IPUIPlugin:80 - create IPUIPlugin
2025-10-18 14:22:05,081 [INFO] PluginManager:220 - loadIPPluginJar : add tsc
2025-10-18 14:22:05,082 [INFO] IPUIPlugin:80 - create IPUIPlugin
2025-10-18 14:22:05,083 [INFO] PluginManager:220 - loadIPPluginJar : add extmemmanager
2025-10-18 14:22:05,084 [INFO] IPUIPlugin:80 - create IPUIPlugin
2025-10-18 14:22:05,084 [INFO] PluginManager:220 - loadIPPluginJar : add ts
2025-10-18 14:22:05,084 [INFO] IPUIPlugin:80 - create IPUIPlugin
2025-10-18 14:22:05,085 [INFO] PluginManager:220 - loadIPPluginJar : add radio
2025-10-18 14:22:05,086 [INFO] IPUIPlugin:80 - create IPUIPlugin
2025-10-18 14:22:05,086 [INFO] PluginManager:220 - loadIPPluginJar : add can
2025-10-18 14:22:05,087 [INFO] IPUIPlugin:80 - create IPUIPlugin
2025-10-18 14:22:05,087 [INFO] PluginManager:220 - loadIPPluginJar : add dma3
2025-10-18 14:22:05,088 [INFO] IPUIPlugin:80 - create IPUIPlugin
2025-10-18 14:22:05,088 [INFO] PluginManager:220 - loadIPPluginJar : add dfsdm
2025-10-18 14:22:05,089 [INFO] IPUIPlugin:80 - create IPUIPlugin
2025-10-18 14:22:05,089 [INFO] PluginManager:220 - loadIPPluginJar : add spi
2025-10-18 14:22:05,090 [INFO] IPUIPlugin:80 - create IPUIPlugin
2025-10-18 14:22:05,090 [INFO] PluginManager:220 - loadIPPluginJar : add gfxmmu
2025-10-18 14:22:05,091 [INFO] IPUIPlugin:80 - create IPUIPlugin
2025-10-18 14:22:05,091 [INFO] PluginManager:220 - loadIPPluginJar : add genericplugin
2025-10-18 14:22:05,092 [INFO] IPUIPlugin:80 - create IPUIPlugin
2025-10-18 14:22:05,092 [INFO] PluginManager:220 - loadIPPluginJar : add cryp
2025-10-18 14:22:05,094 [INFO] IPUIPlugin:80 - create IPUIPlugin
2025-10-18 14:22:05,095 [INFO] PluginManager:220 - loadIPPluginJar : add gpio
2025-10-18 14:22:05,097 [INFO] IPUIPlugin:80 - create IPUIPlugin
2025-10-18 14:22:05,097 [INFO] PluginManager:220 - loadIPPluginJar : add ddr_ctrl_phy
2025-10-18 14:22:05,098 [INFO] IPUIPlugin:80 - create IPUIPlugin
2025-10-18 14:22:05,098 [INFO] PluginManager:220 - loadIPPluginJar : add comp
2025-10-18 14:22:05,100 [INFO] IPUIPlugin:80 - create IPUIPlugin
2025-10-18 14:22:05,100 [INFO] PluginManager:220 - loadIPPluginJar : add tracer_emb
2025-10-18 14:22:05,102 [INFO] IPUIPlugin:80 - create IPUIPlugin
2025-10-18 14:22:05,102 [INFO] PluginManager:220 - loadIPPluginJar : add openamp
2025-10-18 14:22:05,105 [INFO] IPUIPlugin:80 - create IPUIPlugin
2025-10-18 14:22:05,105 [INFO] PluginManager:220 - loadIPPluginJar : add stm32_wpan
2025-10-18 14:22:05,108 [INFO] IPUIPlugin:80 - create IPUIPlugin
2025-10-18 14:22:05,110 [INFO] PluginManager:220 - loadIPPluginJar : add plateformsettings
2025-10-18 14:22:05,112 [INFO] IPUIPlugin:80 - create IPUIPlugin
2025-10-18 14:22:05,112 [INFO] PluginManager:220 - loadIPPluginJar : add ipddr
2025-10-18 14:22:05,113 [INFO] IPUIPlugin:80 - create IPUIPlugin
2025-10-18 14:22:05,113 [INFO] PluginManager:220 - loadIPPluginJar : add usart
2025-10-18 14:22:05,114 [INFO] IPUIPlugin:80 - create IPUIPlugin
2025-10-18 14:22:05,114 [INFO] PluginManager:220 - loadIPPluginJar : add ltdc
2025-10-18 14:22:05,115 [INFO] IPUIPlugin:80 - create IPUIPlugin
2025-10-18 14:22:05,116 [INFO] PluginManager:220 - loadIPPluginJar : add nvic
2025-10-18 14:22:05,116 [INFO] IPUIPlugin:80 - create IPUIPlugin
2025-10-18 14:22:05,116 [INFO] PluginManager:220 - loadIPPluginJar : add fatfs
2025-10-18 14:22:05,120 [INFO] IPUIPlugin:80 - create IPUIPlugin
2025-10-18 14:22:05,120 [INFO] PluginManager:220 - loadIPPluginJar : add linkedlist
2025-10-18 14:22:05,124 [INFO] IPUIPlugin:80 - create IPUIPlugin
2025-10-18 14:22:05,124 [INFO] PluginManager:220 - loadIPPluginJar : add dma
2025-10-18 14:22:05,126 [INFO] IPUIPlugin:80 - create IPUIPlugin
2025-10-18 14:22:05,126 [INFO] PluginManager:220 - loadIPPluginJar : add fmc
2025-10-18 14:22:05,127 [INFO] IPUIPlugin:80 - create IPUIPlugin
2025-10-18 14:22:05,127 [INFO] PluginManager:220 - loadIPPluginJar : add i2s
2025-10-18 14:22:05,128 [INFO] IPUIPlugin:80 - create IPUIPlugin
2025-10-18 14:22:05,128 [INFO] PluginManager:220 - loadIPPluginJar : add ucpd
2025-10-18 14:22:05,129 [INFO] IPUIPlugin:80 - create IPUIPlugin
2025-10-18 14:22:05,129 [INFO] PluginManager:220 - loadIPPluginJar : add lorawan
2025-10-18 14:22:05,132 [INFO] IPUIPlugin:80 - create IPUIPlugin
2025-10-18 14:22:05,132 [INFO] PluginManager:220 - loadIPPluginJar : add opamp
2025-10-18 14:22:05,134 [INFO] IPUIPlugin:80 - create IPUIPlugin
2025-10-18 14:22:05,134 [INFO] PluginManager:220 - loadIPPluginJar : add i3c
2025-10-18 14:22:05,135 [INFO] IPUIPlugin:80 - create IPUIPlugin
2025-10-18 14:22:05,135 [INFO] PluginManager:220 - loadIPPluginJar : add touchsensing
2025-10-18 14:22:05,137 [INFO] IPUIPlugin:80 - create IPUIPlugin
2025-10-18 14:22:05,137 [INFO] PluginManager:220 - loadIPPluginJar : add i2c
2025-10-18 14:22:05,139 [INFO] IPUIPlugin:80 - create IPUIPlugin
2025-10-18 14:22:05,139 [INFO] PluginManager:220 - loadIPPluginJar : add resmgrutility
2025-10-18 14:22:05,141 [INFO] IPUIPlugin:80 - create IPUIPlugin
2025-10-18 14:22:05,141 [INFO] PluginManager:220 - loadIPPluginJar : add sai
2025-10-18 14:22:05,143 [INFO] IPUIPlugin:80 - create IPUIPlugin
2025-10-18 14:22:05,143 [INFO] PluginManager:220 - loadIPPluginJar : add usbx
2025-10-18 14:22:05,251 [FATAL] Updater:351 - Updater called before beeing initialized
2025-10-18 14:22:05,290 [INFO] RulesReader:64 - Compatibility file has been processed (317 Rules)
2025-10-18 14:22:05,299 [INFO] RulesReader:64 - Compatibility file has been processed (317 Rules)
2025-10-18 14:22:05,310 [INFO] CADModel:165 - CPN selected for project level
2025-10-18 14:22:05,311 [INFO] CADModel:114 - Register for checkConnection events
2025-10-18 14:22:05,311 [FATAL] Updater:351 - Updater called before beeing initialized
2025-10-18 14:22:05,311 [ERROR] CADModel:125 - Updater not yet initialized, retry later 
2025-10-18 14:22:05,513 [FATAL] Updater:351 - Updater called before beeing initialized
2025-10-18 14:22:05,514 [INFO] CADModel:165 - CPN selected for project level
2025-10-18 14:22:05,514 [INFO] CADModel:114 - Register for checkConnection events
2025-10-18 14:22:05,514 [FATAL] Updater:351 - Updater called before beeing initialized
2025-10-18 14:22:05,514 [ERROR] CADModel:125 - Updater not yet initialized, retry later 
2025-10-18 14:22:05,517 [FATAL] Updater:351 - Updater called before beeing initialized
2025-10-18 14:22:05,652 [FATAL] Updater:351 - Updater called before beeing initialized
2025-10-18 14:22:05,657 [INFO] DbMcusAds:53 - JSON generation date=Tue Jul 08 01:14:23 PDT 2025 (1751962463524)
2025-10-18 14:22:05,658 [FATAL] Updater:351 - Updater called before beeing initialized
2025-10-18 14:22:05,709 [WARN] DetailPanel:346 - Failed to get advertising image, set to default
2025-10-18 14:22:05,798 [FATAL] Updater:351 - Updater called before beeing initialized
2025-10-18 14:22:05,802 [FATAL] Updater:351 - Updater called before beeing initialized
2025-10-18 14:22:05,803 [FATAL] Updater:351 - Updater called before beeing initialized
2025-10-18 14:22:05,803 [WARN] DetailPanel:346 - Failed to get advertising image, set to default
2025-10-18 14:22:05,806 [FATAL] Updater:351 - Updater called before beeing initialized
2025-10-18 14:22:05,870 [ERROR] Updater:1198 - MainUpdater not yet initialized. External WinMGr cannot be set.
2025-10-18 14:22:05,874 [INFO] Updater:1134 - Updater Version found : 6.15.0
2025-10-18 14:22:05,889 [INFO] ApplicationProperties:184 - Using Application install path: /Applications/STM32CubeIDE.app/Contents/Eclipse/plugins/com.st.stm32cube.common.mx_6.15.0.202507011659
2025-10-18 14:22:06,186 [INFO] MainUpdater:2872 - connection check result : 10
2025-10-18 14:22:06,187 [INFO] MainUpdater:289 - Updater Check For Update Now.
2025-10-18 14:22:06,187 [INFO] MicroXplorer:498 - Change Database Version : DB.6.0.150
2025-10-18 14:22:06,193 [INFO] McuFinderGlobals:63 - Set McuFinder mode to 2 (CubeIDE integrated)
2025-10-18 14:22:06,194 [INFO] UserAuth:171 - activating auth plugin
2025-10-18 14:22:06,204 [INFO] UserAuth:487 - Internet connection configuration mode: 1
2025-10-18 14:22:06,222 [INFO] JxBrowserEngine:152 - Initiate JxBrowser Engine with user profile folder
2025-10-18 14:22:06,479 [INFO] CheckServerUpdateThread:120 - End of CheckServer Thread
2025-10-18 14:22:07,768 [WARN] PackLoader:240 - Cannot read IP mode file for STMicroelectronics.FP-SNS-MOTENVWB1.1.4.0
2025-10-18 14:22:07,780 [WARN] PackLoader:240 - Cannot read IP mode file for STMicroelectronics.FP-ATR-ASTRA1.2.0.2
2025-10-18 14:22:07,798 [WARN] PackLoader:240 - Cannot read IP mode file for STMicroelectronics.X-CUBE-SMBUS.2.1.0
2025-10-18 14:22:07,803 [WARN] PackLoader:240 - Cannot read IP mode file for STMicroelectronics.X-CUBE-ST60.1.0.0
2025-10-18 14:22:07,854 [WARN] PackLoader:240 - Cannot read IP mode file for STMicroelectronics.X-CUBE-AZRTOS-F7.1.1.0
2025-10-18 14:22:07,888 [WARN] PackLoader:240 - Cannot read IP mode file for Cesanta.I-CUBE-Mongoose.7.19.0
2025-10-18 14:22:07,903 [WARN] PackLoader:240 - Cannot read IP mode file for WES.I-CUBE-Cesium.1.4.0
2025-10-18 14:22:07,951 [WARN] PackLoader:240 - Cannot read IP mode file for Infineon.AIROC-Wi-Fi-Bluetooth-STM32.1.7.1
2025-10-18 14:22:08,012 [WARN] PackLoader:240 - Cannot read IP mode file for STMicroelectronics.X-CUBE-AZRTOS-H7.3.4.0
2025-10-18 14:22:08,049 [WARN] PackLoader:240 - Cannot read IP mode file for STMicroelectronics.X-CUBE-DISPLAY.3.0.0
2025-10-18 14:22:08,079 [WARN] PackLoader:240 - Cannot read IP mode file for STMicroelectronics.X-CUBE-NFC10.1.0.0
2025-10-18 14:22:08,090 [WARN] PackLoader:240 - Cannot read IP mode file for STMicroelectronics.X-CUBE-ST60.1.1.0
2025-10-18 14:22:08,098 [WARN] PackLoader:240 - Cannot read IP mode file for emotas.I-CUBE-CANOPEN.1.3.0
2025-10-18 14:22:08,108 [WARN] PackLoader:240 - Cannot read IP mode file for STMicroelectronics.FP-SNS-STBOX1.2.1.0
2025-10-18 14:22:08,116 [WARN] PackLoader:240 - Cannot read IP mode file for STMicroelectronics.FP-SNS-SMARTAG2.1.2.0
2025-10-18 14:22:08,120 [WARN] PackLoader:240 - Cannot read IP mode file for STMicroelectronics.FP-SNS-FLIGHT1.5.1.0
2025-10-18 14:22:08,129 [INFO] LogOutputStream:77 - [STDOUT_REDIRECT] 1 : Invalid condition id : UX_CORESTACK_Condition cause : null
2025-10-18 14:22:08,132 [INFO] LogOutputStream:77 - [STDOUT_REDIRECT] 1 : Invalid condition id : UX_CORESTACK_Condition cause : null
2025-10-18 14:22:08,133 [INFO] LogOutputStream:77 - [STDOUT_REDIRECT] 1 : Invalid condition id : UX_CORESTACK_Condition cause : null
2025-10-18 14:22:08,133 [INFO] LogOutputStream:77 - [STDOUT_REDIRECT] 1 : Invalid condition id : UX_CORESTACK_Condition cause : null
2025-10-18 14:22:08,134 [INFO] LogOutputStream:77 - [STDOUT_REDIRECT] 1 : Invalid condition id : UX_CORESTACK_Condition cause : null
2025-10-18 14:22:08,140 [WARN] PackLoader:240 - Cannot read IP mode file for STMicroelectronics.X-CUBE-AZRTOS-WL.2.0.0
2025-10-18 14:22:08,148 [WARN] PackLoader:240 - Cannot read IP mode file for STMicroelectronics.FP-SNS-MOTENV1.5.0.0
2025-10-18 14:22:08,157 [WARN] PackLoader:240 - Cannot read IP mode file for WES.I-CUBE-Cesium.1.3.0
2025-10-18 14:22:08,168 [WARN] PackLoader:240 - Cannot read IP mode file for STMicroelectronics.X-CUBE-BLE2.3.3.0
2025-10-18 14:22:08,180 [WARN] PackLoader:240 - Cannot read IP mode file for STMicroelectronics.X-CUBE-NFC9.1.0.0
2025-10-18 14:22:08,189 [WARN] PackLoader:240 - Cannot read IP mode file for wolfSSL.I-CUBE-wolfSSL.5.8.2
2025-10-18 14:22:08,199 [WARN] PackLoader:240 - Cannot read IP mode file for STMicroelectronics.X-CUBE-BLE1.7.1.0
2025-10-18 14:22:08,209 [WARN] PackLoader:240 - Cannot read IP mode file for wolfSSL.I-CUBE-wolfMQTT.1.19.2
2025-10-18 14:22:08,215 [WARN] PackLoader:240 - Cannot read IP mode file for STMicroelectronics.X-CUBE-EEPRMA1.5.2.0
2025-10-18 14:22:08,224 [WARN] PackLoader:240 - Cannot read IP mode file for STMicroelectronics.X-CUBE-ST67W61.1.1.0
2025-10-18 14:22:08,235 [WARN] PackLoader:240 - Cannot read IP mode file for STMicroelectronics.X-CUBE-AI.10.1.0
2025-10-18 14:22:08,252 [WARN] PackLoader:240 - Cannot read IP mode file for STMicroelectronics.X-CUBE-AZRTOS-G0.1.1.0
2025-10-18 14:22:08,548 [WARN] PackLoader:240 - Cannot read IP mode file for STMicroelectronics.X-CUBE-SAFEA1.1.2.2
2025-10-18 14:22:08,581 [WARN] PackLoader:240 - Cannot read IP mode file for STMicroelectronics.X-CUBE-NFC4.3.0.0
2025-10-18 14:22:08,597 [WARN] PackLoader:240 - Cannot read IP mode file for EmbeddedOffice.I-CUBE-FS-RTOS.1.0.1
2025-10-18 14:22:08,606 [WARN] PackLoader:240 - Cannot read IP mode file for STMicroelectronics.X-CUBE-WB05N.2.0.0
2025-10-18 14:22:08,610 [WARN] PackLoader:240 - Cannot read IP mode file for wolfSSL.I-CUBE-wolfTPM.3.8.0
2025-10-18 14:22:08,615 [WARN] PackLoader:240 - Cannot read IP mode file for STMicroelectronics.X-CUBE-TCPP.4.2.0
2025-10-18 14:22:08,620 [WARN] PackLoader:240 - Cannot read IP mode file for RealThread.X-CUBE-RT-Thread_Nano.4.1.1
2025-10-18 14:22:08,625 [WARN] PackLoader:240 - Cannot read IP mode file for STMicroelectronics.FP-ATR-SIGFOX1.3.2.0
2025-10-18 14:22:08,629 [WARN] PackLoader:240 - Cannot read IP mode file for ITTIA_DB.I-CUBE-ITTIADB.8.9.0
2025-10-18 14:22:08,649 [WARN] PackLoader:240 - Cannot read IP mode file for STMicroelectronics.X-CUBE-ST67W61.1.0.0
2025-10-18 14:22:08,675 [WARN] PackLoader:240 - Cannot read IP mode file for STMicroelectronics.X-CUBE-AI.10.2.0
2025-10-18 14:22:08,732 [WARN] PackLoader:240 - Cannot read IP mode file for SEGGER.I-CUBE-embOS.1.3.1
2025-10-18 14:22:08,793 [WARN] PackLoader:240 - Cannot read IP mode file for STMicroelectronics.X-CUBE-ALGOBUILD.1.4.0
2025-10-18 14:22:08,877 [WARN] PackLoader:240 - Cannot read IP mode file for STMicroelectronics.X-CUBE-MEMS1.11.3.0
2025-10-18 14:22:08,980 [WARN] PackLoader:240 - Cannot read IP mode file for STMicroelectronics.X-CUBE-PM33A1.1.0.0
2025-10-18 14:22:09,001 [WARN] PackLoader:240 - Cannot read IP mode file for STMicroelectronics.X-CUBE-AZRTOS-F4.1.1.0
2025-10-18 14:22:09,013 [WARN] PackLoader:240 - Cannot read IP mode file for Avnet-IotConnect.X-CUBE-IoTC-DA16k-PMOD.1.0.0
2025-10-18 14:22:09,018 [WARN] PackLoader:240 - Cannot read IP mode file for STMicroelectronics.X-CUBE-ISPU.2.1.0
2025-10-18 14:22:09,033 [WARN] PackLoader:240 - Cannot read IP mode file for STMicroelectronics.X-CUBE-IPS.3.2.0
2025-10-18 14:22:09,045 [WARN] PackLoader:240 - Cannot read IP mode file for STMicroelectronics.X-CUBE-NFC12.1.0.0
2025-10-18 14:22:09,074 [WARN] PackLoader:240 - Cannot read IP mode file for STMicroelectronics.X-CUBE-AZRTOS-L5.2.0.0
2025-10-18 14:22:09,094 [WARN] PackLoader:240 - Cannot read IP mode file for STMicroelectronics.X-CUBE-NFC6.3.1.0
2025-10-18 14:22:09,104 [WARN] PackLoader:240 - Cannot read IP mode file for STMicroelectronics.X-CUBE-FREERTOS.1.3.1
2025-10-18 14:22:09,111 [WARN] PackLoader:240 - Cannot read IP mode file for STMicroelectronics.X-CUBE-TOUCHGFX.4.26.0
2025-10-18 14:22:09,115 [WARN] PackLoader:240 - Cannot read IP mode file for STMicroelectronics.FP-SNS-STAIOTCFT.1.0.0
2025-10-18 14:22:09,121 [WARN] PackLoader:240 - Cannot read IP mode file for STMicroelectronics.X-CUBE-DPower.1.3.0
2025-10-18 14:22:09,152 [WARN] ConditionMgr:438 - getConditionDescription Invalid condition id : LAN8742 Phy interface Condition cause : null
2025-10-18 14:22:09,155 [WARN] PackLoader:240 - Cannot read IP mode file for STMicroelectronics.X-CUBE-AZRTOS-L4.2.0.0
2025-10-18 14:22:09,158 [WARN] ConditionMgr:1044 - genDependencies : Invalid condition id : LAN8742 Phy interface Condition cause : null
2025-10-18 14:22:09,159 [WARN] ConditionMgr:1044 - genDependencies : Invalid condition id : LAN8742 Phy interface Condition cause : null
2025-10-18 14:22:09,160 [WARN] ConditionMgr:1044 - genDependencies : Invalid condition id : LAN8742 Phy interface Condition cause : null
2025-10-18 14:22:09,171 [WARN] PackLoader:240 - Cannot read IP mode file for STMicroelectronics.X-CUBE-SFXS2LP1.4.0.0
2025-10-18 14:22:09,188 [WARN] PackLoader:240 - Cannot read IP mode file for STMicroelectronics.X-CUBE-BLEMGR.4.1.0
2025-10-18 14:22:09,209 [WARN] ConditionMgr:438 - getConditionDescription Invalid condition id : UX DEVICE CLASS RTOS Condition cause : null
2025-10-18 14:22:09,209 [WARN] ConditionMgr:438 - getConditionDescription Invalid condition id : UX DEVICE CLASS RTOS Condition cause : null
2025-10-18 14:22:09,213 [WARN] PackLoader:240 - Cannot read IP mode file for STMicroelectronics.X-CUBE-AZRTOS-WB.2.0.0
2025-10-18 14:22:09,214 [WARN] ConditionMgr:1044 - genDependencies : Invalid condition id : UX DEVICE CLASS RTOS Condition cause : null
2025-10-18 14:22:09,214 [WARN] ConditionMgr:1044 - genDependencies : Invalid condition id : UX DEVICE CLASS RTOS Condition cause : null
2025-10-18 14:22:09,214 [WARN] ConditionMgr:1044 - genDependencies : Invalid condition id : UX DEVICE CLASS RTOS Condition cause : null
2025-10-18 14:22:09,215 [WARN] ConditionMgr:1044 - genDependencies : Invalid condition id : UX DEVICE CLASS RTOS Condition cause : null
2025-10-18 14:22:09,215 [WARN] ConditionMgr:1044 - genDependencies : Invalid condition id : UX DEVICE CLASS RTOS Condition cause : null
2025-10-18 14:22:09,224 [WARN] PackLoader:240 - Cannot read IP mode file for STMicroelectronics.X-CUBE-GNSS1.7.0.1
2025-10-18 14:22:09,227 [WARN] PackLoader:240 - Cannot read IP mode file for STMicroelectronics.X-CUBE-TOUCHGFX.4.25.0
2025-10-18 14:22:09,232 [WARN] PackLoader:240 - Cannot read IP mode file for STMicroelectronics.FP-SNS-STBOX1.2.0.0
2025-10-18 14:22:09,238 [WARN] ConditionMgr:438 - getConditionDescription Invalid condition id : Cortex-A Device cause : null
2025-10-18 14:22:09,292 [WARN] ConditionMgr:1044 - genDependencies : Invalid condition id : Cortex-A Device cause : null
2025-10-18 14:22:09,292 [WARN] ConditionMgr:1044 - genDependencies : Invalid condition id : Cortex-A Device cause : null
2025-10-18 14:22:09,292 [WARN] ConditionMgr:1044 - genDependencies : Invalid condition id : Cortex-A Device cause : null
2025-10-18 14:22:09,303 [WARN] PackLoader:240 - Cannot read IP mode file for STMicroelectronics.X-CUBE-SUBG2.5.0.0
2025-10-18 14:22:09,338 [WARN] PackLoader:240 - Cannot read IP mode file for STMicroelectronics.X-CUBE-AZRTOS-H7RS.1.1.0
2025-10-18 14:22:09,346 [WARN] PackLoader:240 - Cannot read IP mode file for Cesanta.I-CUBE-Mongoose.7.13.0
2025-10-18 14:22:09,361 [WARN] PackLoader:240 - Cannot read IP mode file for STMicroelectronics.X-CUBE-AZRTOS-G4.2.0.0
2025-10-18 14:22:09,366 [WARN] PackLoader:240 - Cannot read IP mode file for wolfSSL.I-CUBE-wolfSSH.1.4.20
2025-10-18 14:22:09,369 [WARN] PackLoader:240 - Cannot read IP mode file for STMicroelectronics.X-CUBE-NFC7.2.0.0
2025-10-18 14:22:09,381 [WARN] PackLoader:240 - Cannot read IP mode file for STMicroelectronics.X-CUBE-IPS.3.1.0
2025-10-18 14:22:09,391 [WARN] PackLoader:240 - Cannot read IP mode file for STMicroelectronics.X-CUBE-ALS.1.0.2
2025-10-18 14:22:09,397 [WARN] PackLoader:240 - Cannot read IP mode file for STMicroelectronics.X-CUBE-STSE01.1.0.0
2025-10-18 14:22:09,402 [WARN] PackLoader:240 - Cannot read IP mode file for portGmbH.I-Cube-SoM-uGOAL.1.1.0
2025-10-18 14:22:09,415 [WARN] PackLoader:240 - Cannot read IP mode file for STMicroelectronics.X-CUBE-TOF1.3.4.3
2025-10-18 14:22:09,424 [INFO] ThirdParty:978 - Integrity check success = true
2025-10-18 14:22:09,424 [INFO] IntegrityCheckThread:100 - exiting critical section [integrity check]
2025-10-18 14:22:09,424 [INFO] IntegrityCheckThread:103 - End integrity checks thread
2025-10-18 14:22:11,060 [INFO] WebApp:169 - Instantiating new browser for Auth
2025-10-18 14:22:12,730 [INFO] WebApp:463 - Apply proxy settings
2025-10-18 14:22:12,795 [INFO] WebApp:508 - Chromium authenticates against Manually configured proxy
2025-10-18 14:22:12,810 [INFO] WebApp:516 - Username used for proxy authentication: 
2025-10-18 14:22:12,854 [INFO] WebApp:900 - Register for checkConnection events
2025-10-18 14:22:12,887 [INFO] WebApp:463 - Apply proxy settings
2025-10-18 14:22:12,896 [INFO] WebApp:508 - Chromium authenticates against Manually configured proxy
2025-10-18 14:22:12,896 [INFO] WebApp:516 - Username used for proxy authentication: 
2025-10-18 14:22:13,070 [INFO] WebApp:225 - Starting web application
2025-10-18 14:22:13,071 [INFO] WebApp:593 - Web application path used /Applications/STM32CubeIDE.app/Contents/Eclipse/plugins/com.st.stm32cube.common.mx_6.15.0.202507011659/db/plugins/mcufinder/reactClient1/index.html
2025-10-18 14:22:13,591 [INFO] WebApp:191 - Connection restablished
