2025-10-02 15:15:40,100 [INFO] Activator:176 - 


2025-10-02 15:15:40,129 [INFO] Activator:177 - !SESSION log4j initialized
2025-10-02 15:15:51,208 [INFO] LogOutputStream:77 - [STDOUT_REDIRECT] 
2025-10-02 15:15:52,268 [ERROR] LogOutputStream:75 - [STDERR_REDIRECT] 
2025-10-02 15:15:56,308 [INFO] LogOutputStream:77 - [STDOUT_REDIRECT] 
2025-10-02 15:15:59,557 [INFO] ApplicationProperties:184 - Using Application install path: /Applications/STM32CubeIDE.app/Contents/Eclipse/plugins/com.st.stm32cube.common.mx_6.15.0.202507011659
2025-10-02 15:15:59,587 [INFO] DbMcusXml:78 - Set database path to: /Applications/STM32CubeIDE.app/Contents/Eclipse/plugins/com.st.stm32cube.common.mx_6.15.0.202507011659//db//mcu/
2025-10-02 15:15:59,588 [INFO] ApiDb:274 - Set plugin database path to: /Applications/STM32CubeIDE.app/Contents/Eclipse/plugins/com.st.stm32cube.common.mx_6.15.0.202507011659//db//plugins/boardmanager/
2025-10-02 15:15:59,590 [WARN] ApiDb:259 - Overriding images path with different value:  => /Applications/STM32CubeIDE.app/Contents/Eclipse/plugins/com.st.stm32cube.common.mx_6.15.0.202507011659//db//plugins/mcufinder/images/
2025-10-02 15:15:59,611 [INFO] ApiDb:250 - Set database path to: /Users/sheen/.stmcufinder/plugins/mcufinder//mcu/
2025-10-02 15:15:59,613 [INFO] DbMcusAds:125 - Set database path to: /Users/sheen/.stmcufinder/plugins/mcufinder//mcu/
2025-10-02 15:15:59,618 [INFO] CrossReferenceDbSqlite:203 - Set database path to: /Users/sheen/.stmcufinder/plugins/mcufinder//mcu/cs/
2025-10-02 15:16:00,035 [INFO] RulesReader:64 - Compatibility file has been processed (317 Rules)
2025-10-02 15:16:00,221 [INFO] DbMcusXml:78 - Set database path to: /Applications/STM32CubeIDE.app/Contents/Eclipse/plugins/com.st.stm32cube.common.mx_6.15.0.202507011659//db//mcu/
2025-10-02 15:16:00,222 [INFO] ApiDb:274 - Set plugin database path to: /Applications/STM32CubeIDE.app/Contents/Eclipse/plugins/com.st.stm32cube.common.mx_6.15.0.202507011659//db//plugins/boardmanager/
2025-10-02 15:16:00,223 [INFO] ApiDb:261 - Set plugin images path to: /Applications/STM32CubeIDE.app/Contents/Eclipse/plugins/com.st.stm32cube.common.mx_6.15.0.202507011659//db//plugins/mcufinder/images/
2025-10-02 15:16:00,226 [WARN] DbFile:41 - Overriding database path with different value: /Users/sheen/.stmcufinder/plugins/mcufinder/ => /Users/sheen/.stmcufinder/plugins/mcufinder
2025-10-02 15:16:00,226 [INFO] ApiDb:250 - Set database path to: /Users/sheen/.stmcufinder/plugins/mcufinder//mcu/
2025-10-02 15:16:00,226 [WARN] DbFile:41 - Overriding database path with different value: /Users/sheen/.stmcufinder/plugins/mcufinder/ => /Users/sheen/.stmcufinder/plugins/mcufinder
2025-10-02 15:16:00,227 [INFO] DbMcusAds:125 - Set database path to: /Users/sheen/.stmcufinder/plugins/mcufinder//mcu/
2025-10-02 15:16:00,227 [WARN] DbFile:41 - Overriding database path with different value: /Users/sheen/.stmcufinder/plugins/mcufinder/ => /Users/sheen/.stmcufinder/plugins/mcufinder
2025-10-02 15:16:00,227 [WARN] DbFile:41 - Overriding database path with different value: /Users/sheen/.stmcufinder/plugins/mcufinder/ => /Users/sheen/.stmcufinder/plugins/mcufinder
2025-10-02 15:16:00,228 [INFO] CrossReferenceDbSqlite:203 - Set database path to: /Users/sheen/.stmcufinder/plugins/mcufinder//mcu/cs/
2025-10-02 15:16:00,348 [INFO] MainPanel:274 - HeapMemory: 268435456
2025-10-02 15:16:01,108 [INFO] DbMcusXml:78 - Set database path to: /Applications/STM32CubeIDE.app/Contents/Eclipse/plugins/com.st.stm32cube.common.mx_6.15.0.202507011659//db//mcu/
2025-10-02 15:16:01,108 [INFO] ApiDb:274 - Set plugin database path to: /Applications/STM32CubeIDE.app/Contents/Eclipse/plugins/com.st.stm32cube.common.mx_6.15.0.202507011659//db//plugins/boardmanager/
2025-10-02 15:16:01,108 [INFO] ApiDb:261 - Set plugin images path to: /Applications/STM32CubeIDE.app/Contents/Eclipse/plugins/com.st.stm32cube.common.mx_6.15.0.202507011659//db//plugins/mcufinder/images/
2025-10-02 15:16:01,109 [WARN] DbFile:41 - Overriding database path with different value: /Users/sheen/.stmcufinder/plugins/mcufinder/ => /Users/sheen/.stmcufinder/plugins/mcufinder
2025-10-02 15:16:01,109 [INFO] ApiDb:250 - Set database path to: /Users/sheen/.stmcufinder/plugins/mcufinder//mcu/
2025-10-02 15:16:01,109 [WARN] DbFile:41 - Overriding database path with different value: /Users/sheen/.stmcufinder/plugins/mcufinder/ => /Users/sheen/.stmcufinder/plugins/mcufinder
2025-10-02 15:16:01,109 [INFO] DbMcusAds:125 - Set database path to: /Users/sheen/.stmcufinder/plugins/mcufinder//mcu/
2025-10-02 15:16:01,109 [WARN] DbFile:41 - Overriding database path with different value: /Users/sheen/.stmcufinder/plugins/mcufinder/ => /Users/sheen/.stmcufinder/plugins/mcufinder
2025-10-02 15:16:01,109 [WARN] DbFile:41 - Overriding database path with different value: /Users/sheen/.stmcufinder/plugins/mcufinder/ => /Users/sheen/.stmcufinder/plugins/mcufinder
2025-10-02 15:16:01,110 [INFO] CrossReferenceDbSqlite:203 - Set database path to: /Users/sheen/.stmcufinder/plugins/mcufinder//mcu/cs/
2025-10-02 15:16:01,133 [INFO] ApplicationProperties:184 - Using Application install path: /Applications/STM32CubeIDE.app/Contents/Eclipse/plugins/com.st.stm32cube.common.mx_6.15.0.202507011659
2025-10-02 15:16:01,135 [INFO] PluginManage:196 - Search for loadable plugins [exclusion list=, ]
2025-10-02 15:16:01,136 [INFO] PluginManage:310 - Check plugin analytics
2025-10-02 15:16:01,386 [INFO] AnalyticsPlugin:253 - Accepted Software Licenses: STM32CubeMX.6.15.0
2025-10-02 15:16:01,386 [INFO] AnalyticsPlugin:255 - Accepted CMSIS Pack Licenses: 
2025-10-02 15:16:01,386 [INFO] AnalyticsPlugin:257 - Accepted Firmware Licenses: FW.F4.1.28.0
2025-10-02 15:16:01,421 [INFO] PluginManage:359 - Loaded plugin analytics (category:tool,tabindex:-1)
2025-10-02 15:16:01,425 [INFO] PluginManage:310 - Check plugin cadmodel
2025-10-02 15:16:01,452 [INFO] CADModel:105 - Init CAD model plugin
2025-10-02 15:16:01,453 [INFO] PluginManage:359 - Loaded plugin cadmodel (category:power,tabindex:5)
2025-10-02 15:16:01,454 [INFO] PluginManage:310 - Check plugin clock
2025-10-02 15:16:01,483 [INFO] PluginManage:359 - Loaded plugin clock (category:base,tabindex:2)
2025-10-02 15:16:01,483 [INFO] PluginManage:310 - Check plugin ddr
2025-10-02 15:16:01,486 [INFO] PluginManage:359 - Loaded plugin ddr (category:tool,tabindex:6)
2025-10-02 15:16:01,486 [INFO] PluginManage:310 - Check plugin filemanager
2025-10-02 15:16:01,867 [INFO] PluginManage:359 - Loaded plugin filemanager (category:base,tabindex:10)
2025-10-02 15:16:01,867 [INFO] PluginManage:310 - Check plugin ipmanager
2025-10-02 15:16:01,886 [INFO] PluginManage:359 - Loaded plugin ipmanager (category:base,tabindex:5)
2025-10-02 15:16:01,887 [INFO] PluginManage:310 - Check plugin lpbam
2025-10-02 15:16:01,926 [INFO] PluginManage:359 - Loaded plugin lpbam (category:base,tabindex:0)
2025-10-02 15:16:01,928 [INFO] PluginManage:310 - Check plugin memorymap
2025-10-02 15:16:01,975 [INFO] PluginManage:359 - Loaded plugin memorymap (category:base,tabindex:4)
2025-10-02 15:16:01,976 [INFO] PluginManage:310 - Check plugin pinoutandconfiguration
2025-10-02 15:16:02,005 [INFO] PluginManage:359 - Loaded plugin pinoutandconfiguration (category:base,tabindex:1)
2025-10-02 15:16:02,005 [INFO] PluginManage:310 - Check plugin pinoutconfig
2025-10-02 15:16:02,304 [WARN] SupportedApi:132 - Cannot load RTOS API schema: s4s-elt-must-match.1: The content of 'definitions' must match (annotation?, (simpleType | complexType)?, (unique | key | keyref)*)). A problem was found starting at: attribute.
2025-10-02 15:16:02,599 [INFO] PluginManage:359 - Loaded plugin pinoutconfig (category:base,tabindex:0)
2025-10-02 15:16:02,600 [INFO] PluginManage:310 - Check plugin power
2025-10-02 15:16:02,624 [INFO] PluginManage:359 - Loaded plugin power (category:power,tabindex:4)
2025-10-02 15:16:02,624 [INFO] PluginManage:310 - Check plugin projectmanager
2025-10-02 15:16:02,693 [INFO] PluginManage:359 - Loaded plugin projectmanager (category:projectmanager,tabindex:4)
2025-10-02 15:16:02,694 [INFO] PluginManage:310 - Check plugin rif
2025-10-02 15:16:02,706 [INFO] PluginManage:359 - Loaded plugin rif (category:base,tabindex:3)
2025-10-02 15:16:02,706 [INFO] PluginManage:310 - Check plugin thirdparty
2025-10-02 15:16:02,940 [INFO] PluginManage:359 - Loaded plugin thirdparty (category:base,tabindex:-1)
2025-10-02 15:16:02,940 [INFO] PluginManage:310 - Check plugin tools
2025-10-02 15:16:02,940 [WARN] IntegrityCheckThread:84 - waiting for thirdparty lock release [integrity check]
2025-10-02 15:16:02,941 [INFO] IntegrityCheckThread:86 - entering critical section [integrity check]
2025-10-02 15:16:02,941 [INFO] ThirdPartyUpdaterWithRetryManager:70 - Updater plugin not ready yet. [1/15]
2025-10-02 15:16:02,943 [INFO] PluginManage:359 - Loaded plugin tools (category:base,tabindex:7)
2025-10-02 15:16:02,944 [INFO] PluginManage:310 - Check plugin tutovideos
2025-10-02 15:16:03,221 [INFO] PluginManage:359 - Loaded plugin tutovideos (category:base,tabindex:-1)
2025-10-02 15:16:03,222 [INFO] PluginManage:310 - Check plugin updater
2025-10-02 15:16:03,272 [INFO] PluginManage:359 - Loaded plugin updater (category:base,tabindex:12)
2025-10-02 15:16:03,272 [INFO] PluginManage:310 - Check plugin userauth
2025-10-02 15:16:03,278 [INFO] UserAuth:118 - Init User Auth plugin
2025-10-02 15:16:03,284 [INFO] PluginManage:359 - Loaded plugin userauth (category:base,tabindex:14)
2025-10-02 15:16:03,291 [INFO] PluginManage:283 - PluginManage : Loaded plugins [18]
2025-10-02 15:16:03,910 [INFO] PinOutPanel:1589 - setPackage(No Configuration,No Configuration)
2025-10-02 15:16:04,150 [INFO] CADModel:165 - CPN selected for project level
2025-10-02 15:16:04,150 [INFO] CADModel:114 - Register for checkConnection events
2025-10-02 15:16:04,182 [INFO] IPUIPlugin:80 - create IPUIPlugin
2025-10-02 15:16:04,183 [INFO] PluginManager:220 - loadIPPluginJar : add mdma
2025-10-02 15:16:04,196 [INFO] IPUIPlugin:80 - create IPUIPlugin
2025-10-02 15:16:04,196 [INFO] PluginManager:220 - loadIPPluginJar : add freertos
2025-10-02 15:16:04,211 [INFO] IPUIPlugin:80 - create IPUIPlugin
2025-10-02 15:16:04,212 [INFO] PluginManager:220 - loadIPPluginJar : add gic
2025-10-02 15:16:04,232 [INFO] IPUIPlugin:80 - create IPUIPlugin
2025-10-02 15:16:04,233 [INFO] PluginManager:220 - loadIPPluginJar : add adc
2025-10-02 15:16:04,238 [INFO] IPUIPlugin:80 - create IPUIPlugin
2025-10-02 15:16:04,238 [INFO] PluginManager:220 - loadIPPluginJar : add gtzc
2025-10-02 15:16:04,241 [INFO] IPUIPlugin:80 - create IPUIPlugin
2025-10-02 15:16:04,241 [INFO] PluginManager:220 - loadIPPluginJar : add quadspi
2025-10-02 15:16:04,247 [INFO] IPUIPlugin:80 - create IPUIPlugin
2025-10-02 15:16:04,248 [INFO] PluginManager:220 - loadIPPluginJar : add aes
2025-10-02 15:16:04,253 [INFO] IPUIPlugin:80 - create IPUIPlugin
2025-10-02 15:16:04,253 [INFO] PluginManager:220 - loadIPPluginJar : add pdm2pcm
2025-10-02 15:16:04,257 [INFO] IPUIPlugin:80 - create IPUIPlugin
2025-10-02 15:16:04,257 [INFO] PluginManager:220 - loadIPPluginJar : add hash
2025-10-02 15:16:04,260 [INFO] IPUIPlugin:80 - create IPUIPlugin
2025-10-02 15:16:04,260 [INFO] PluginManager:220 - loadIPPluginJar : add tim
2025-10-02 15:16:04,262 [INFO] IPUIPlugin:80 - create IPUIPlugin
2025-10-02 15:16:04,262 [INFO] PluginManager:220 - loadIPPluginJar : add tsc
2025-10-02 15:16:04,264 [INFO] IPUIPlugin:80 - create IPUIPlugin
2025-10-02 15:16:04,265 [INFO] PluginManager:220 - loadIPPluginJar : add extmemmanager
2025-10-02 15:16:04,268 [INFO] IPUIPlugin:80 - create IPUIPlugin
2025-10-02 15:16:04,268 [INFO] PluginManager:220 - loadIPPluginJar : add ts
2025-10-02 15:16:04,269 [INFO] IPUIPlugin:80 - create IPUIPlugin
2025-10-02 15:16:04,270 [INFO] PluginManager:220 - loadIPPluginJar : add radio
2025-10-02 15:16:04,272 [INFO] IPUIPlugin:80 - create IPUIPlugin
2025-10-02 15:16:04,272 [INFO] PluginManager:220 - loadIPPluginJar : add can
2025-10-02 15:16:04,275 [INFO] IPUIPlugin:80 - create IPUIPlugin
2025-10-02 15:16:04,275 [INFO] PluginManager:220 - loadIPPluginJar : add dma3
2025-10-02 15:16:04,277 [INFO] IPUIPlugin:80 - create IPUIPlugin
2025-10-02 15:16:04,277 [INFO] PluginManager:220 - loadIPPluginJar : add dfsdm
2025-10-02 15:16:04,278 [INFO] IPUIPlugin:80 - create IPUIPlugin
2025-10-02 15:16:04,279 [INFO] PluginManager:220 - loadIPPluginJar : add spi
2025-10-02 15:16:04,281 [INFO] IPUIPlugin:80 - create IPUIPlugin
2025-10-02 15:16:04,281 [INFO] PluginManager:220 - loadIPPluginJar : add gfxmmu
2025-10-02 15:16:04,284 [INFO] IPUIPlugin:80 - create IPUIPlugin
2025-10-02 15:16:04,284 [INFO] PluginManager:220 - loadIPPluginJar : add genericplugin
2025-10-02 15:16:04,286 [INFO] IPUIPlugin:80 - create IPUIPlugin
2025-10-02 15:16:04,286 [INFO] PluginManager:220 - loadIPPluginJar : add cryp
2025-10-02 15:16:04,294 [INFO] IPUIPlugin:80 - create IPUIPlugin
2025-10-02 15:16:04,294 [INFO] PluginManager:220 - loadIPPluginJar : add gpio
2025-10-02 15:16:04,299 [INFO] IPUIPlugin:80 - create IPUIPlugin
2025-10-02 15:16:04,299 [INFO] PluginManager:220 - loadIPPluginJar : add ddr_ctrl_phy
2025-10-02 15:16:04,301 [INFO] IPUIPlugin:80 - create IPUIPlugin
2025-10-02 15:16:04,302 [INFO] PluginManager:220 - loadIPPluginJar : add comp
2025-10-02 15:16:04,306 [INFO] IPUIPlugin:80 - create IPUIPlugin
2025-10-02 15:16:04,308 [INFO] PluginManager:220 - loadIPPluginJar : add tracer_emb
2025-10-02 15:16:04,312 [INFO] IPUIPlugin:80 - create IPUIPlugin
2025-10-02 15:16:04,313 [INFO] PluginManager:220 - loadIPPluginJar : add openamp
2025-10-02 15:16:04,319 [INFO] IPUIPlugin:80 - create IPUIPlugin
2025-10-02 15:16:04,319 [INFO] PluginManager:220 - loadIPPluginJar : add stm32_wpan
2025-10-02 15:16:04,325 [INFO] IPUIPlugin:80 - create IPUIPlugin
2025-10-02 15:16:04,329 [INFO] PluginManager:220 - loadIPPluginJar : add plateformsettings
2025-10-02 15:16:04,334 [INFO] IPUIPlugin:80 - create IPUIPlugin
2025-10-02 15:16:04,334 [INFO] PluginManager:220 - loadIPPluginJar : add ipddr
2025-10-02 15:16:04,339 [INFO] IPUIPlugin:80 - create IPUIPlugin
2025-10-02 15:16:04,339 [INFO] PluginManager:220 - loadIPPluginJar : add usart
2025-10-02 15:16:04,340 [INFO] IPUIPlugin:80 - create IPUIPlugin
2025-10-02 15:16:04,340 [INFO] PluginManager:220 - loadIPPluginJar : add ltdc
2025-10-02 15:16:04,343 [INFO] IPUIPlugin:80 - create IPUIPlugin
2025-10-02 15:16:04,343 [INFO] PluginManager:220 - loadIPPluginJar : add nvic
2025-10-02 15:16:04,344 [INFO] IPUIPlugin:80 - create IPUIPlugin
2025-10-02 15:16:04,344 [INFO] PluginManager:220 - loadIPPluginJar : add fatfs
2025-10-02 15:16:04,354 [INFO] IPUIPlugin:80 - create IPUIPlugin
2025-10-02 15:16:04,355 [INFO] PluginManager:220 - loadIPPluginJar : add linkedlist
2025-10-02 15:16:04,360 [INFO] IPUIPlugin:80 - create IPUIPlugin
2025-10-02 15:16:04,360 [INFO] PluginManager:220 - loadIPPluginJar : add dma
2025-10-02 15:16:04,366 [INFO] IPUIPlugin:80 - create IPUIPlugin
2025-10-02 15:16:04,366 [INFO] PluginManager:220 - loadIPPluginJar : add fmc
2025-10-02 15:16:04,368 [INFO] IPUIPlugin:80 - create IPUIPlugin
2025-10-02 15:16:04,368 [INFO] PluginManager:220 - loadIPPluginJar : add i2s
2025-10-02 15:16:04,369 [INFO] IPUIPlugin:80 - create IPUIPlugin
2025-10-02 15:16:04,370 [INFO] PluginManager:220 - loadIPPluginJar : add ucpd
2025-10-02 15:16:04,375 [INFO] IPUIPlugin:80 - create IPUIPlugin
2025-10-02 15:16:04,376 [INFO] PluginManager:220 - loadIPPluginJar : add lorawan
2025-10-02 15:16:04,381 [INFO] IPUIPlugin:80 - create IPUIPlugin
2025-10-02 15:16:04,381 [INFO] PluginManager:220 - loadIPPluginJar : add opamp
2025-10-02 15:16:04,385 [INFO] IPUIPlugin:80 - create IPUIPlugin
2025-10-02 15:16:04,385 [INFO] PluginManager:220 - loadIPPluginJar : add i3c
2025-10-02 15:16:04,388 [INFO] IPUIPlugin:80 - create IPUIPlugin
2025-10-02 15:16:04,391 [INFO] PluginManager:220 - loadIPPluginJar : add touchsensing
2025-10-02 15:16:04,395 [INFO] IPUIPlugin:80 - create IPUIPlugin
2025-10-02 15:16:04,395 [INFO] PluginManager:220 - loadIPPluginJar : add i2c
2025-10-02 15:16:04,404 [INFO] IPUIPlugin:80 - create IPUIPlugin
2025-10-02 15:16:04,404 [INFO] PluginManager:220 - loadIPPluginJar : add resmgrutility
2025-10-02 15:16:04,408 [INFO] IPUIPlugin:80 - create IPUIPlugin
2025-10-02 15:16:04,409 [INFO] PluginManager:220 - loadIPPluginJar : add sai
2025-10-02 15:16:04,413 [INFO] IPUIPlugin:80 - create IPUIPlugin
2025-10-02 15:16:04,413 [INFO] PluginManager:220 - loadIPPluginJar : add usbx
2025-10-02 15:16:04,565 [FATAL] Updater:351 - Updater called before beeing initialized
2025-10-02 15:16:04,635 [INFO] RulesReader:64 - Compatibility file has been processed (317 Rules)
2025-10-02 15:16:04,654 [INFO] RulesReader:64 - Compatibility file has been processed (317 Rules)
2025-10-02 15:16:04,666 [INFO] CADModel:165 - CPN selected for project level
2025-10-02 15:16:04,667 [INFO] CADModel:114 - Register for checkConnection events
2025-10-02 15:16:04,667 [FATAL] Updater:351 - Updater called before beeing initialized
2025-10-02 15:16:04,667 [ERROR] CADModel:125 - Updater not yet initialized, retry later 
2025-10-02 15:16:05,036 [FATAL] Updater:351 - Updater called before beeing initialized
2025-10-02 15:16:05,038 [INFO] CADModel:165 - CPN selected for project level
2025-10-02 15:16:05,038 [INFO] CADModel:114 - Register for checkConnection events
2025-10-02 15:16:05,038 [FATAL] Updater:351 - Updater called before beeing initialized
2025-10-02 15:16:05,039 [ERROR] CADModel:125 - Updater not yet initialized, retry later 
2025-10-02 15:16:05,044 [FATAL] Updater:351 - Updater called before beeing initialized
2025-10-02 15:16:05,272 [FATAL] Updater:351 - Updater called before beeing initialized
2025-10-02 15:16:05,283 [INFO] DbMcusAds:53 - JSON generation date=Tue Jul 08 01:14:23 PDT 2025 (1751962463524)
2025-10-02 15:16:05,283 [FATAL] Updater:351 - Updater called before beeing initialized
2025-10-02 15:16:05,412 [WARN] DetailPanel:346 - Failed to get advertising image, set to default
2025-10-02 15:16:05,632 [FATAL] Updater:351 - Updater called before beeing initialized
2025-10-02 15:16:05,638 [FATAL] Updater:351 - Updater called before beeing initialized
2025-10-02 15:16:05,638 [FATAL] Updater:351 - Updater called before beeing initialized
2025-10-02 15:16:05,639 [WARN] DetailPanel:346 - Failed to get advertising image, set to default
2025-10-02 15:16:05,652 [FATAL] Updater:351 - Updater called before beeing initialized
2025-10-02 15:16:05,836 [ERROR] Updater:1198 - MainUpdater not yet initialized. External WinMGr cannot be set.
2025-10-02 15:16:05,842 [INFO] Updater:1134 - Updater Version found : 6.15.0
2025-10-02 15:16:05,884 [INFO] ApplicationProperties:184 - Using Application install path: /Applications/STM32CubeIDE.app/Contents/Eclipse/plugins/com.st.stm32cube.common.mx_6.15.0.202507011659
2025-10-02 15:16:05,948 [INFO] ThirdPartyUpdaterWithRetryManager:70 - Updater plugin not ready yet. [2/15]
2025-10-02 15:16:06,548 [INFO] MainUpdater:2872 - connection check result : 10
2025-10-02 15:16:06,548 [INFO] MainUpdater:3604 - Updater definition file requires update
2025-10-02 15:16:06,550 [INFO] MainUpdater:289 - Updater Check For Update Now.
2025-10-02 15:16:06,550 [INFO] MicroXplorer:498 - Change Database Version : DB.6.0.150
2025-10-02 15:16:06,561 [INFO] McuFinderGlobals:63 - Set McuFinder mode to 2 (CubeIDE integrated)
2025-10-02 15:16:06,561 [INFO] UserAuth:171 - activating auth plugin
2025-10-02 15:16:06,572 [INFO] UserAuth:487 - Internet connection configuration mode: 1
2025-10-02 15:16:06,591 [INFO] JxBrowserEngine:152 - Initiate JxBrowser Engine with user profile folder
2025-10-02 15:16:06,605 [INFO] ServerAccessManage:452 - Complete download http(s) 200
2025-10-02 15:16:06,608 [INFO] ServerAccessManage:509 - Download File updaters.zip
2025-10-02 15:16:06,784 [INFO] FileExtend:248 - Unzip File : updaters.zip
2025-10-02 15:16:06,784 [INFO] FileExtend:263 - Standard Zip Deflate
2025-10-02 15:16:07,932 [INFO] ServerAccessManage:452 - Complete download http(s) 200
2025-10-02 15:16:07,957 [INFO] ServerAccessManage:509 - Download File PacksControlFlags.xml
2025-10-02 15:16:08,321 [INFO] ServerAccessManage:452 - Complete download http(s) 200
2025-10-02 15:16:08,321 [INFO] ServerAccessManage:509 - Download File cubemx.pidx
2025-10-02 15:16:08,952 [WARN] MainUpdater:1193 - Updater busy. Cannot search thirdparties
2025-10-02 15:16:08,955 [INFO] ThirdPartyUpdaterWithRetryManager:96 - Updater plugin is busy. [1/15]
2025-10-02 15:16:10,917 [INFO] ServerAccessManage:452 - Complete download http(s) 200
2025-10-02 15:16:10,918 [INFO] ServerAccessManage:509 - Download File STMicroelectronics.X-CUBE-TOUCHGFX.pdsc
2025-10-02 15:16:11,961 [WARN] MainUpdater:1193 - Updater busy. Cannot search thirdparties
2025-10-02 15:16:11,961 [INFO] ThirdPartyUpdaterWithRetryManager:96 - Updater plugin is busy. [2/15]
2025-10-02 15:16:14,334 [WARN] PackLoader:240 - Cannot read IP mode file for STMicroelectronics.X-CUBE-TOUCHGFX.4.26.0
2025-10-02 15:16:14,350 [INFO] PopulateThirdPartyThread:66 - Ending populate Thread
2025-10-02 15:16:14,360 [INFO] ThirdParty:1030 - CMSIS Pack Vendor :STMicroelectronics X-CUBE-TOUCHGFX 4.26.0
2025-10-02 15:16:14,360 [INFO] LoadServerUpdatesThread:375 - End of LoadServerUpdate Thread
2025-10-02 15:16:14,521 [INFO] CheckServerUpdateThread:120 - End of CheckServer Thread
2025-10-02 15:16:15,826 [WARN] PackLoader:240 - Cannot read IP mode file for STMicroelectronics.FP-SNS-MOTENVWB1.1.4.0
2025-10-02 15:16:16,219 [WARN] PackLoader:240 - Cannot read IP mode file for STMicroelectronics.FP-ATR-ASTRA1.2.0.2
2025-10-02 15:16:16,448 [WARN] PackLoader:240 - Cannot read IP mode file for STMicroelectronics.X-CUBE-SMBUS.2.1.0
2025-10-02 15:16:16,552 [INFO] WebApp:169 - Instantiating new browser for Auth
2025-10-02 15:16:16,559 [WARN] PackLoader:240 - Cannot read IP mode file for STMicroelectronics.X-CUBE-ST60.1.0.0
2025-10-02 15:16:16,876 [WARN] PackLoader:240 - Cannot read IP mode file for STMicroelectronics.X-CUBE-AZRTOS-F7.1.1.0
2025-10-02 15:16:16,990 [WARN] PackLoader:240 - Cannot read IP mode file for Cesanta.I-CUBE-Mongoose.7.19.0
2025-10-02 15:16:17,031 [WARN] PackLoader:240 - Cannot read IP mode file for WES.I-CUBE-Cesium.1.4.0
2025-10-02 15:16:17,269 [WARN] PackLoader:240 - Cannot read IP mode file for Infineon.AIROC-Wi-Fi-Bluetooth-STM32.1.7.1
2025-10-02 15:16:17,996 [WARN] PackLoader:240 - Cannot read IP mode file for STMicroelectronics.X-CUBE-AZRTOS-H7.3.4.0
2025-10-02 15:16:18,241 [WARN] PackLoader:240 - Cannot read IP mode file for STMicroelectronics.X-CUBE-DISPLAY.3.0.0
2025-10-02 15:16:18,371 [WARN] PackLoader:240 - Cannot read IP mode file for STMicroelectronics.X-CUBE-NFC10.1.0.0
2025-10-02 15:16:18,416 [WARN] PackLoader:240 - Cannot read IP mode file for emotas.I-CUBE-CANOPEN.1.3.0
2025-10-02 15:16:18,468 [WARN] PackLoader:240 - Cannot read IP mode file for STMicroelectronics.FP-SNS-STBOX1.2.1.0
2025-10-02 15:16:18,512 [WARN] PackLoader:240 - Cannot read IP mode file for STMicroelectronics.FP-SNS-SMARTAG2.1.2.0
2025-10-02 15:16:18,532 [WARN] PackLoader:240 - Cannot read IP mode file for STMicroelectronics.FP-SNS-FLIGHT1.5.1.0
2025-10-02 15:16:18,561 [INFO] LogOutputStream:77 - [STDOUT_REDIRECT] 1 : Invalid condition id : UX_CORESTACK_Condition cause : null
2025-10-02 15:16:18,569 [INFO] LogOutputStream:77 - [STDOUT_REDIRECT] 1 : Invalid condition id : UX_CORESTACK_Condition cause : null
2025-10-02 15:16:18,570 [INFO] LogOutputStream:77 - [STDOUT_REDIRECT] 1 : Invalid condition id : UX_CORESTACK_Condition cause : null
2025-10-02 15:16:18,571 [INFO] LogOutputStream:77 - [STDOUT_REDIRECT] 1 : Invalid condition id : UX_CORESTACK_Condition cause : null
2025-10-02 15:16:18,573 [INFO] LogOutputStream:77 - [STDOUT_REDIRECT] 1 : Invalid condition id : UX_CORESTACK_Condition cause : null
2025-10-02 15:16:18,596 [WARN] PackLoader:240 - Cannot read IP mode file for STMicroelectronics.X-CUBE-AZRTOS-WL.2.0.0
2025-10-02 15:16:18,631 [WARN] PackLoader:240 - Cannot read IP mode file for STMicroelectronics.FP-SNS-MOTENV1.5.0.0
2025-10-02 15:16:18,662 [WARN] PackLoader:240 - Cannot read IP mode file for WES.I-CUBE-Cesium.1.3.0
2025-10-02 15:16:18,679 [WARN] PackLoader:240 - Cannot read IP mode file for STMicroelectronics.X-CUBE-BLE2.3.3.0
2025-10-02 15:16:18,703 [WARN] PackLoader:240 - Cannot read IP mode file for STMicroelectronics.X-CUBE-NFC9.1.0.0
2025-10-02 15:16:18,752 [WARN] PackLoader:240 - Cannot read IP mode file for wolfSSL.I-CUBE-wolfSSL.5.8.2
2025-10-02 15:16:18,809 [WARN] PackLoader:240 - Cannot read IP mode file for STMicroelectronics.X-CUBE-BLE1.7.1.0
2025-10-02 15:16:18,822 [WARN] PackLoader:240 - Cannot read IP mode file for wolfSSL.I-CUBE-wolfMQTT.1.19.2
2025-10-02 15:16:18,838 [WARN] PackLoader:240 - Cannot read IP mode file for STMicroelectronics.X-CUBE-EEPRMA1.5.2.0
2025-10-02 15:16:18,855 [WARN] PackLoader:240 - Cannot read IP mode file for STMicroelectronics.X-CUBE-AI.10.1.0
2025-10-02 15:16:18,908 [WARN] PackLoader:240 - Cannot read IP mode file for STMicroelectronics.X-CUBE-AZRTOS-G0.1.1.0
2025-10-02 15:16:18,937 [WARN] PackLoader:240 - Cannot read IP mode file for STMicroelectronics.X-CUBE-SAFEA1.1.2.2
2025-10-02 15:16:18,967 [WARN] PackLoader:240 - Cannot read IP mode file for STMicroelectronics.X-CUBE-NFC4.3.0.0
2025-10-02 15:16:19,006 [WARN] PackLoader:240 - Cannot read IP mode file for EmbeddedOffice.I-CUBE-FS-RTOS.1.0.1
2025-10-02 15:16:19,043 [WARN] PackLoader:240 - Cannot read IP mode file for STMicroelectronics.X-CUBE-WB05N.2.0.0
2025-10-02 15:16:19,108 [WARN] PackLoader:240 - Cannot read IP mode file for wolfSSL.I-CUBE-wolfTPM.3.8.0
2025-10-02 15:16:19,259 [WARN] PackLoader:240 - Cannot read IP mode file for STMicroelectronics.X-CUBE-TCPP.4.2.0
2025-10-02 15:16:19,328 [WARN] PackLoader:240 - Cannot read IP mode file for RealThread.X-CUBE-RT-Thread_Nano.4.1.1
2025-10-02 15:16:19,348 [WARN] PackLoader:240 - Cannot read IP mode file for STMicroelectronics.FP-ATR-SIGFOX1.3.2.0
2025-10-02 15:16:19,375 [WARN] PackLoader:240 - Cannot read IP mode file for ITTIA_DB.I-CUBE-ITTIADB.8.9.0
2025-10-02 15:16:19,418 [WARN] PackLoader:240 - Cannot read IP mode file for STMicroelectronics.X-CUBE-ST67W61.1.0.0
2025-10-02 15:16:19,437 [WARN] PackLoader:240 - Cannot read IP mode file for STMicroelectronics.X-CUBE-AI.10.2.0
2025-10-02 15:16:19,650 [WARN] PackLoader:240 - Cannot read IP mode file for SEGGER.I-CUBE-embOS.1.3.1
2025-10-02 15:16:19,838 [WARN] PackLoader:240 - Cannot read IP mode file for STMicroelectronics.X-CUBE-ALGOBUILD.1.4.0
2025-10-02 15:16:20,625 [WARN] PackLoader:240 - Cannot read IP mode file for STMicroelectronics.X-CUBE-MEMS1.11.3.0
2025-10-02 15:16:20,997 [WARN] PackLoader:240 - Cannot read IP mode file for STMicroelectronics.X-CUBE-PM33A1.1.0.0
2025-10-02 15:16:21,071 [WARN] PackLoader:240 - Cannot read IP mode file for STMicroelectronics.X-CUBE-AZRTOS-F4.1.1.0
2025-10-02 15:16:21,096 [WARN] PackLoader:240 - Cannot read IP mode file for Avnet-IotConnect.X-CUBE-IoTC-DA16k-PMOD.1.0.0
2025-10-02 15:16:21,123 [WARN] PackLoader:240 - Cannot read IP mode file for STMicroelectronics.X-CUBE-ISPU.2.1.0
2025-10-02 15:16:21,146 [WARN] PackLoader:240 - Cannot read IP mode file for STMicroelectronics.X-CUBE-NFC12.1.0.0
2025-10-02 15:16:21,203 [WARN] PackLoader:240 - Cannot read IP mode file for STMicroelectronics.X-CUBE-AZRTOS-L5.2.0.0
2025-10-02 15:16:21,242 [WARN] PackLoader:240 - Cannot read IP mode file for STMicroelectronics.X-CUBE-NFC6.3.1.0
2025-10-02 15:16:21,266 [WARN] PackLoader:240 - Cannot read IP mode file for STMicroelectronics.X-CUBE-FREERTOS.1.3.1
2025-10-02 15:16:21,279 [WARN] PackLoader:240 - Cannot read IP mode file for STMicroelectronics.X-CUBE-TOUCHGFX.4.26.0
2025-10-02 15:16:21,307 [WARN] PackLoader:240 - Cannot read IP mode file for STMicroelectronics.FP-SNS-STAIOTCFT.1.0.0
2025-10-02 15:16:21,341 [WARN] PackLoader:240 - Cannot read IP mode file for STMicroelectronics.X-CUBE-DPower.1.3.0
2025-10-02 15:16:21,420 [INFO] WebApp:463 - Apply proxy settings
2025-10-02 15:16:21,492 [WARN] ConditionMgr:438 - getConditionDescription Invalid condition id : LAN8742 Phy interface Condition cause : null
2025-10-02 15:16:21,498 [INFO] WebApp:508 - Chromium authenticates against Manually configured proxy
2025-10-02 15:16:21,501 [WARN] PackLoader:240 - Cannot read IP mode file for STMicroelectronics.X-CUBE-AZRTOS-L4.2.0.0
2025-10-02 15:16:21,515 [WARN] ConditionMgr:1044 - genDependencies : Invalid condition id : LAN8742 Phy interface Condition cause : null
2025-10-02 15:16:21,521 [WARN] ConditionMgr:1044 - genDependencies : Invalid condition id : LAN8742 Phy interface Condition cause : null
2025-10-02 15:16:21,531 [WARN] ConditionMgr:1044 - genDependencies : Invalid condition id : LAN8742 Phy interface Condition cause : null
2025-10-02 15:16:21,545 [INFO] WebApp:516 - Username used for proxy authentication: 
2025-10-02 15:16:21,576 [WARN] PackLoader:240 - Cannot read IP mode file for STMicroelectronics.X-CUBE-SFXS2LP1.4.0.0
2025-10-02 15:16:21,691 [WARN] PackLoader:240 - Cannot read IP mode file for STMicroelectronics.X-CUBE-BLEMGR.4.1.0
2025-10-02 15:16:21,707 [INFO] WebApp:900 - Register for checkConnection events
2025-10-02 15:16:21,708 [INFO] WebApp:463 - Apply proxy settings
2025-10-02 15:16:21,718 [INFO] WebApp:508 - Chromium authenticates against Manually configured proxy
2025-10-02 15:16:21,719 [INFO] WebApp:516 - Username used for proxy authentication: 
2025-10-02 15:16:21,791 [WARN] ConditionMgr:438 - getConditionDescription Invalid condition id : UX DEVICE CLASS RTOS Condition cause : null
2025-10-02 15:16:21,793 [WARN] ConditionMgr:438 - getConditionDescription Invalid condition id : UX DEVICE CLASS RTOS Condition cause : null
2025-10-02 15:16:21,808 [WARN] PackLoader:240 - Cannot read IP mode file for STMicroelectronics.X-CUBE-AZRTOS-WB.2.0.0
2025-10-02 15:16:21,811 [WARN] ConditionMgr:1044 - genDependencies : Invalid condition id : UX DEVICE CLASS RTOS Condition cause : null
2025-10-02 15:16:21,811 [WARN] ConditionMgr:1044 - genDependencies : Invalid condition id : UX DEVICE CLASS RTOS Condition cause : null
2025-10-02 15:16:21,814 [WARN] ConditionMgr:1044 - genDependencies : Invalid condition id : UX DEVICE CLASS RTOS Condition cause : null
2025-10-02 15:16:21,816 [WARN] ConditionMgr:1044 - genDependencies : Invalid condition id : UX DEVICE CLASS RTOS Condition cause : null
2025-10-02 15:16:21,817 [WARN] ConditionMgr:1044 - genDependencies : Invalid condition id : UX DEVICE CLASS RTOS Condition cause : null
2025-10-02 15:16:21,865 [WARN] PackLoader:240 - Cannot read IP mode file for STMicroelectronics.X-CUBE-GNSS1.7.0.1
2025-10-02 15:16:21,911 [WARN] PackLoader:240 - Cannot read IP mode file for STMicroelectronics.X-CUBE-TOUCHGFX.4.25.0
2025-10-02 15:16:21,952 [WARN] PackLoader:240 - Cannot read IP mode file for STMicroelectronics.FP-SNS-STBOX1.2.0.0
2025-10-02 15:16:21,999 [WARN] ConditionMgr:438 - getConditionDescription Invalid condition id : Cortex-A Device cause : null
2025-10-02 15:16:22,342 [WARN] ConditionMgr:1044 - genDependencies : Invalid condition id : Cortex-A Device cause : null
2025-10-02 15:16:22,343 [WARN] ConditionMgr:1044 - genDependencies : Invalid condition id : Cortex-A Device cause : null
2025-10-02 15:16:22,344 [WARN] ConditionMgr:1044 - genDependencies : Invalid condition id : Cortex-A Device cause : null
2025-10-02 15:16:22,439 [WARN] PackLoader:240 - Cannot read IP mode file for STMicroelectronics.X-CUBE-SUBG2.5.0.0
2025-10-02 15:16:22,527 [INFO] WebApp:191 - Connection restablished
2025-10-02 15:16:22,745 [WARN] PackLoader:240 - Cannot read IP mode file for STMicroelectronics.X-CUBE-AZRTOS-H7RS.1.1.0
2025-10-02 15:16:22,789 [WARN] PackLoader:240 - Cannot read IP mode file for Cesanta.I-CUBE-Mongoose.7.13.0
2025-10-02 15:16:22,847 [WARN] PackLoader:240 - Cannot read IP mode file for STMicroelectronics.X-CUBE-AZRTOS-G4.2.0.0
2025-10-02 15:16:22,874 [WARN] PackLoader:240 - Cannot read IP mode file for wolfSSL.I-CUBE-wolfSSH.1.4.20
2025-10-02 15:16:22,889 [WARN] PackLoader:240 - Cannot read IP mode file for STMicroelectronics.X-CUBE-NFC7.2.0.0
2025-10-02 15:16:22,945 [WARN] PackLoader:240 - Cannot read IP mode file for STMicroelectronics.X-CUBE-IPS.3.1.0
2025-10-02 15:16:22,947 [INFO] WebApp:225 - Starting web application
2025-10-02 15:16:22,951 [INFO] WebApp:593 - Web application path used /Applications/STM32CubeIDE.app/Contents/Eclipse/plugins/com.st.stm32cube.common.mx_6.15.0.202507011659/db/plugins/mcufinder/reactClient1/index.html
2025-10-02 15:16:22,990 [WARN] PackLoader:240 - Cannot read IP mode file for STMicroelectronics.X-CUBE-ALS.1.0.2
2025-10-02 15:16:23,053 [WARN] PackLoader:240 - Cannot read IP mode file for STMicroelectronics.X-CUBE-STSE01.1.0.0
2025-10-02 15:16:23,074 [WARN] PackLoader:240 - Cannot read IP mode file for portGmbH.I-Cube-SoM-uGOAL.1.1.0
2025-10-02 15:16:23,118 [WARN] PackLoader:240 - Cannot read IP mode file for STMicroelectronics.X-CUBE-TOF1.3.4.3
2025-10-02 15:16:23,151 [INFO] ThirdParty:978 - Integrity check success = true
2025-10-02 15:16:23,154 [INFO] IntegrityCheckThread:100 - exiting critical section [integrity check]
2025-10-02 15:16:23,155 [INFO] IntegrityCheckThread:103 - End integrity checks thread
2025-10-02 18:46:43,559 [INFO] WebApp:194 - Connection lost
2025-10-02 18:46:44,602 [INFO] WebApp:191 - Connection restablished
2025-10-02 18:47:17,772 [INFO] WebApp:194 - Connection lost
2025-10-02 18:47:18,098 [INFO] WebApp:191 - Connection restablished
2025-10-02 18:47:33,327 [INFO] WebApp:194 - Connection lost
2025-10-02 18:47:33,515 [INFO] WebApp:191 - Connection restablished
2025-10-02 18:47:52,579 [INFO] WebApp:194 - Connection lost
2025-10-02 18:47:52,821 [INFO] WebApp:191 - Connection restablished
2025-10-02 18:48:01,593 [INFO] WebApp:194 - Connection lost
2025-10-02 18:48:01,773 [INFO] WebApp:191 - Connection restablished
2025-10-02 18:48:47,732 [INFO] WebApp:194 - Connection lost
2025-10-02 18:48:48,016 [INFO] WebApp:191 - Connection restablished
2025-10-02 18:49:44,244 [INFO] WebApp:194 - Connection lost
2025-10-02 18:49:44,813 [INFO] WebApp:191 - Connection restablished
2025-10-02 18:49:52,425 [INFO] WebApp:194 - Connection lost
2025-10-02 18:49:52,512 [INFO] WebApp:191 - Connection restablished
2025-10-02 18:50:03,163 [INFO] WebApp:194 - Connection lost
2025-10-02 18:50:03,282 [INFO] WebApp:191 - Connection restablished
2025-10-02 18:50:31,314 [INFO] WebApp:194 - Connection lost
2025-10-02 18:50:31,611 [INFO] WebApp:191 - Connection restablished
2025-10-02 18:54:39,628 [INFO] WebApp:194 - Connection lost
2025-10-02 18:54:40,065 [INFO] WebApp:191 - Connection restablished
2025-10-02 19:01:19,210 [INFO] WebApp:194 - Connection lost
2025-10-02 19:01:19,538 [INFO] WebApp:191 - Connection restablished
2025-10-02 19:03:53,942 [INFO] WebApp:194 - Connection lost
2025-10-02 19:03:54,197 [INFO] WebApp:191 - Connection restablished
2025-10-02 19:04:10,454 [INFO] WebApp:194 - Connection lost
2025-10-02 19:04:11,440 [INFO] WebApp:191 - Connection restablished
2025-10-02 19:05:04,809 [INFO] WebApp:194 - Connection lost
2025-10-02 19:05:05,602 [INFO] WebApp:191 - Connection restablished
2025-10-02 19:05:07,063 [INFO] WebApp:194 - Connection lost
2025-10-02 19:05:07,435 [INFO] WebApp:191 - Connection restablished
2025-10-02 19:05:16,335 [INFO] WebApp:194 - Connection lost
2025-10-02 19:05:16,716 [INFO] WebApp:191 - Connection restablished
2025-10-02 19:05:24,569 [INFO] WebApp:194 - Connection lost
2025-10-02 19:05:25,090 [INFO] WebApp:191 - Connection restablished
2025-10-02 19:06:09,122 [INFO] WebApp:194 - Connection lost
2025-10-02 19:06:09,850 [INFO] WebApp:191 - Connection restablished
2025-10-02 19:06:20,483 [INFO] WebApp:194 - Connection lost
2025-10-02 19:06:20,751 [INFO] WebApp:191 - Connection restablished
2025-10-02 19:06:29,489 [INFO] WebApp:194 - Connection lost
2025-10-02 19:06:29,801 [INFO] WebApp:191 - Connection restablished
2025-10-02 19:07:13,933 [INFO] WebApp:194 - Connection lost
2025-10-02 19:07:14,172 [INFO] WebApp:191 - Connection restablished
2025-10-02 19:07:23,345 [INFO] WebApp:194 - Connection lost
2025-10-02 19:07:23,923 [INFO] WebApp:191 - Connection restablished
2025-10-02 19:07:25,201 [INFO] WebApp:194 - Connection lost
2025-10-02 19:07:26,390 [INFO] WebApp:191 - Connection restablished
2025-10-02 19:09:59,929 [INFO] WebApp:194 - Connection lost
2025-10-02 19:10:00,778 [INFO] WebApp:191 - Connection restablished
2025-10-02 19:10:09,771 [INFO] WebApp:194 - Connection lost
2025-10-02 19:10:10,279 [INFO] WebApp:191 - Connection restablished
2025-10-02 19:17:39,200 [INFO] WebApp:194 - Connection lost
2025-10-02 19:17:39,949 [INFO] WebApp:191 - Connection restablished
2025-10-02 19:17:51,904 [INFO] WebApp:194 - Connection lost
2025-10-02 19:17:52,897 [INFO] WebApp:191 - Connection restablished
2025-10-02 19:18:40,358 [INFO] WebApp:194 - Connection lost
2025-10-02 19:18:40,606 [INFO] WebApp:191 - Connection restablished
2025-10-02 19:19:07,687 [INFO] WebApp:194 - Connection lost
2025-10-02 19:19:07,834 [INFO] WebApp:191 - Connection restablished
2025-10-02 19:19:23,164 [INFO] WebApp:194 - Connection lost
2025-10-02 19:19:23,495 [INFO] WebApp:191 - Connection restablished
2025-10-02 19:19:43,219 [INFO] WebApp:194 - Connection lost
2025-10-02 19:19:43,794 [INFO] WebApp:191 - Connection restablished
2025-10-02 19:34:51,415 [INFO] WebApp:194 - Connection lost
2025-10-02 19:34:52,219 [INFO] WebApp:191 - Connection restablished
2025-10-02 19:36:18,977 [INFO] WebApp:194 - Connection lost
2025-10-02 19:36:19,238 [INFO] WebApp:191 - Connection restablished
2025-10-02 19:36:52,302 [INFO] WebApp:194 - Connection lost
2025-10-02 19:36:52,542 [INFO] WebApp:191 - Connection restablished
2025-10-02 19:37:08,854 [INFO] WebApp:194 - Connection lost
2025-10-02 19:37:09,118 [INFO] WebApp:191 - Connection restablished
2025-10-02 19:38:17,770 [INFO] WebApp:194 - Connection lost
2025-10-02 19:38:17,885 [INFO] WebApp:191 - Connection restablished
2025-10-02 19:39:16,753 [INFO] WebApp:194 - Connection lost
2025-10-02 19:39:17,008 [INFO] WebApp:191 - Connection restablished
2025-10-02 19:52:40,962 [INFO] WebApp:194 - Connection lost
2025-10-02 19:52:42,468 [INFO] WebApp:191 - Connection restablished
2025-10-02 19:53:20,650 [INFO] WebApp:194 - Connection lost
2025-10-02 19:53:21,118 [INFO] WebApp:191 - Connection restablished
2025-10-02 19:53:21,245 [INFO] WebApp:194 - Connection lost
2025-10-02 19:53:21,967 [INFO] WebApp:191 - Connection restablished
