2026-03-03 17:45:07,547 [INFO] Activator:176 - 


2026-03-03 17:45:07,551 [INFO] Activator:177 - !SESSION log4j initialized
2026-03-03 17:45:13,502 [INFO] LogOutputStream:77 - [STDOUT_REDIRECT] 
2026-03-03 17:45:13,852 [ERROR] LogOutputStream:75 - [STDERR_REDIRECT] 
2026-03-03 17:45:16,480 [INFO] LogOutputStream:77 - [STDOUT_REDIRECT] 
2026-03-03 17:45:18,723 [INFO] ApplicationProperties:184 - Using Application install path: /Applications/STM32CubeIDE.app/Contents/Eclipse/plugins/com.st.stm32cube.common.mx_6.15.0.202507011659
2026-03-03 17:45:18,738 [INFO] DbMcusXml:78 - Set database path to: /Applications/STM32CubeIDE.app/Contents/Eclipse/plugins/com.st.stm32cube.common.mx_6.15.0.202507011659//db//mcu/
2026-03-03 17:45:18,738 [INFO] ApiDb:274 - Set plugin database path to: /Applications/STM32CubeIDE.app/Contents/Eclipse/plugins/com.st.stm32cube.common.mx_6.15.0.202507011659//db//plugins/boardmanager/
2026-03-03 17:45:18,739 [WARN] ApiDb:259 - Overriding images path with different value:  => /Applications/STM32CubeIDE.app/Contents/Eclipse/plugins/com.st.stm32cube.common.mx_6.15.0.202507011659//db//plugins/mcufinder/images/
2026-03-03 17:45:18,745 [INFO] ApiDb:250 - Set database path to: /Users/sheen/.stmcufinder/plugins/mcufinder//mcu/
2026-03-03 17:45:18,745 [INFO] DbMcusAds:125 - Set database path to: /Users/sheen/.stmcufinder/plugins/mcufinder//mcu/
2026-03-03 17:45:18,747 [INFO] CrossReferenceDbSqlite:203 - Set database path to: /Users/sheen/.stmcufinder/plugins/mcufinder//mcu/cs/
2026-03-03 17:45:18,880 [INFO] RulesReader:64 - Compatibility file has been processed (317 Rules)
2026-03-03 17:45:18,928 [INFO] DbMcusXml:78 - Set database path to: /Applications/STM32CubeIDE.app/Contents/Eclipse/plugins/com.st.stm32cube.common.mx_6.15.0.202507011659//db//mcu/
2026-03-03 17:45:18,929 [INFO] ApiDb:274 - Set plugin database path to: /Applications/STM32CubeIDE.app/Contents/Eclipse/plugins/com.st.stm32cube.common.mx_6.15.0.202507011659//db//plugins/boardmanager/
2026-03-03 17:45:18,929 [INFO] ApiDb:261 - Set plugin images path to: /Applications/STM32CubeIDE.app/Contents/Eclipse/plugins/com.st.stm32cube.common.mx_6.15.0.202507011659//db//plugins/mcufinder/images/
2026-03-03 17:45:18,929 [WARN] DbFile:41 - Overriding database path with different value: /Users/sheen/.stmcufinder/plugins/mcufinder/ => /Users/sheen/.stmcufinder/plugins/mcufinder
2026-03-03 17:45:18,929 [INFO] ApiDb:250 - Set database path to: /Users/sheen/.stmcufinder/plugins/mcufinder//mcu/
2026-03-03 17:45:18,929 [WARN] DbFile:41 - Overriding database path with different value: /Users/sheen/.stmcufinder/plugins/mcufinder/ => /Users/sheen/.stmcufinder/plugins/mcufinder
2026-03-03 17:45:18,929 [INFO] DbMcusAds:125 - Set database path to: /Users/sheen/.stmcufinder/plugins/mcufinder//mcu/
2026-03-03 17:45:18,929 [WARN] DbFile:41 - Overriding database path with different value: /Users/sheen/.stmcufinder/plugins/mcufinder/ => /Users/sheen/.stmcufinder/plugins/mcufinder
2026-03-03 17:45:18,930 [WARN] DbFile:41 - Overriding database path with different value: /Users/sheen/.stmcufinder/plugins/mcufinder/ => /Users/sheen/.stmcufinder/plugins/mcufinder
2026-03-03 17:45:18,930 [INFO] CrossReferenceDbSqlite:203 - Set database path to: /Users/sheen/.stmcufinder/plugins/mcufinder//mcu/cs/
2026-03-03 17:45:18,991 [INFO] MainPanel:274 - HeapMemory: 268435456
2026-03-03 17:45:19,262 [INFO] DbMcusXml:78 - Set database path to: /Applications/STM32CubeIDE.app/Contents/Eclipse/plugins/com.st.stm32cube.common.mx_6.15.0.202507011659//db//mcu/
2026-03-03 17:45:19,262 [INFO] ApiDb:274 - Set plugin database path to: /Applications/STM32CubeIDE.app/Contents/Eclipse/plugins/com.st.stm32cube.common.mx_6.15.0.202507011659//db//plugins/boardmanager/
2026-03-03 17:45:19,262 [INFO] ApiDb:261 - Set plugin images path to: /Applications/STM32CubeIDE.app/Contents/Eclipse/plugins/com.st.stm32cube.common.mx_6.15.0.202507011659//db//plugins/mcufinder/images/
2026-03-03 17:45:19,263 [WARN] DbFile:41 - Overriding database path with different value: /Users/sheen/.stmcufinder/plugins/mcufinder/ => /Users/sheen/.stmcufinder/plugins/mcufinder
2026-03-03 17:45:19,263 [INFO] ApiDb:250 - Set database path to: /Users/sheen/.stmcufinder/plugins/mcufinder//mcu/
2026-03-03 17:45:19,263 [WARN] DbFile:41 - Overriding database path with different value: /Users/sheen/.stmcufinder/plugins/mcufinder/ => /Users/sheen/.stmcufinder/plugins/mcufinder
2026-03-03 17:45:19,263 [INFO] DbMcusAds:125 - Set database path to: /Users/sheen/.stmcufinder/plugins/mcufinder//mcu/
2026-03-03 17:45:19,263 [WARN] DbFile:41 - Overriding database path with different value: /Users/sheen/.stmcufinder/plugins/mcufinder/ => /Users/sheen/.stmcufinder/plugins/mcufinder
2026-03-03 17:45:19,263 [WARN] DbFile:41 - Overriding database path with different value: /Users/sheen/.stmcufinder/plugins/mcufinder/ => /Users/sheen/.stmcufinder/plugins/mcufinder
2026-03-03 17:45:19,263 [INFO] CrossReferenceDbSqlite:203 - Set database path to: /Users/sheen/.stmcufinder/plugins/mcufinder//mcu/cs/
2026-03-03 17:45:19,278 [INFO] ApplicationProperties:184 - Using Application install path: /Applications/STM32CubeIDE.app/Contents/Eclipse/plugins/com.st.stm32cube.common.mx_6.15.0.202507011659
2026-03-03 17:45:19,279 [INFO] PluginManage:196 - Search for loadable plugins [exclusion list=, ]
2026-03-03 17:45:19,280 [INFO] PluginManage:310 - Check plugin analytics
2026-03-03 17:45:19,445 [INFO] AnalyticsPlugin:253 - Accepted Software Licenses: STM32CubeMX.6.15.0
2026-03-03 17:45:19,445 [INFO] AnalyticsPlugin:255 - Accepted CMSIS Pack Licenses: 
2026-03-03 17:45:19,445 [INFO] AnalyticsPlugin:257 - Accepted Firmware Licenses: FW.F4.1.28.0
2026-03-03 17:45:19,453 [INFO] PluginManage:359 - Loaded plugin analytics (category:tool,tabindex:-1)
2026-03-03 17:45:19,454 [INFO] PluginManage:310 - Check plugin cadmodel
2026-03-03 17:45:19,466 [INFO] CADModel:105 - Init CAD model plugin
2026-03-03 17:45:19,467 [INFO] PluginManage:359 - Loaded plugin cadmodel (category:power,tabindex:5)
2026-03-03 17:45:19,467 [INFO] PluginManage:310 - Check plugin clock
2026-03-03 17:45:19,479 [INFO] PluginManage:359 - Loaded plugin clock (category:base,tabindex:2)
2026-03-03 17:45:19,479 [INFO] PluginManage:310 - Check plugin ddr
2026-03-03 17:45:19,481 [INFO] PluginManage:359 - Loaded plugin ddr (category:tool,tabindex:6)
2026-03-03 17:45:19,481 [INFO] PluginManage:310 - Check plugin filemanager
2026-03-03 17:45:19,649 [INFO] PluginManage:359 - Loaded plugin filemanager (category:base,tabindex:10)
2026-03-03 17:45:19,649 [INFO] PluginManage:310 - Check plugin ipmanager
2026-03-03 17:45:19,659 [INFO] PluginManage:359 - Loaded plugin ipmanager (category:base,tabindex:5)
2026-03-03 17:45:19,659 [INFO] PluginManage:310 - Check plugin lpbam
2026-03-03 17:45:19,669 [INFO] PluginManage:359 - Loaded plugin lpbam (category:base,tabindex:0)
2026-03-03 17:45:19,669 [INFO] PluginManage:310 - Check plugin memorymap
2026-03-03 17:45:19,682 [INFO] PluginManage:359 - Loaded plugin memorymap (category:base,tabindex:4)
2026-03-03 17:45:19,682 [INFO] PluginManage:310 - Check plugin pinoutandconfiguration
2026-03-03 17:45:19,689 [INFO] PluginManage:359 - Loaded plugin pinoutandconfiguration (category:base,tabindex:1)
2026-03-03 17:45:19,689 [INFO] PluginManage:310 - Check plugin pinoutconfig
2026-03-03 17:45:19,761 [WARN] SupportedApi:132 - Cannot load RTOS API schema: s4s-elt-must-match.1: The content of 'definitions' must match (annotation?, (simpleType | complexType)?, (unique | key | keyref)*)). A problem was found starting at: attribute.
2026-03-03 17:45:19,893 [INFO] PluginManage:359 - Loaded plugin pinoutconfig (category:base,tabindex:0)
2026-03-03 17:45:19,893 [INFO] PluginManage:310 - Check plugin power
2026-03-03 17:45:19,900 [INFO] PluginManage:359 - Loaded plugin power (category:power,tabindex:4)
2026-03-03 17:45:19,901 [INFO] PluginManage:310 - Check plugin projectmanager
2026-03-03 17:45:19,933 [INFO] PluginManage:359 - Loaded plugin projectmanager (category:projectmanager,tabindex:4)
2026-03-03 17:45:19,933 [INFO] PluginManage:310 - Check plugin rif
2026-03-03 17:45:19,939 [INFO] PluginManage:359 - Loaded plugin rif (category:base,tabindex:3)
2026-03-03 17:45:19,939 [INFO] PluginManage:310 - Check plugin thirdparty
2026-03-03 17:45:20,086 [INFO] PluginManage:359 - Loaded plugin thirdparty (category:base,tabindex:-1)
2026-03-03 17:45:20,086 [INFO] PluginManage:310 - Check plugin tools
2026-03-03 17:45:20,086 [WARN] IntegrityCheckThread:84 - waiting for thirdparty lock release [integrity check]
2026-03-03 17:45:20,088 [INFO] IntegrityCheckThread:86 - entering critical section [integrity check]
2026-03-03 17:45:20,088 [INFO] PluginManage:359 - Loaded plugin tools (category:base,tabindex:7)
2026-03-03 17:45:20,088 [INFO] PluginManage:310 - Check plugin tutovideos
2026-03-03 17:45:20,089 [INFO] ThirdPartyUpdaterWithRetryManager:70 - Updater plugin not ready yet. [1/15]
2026-03-03 17:45:20,242 [INFO] PluginManage:359 - Loaded plugin tutovideos (category:base,tabindex:-1)
2026-03-03 17:45:20,242 [INFO] PluginManage:310 - Check plugin updater
2026-03-03 17:45:20,268 [INFO] PluginManage:359 - Loaded plugin updater (category:base,tabindex:12)
2026-03-03 17:45:20,268 [INFO] PluginManage:310 - Check plugin userauth
2026-03-03 17:45:20,272 [INFO] UserAuth:118 - Init User Auth plugin
2026-03-03 17:45:20,273 [INFO] PluginManage:359 - Loaded plugin userauth (category:base,tabindex:14)
2026-03-03 17:45:20,273 [INFO] PluginManage:283 - PluginManage : Loaded plugins [18]
2026-03-03 17:45:20,469 [INFO] PinOutPanel:1589 - setPackage(No Configuration,No Configuration)
2026-03-03 17:45:20,536 [INFO] CADModel:165 - CPN selected for project level
2026-03-03 17:45:20,536 [INFO] CADModel:114 - Register for checkConnection events
2026-03-03 17:45:20,546 [INFO] IPUIPlugin:80 - create IPUIPlugin
2026-03-03 17:45:20,546 [INFO] PluginManager:220 - loadIPPluginJar : add mdma
2026-03-03 17:45:20,552 [INFO] IPUIPlugin:80 - create IPUIPlugin
2026-03-03 17:45:20,552 [INFO] PluginManager:220 - loadIPPluginJar : add freertos
2026-03-03 17:45:20,555 [INFO] IPUIPlugin:80 - create IPUIPlugin
2026-03-03 17:45:20,555 [INFO] PluginManager:220 - loadIPPluginJar : add gic
2026-03-03 17:45:20,562 [INFO] IPUIPlugin:80 - create IPUIPlugin
2026-03-03 17:45:20,562 [INFO] PluginManager:220 - loadIPPluginJar : add adc
2026-03-03 17:45:20,563 [INFO] IPUIPlugin:80 - create IPUIPlugin
2026-03-03 17:45:20,563 [INFO] PluginManager:220 - loadIPPluginJar : add gtzc
2026-03-03 17:45:20,565 [INFO] IPUIPlugin:80 - create IPUIPlugin
2026-03-03 17:45:20,565 [INFO] PluginManager:220 - loadIPPluginJar : add quadspi
2026-03-03 17:45:20,567 [INFO] IPUIPlugin:80 - create IPUIPlugin
2026-03-03 17:45:20,567 [INFO] PluginManager:220 - loadIPPluginJar : add aes
2026-03-03 17:45:20,568 [INFO] IPUIPlugin:80 - create IPUIPlugin
2026-03-03 17:45:20,568 [INFO] PluginManager:220 - loadIPPluginJar : add pdm2pcm
2026-03-03 17:45:20,570 [INFO] IPUIPlugin:80 - create IPUIPlugin
2026-03-03 17:45:20,570 [INFO] PluginManager:220 - loadIPPluginJar : add hash
2026-03-03 17:45:20,571 [INFO] IPUIPlugin:80 - create IPUIPlugin
2026-03-03 17:45:20,571 [INFO] PluginManager:220 - loadIPPluginJar : add tim
2026-03-03 17:45:20,572 [INFO] IPUIPlugin:80 - create IPUIPlugin
2026-03-03 17:45:20,572 [INFO] PluginManager:220 - loadIPPluginJar : add tsc
2026-03-03 17:45:20,574 [INFO] IPUIPlugin:80 - create IPUIPlugin
2026-03-03 17:45:20,574 [INFO] PluginManager:220 - loadIPPluginJar : add extmemmanager
2026-03-03 17:45:20,575 [INFO] IPUIPlugin:80 - create IPUIPlugin
2026-03-03 17:45:20,575 [INFO] PluginManager:220 - loadIPPluginJar : add ts
2026-03-03 17:45:20,576 [INFO] IPUIPlugin:80 - create IPUIPlugin
2026-03-03 17:45:20,576 [INFO] PluginManager:220 - loadIPPluginJar : add radio
2026-03-03 17:45:20,577 [INFO] IPUIPlugin:80 - create IPUIPlugin
2026-03-03 17:45:20,577 [INFO] PluginManager:220 - loadIPPluginJar : add can
2026-03-03 17:45:20,578 [INFO] IPUIPlugin:80 - create IPUIPlugin
2026-03-03 17:45:20,578 [INFO] PluginManager:220 - loadIPPluginJar : add dma3
2026-03-03 17:45:20,579 [INFO] IPUIPlugin:80 - create IPUIPlugin
2026-03-03 17:45:20,580 [INFO] PluginManager:220 - loadIPPluginJar : add dfsdm
2026-03-03 17:45:20,580 [INFO] IPUIPlugin:80 - create IPUIPlugin
2026-03-03 17:45:20,580 [INFO] PluginManager:220 - loadIPPluginJar : add spi
2026-03-03 17:45:20,581 [INFO] IPUIPlugin:80 - create IPUIPlugin
2026-03-03 17:45:20,582 [INFO] PluginManager:220 - loadIPPluginJar : add gfxmmu
2026-03-03 17:45:20,583 [INFO] IPUIPlugin:80 - create IPUIPlugin
2026-03-03 17:45:20,583 [INFO] PluginManager:220 - loadIPPluginJar : add genericplugin
2026-03-03 17:45:20,584 [INFO] IPUIPlugin:80 - create IPUIPlugin
2026-03-03 17:45:20,584 [INFO] PluginManager:220 - loadIPPluginJar : add cryp
2026-03-03 17:45:20,588 [INFO] IPUIPlugin:80 - create IPUIPlugin
2026-03-03 17:45:20,588 [INFO] PluginManager:220 - loadIPPluginJar : add gpio
2026-03-03 17:45:20,591 [INFO] IPUIPlugin:80 - create IPUIPlugin
2026-03-03 17:45:20,591 [INFO] PluginManager:220 - loadIPPluginJar : add ddr_ctrl_phy
2026-03-03 17:45:20,592 [INFO] IPUIPlugin:80 - create IPUIPlugin
2026-03-03 17:45:20,592 [INFO] PluginManager:220 - loadIPPluginJar : add comp
2026-03-03 17:45:20,595 [INFO] IPUIPlugin:80 - create IPUIPlugin
2026-03-03 17:45:20,596 [INFO] PluginManager:220 - loadIPPluginJar : add tracer_emb
2026-03-03 17:45:20,598 [INFO] IPUIPlugin:80 - create IPUIPlugin
2026-03-03 17:45:20,598 [INFO] PluginManager:220 - loadIPPluginJar : add openamp
2026-03-03 17:45:20,601 [INFO] IPUIPlugin:80 - create IPUIPlugin
2026-03-03 17:45:20,601 [INFO] PluginManager:220 - loadIPPluginJar : add stm32_wpan
2026-03-03 17:45:20,604 [INFO] IPUIPlugin:80 - create IPUIPlugin
2026-03-03 17:45:20,605 [INFO] PluginManager:220 - loadIPPluginJar : add plateformsettings
2026-03-03 17:45:20,607 [INFO] IPUIPlugin:80 - create IPUIPlugin
2026-03-03 17:45:20,607 [INFO] PluginManager:220 - loadIPPluginJar : add ipddr
2026-03-03 17:45:20,609 [INFO] IPUIPlugin:80 - create IPUIPlugin
2026-03-03 17:45:20,609 [INFO] PluginManager:220 - loadIPPluginJar : add usart
2026-03-03 17:45:20,610 [INFO] IPUIPlugin:80 - create IPUIPlugin
2026-03-03 17:45:20,610 [INFO] PluginManager:220 - loadIPPluginJar : add ltdc
2026-03-03 17:45:20,611 [INFO] IPUIPlugin:80 - create IPUIPlugin
2026-03-03 17:45:20,611 [INFO] PluginManager:220 - loadIPPluginJar : add nvic
2026-03-03 17:45:20,612 [INFO] IPUIPlugin:80 - create IPUIPlugin
2026-03-03 17:45:20,612 [INFO] PluginManager:220 - loadIPPluginJar : add fatfs
2026-03-03 17:45:20,616 [INFO] IPUIPlugin:80 - create IPUIPlugin
2026-03-03 17:45:20,616 [INFO] PluginManager:220 - loadIPPluginJar : add linkedlist
2026-03-03 17:45:20,620 [INFO] IPUIPlugin:80 - create IPUIPlugin
2026-03-03 17:45:20,620 [INFO] PluginManager:220 - loadIPPluginJar : add dma
2026-03-03 17:45:20,622 [INFO] IPUIPlugin:80 - create IPUIPlugin
2026-03-03 17:45:20,622 [INFO] PluginManager:220 - loadIPPluginJar : add fmc
2026-03-03 17:45:20,623 [INFO] IPUIPlugin:80 - create IPUIPlugin
2026-03-03 17:45:20,623 [INFO] PluginManager:220 - loadIPPluginJar : add i2s
2026-03-03 17:45:20,624 [INFO] IPUIPlugin:80 - create IPUIPlugin
2026-03-03 17:45:20,624 [INFO] PluginManager:220 - loadIPPluginJar : add ucpd
2026-03-03 17:45:20,625 [INFO] IPUIPlugin:80 - create IPUIPlugin
2026-03-03 17:45:20,625 [INFO] PluginManager:220 - loadIPPluginJar : add lorawan
2026-03-03 17:45:20,626 [INFO] IPUIPlugin:80 - create IPUIPlugin
2026-03-03 17:45:20,626 [INFO] PluginManager:220 - loadIPPluginJar : add opamp
2026-03-03 17:45:20,628 [INFO] IPUIPlugin:80 - create IPUIPlugin
2026-03-03 17:45:20,628 [INFO] PluginManager:220 - loadIPPluginJar : add i3c
2026-03-03 17:45:20,629 [INFO] IPUIPlugin:80 - create IPUIPlugin
2026-03-03 17:45:20,632 [INFO] PluginManager:220 - loadIPPluginJar : add touchsensing
2026-03-03 17:45:20,634 [INFO] IPUIPlugin:80 - create IPUIPlugin
2026-03-03 17:45:20,634 [INFO] PluginManager:220 - loadIPPluginJar : add i2c
2026-03-03 17:45:20,636 [INFO] IPUIPlugin:80 - create IPUIPlugin
2026-03-03 17:45:20,636 [INFO] PluginManager:220 - loadIPPluginJar : add resmgrutility
2026-03-03 17:45:20,638 [INFO] IPUIPlugin:80 - create IPUIPlugin
2026-03-03 17:45:20,638 [INFO] PluginManager:220 - loadIPPluginJar : add sai
2026-03-03 17:45:20,639 [INFO] IPUIPlugin:80 - create IPUIPlugin
2026-03-03 17:45:20,639 [INFO] PluginManager:220 - loadIPPluginJar : add usbx
2026-03-03 17:45:20,757 [FATAL] Updater:351 - Updater called before beeing initialized
2026-03-03 17:45:20,798 [INFO] RulesReader:64 - Compatibility file has been processed (317 Rules)
2026-03-03 17:45:20,809 [INFO] RulesReader:64 - Compatibility file has been processed (317 Rules)
2026-03-03 17:45:20,816 [INFO] CADModel:165 - CPN selected for project level
2026-03-03 17:45:20,816 [INFO] CADModel:114 - Register for checkConnection events
2026-03-03 17:45:20,816 [FATAL] Updater:351 - Updater called before beeing initialized
2026-03-03 17:45:20,816 [ERROR] CADModel:125 - Updater not yet initialized, retry later 
2026-03-03 17:45:21,047 [FATAL] Updater:351 - Updater called before beeing initialized
2026-03-03 17:45:21,048 [INFO] CADModel:165 - CPN selected for project level
2026-03-03 17:45:21,048 [INFO] CADModel:114 - Register for checkConnection events
2026-03-03 17:45:21,048 [FATAL] Updater:351 - Updater called before beeing initialized
2026-03-03 17:45:21,048 [ERROR] CADModel:125 - Updater not yet initialized, retry later 
2026-03-03 17:45:21,050 [FATAL] Updater:351 - Updater called before beeing initialized
2026-03-03 17:45:21,210 [FATAL] Updater:351 - Updater called before beeing initialized
2026-03-03 17:45:21,215 [INFO] DbMcusAds:53 - JSON generation date=Tue Feb 10 04:16:36 PST 2026 (1770725796257)
2026-03-03 17:45:21,215 [FATAL] Updater:351 - Updater called before beeing initialized
2026-03-03 17:45:21,271 [WARN] DetailPanel:346 - Failed to get advertising image, set to default
2026-03-03 17:45:21,335 [FATAL] Updater:351 - Updater called before beeing initialized
2026-03-03 17:45:21,338 [FATAL] Updater:351 - Updater called before beeing initialized
2026-03-03 17:45:21,338 [FATAL] Updater:351 - Updater called before beeing initialized
2026-03-03 17:45:21,339 [WARN] DetailPanel:346 - Failed to get advertising image, set to default
2026-03-03 17:45:21,340 [FATAL] Updater:351 - Updater called before beeing initialized
2026-03-03 17:45:21,399 [ERROR] Updater:1198 - MainUpdater not yet initialized. External WinMGr cannot be set.
2026-03-03 17:45:21,402 [INFO] Updater:1134 - Updater Version found : 6.15.0
2026-03-03 17:45:21,415 [INFO] ApplicationProperties:184 - Using Application install path: /Applications/STM32CubeIDE.app/Contents/Eclipse/plugins/com.st.stm32cube.common.mx_6.15.0.202507011659
2026-03-03 17:45:21,724 [INFO] MainUpdater:2872 - connection check result : 10
2026-03-03 17:45:21,725 [INFO] MainUpdater:3604 - Updater definition file requires update
2026-03-03 17:45:21,725 [INFO] MainUpdater:289 - Updater Check For Update Now.
2026-03-03 17:45:21,726 [INFO] MicroXplorer:498 - Change Database Version : DB.6.0.150
2026-03-03 17:45:21,732 [INFO] McuFinderGlobals:63 - Set McuFinder mode to 2 (CubeIDE integrated)
2026-03-03 17:45:21,733 [INFO] UserAuth:171 - activating auth plugin
2026-03-03 17:45:21,738 [INFO] UserAuth:487 - Internet connection configuration mode: 1
2026-03-03 17:45:21,751 [INFO] JxBrowserEngine:152 - Initiate JxBrowser Engine with user profile folder
2026-03-03 17:45:21,765 [INFO] ServerAccessManage:452 - Complete download http(s) 200
2026-03-03 17:45:21,767 [INFO] ServerAccessManage:509 - Download File updaters.zip
2026-03-03 17:45:21,885 [INFO] FileExtend:248 - Unzip File : updaters.zip
2026-03-03 17:45:21,885 [INFO] FileExtend:263 - Standard Zip Deflate
2026-03-03 17:45:22,451 [INFO] ServerAccessManage:452 - Complete download http(s) 200
2026-03-03 17:45:22,458 [INFO] ServerAccessManage:509 - Download File PacksControlFlags.xml
2026-03-03 17:45:22,631 [INFO] ServerAccessManage:452 - Complete download http(s) 200
2026-03-03 17:45:22,631 [INFO] ServerAccessManage:509 - Download File cubemx.pidx
2026-03-03 17:45:23,095 [WARN] MainUpdater:1193 - Updater busy. Cannot search thirdparties
2026-03-03 17:45:23,095 [INFO] ThirdPartyUpdaterWithRetryManager:96 - Updater plugin is busy. [1/15]
2026-03-03 17:45:23,808 [INFO] ServerAccessManage:452 - Complete download http(s) 200
2026-03-03 17:45:23,809 [INFO] ServerAccessManage:509 - Download File STMicroelectronics.X-CUBE-FREERTOS.pdsc
2026-03-03 17:45:24,800 [INFO] ServerAccessManage:452 - Complete download http(s) 200
2026-03-03 17:45:24,800 [INFO] ServerAccessManage:509 - Download File STMicroelectronics.X-CUBE-TOUCHGFX.pdsc
2026-03-03 17:45:26,102 [WARN] MainUpdater:1193 - Updater busy. Cannot search thirdparties
2026-03-03 17:45:26,103 [INFO] ThirdPartyUpdaterWithRetryManager:96 - Updater plugin is busy. [2/15]
2026-03-03 17:45:27,108 [INFO] ServerAccessManage:452 - Complete download http(s) 200
2026-03-03 17:45:27,112 [INFO] ServerAccessManage:509 - Download File STMicroelectronics.X-CUBE-AZRTOS-H7.pdsc
2026-03-03 17:45:27,293 [INFO] WebApp:169 - Instantiating new browser for Auth
2026-03-03 17:45:28,553 [WARN] PackLoader:240 - Cannot read IP mode file for STMicroelectronics.X-CUBE-FREERTOS.1.5.0
2026-03-03 17:45:28,577 [WARN] PackLoader:240 - Cannot read IP mode file for STMicroelectronics.X-CUBE-TOUCHGFX.4.26.1
2026-03-03 17:45:28,654 [WARN] PackLoader:240 - Cannot read IP mode file for STMicroelectronics.X-CUBE-AZRTOS-H7.3.5.0
2026-03-03 17:45:28,662 [INFO] PopulateThirdPartyThread:66 - Ending populate Thread
2026-03-03 17:45:28,668 [INFO] ThirdParty:1030 - CMSIS Pack Vendor :STMicroelectronics X-CUBE-FREERTOS 1.5.0
2026-03-03 17:45:28,668 [INFO] ThirdParty:1030 - CMSIS Pack Vendor :STMicroelectronics X-CUBE-AZRTOS-H7 3.5.0
2026-03-03 17:45:28,668 [INFO] ThirdParty:1030 - CMSIS Pack Vendor :STMicroelectronics X-CUBE-TOUCHGFX 4.26.1
2026-03-03 17:45:28,669 [INFO] LoadServerUpdatesThread:375 - End of LoadServerUpdate Thread
2026-03-03 17:45:28,707 [INFO] CheckServerUpdateThread:120 - End of CheckServer Thread
2026-03-03 17:45:29,073 [INFO] WebApp:463 - Apply proxy settings
2026-03-03 17:45:29,081 [INFO] WebApp:508 - Chromium authenticates against Manually configured proxy
2026-03-03 17:45:29,094 [INFO] WebApp:516 - Username used for proxy authentication: 
2026-03-03 17:45:29,143 [INFO] WebApp:900 - Register for checkConnection events
2026-03-03 17:45:29,144 [INFO] WebApp:463 - Apply proxy settings
2026-03-03 17:45:29,149 [INFO] WebApp:508 - Chromium authenticates against Manually configured proxy
2026-03-03 17:45:29,151 [INFO] WebApp:516 - Username used for proxy authentication: 
2026-03-03 17:45:29,344 [INFO] WebApp:225 - Starting web application
2026-03-03 17:45:29,345 [INFO] WebApp:593 - Web application path used /Applications/STM32CubeIDE.app/Contents/Eclipse/plugins/com.st.stm32cube.common.mx_6.15.0.202507011659/db/plugins/mcufinder/reactClient1/index.html
2026-03-03 17:45:29,359 [WARN] PackLoader:240 - Cannot read IP mode file for STMicroelectronics.X-CUBE-AZRTOS-H7.3.5.0
2026-03-03 17:45:29,433 [WARN] PackLoader:240 - Cannot read IP mode file for STMicroelectronics.FP-SNS-MOTENVWB1.1.4.0
2026-03-03 17:45:29,446 [WARN] PackLoader:240 - Cannot read IP mode file for STMicroelectronics.FP-ATR-ASTRA1.2.0.2
2026-03-03 17:45:29,468 [WARN] PackLoader:240 - Cannot read IP mode file for STMicroelectronics.X-CUBE-SMBUS.2.1.0
2026-03-03 17:45:29,476 [WARN] PackLoader:240 - Cannot read IP mode file for STMicroelectronics.X-CUBE-ST60.1.0.0
2026-03-03 17:45:29,547 [WARN] PackLoader:240 - Cannot read IP mode file for STMicroelectronics.X-CUBE-AZRTOS-F7.1.1.0
2026-03-03 17:45:29,590 [WARN] PackLoader:240 - Cannot read IP mode file for Cesanta.I-CUBE-Mongoose.7.19.0
2026-03-03 17:45:29,617 [WARN] PackLoader:240 - Cannot read IP mode file for STMicroelectronics.FP-SNS-MOTENV1.5.1.0
2026-03-03 17:45:29,665 [WARN] PackLoader:240 - Cannot read IP mode file for WES.I-CUBE-Cesium.1.4.0
2026-03-03 17:45:29,775 [WARN] PackLoader:240 - Cannot read IP mode file for Infineon.AIROC-Wi-Fi-Bluetooth-STM32.1.7.1
2026-03-03 17:45:29,857 [INFO] WebApp:191 - Connection restablished
2026-03-03 17:45:29,893 [WARN] PackLoader:240 - Cannot read IP mode file for STMicroelectronics.X-CUBE-AZRTOS-H7.3.4.0
2026-03-03 17:45:29,931 [WARN] PackLoader:240 - Cannot read IP mode file for STMicroelectronics.X-CUBE-DISPLAY.3.0.0
2026-03-03 17:45:29,946 [WARN] PackLoader:240 - Cannot read IP mode file for STMicroelectronics.FP-SNS-MOTENVWB1.1.5.0
2026-03-03 17:45:29,976 [WARN] PackLoader:240 - Cannot read IP mode file for STMicroelectronics.X-CUBE-NFC10.1.0.0
2026-03-03 17:45:29,995 [WARN] PackLoader:240 - Cannot read IP mode file for STMicroelectronics.X-CUBE-ST60.1.1.0
2026-03-03 17:45:30,020 [WARN] PackLoader:240 - Cannot read IP mode file for emotas.I-CUBE-CANOPEN.1.3.0
2026-03-03 17:45:30,040 [WARN] PackLoader:240 - Cannot read IP mode file for STMicroelectronics.X-CUBE-GNSS1.7.1.0
2026-03-03 17:45:30,054 [WARN] PackLoader:240 - Cannot read IP mode file for STMicroelectronics.FP-SNS-STBOX1.2.1.0
2026-03-03 17:45:30,073 [WARN] PackLoader:240 - Cannot read IP mode file for STMicroelectronics.FP-SNS-SMARTAG2.1.2.0
2026-03-03 17:45:30,080 [WARN] PackLoader:240 - Cannot read IP mode file for STMicroelectronics.FP-SNS-FLIGHT1.5.1.0
2026-03-03 17:45:30,091 [INFO] LogOutputStream:77 - [STDOUT_REDIRECT] 1 : Invalid condition id : UX_CORESTACK_Condition cause : null
2026-03-03 17:45:30,094 [INFO] LogOutputStream:77 - [STDOUT_REDIRECT] 1 : Invalid condition id : UX_CORESTACK_Condition cause : null
2026-03-03 17:45:30,095 [INFO] LogOutputStream:77 - [STDOUT_REDIRECT] 1 : Invalid condition id : UX_CORESTACK_Condition cause : null
2026-03-03 17:45:30,095 [INFO] LogOutputStream:77 - [STDOUT_REDIRECT] 1 : Invalid condition id : UX_CORESTACK_Condition cause : null
2026-03-03 17:45:30,095 [INFO] LogOutputStream:77 - [STDOUT_REDIRECT] 1 : Invalid condition id : UX_CORESTACK_Condition cause : null
2026-03-03 17:45:30,104 [WARN] PackLoader:240 - Cannot read IP mode file for STMicroelectronics.X-CUBE-AZRTOS-WL.2.0.0
2026-03-03 17:45:30,118 [WARN] PackLoader:240 - Cannot read IP mode file for STMicroelectronics.FP-SNS-MOTENV1.5.0.0
2026-03-03 17:45:30,175 [WARN] PackLoader:240 - Cannot read IP mode file for STMicroelectronics.X-CUBE-AZRTOS-H7RS.1.2.0
2026-03-03 17:45:30,629 [WARN] PackLoader:240 - Cannot read IP mode file for WES.I-CUBE-Cesium.1.3.0
2026-03-03 17:45:30,923 [WARN] PackLoader:240 - Cannot read IP mode file for STMicroelectronics.X-CUBE-BLE2.3.3.0
2026-03-03 17:45:31,247 [WARN] PackLoader:240 - Cannot read IP mode file for STMicroelectronics.X-CUBE-NFC9.1.0.0
2026-03-03 17:45:31,258 [WARN] PackLoader:240 - Cannot read IP mode file for wolfSSL.I-CUBE-wolfSSL.5.8.2
2026-03-03 17:45:31,267 [WARN] PackLoader:240 - Cannot read IP mode file for STMicroelectronics.X-CUBE-BLE1.7.1.0
2026-03-03 17:45:31,274 [WARN] PackLoader:240 - Cannot read IP mode file for wolfSSL.I-CUBE-wolfMQTT.1.19.2
2026-03-03 17:45:31,281 [WARN] PackLoader:240 - Cannot read IP mode file for STMicroelectronics.X-CUBE-FREERTOS.1.4.0
2026-03-03 17:45:31,287 [WARN] PackLoader:240 - Cannot read IP mode file for STMicroelectronics.X-CUBE-EEPRMA1.5.2.0
2026-03-03 17:45:31,299 [WARN] PackLoader:240 - Cannot read IP mode file for STMicroelectronics.X-CUBE-ST67W61.1.1.0
2026-03-03 17:45:31,310 [WARN] PackLoader:240 - Cannot read IP mode file for STMicroelectronics.X-CUBE-AI.10.1.0
2026-03-03 17:45:31,388 [WARN] PackLoader:240 - Cannot read IP mode file for STMicroelectronics.X-CUBE-MEMS1.12.0.0
2026-03-03 17:45:31,494 [WARN] PackLoader:240 - Cannot read IP mode file for STMicroelectronics.X-CUBE-AZRTOS-G0.1.1.0
2026-03-03 17:45:31,506 [WARN] PackLoader:240 - Cannot read IP mode file for STMicroelectronics.X-CUBE-SAFEA1.1.2.2
2026-03-03 17:45:31,518 [WARN] PackLoader:240 - Cannot read IP mode file for STMicroelectronics.X-CUBE-NFC4.3.0.0
2026-03-03 17:45:31,531 [WARN] PackLoader:240 - Cannot read IP mode file for EmbeddedOffice.I-CUBE-FS-RTOS.1.0.1
2026-03-03 17:45:31,538 [WARN] PackLoader:240 - Cannot read IP mode file for STMicroelectronics.X-CUBE-WB05N.2.0.0
2026-03-03 17:45:31,544 [WARN] PackLoader:240 - Cannot read IP mode file for wolfSSL.I-CUBE-wolfTPM.3.8.0
2026-03-03 17:45:31,551 [WARN] PackLoader:240 - Cannot read IP mode file for STMicroelectronics.X-CUBE-TCPP.4.2.0
2026-03-03 17:45:31,591 [WARN] PackLoader:240 - Cannot read IP mode file for RealThread.X-CUBE-RT-Thread_Nano.4.1.1
2026-03-03 17:45:31,596 [WARN] PackLoader:240 - Cannot read IP mode file for STMicroelectronics.FP-ATR-SIGFOX1.3.2.0
2026-03-03 17:45:31,610 [WARN] PackLoader:240 - Cannot read IP mode file for STMicroelectronics.X-CUBE-FREERTOS.1.5.0
2026-03-03 17:45:31,620 [WARN] PackLoader:240 - Cannot read IP mode file for ITTIA_DB.I-CUBE-ITTIADB.8.9.0
2026-03-03 17:45:31,632 [WARN] PackLoader:240 - Cannot read IP mode file for STMicroelectronics.X-CUBE-NFC6.3.2.0
2026-03-03 17:45:31,650 [WARN] PackLoader:240 - Cannot read IP mode file for STMicroelectronics.X-CUBE-ST67W61.1.0.0
2026-03-03 17:45:31,665 [WARN] PackLoader:240 - Cannot read IP mode file for STMicroelectronics.X-CUBE-AI.10.2.0
2026-03-03 17:45:31,739 [WARN] PackLoader:240 - Cannot read IP mode file for SEGGER.I-CUBE-embOS.1.3.1
2026-03-03 17:45:31,783 [WARN] PackLoader:240 - Cannot read IP mode file for STMicroelectronics.X-CUBE-ALGOBUILD.1.4.0
2026-03-03 17:45:31,875 [WARN] PackLoader:240 - Cannot read IP mode file for STMicroelectronics.X-CUBE-MEMS1.11.3.0
2026-03-03 17:45:32,006 [WARN] PackLoader:240 - Cannot read IP mode file for STMicroelectronics.X-CUBE-PM33A1.1.0.0
2026-03-03 17:45:32,045 [WARN] PackLoader:240 - Cannot read IP mode file for STMicroelectronics.X-CUBE-AZRTOS-F4.1.1.0
2026-03-03 17:45:32,067 [WARN] PackLoader:240 - Cannot read IP mode file for Avnet-IotConnect.X-CUBE-IoTC-DA16k-PMOD.1.0.0
2026-03-03 17:45:32,074 [WARN] PackLoader:240 - Cannot read IP mode file for STMicroelectronics.X-CUBE-ISPU.2.1.0
2026-03-03 17:45:32,124 [WARN] PackLoader:240 - Cannot read IP mode file for STMicroelectronics.X-CUBE-IPS.3.2.0
2026-03-03 17:45:32,155 [WARN] PackLoader:240 - Cannot read IP mode file for STMicroelectronics.X-CUBE-NFC12.1.0.0
2026-03-03 17:45:32,183 [WARN] PackLoader:240 - Cannot read IP mode file for STMicroelectronics.X-CUBE-AZRTOS-L5.2.0.0
2026-03-03 17:45:32,201 [WARN] PackLoader:240 - Cannot read IP mode file for STMicroelectronics.X-CUBE-NFC6.3.1.0
2026-03-03 17:45:32,213 [WARN] PackLoader:240 - Cannot read IP mode file for STMicroelectronics.X-CUBE-FREERTOS.1.3.1
2026-03-03 17:45:32,217 [WARN] PackLoader:240 - Cannot read IP mode file for STMicroelectronics.X-CUBE-TOUCHGFX.4.26.0
2026-03-03 17:45:32,219 [WARN] PackLoader:240 - Cannot read IP mode file for STMicroelectronics.X-CUBE-TOUCHGFX.4.26.1
2026-03-03 17:45:32,228 [WARN] PackLoader:240 - Cannot read IP mode file for STMicroelectronics.FP-SNS-STAIOTCFT.1.0.0
2026-03-03 17:45:32,234 [WARN] PackLoader:240 - Cannot read IP mode file for STMicroelectronics.X-CUBE-DPower.1.3.0
2026-03-03 17:45:32,260 [WARN] ConditionMgr:438 - getConditionDescription Invalid condition id : LAN8742 Phy interface Condition cause : null
2026-03-03 17:45:32,261 [WARN] PackLoader:240 - Cannot read IP mode file for STMicroelectronics.X-CUBE-AZRTOS-L4.2.0.0
2026-03-03 17:45:32,264 [WARN] ConditionMgr:1044 - genDependencies : Invalid condition id : LAN8742 Phy interface Condition cause : null
2026-03-03 17:45:32,265 [WARN] ConditionMgr:1044 - genDependencies : Invalid condition id : LAN8742 Phy interface Condition cause : null
2026-03-03 17:45:32,266 [WARN] ConditionMgr:1044 - genDependencies : Invalid condition id : LAN8742 Phy interface Condition cause : null
2026-03-03 17:45:32,277 [WARN] PackLoader:240 - Cannot read IP mode file for STMicroelectronics.X-CUBE-SFXS2LP1.4.0.0
2026-03-03 17:45:32,286 [WARN] PackLoader:240 - Cannot read IP mode file for STMicroelectronics.X-CUBE-ST67W61.1.2.0
2026-03-03 17:45:32,306 [WARN] PackLoader:240 - Cannot read IP mode file for STMicroelectronics.X-CUBE-BLEMGR.4.1.0
2026-03-03 17:45:32,325 [WARN] ConditionMgr:438 - getConditionDescription Invalid condition id : UX DEVICE CLASS RTOS Condition cause : null
2026-03-03 17:45:32,326 [WARN] ConditionMgr:438 - getConditionDescription Invalid condition id : UX DEVICE CLASS RTOS Condition cause : null
2026-03-03 17:45:32,329 [WARN] PackLoader:240 - Cannot read IP mode file for STMicroelectronics.X-CUBE-AZRTOS-WB.2.0.0
2026-03-03 17:45:32,331 [WARN] ConditionMgr:1044 - genDependencies : Invalid condition id : UX DEVICE CLASS RTOS Condition cause : null
2026-03-03 17:45:32,331 [WARN] ConditionMgr:1044 - genDependencies : Invalid condition id : UX DEVICE CLASS RTOS Condition cause : null
2026-03-03 17:45:32,331 [WARN] ConditionMgr:1044 - genDependencies : Invalid condition id : UX DEVICE CLASS RTOS Condition cause : null
2026-03-03 17:45:32,332 [WARN] ConditionMgr:1044 - genDependencies : Invalid condition id : UX DEVICE CLASS RTOS Condition cause : null
2026-03-03 17:45:32,332 [WARN] ConditionMgr:1044 - genDependencies : Invalid condition id : UX DEVICE CLASS RTOS Condition cause : null
2026-03-03 17:45:32,339 [WARN] PackLoader:240 - Cannot read IP mode file for STMicroelectronics.X-CUBE-GNSS1.7.0.1
2026-03-03 17:45:32,347 [WARN] PackLoader:240 - Cannot read IP mode file for STMicroelectronics.X-CUBE-TOUCHGFX.4.25.0
2026-03-03 17:45:32,356 [WARN] PackLoader:240 - Cannot read IP mode file for STMicroelectronics.FP-SNS-STBOX1.2.0.0
2026-03-03 17:45:32,362 [WARN] ConditionMgr:438 - getConditionDescription Invalid condition id : Cortex-A Device cause : null
2026-03-03 17:45:32,379 [WARN] ConditionMgr:1044 - genDependencies : Invalid condition id : Cortex-A Device cause : null
2026-03-03 17:45:32,379 [WARN] ConditionMgr:1044 - genDependencies : Invalid condition id : Cortex-A Device cause : null
2026-03-03 17:45:32,379 [WARN] ConditionMgr:1044 - genDependencies : Invalid condition id : Cortex-A Device cause : null
2026-03-03 17:45:32,423 [WARN] PackLoader:240 - Cannot read IP mode file for STMicroelectronics.X-CUBE-STSE01.2.0.0
2026-03-03 17:45:32,461 [WARN] PackLoader:240 - Cannot read IP mode file for STMicroelectronics.X-CUBE-SUBG2.5.0.0
2026-03-03 17:45:32,499 [WARN] PackLoader:240 - Cannot read IP mode file for STMicroelectronics.X-CUBE-AZRTOS-H7RS.1.1.0
2026-03-03 17:45:32,509 [WARN] PackLoader:240 - Cannot read IP mode file for Cesanta.I-CUBE-Mongoose.7.13.0
2026-03-03 17:45:32,529 [WARN] PackLoader:240 - Cannot read IP mode file for STMicroelectronics.X-CUBE-AZRTOS-G4.2.0.0
2026-03-03 17:45:32,538 [WARN] PackLoader:240 - Cannot read IP mode file for wolfSSL.I-CUBE-wolfSSH.1.4.20
2026-03-03 17:45:32,543 [WARN] PackLoader:240 - Cannot read IP mode file for STMicroelectronics.X-CUBE-NFC7.2.0.0
2026-03-03 17:45:32,554 [WARN] PackLoader:240 - Cannot read IP mode file for STMicroelectronics.X-CUBE-IPS.3.1.0
2026-03-03 17:45:32,563 [WARN] PackLoader:240 - Cannot read IP mode file for STMicroelectronics.X-CUBE-ALS.1.0.2
2026-03-03 17:45:32,572 [WARN] PackLoader:240 - Cannot read IP mode file for STMicroelectronics.X-CUBE-STSE01.1.0.0
2026-03-03 17:45:32,580 [WARN] PackLoader:240 - Cannot read IP mode file for portGmbH.I-Cube-SoM-uGOAL.1.1.0
2026-03-03 17:45:32,594 [WARN] PackLoader:240 - Cannot read IP mode file for STMicroelectronics.X-CUBE-TOF1.3.4.3
2026-03-03 17:45:32,608 [INFO] ThirdParty:978 - Integrity check success = true
2026-03-03 17:45:32,608 [INFO] IntegrityCheckThread:100 - exiting critical section [integrity check]
2026-03-03 17:45:32,608 [INFO] IntegrityCheckThread:103 - End integrity checks thread
