2025-09-22 12:59:39,002 [INFO] Activator:176 - 


2025-09-22 12:59:39,003 [INFO] Activator:177 - !SESSION log4j initialized
2025-09-22 12:59:43,784 [INFO] LogOutputStream:77 - [STDOUT_REDIRECT] 
2025-09-22 12:59:44,091 [ERROR] LogOutputStream:75 - [STDERR_REDIRECT] 
2025-09-22 12:59:46,476 [INFO] LogOutputStream:77 - [STDOUT_REDIRECT] 
2025-09-22 12:59:48,026 [INFO] ApplicationProperties:184 - Using Application install path: /Applications/STM32CubeIDE.app/Contents/Eclipse/plugins/com.st.stm32cube.common.mx_6.15.0.202507011659
2025-09-22 12:59:48,147 [INFO] DbMcusXml:78 - Set database path to: /Applications/STM32CubeIDE.app/Contents/Eclipse/plugins/com.st.stm32cube.common.mx_6.15.0.202507011659//db//mcu/
2025-09-22 12:59:48,147 [INFO] ApiDb:274 - Set plugin database path to: /Applications/STM32CubeIDE.app/Contents/Eclipse/plugins/com.st.stm32cube.common.mx_6.15.0.202507011659//db//plugins/boardmanager/
2025-09-22 12:59:48,148 [WARN] ApiDb:259 - Overriding images path with different value:  => /Applications/STM32CubeIDE.app/Contents/Eclipse/plugins/com.st.stm32cube.common.mx_6.15.0.202507011659//db//plugins/mcufinder/images/
2025-09-22 12:59:48,810 [INFO] ApiDb:250 - Set database path to: /Users/sheen/.stmcufinder/plugins/mcufinder//mcu/
2025-09-22 12:59:48,851 [INFO] DbMcusAds:125 - Set database path to: /Users/sheen/.stmcufinder/plugins/mcufinder//mcu/
2025-09-22 12:59:48,855 [INFO] CrossReferenceDbSqlite:203 - Set database path to: /Users/sheen/.stmcufinder/plugins/mcufinder//mcu/cs/
2025-09-22 12:59:49,031 [INFO] RulesReader:64 - Compatibility file has been processed (317 Rules)
2025-09-22 12:59:49,100 [INFO] DbMcusXml:78 - Set database path to: /Applications/STM32CubeIDE.app/Contents/Eclipse/plugins/com.st.stm32cube.common.mx_6.15.0.202507011659//db//mcu/
2025-09-22 12:59:49,100 [INFO] ApiDb:274 - Set plugin database path to: /Applications/STM32CubeIDE.app/Contents/Eclipse/plugins/com.st.stm32cube.common.mx_6.15.0.202507011659//db//plugins/boardmanager/
2025-09-22 12:59:49,100 [INFO] ApiDb:261 - Set plugin images path to: /Applications/STM32CubeIDE.app/Contents/Eclipse/plugins/com.st.stm32cube.common.mx_6.15.0.202507011659//db//plugins/mcufinder/images/
2025-09-22 12:59:49,101 [WARN] DbFile:41 - Overriding database path with different value: /Users/sheen/.stmcufinder/plugins/mcufinder/ => /Users/sheen/.stmcufinder/plugins/mcufinder
2025-09-22 12:59:49,101 [INFO] ApiDb:250 - Set database path to: /Users/sheen/.stmcufinder/plugins/mcufinder//mcu/
2025-09-22 12:59:49,101 [WARN] DbFile:41 - Overriding database path with different value: /Users/sheen/.stmcufinder/plugins/mcufinder/ => /Users/sheen/.stmcufinder/plugins/mcufinder
2025-09-22 12:59:49,102 [INFO] DbMcusAds:125 - Set database path to: /Users/sheen/.stmcufinder/plugins/mcufinder//mcu/
2025-09-22 12:59:49,102 [WARN] DbFile:41 - Overriding database path with different value: /Users/sheen/.stmcufinder/plugins/mcufinder/ => /Users/sheen/.stmcufinder/plugins/mcufinder
2025-09-22 12:59:49,102 [WARN] DbFile:41 - Overriding database path with different value: /Users/sheen/.stmcufinder/plugins/mcufinder/ => /Users/sheen/.stmcufinder/plugins/mcufinder
2025-09-22 12:59:49,102 [INFO] CrossReferenceDbSqlite:203 - Set database path to: /Users/sheen/.stmcufinder/plugins/mcufinder//mcu/cs/
2025-09-22 12:59:49,178 [INFO] MainPanel:274 - HeapMemory: 268435456
2025-09-22 12:59:50,111 [INFO] DbMcusXml:78 - Set database path to: /Applications/STM32CubeIDE.app/Contents/Eclipse/plugins/com.st.stm32cube.common.mx_6.15.0.202507011659//db//mcu/
2025-09-22 12:59:50,115 [INFO] ApiDb:274 - Set plugin database path to: /Applications/STM32CubeIDE.app/Contents/Eclipse/plugins/com.st.stm32cube.common.mx_6.15.0.202507011659//db//plugins/boardmanager/
2025-09-22 12:59:50,120 [INFO] ApiDb:261 - Set plugin images path to: /Applications/STM32CubeIDE.app/Contents/Eclipse/plugins/com.st.stm32cube.common.mx_6.15.0.202507011659//db//plugins/mcufinder/images/
2025-09-22 12:59:50,121 [WARN] DbFile:41 - Overriding database path with different value: /Users/sheen/.stmcufinder/plugins/mcufinder/ => /Users/sheen/.stmcufinder/plugins/mcufinder
2025-09-22 12:59:50,121 [INFO] ApiDb:250 - Set database path to: /Users/sheen/.stmcufinder/plugins/mcufinder//mcu/
2025-09-22 12:59:50,121 [WARN] DbFile:41 - Overriding database path with different value: /Users/sheen/.stmcufinder/plugins/mcufinder/ => /Users/sheen/.stmcufinder/plugins/mcufinder
2025-09-22 12:59:50,121 [INFO] DbMcusAds:125 - Set database path to: /Users/sheen/.stmcufinder/plugins/mcufinder//mcu/
2025-09-22 12:59:50,121 [WARN] DbFile:41 - Overriding database path with different value: /Users/sheen/.stmcufinder/plugins/mcufinder/ => /Users/sheen/.stmcufinder/plugins/mcufinder
2025-09-22 12:59:50,121 [WARN] DbFile:41 - Overriding database path with different value: /Users/sheen/.stmcufinder/plugins/mcufinder/ => /Users/sheen/.stmcufinder/plugins/mcufinder
2025-09-22 12:59:50,122 [INFO] CrossReferenceDbSqlite:203 - Set database path to: /Users/sheen/.stmcufinder/plugins/mcufinder//mcu/cs/
2025-09-22 12:59:50,187 [INFO] ApplicationProperties:184 - Using Application install path: /Applications/STM32CubeIDE.app/Contents/Eclipse/plugins/com.st.stm32cube.common.mx_6.15.0.202507011659
2025-09-22 12:59:50,190 [INFO] PluginManage:196 - Search for loadable plugins [exclusion list=, ]
2025-09-22 12:59:50,195 [INFO] PluginManage:310 - Check plugin analytics
2025-09-22 12:59:50,742 [INFO] AnalyticsPlugin:253 - Accepted Software Licenses: STM32CubeMX.6.15.0
2025-09-22 12:59:50,744 [INFO] AnalyticsPlugin:255 - Accepted CMSIS Pack Licenses: 
2025-09-22 12:59:50,747 [INFO] AnalyticsPlugin:257 - Accepted Firmware Licenses: FW.F4.1.28.0
2025-09-22 12:59:50,749 [INFO] PluginManage:359 - Loaded plugin analytics (category:tool,tabindex:-1)
2025-09-22 12:59:50,754 [INFO] PluginManage:310 - Check plugin cadmodel
2025-09-22 12:59:50,790 [INFO] CADModel:105 - Init CAD model plugin
2025-09-22 12:59:50,791 [INFO] PluginManage:359 - Loaded plugin cadmodel (category:power,tabindex:5)
2025-09-22 12:59:50,793 [INFO] PluginManage:310 - Check plugin clock
2025-09-22 12:59:50,806 [INFO] PluginManage:359 - Loaded plugin clock (category:base,tabindex:2)
2025-09-22 12:59:50,806 [INFO] PluginManage:310 - Check plugin ddr
2025-09-22 12:59:50,809 [INFO] PluginManage:359 - Loaded plugin ddr (category:tool,tabindex:6)
2025-09-22 12:59:50,809 [INFO] PluginManage:310 - Check plugin filemanager
2025-09-22 12:59:51,010 [INFO] PluginManage:359 - Loaded plugin filemanager (category:base,tabindex:10)
2025-09-22 12:59:51,011 [INFO] PluginManage:310 - Check plugin ipmanager
2025-09-22 12:59:51,024 [INFO] PluginManage:359 - Loaded plugin ipmanager (category:base,tabindex:5)
2025-09-22 12:59:51,024 [INFO] PluginManage:310 - Check plugin lpbam
2025-09-22 12:59:51,042 [INFO] PluginManage:359 - Loaded plugin lpbam (category:base,tabindex:0)
2025-09-22 12:59:51,042 [INFO] PluginManage:310 - Check plugin memorymap
2025-09-22 12:59:51,058 [INFO] PluginManage:359 - Loaded plugin memorymap (category:base,tabindex:4)
2025-09-22 12:59:51,058 [INFO] PluginManage:310 - Check plugin pinoutandconfiguration
2025-09-22 12:59:51,078 [INFO] PluginManage:359 - Loaded plugin pinoutandconfiguration (category:base,tabindex:1)
2025-09-22 12:59:51,078 [INFO] PluginManage:310 - Check plugin pinoutconfig
2025-09-22 12:59:51,201 [WARN] SupportedApi:132 - Cannot load RTOS API schema: s4s-elt-must-match.1: The content of 'definitions' must match (annotation?, (simpleType | complexType)?, (unique | key | keyref)*)). A problem was found starting at: attribute.
2025-09-22 12:59:51,786 [INFO] PluginManage:359 - Loaded plugin pinoutconfig (category:base,tabindex:0)
2025-09-22 12:59:51,788 [INFO] PluginManage:310 - Check plugin power
2025-09-22 12:59:51,817 [INFO] PluginManage:359 - Loaded plugin power (category:power,tabindex:4)
2025-09-22 12:59:51,823 [INFO] PluginManage:310 - Check plugin projectmanager
2025-09-22 12:59:52,546 [INFO] PluginManage:359 - Loaded plugin projectmanager (category:projectmanager,tabindex:4)
2025-09-22 12:59:52,547 [INFO] PluginManage:310 - Check plugin rif
2025-09-22 12:59:52,570 [INFO] PluginManage:359 - Loaded plugin rif (category:base,tabindex:3)
2025-09-22 12:59:52,716 [INFO] PluginManage:310 - Check plugin thirdparty
2025-09-22 12:59:53,990 [INFO] PluginManage:359 - Loaded plugin thirdparty (category:base,tabindex:-1)
2025-09-22 12:59:53,991 [INFO] PluginManage:310 - Check plugin tools
2025-09-22 12:59:53,989 [WARN] IntegrityCheckThread:84 - waiting for thirdparty lock release [integrity check]
2025-09-22 12:59:53,994 [INFO] IntegrityCheckThread:86 - entering critical section [integrity check]
2025-09-22 12:59:53,995 [INFO] ThirdPartyUpdaterWithRetryManager:70 - Updater plugin not ready yet. [1/15]
2025-09-22 12:59:54,001 [INFO] PluginManage:359 - Loaded plugin tools (category:base,tabindex:7)
2025-09-22 12:59:54,002 [INFO] PluginManage:310 - Check plugin tutovideos
2025-09-22 12:59:54,331 [INFO] PluginManage:359 - Loaded plugin tutovideos (category:base,tabindex:-1)
2025-09-22 12:59:54,331 [INFO] PluginManage:310 - Check plugin updater
2025-09-22 12:59:54,393 [INFO] PluginManage:359 - Loaded plugin updater (category:base,tabindex:12)
2025-09-22 12:59:54,394 [INFO] PluginManage:310 - Check plugin userauth
2025-09-22 12:59:54,400 [INFO] UserAuth:118 - Init User Auth plugin
2025-09-22 12:59:54,403 [INFO] PluginManage:359 - Loaded plugin userauth (category:base,tabindex:14)
2025-09-22 12:59:54,406 [INFO] PluginManage:283 - PluginManage : Loaded plugins [18]
2025-09-22 12:59:54,742 [INFO] PinOutPanel:1589 - setPackage(No Configuration,No Configuration)
2025-09-22 12:59:54,859 [INFO] CADModel:165 - CPN selected for project level
2025-09-22 12:59:54,859 [INFO] CADModel:114 - Register for checkConnection events
2025-09-22 12:59:54,872 [INFO] IPUIPlugin:80 - create IPUIPlugin
2025-09-22 12:59:54,873 [INFO] PluginManager:220 - loadIPPluginJar : add mdma
2025-09-22 12:59:54,878 [INFO] IPUIPlugin:80 - create IPUIPlugin
2025-09-22 12:59:54,879 [INFO] PluginManager:220 - loadIPPluginJar : add freertos
2025-09-22 12:59:54,883 [INFO] IPUIPlugin:80 - create IPUIPlugin
2025-09-22 12:59:54,883 [INFO] PluginManager:220 - loadIPPluginJar : add gic
2025-09-22 12:59:54,892 [INFO] IPUIPlugin:80 - create IPUIPlugin
2025-09-22 12:59:54,892 [INFO] PluginManager:220 - loadIPPluginJar : add adc
2025-09-22 12:59:54,894 [INFO] IPUIPlugin:80 - create IPUIPlugin
2025-09-22 12:59:54,894 [INFO] PluginManager:220 - loadIPPluginJar : add gtzc
2025-09-22 12:59:54,895 [INFO] IPUIPlugin:80 - create IPUIPlugin
2025-09-22 12:59:54,895 [INFO] PluginManager:220 - loadIPPluginJar : add quadspi
2025-09-22 12:59:54,897 [INFO] IPUIPlugin:80 - create IPUIPlugin
2025-09-22 12:59:54,897 [INFO] PluginManager:220 - loadIPPluginJar : add aes
2025-09-22 12:59:54,899 [INFO] IPUIPlugin:80 - create IPUIPlugin
2025-09-22 12:59:54,899 [INFO] PluginManager:220 - loadIPPluginJar : add pdm2pcm
2025-09-22 12:59:54,900 [INFO] IPUIPlugin:80 - create IPUIPlugin
2025-09-22 12:59:54,900 [INFO] PluginManager:220 - loadIPPluginJar : add hash
2025-09-22 12:59:54,901 [INFO] IPUIPlugin:80 - create IPUIPlugin
2025-09-22 12:59:54,901 [INFO] PluginManager:220 - loadIPPluginJar : add tim
2025-09-22 12:59:54,902 [INFO] IPUIPlugin:80 - create IPUIPlugin
2025-09-22 12:59:54,902 [INFO] PluginManager:220 - loadIPPluginJar : add tsc
2025-09-22 12:59:54,903 [INFO] IPUIPlugin:80 - create IPUIPlugin
2025-09-22 12:59:54,904 [INFO] PluginManager:220 - loadIPPluginJar : add extmemmanager
2025-09-22 12:59:54,908 [INFO] IPUIPlugin:80 - create IPUIPlugin
2025-09-22 12:59:54,908 [INFO] PluginManager:220 - loadIPPluginJar : add ts
2025-09-22 12:59:54,908 [INFO] IPUIPlugin:80 - create IPUIPlugin
2025-09-22 12:59:54,909 [INFO] PluginManager:220 - loadIPPluginJar : add radio
2025-09-22 12:59:54,910 [INFO] IPUIPlugin:80 - create IPUIPlugin
2025-09-22 12:59:54,910 [INFO] PluginManager:220 - loadIPPluginJar : add can
2025-09-22 12:59:54,912 [INFO] IPUIPlugin:80 - create IPUIPlugin
2025-09-22 12:59:54,912 [INFO] PluginManager:220 - loadIPPluginJar : add dma3
2025-09-22 12:59:54,915 [INFO] IPUIPlugin:80 - create IPUIPlugin
2025-09-22 12:59:54,915 [INFO] PluginManager:220 - loadIPPluginJar : add dfsdm
2025-09-22 12:59:54,916 [INFO] IPUIPlugin:80 - create IPUIPlugin
2025-09-22 12:59:54,916 [INFO] PluginManager:220 - loadIPPluginJar : add spi
2025-09-22 12:59:54,918 [INFO] IPUIPlugin:80 - create IPUIPlugin
2025-09-22 12:59:54,918 [INFO] PluginManager:220 - loadIPPluginJar : add gfxmmu
2025-09-22 12:59:54,921 [INFO] IPUIPlugin:80 - create IPUIPlugin
2025-09-22 12:59:54,921 [INFO] PluginManager:220 - loadIPPluginJar : add genericplugin
2025-09-22 12:59:54,923 [INFO] IPUIPlugin:80 - create IPUIPlugin
2025-09-22 12:59:54,923 [INFO] PluginManager:220 - loadIPPluginJar : add cryp
2025-09-22 12:59:54,926 [INFO] IPUIPlugin:80 - create IPUIPlugin
2025-09-22 12:59:54,926 [INFO] PluginManager:220 - loadIPPluginJar : add gpio
2025-09-22 12:59:54,928 [INFO] IPUIPlugin:80 - create IPUIPlugin
2025-09-22 12:59:54,929 [INFO] PluginManager:220 - loadIPPluginJar : add ddr_ctrl_phy
2025-09-22 12:59:54,930 [INFO] IPUIPlugin:80 - create IPUIPlugin
2025-09-22 12:59:54,931 [INFO] PluginManager:220 - loadIPPluginJar : add comp
2025-09-22 12:59:54,932 [INFO] IPUIPlugin:80 - create IPUIPlugin
2025-09-22 12:59:54,933 [INFO] PluginManager:220 - loadIPPluginJar : add tracer_emb
2025-09-22 12:59:54,935 [INFO] IPUIPlugin:80 - create IPUIPlugin
2025-09-22 12:59:54,935 [INFO] PluginManager:220 - loadIPPluginJar : add openamp
2025-09-22 12:59:54,939 [INFO] IPUIPlugin:80 - create IPUIPlugin
2025-09-22 12:59:54,941 [INFO] PluginManager:220 - loadIPPluginJar : add stm32_wpan
2025-09-22 12:59:54,945 [INFO] IPUIPlugin:80 - create IPUIPlugin
2025-09-22 12:59:54,946 [INFO] PluginManager:220 - loadIPPluginJar : add plateformsettings
2025-09-22 12:59:54,949 [INFO] IPUIPlugin:80 - create IPUIPlugin
2025-09-22 12:59:54,949 [INFO] PluginManager:220 - loadIPPluginJar : add ipddr
2025-09-22 12:59:54,950 [INFO] IPUIPlugin:80 - create IPUIPlugin
2025-09-22 12:59:54,951 [INFO] PluginManager:220 - loadIPPluginJar : add usart
2025-09-22 12:59:54,952 [INFO] IPUIPlugin:80 - create IPUIPlugin
2025-09-22 12:59:54,952 [INFO] PluginManager:220 - loadIPPluginJar : add ltdc
2025-09-22 12:59:54,954 [INFO] IPUIPlugin:80 - create IPUIPlugin
2025-09-22 12:59:54,954 [INFO] PluginManager:220 - loadIPPluginJar : add nvic
2025-09-22 12:59:54,955 [INFO] IPUIPlugin:80 - create IPUIPlugin
2025-09-22 12:59:54,955 [INFO] PluginManager:220 - loadIPPluginJar : add fatfs
2025-09-22 12:59:54,959 [INFO] IPUIPlugin:80 - create IPUIPlugin
2025-09-22 12:59:54,959 [INFO] PluginManager:220 - loadIPPluginJar : add linkedlist
2025-09-22 12:59:54,965 [INFO] IPUIPlugin:80 - create IPUIPlugin
2025-09-22 12:59:54,966 [INFO] PluginManager:220 - loadIPPluginJar : add dma
2025-09-22 12:59:54,970 [INFO] IPUIPlugin:80 - create IPUIPlugin
2025-09-22 12:59:54,970 [INFO] PluginManager:220 - loadIPPluginJar : add fmc
2025-09-22 12:59:54,971 [INFO] IPUIPlugin:80 - create IPUIPlugin
2025-09-22 12:59:54,971 [INFO] PluginManager:220 - loadIPPluginJar : add i2s
2025-09-22 12:59:54,972 [INFO] IPUIPlugin:80 - create IPUIPlugin
2025-09-22 12:59:54,972 [INFO] PluginManager:220 - loadIPPluginJar : add ucpd
2025-09-22 12:59:54,974 [INFO] IPUIPlugin:80 - create IPUIPlugin
2025-09-22 12:59:54,974 [INFO] PluginManager:220 - loadIPPluginJar : add lorawan
2025-09-22 12:59:54,975 [INFO] IPUIPlugin:80 - create IPUIPlugin
2025-09-22 12:59:54,976 [INFO] PluginManager:220 - loadIPPluginJar : add opamp
2025-09-22 12:59:54,977 [INFO] IPUIPlugin:80 - create IPUIPlugin
2025-09-22 12:59:54,977 [INFO] PluginManager:220 - loadIPPluginJar : add i3c
2025-09-22 12:59:54,979 [INFO] IPUIPlugin:80 - create IPUIPlugin
2025-09-22 12:59:54,979 [INFO] PluginManager:220 - loadIPPluginJar : add touchsensing
2025-09-22 12:59:54,983 [INFO] IPUIPlugin:80 - create IPUIPlugin
2025-09-22 12:59:54,984 [INFO] PluginManager:220 - loadIPPluginJar : add i2c
2025-09-22 12:59:54,988 [INFO] IPUIPlugin:80 - create IPUIPlugin
2025-09-22 12:59:54,989 [INFO] PluginManager:220 - loadIPPluginJar : add resmgrutility
2025-09-22 12:59:54,993 [INFO] IPUIPlugin:80 - create IPUIPlugin
2025-09-22 12:59:54,995 [INFO] PluginManager:220 - loadIPPluginJar : add sai
2025-09-22 12:59:55,003 [INFO] IPUIPlugin:80 - create IPUIPlugin
2025-09-22 12:59:55,013 [INFO] PluginManager:220 - loadIPPluginJar : add usbx
2025-09-22 12:59:55,181 [FATAL] Updater:351 - Updater called before beeing initialized
2025-09-22 12:59:55,282 [INFO] RulesReader:64 - Compatibility file has been processed (317 Rules)
2025-09-22 12:59:55,304 [INFO] RulesReader:64 - Compatibility file has been processed (317 Rules)
2025-09-22 12:59:55,320 [INFO] CADModel:165 - CPN selected for project level
2025-09-22 12:59:55,320 [INFO] CADModel:114 - Register for checkConnection events
2025-09-22 12:59:55,321 [FATAL] Updater:351 - Updater called before beeing initialized
2025-09-22 12:59:55,321 [ERROR] CADModel:125 - Updater not yet initialized, retry later 
2025-09-22 12:59:56,044 [FATAL] Updater:351 - Updater called before beeing initialized
2025-09-22 12:59:56,068 [INFO] CADModel:165 - CPN selected for project level
2025-09-22 12:59:56,070 [INFO] CADModel:114 - Register for checkConnection events
2025-09-22 12:59:56,070 [FATAL] Updater:351 - Updater called before beeing initialized
2025-09-22 12:59:56,070 [ERROR] CADModel:125 - Updater not yet initialized, retry later 
2025-09-22 12:59:56,081 [FATAL] Updater:351 - Updater called before beeing initialized
2025-09-22 12:59:56,378 [FATAL] Updater:351 - Updater called before beeing initialized
2025-09-22 12:59:56,392 [INFO] DbMcusAds:53 - JSON generation date=Tue Jul 08 01:14:23 PDT 2025 (1751962463524)
2025-09-22 12:59:56,393 [FATAL] Updater:351 - Updater called before beeing initialized
2025-09-22 12:59:56,758 [WARN] DetailPanel:346 - Failed to get advertising image, set to default
2025-09-22 12:59:56,839 [FATAL] Updater:351 - Updater called before beeing initialized
2025-09-22 12:59:56,844 [FATAL] Updater:351 - Updater called before beeing initialized
2025-09-22 12:59:56,844 [FATAL] Updater:351 - Updater called before beeing initialized
2025-09-22 12:59:56,845 [WARN] DetailPanel:346 - Failed to get advertising image, set to default
2025-09-22 12:59:56,848 [FATAL] Updater:351 - Updater called before beeing initialized
2025-09-22 12:59:56,930 [ERROR] Updater:1198 - MainUpdater not yet initialized. External WinMGr cannot be set.
2025-09-22 12:59:56,943 [INFO] Updater:1134 - Updater Version found : 6.15.0
2025-09-22 12:59:56,960 [INFO] ApplicationProperties:184 - Using Application install path: /Applications/STM32CubeIDE.app/Contents/Eclipse/plugins/com.st.stm32cube.common.mx_6.15.0.202507011659
2025-09-22 12:59:57,000 [INFO] ThirdPartyUpdaterWithRetryManager:70 - Updater plugin not ready yet. [2/15]
2025-09-22 12:59:57,435 [INFO] MainUpdater:2872 - connection check result : 10
2025-09-22 12:59:57,437 [INFO] MainUpdater:289 - Updater Check For Update Now.
2025-09-22 12:59:57,437 [INFO] MicroXplorer:498 - Change Database Version : DB.6.0.150
2025-09-22 12:59:57,452 [INFO] McuFinderGlobals:63 - Set McuFinder mode to 2 (CubeIDE integrated)
2025-09-22 12:59:57,453 [INFO] UserAuth:171 - activating auth plugin
2025-09-22 12:59:57,477 [INFO] UserAuth:487 - Internet connection configuration mode: 1
2025-09-22 12:59:57,495 [INFO] JxBrowserEngine:152 - Initiate JxBrowser Engine with user profile folder
2025-09-22 12:59:57,708 [INFO] CheckServerUpdateThread:120 - End of CheckServer Thread
2025-09-22 13:00:00,239 [WARN] PackLoader:240 - Cannot read IP mode file for STMicroelectronics.FP-SNS-MOTENVWB1.1.4.0
2025-09-22 13:00:00,256 [WARN] PackLoader:240 - Cannot read IP mode file for STMicroelectronics.FP-ATR-ASTRA1.2.0.2
2025-09-22 13:00:00,279 [WARN] PackLoader:240 - Cannot read IP mode file for STMicroelectronics.X-CUBE-SMBUS.2.1.0
2025-09-22 13:00:00,286 [WARN] PackLoader:240 - Cannot read IP mode file for STMicroelectronics.X-CUBE-ST60.1.0.0
2025-09-22 13:00:00,331 [WARN] PackLoader:240 - Cannot read IP mode file for STMicroelectronics.X-CUBE-AZRTOS-F7.1.1.0
2025-09-22 13:00:00,352 [WARN] PackLoader:240 - Cannot read IP mode file for Cesanta.I-CUBE-Mongoose.7.19.0
2025-09-22 13:00:00,379 [WARN] PackLoader:240 - Cannot read IP mode file for WES.I-CUBE-Cesium.1.4.0
2025-09-22 13:00:00,558 [WARN] PackLoader:240 - Cannot read IP mode file for Infineon.AIROC-Wi-Fi-Bluetooth-STM32.1.7.1
2025-09-22 13:00:00,652 [WARN] PackLoader:240 - Cannot read IP mode file for STMicroelectronics.X-CUBE-AZRTOS-H7.3.4.0
2025-09-22 13:00:00,700 [WARN] PackLoader:240 - Cannot read IP mode file for STMicroelectronics.X-CUBE-DISPLAY.3.0.0
2025-09-22 13:00:00,759 [WARN] PackLoader:240 - Cannot read IP mode file for STMicroelectronics.X-CUBE-NFC10.1.0.0
2025-09-22 13:00:00,769 [WARN] PackLoader:240 - Cannot read IP mode file for emotas.I-CUBE-CANOPEN.1.3.0
2025-09-22 13:00:00,782 [WARN] PackLoader:240 - Cannot read IP mode file for STMicroelectronics.FP-SNS-STBOX1.2.1.0
2025-09-22 13:00:00,791 [WARN] PackLoader:240 - Cannot read IP mode file for STMicroelectronics.FP-SNS-SMARTAG2.1.2.0
2025-09-22 13:00:00,797 [WARN] PackLoader:240 - Cannot read IP mode file for STMicroelectronics.FP-SNS-FLIGHT1.5.1.0
2025-09-22 13:00:00,806 [INFO] LogOutputStream:77 - [STDOUT_REDIRECT] 1 : Invalid condition id : UX_CORESTACK_Condition cause : null
2025-09-22 13:00:00,808 [INFO] LogOutputStream:77 - [STDOUT_REDIRECT] 1 : Invalid condition id : UX_CORESTACK_Condition cause : null
2025-09-22 13:00:00,808 [INFO] LogOutputStream:77 - [STDOUT_REDIRECT] 1 : Invalid condition id : UX_CORESTACK_Condition cause : null
2025-09-22 13:00:00,808 [INFO] LogOutputStream:77 - [STDOUT_REDIRECT] 1 : Invalid condition id : UX_CORESTACK_Condition cause : null
2025-09-22 13:00:00,808 [INFO] LogOutputStream:77 - [STDOUT_REDIRECT] 1 : Invalid condition id : UX_CORESTACK_Condition cause : null
2025-09-22 13:00:00,815 [WARN] PackLoader:240 - Cannot read IP mode file for STMicroelectronics.X-CUBE-AZRTOS-WL.2.0.0
2025-09-22 13:00:00,828 [WARN] PackLoader:240 - Cannot read IP mode file for STMicroelectronics.FP-SNS-MOTENV1.5.0.0
2025-09-22 13:00:00,843 [WARN] PackLoader:240 - Cannot read IP mode file for WES.I-CUBE-Cesium.1.3.0
2025-09-22 13:00:00,877 [WARN] PackLoader:240 - Cannot read IP mode file for STMicroelectronics.X-CUBE-BLE2.3.3.0
2025-09-22 13:00:00,898 [WARN] PackLoader:240 - Cannot read IP mode file for STMicroelectronics.X-CUBE-NFC9.1.0.0
2025-09-22 13:00:00,913 [WARN] PackLoader:240 - Cannot read IP mode file for wolfSSL.I-CUBE-wolfSSL.5.8.2
2025-09-22 13:00:00,926 [WARN] PackLoader:240 - Cannot read IP mode file for STMicroelectronics.X-CUBE-BLE1.7.1.0
2025-09-22 13:00:00,934 [WARN] PackLoader:240 - Cannot read IP mode file for wolfSSL.I-CUBE-wolfMQTT.1.19.2
2025-09-22 13:00:00,942 [WARN] PackLoader:240 - Cannot read IP mode file for STMicroelectronics.X-CUBE-EEPRMA1.5.2.0
2025-09-22 13:00:00,954 [WARN] PackLoader:240 - Cannot read IP mode file for STMicroelectronics.X-CUBE-AI.10.1.0
2025-09-22 13:00:00,974 [WARN] PackLoader:240 - Cannot read IP mode file for STMicroelectronics.X-CUBE-AZRTOS-G0.1.1.0
2025-09-22 13:00:00,984 [WARN] PackLoader:240 - Cannot read IP mode file for STMicroelectronics.X-CUBE-SAFEA1.1.2.2
2025-09-22 13:00:00,997 [WARN] PackLoader:240 - Cannot read IP mode file for STMicroelectronics.X-CUBE-NFC4.3.0.0
2025-09-22 13:00:01,008 [WARN] PackLoader:240 - Cannot read IP mode file for EmbeddedOffice.I-CUBE-FS-RTOS.1.0.1
2025-09-22 13:00:01,016 [WARN] PackLoader:240 - Cannot read IP mode file for STMicroelectronics.X-CUBE-WB05N.2.0.0
2025-09-22 13:00:01,022 [WARN] PackLoader:240 - Cannot read IP mode file for wolfSSL.I-CUBE-wolfTPM.3.8.0
2025-09-22 13:00:01,027 [WARN] PackLoader:240 - Cannot read IP mode file for STMicroelectronics.X-CUBE-TCPP.4.2.0
2025-09-22 13:00:01,033 [WARN] PackLoader:240 - Cannot read IP mode file for RealThread.X-CUBE-RT-Thread_Nano.4.1.1
2025-09-22 13:00:01,036 [WARN] PackLoader:240 - Cannot read IP mode file for STMicroelectronics.FP-ATR-SIGFOX1.3.2.0
2025-09-22 13:00:01,039 [WARN] PackLoader:240 - Cannot read IP mode file for ITTIA_DB.I-CUBE-ITTIADB.8.9.0
2025-09-22 13:00:01,046 [WARN] PackLoader:240 - Cannot read IP mode file for STMicroelectronics.X-CUBE-ST67W61.1.0.0
2025-09-22 13:00:01,054 [WARN] PackLoader:240 - Cannot read IP mode file for STMicroelectronics.X-CUBE-AI.10.2.0
2025-09-22 13:00:01,115 [WARN] PackLoader:240 - Cannot read IP mode file for SEGGER.I-CUBE-embOS.1.3.1
2025-09-22 13:00:01,187 [WARN] PackLoader:240 - Cannot read IP mode file for STMicroelectronics.X-CUBE-ALGOBUILD.1.4.0
2025-09-22 13:00:01,272 [WARN] PackLoader:240 - Cannot read IP mode file for STMicroelectronics.X-CUBE-MEMS1.11.3.0
2025-09-22 13:00:01,397 [WARN] PackLoader:240 - Cannot read IP mode file for STMicroelectronics.X-CUBE-PM33A1.1.0.0
2025-09-22 13:00:01,451 [WARN] PackLoader:240 - Cannot read IP mode file for STMicroelectronics.X-CUBE-AZRTOS-F4.1.1.0
2025-09-22 13:00:01,461 [WARN] PackLoader:240 - Cannot read IP mode file for Avnet-IotConnect.X-CUBE-IoTC-DA16k-PMOD.1.0.0
2025-09-22 13:00:01,466 [WARN] PackLoader:240 - Cannot read IP mode file for STMicroelectronics.X-CUBE-ISPU.2.1.0
2025-09-22 13:00:01,475 [WARN] PackLoader:240 - Cannot read IP mode file for STMicroelectronics.X-CUBE-NFC12.1.0.0
2025-09-22 13:00:01,503 [WARN] PackLoader:240 - Cannot read IP mode file for STMicroelectronics.X-CUBE-AZRTOS-L5.2.0.0
2025-09-22 13:00:01,525 [WARN] PackLoader:240 - Cannot read IP mode file for STMicroelectronics.X-CUBE-NFC6.3.1.0
2025-09-22 13:00:01,539 [WARN] PackLoader:240 - Cannot read IP mode file for STMicroelectronics.X-CUBE-FREERTOS.1.3.1
2025-09-22 13:00:01,549 [WARN] PackLoader:240 - Cannot read IP mode file for STMicroelectronics.FP-SNS-STAIOTCFT.1.0.0
2025-09-22 13:00:01,558 [WARN] PackLoader:240 - Cannot read IP mode file for STMicroelectronics.X-CUBE-DPower.1.3.0
2025-09-22 13:00:01,585 [WARN] ConditionMgr:438 - getConditionDescription Invalid condition id : LAN8742 Phy interface Condition cause : null
2025-09-22 13:00:01,587 [WARN] PackLoader:240 - Cannot read IP mode file for STMicroelectronics.X-CUBE-AZRTOS-L4.2.0.0
2025-09-22 13:00:01,592 [WARN] ConditionMgr:1044 - genDependencies : Invalid condition id : LAN8742 Phy interface Condition cause : null
2025-09-22 13:00:01,592 [WARN] ConditionMgr:1044 - genDependencies : Invalid condition id : LAN8742 Phy interface Condition cause : null
2025-09-22 13:00:01,594 [WARN] ConditionMgr:1044 - genDependencies : Invalid condition id : LAN8742 Phy interface Condition cause : null
2025-09-22 13:00:01,602 [WARN] PackLoader:240 - Cannot read IP mode file for STMicroelectronics.X-CUBE-SFXS2LP1.4.0.0
2025-09-22 13:00:01,620 [WARN] PackLoader:240 - Cannot read IP mode file for STMicroelectronics.X-CUBE-BLEMGR.4.1.0
2025-09-22 13:00:01,635 [WARN] ConditionMgr:438 - getConditionDescription Invalid condition id : UX DEVICE CLASS RTOS Condition cause : null
2025-09-22 13:00:01,635 [WARN] ConditionMgr:438 - getConditionDescription Invalid condition id : UX DEVICE CLASS RTOS Condition cause : null
2025-09-22 13:00:01,639 [WARN] PackLoader:240 - Cannot read IP mode file for STMicroelectronics.X-CUBE-AZRTOS-WB.2.0.0
2025-09-22 13:00:01,640 [WARN] ConditionMgr:1044 - genDependencies : Invalid condition id : UX DEVICE CLASS RTOS Condition cause : null
2025-09-22 13:00:01,640 [WARN] ConditionMgr:1044 - genDependencies : Invalid condition id : UX DEVICE CLASS RTOS Condition cause : null
2025-09-22 13:00:01,641 [WARN] ConditionMgr:1044 - genDependencies : Invalid condition id : UX DEVICE CLASS RTOS Condition cause : null
2025-09-22 13:00:01,641 [WARN] ConditionMgr:1044 - genDependencies : Invalid condition id : UX DEVICE CLASS RTOS Condition cause : null
2025-09-22 13:00:01,641 [WARN] ConditionMgr:1044 - genDependencies : Invalid condition id : UX DEVICE CLASS RTOS Condition cause : null
2025-09-22 13:00:01,646 [WARN] PackLoader:240 - Cannot read IP mode file for STMicroelectronics.X-CUBE-GNSS1.7.0.1
2025-09-22 13:00:01,650 [WARN] PackLoader:240 - Cannot read IP mode file for STMicroelectronics.X-CUBE-TOUCHGFX.4.25.0
2025-09-22 13:00:01,694 [WARN] PackLoader:240 - Cannot read IP mode file for STMicroelectronics.FP-SNS-STBOX1.2.0.0
2025-09-22 13:00:01,991 [WARN] ConditionMgr:438 - getConditionDescription Invalid condition id : Cortex-A Device cause : null
2025-09-22 13:00:02,208 [WARN] ConditionMgr:1044 - genDependencies : Invalid condition id : Cortex-A Device cause : null
2025-09-22 13:00:02,213 [WARN] ConditionMgr:1044 - genDependencies : Invalid condition id : Cortex-A Device cause : null
2025-09-22 13:00:02,213 [WARN] ConditionMgr:1044 - genDependencies : Invalid condition id : Cortex-A Device cause : null
2025-09-22 13:00:02,267 [WARN] PackLoader:240 - Cannot read IP mode file for STMicroelectronics.X-CUBE-SUBG2.5.0.0
2025-09-22 13:00:02,313 [WARN] PackLoader:240 - Cannot read IP mode file for STMicroelectronics.X-CUBE-AZRTOS-H7RS.1.1.0
2025-09-22 13:00:02,322 [WARN] PackLoader:240 - Cannot read IP mode file for Cesanta.I-CUBE-Mongoose.7.13.0
2025-09-22 13:00:02,339 [WARN] PackLoader:240 - Cannot read IP mode file for STMicroelectronics.X-CUBE-AZRTOS-G4.2.0.0
2025-09-22 13:00:02,349 [WARN] PackLoader:240 - Cannot read IP mode file for wolfSSL.I-CUBE-wolfSSH.1.4.20
2025-09-22 13:00:02,364 [WARN] PackLoader:240 - Cannot read IP mode file for STMicroelectronics.X-CUBE-NFC7.2.0.0
2025-09-22 13:00:02,381 [WARN] PackLoader:240 - Cannot read IP mode file for STMicroelectronics.X-CUBE-IPS.3.1.0
2025-09-22 13:00:02,383 [INFO] WebApp:169 - Instantiating new browser for Auth
2025-09-22 13:00:02,391 [WARN] PackLoader:240 - Cannot read IP mode file for STMicroelectronics.X-CUBE-ALS.1.0.2
2025-09-22 13:00:02,416 [WARN] PackLoader:240 - Cannot read IP mode file for STMicroelectronics.X-CUBE-STSE01.1.0.0
2025-09-22 13:00:02,443 [WARN] PackLoader:240 - Cannot read IP mode file for portGmbH.I-Cube-SoM-uGOAL.1.1.0
2025-09-22 13:00:02,461 [WARN] PackLoader:240 - Cannot read IP mode file for STMicroelectronics.X-CUBE-TOF1.3.4.3
2025-09-22 13:00:02,472 [INFO] ThirdParty:978 - Integrity check success = true
2025-09-22 13:00:02,473 [INFO] IntegrityCheckThread:100 - exiting critical section [integrity check]
2025-09-22 13:00:02,473 [INFO] IntegrityCheckThread:103 - End integrity checks thread
2025-09-22 13:00:03,823 [INFO] WebApp:463 - Apply proxy settings
2025-09-22 13:00:03,844 [INFO] WebApp:508 - Chromium authenticates against Manually configured proxy
2025-09-22 13:00:03,864 [INFO] WebApp:516 - Username used for proxy authentication: 
2025-09-22 13:00:03,906 [INFO] WebApp:900 - Register for checkConnection events
2025-09-22 13:00:03,907 [INFO] WebApp:463 - Apply proxy settings
2025-09-22 13:00:03,911 [INFO] WebApp:508 - Chromium authenticates against Manually configured proxy
2025-09-22 13:00:03,912 [INFO] WebApp:516 - Username used for proxy authentication: 
2025-09-22 13:00:04,056 [INFO] WebApp:225 - Starting web application
2025-09-22 13:00:04,056 [INFO] WebApp:593 - Web application path used /Applications/STM32CubeIDE.app/Contents/Eclipse/plugins/com.st.stm32cube.common.mx_6.15.0.202507011659/db/plugins/mcufinder/reactClient1/index.html
2025-09-22 13:00:04,493 [INFO] WebApp:191 - Connection restablished
2025-09-22 13:09:30,381 [INFO] Activator:176 - 


2025-09-22 13:09:30,383 [INFO] Activator:177 - !SESSION log4j initialized
2025-09-22 13:09:35,421 [INFO] LogOutputStream:77 - [STDOUT_REDIRECT] 
2025-09-22 13:09:35,758 [ERROR] LogOutputStream:75 - [STDERR_REDIRECT] 
2025-09-22 13:09:41,597 [INFO] LogOutputStream:77 - [STDOUT_REDIRECT] 
2025-09-22 13:09:42,532 [INFO] ApplicationProperties:184 - Using Application install path: /Applications/STM32CubeIDE.app/Contents/Eclipse/plugins/com.st.stm32cube.common.mx_6.15.0.202507011659
2025-09-22 13:09:42,542 [INFO] DbMcusXml:78 - Set database path to: /Applications/STM32CubeIDE.app/Contents/Eclipse/plugins/com.st.stm32cube.common.mx_6.15.0.202507011659//db//mcu/
2025-09-22 13:09:42,542 [INFO] ApiDb:274 - Set plugin database path to: /Applications/STM32CubeIDE.app/Contents/Eclipse/plugins/com.st.stm32cube.common.mx_6.15.0.202507011659//db//plugins/boardmanager/
2025-09-22 13:09:42,543 [WARN] ApiDb:259 - Overriding images path with different value:  => /Applications/STM32CubeIDE.app/Contents/Eclipse/plugins/com.st.stm32cube.common.mx_6.15.0.202507011659//db//plugins/mcufinder/images/
2025-09-22 13:09:42,548 [INFO] ApiDb:250 - Set database path to: /Users/sheen/.stmcufinder/plugins/mcufinder//mcu/
2025-09-22 13:09:42,549 [INFO] DbMcusAds:125 - Set database path to: /Users/sheen/.stmcufinder/plugins/mcufinder//mcu/
2025-09-22 13:09:42,550 [INFO] CrossReferenceDbSqlite:203 - Set database path to: /Users/sheen/.stmcufinder/plugins/mcufinder//mcu/cs/
2025-09-22 13:09:42,686 [INFO] RulesReader:64 - Compatibility file has been processed (317 Rules)
2025-09-22 13:09:42,757 [INFO] DbMcusXml:78 - Set database path to: /Applications/STM32CubeIDE.app/Contents/Eclipse/plugins/com.st.stm32cube.common.mx_6.15.0.202507011659//db//mcu/
2025-09-22 13:09:42,757 [INFO] ApiDb:274 - Set plugin database path to: /Applications/STM32CubeIDE.app/Contents/Eclipse/plugins/com.st.stm32cube.common.mx_6.15.0.202507011659//db//plugins/boardmanager/
2025-09-22 13:09:42,757 [INFO] ApiDb:261 - Set plugin images path to: /Applications/STM32CubeIDE.app/Contents/Eclipse/plugins/com.st.stm32cube.common.mx_6.15.0.202507011659//db//plugins/mcufinder/images/
2025-09-22 13:09:42,758 [WARN] DbFile:41 - Overriding database path with different value: /Users/sheen/.stmcufinder/plugins/mcufinder/ => /Users/sheen/.stmcufinder/plugins/mcufinder
2025-09-22 13:09:42,758 [INFO] ApiDb:250 - Set database path to: /Users/sheen/.stmcufinder/plugins/mcufinder//mcu/
2025-09-22 13:09:42,758 [WARN] DbFile:41 - Overriding database path with different value: /Users/sheen/.stmcufinder/plugins/mcufinder/ => /Users/sheen/.stmcufinder/plugins/mcufinder
2025-09-22 13:09:42,758 [INFO] DbMcusAds:125 - Set database path to: /Users/sheen/.stmcufinder/plugins/mcufinder//mcu/
2025-09-22 13:09:42,758 [WARN] DbFile:41 - Overriding database path with different value: /Users/sheen/.stmcufinder/plugins/mcufinder/ => /Users/sheen/.stmcufinder/plugins/mcufinder
2025-09-22 13:09:42,758 [WARN] DbFile:41 - Overriding database path with different value: /Users/sheen/.stmcufinder/plugins/mcufinder/ => /Users/sheen/.stmcufinder/plugins/mcufinder
2025-09-22 13:09:42,758 [INFO] CrossReferenceDbSqlite:203 - Set database path to: /Users/sheen/.stmcufinder/plugins/mcufinder//mcu/cs/
2025-09-22 13:09:42,819 [INFO] MainPanel:274 - HeapMemory: 268435456
2025-09-22 13:09:43,129 [INFO] DbMcusXml:78 - Set database path to: /Applications/STM32CubeIDE.app/Contents/Eclipse/plugins/com.st.stm32cube.common.mx_6.15.0.202507011659//db//mcu/
2025-09-22 13:09:43,129 [INFO] ApiDb:274 - Set plugin database path to: /Applications/STM32CubeIDE.app/Contents/Eclipse/plugins/com.st.stm32cube.common.mx_6.15.0.202507011659//db//plugins/boardmanager/
2025-09-22 13:09:43,129 [INFO] ApiDb:261 - Set plugin images path to: /Applications/STM32CubeIDE.app/Contents/Eclipse/plugins/com.st.stm32cube.common.mx_6.15.0.202507011659//db//plugins/mcufinder/images/
2025-09-22 13:09:43,130 [WARN] DbFile:41 - Overriding database path with different value: /Users/sheen/.stmcufinder/plugins/mcufinder/ => /Users/sheen/.stmcufinder/plugins/mcufinder
2025-09-22 13:09:43,130 [INFO] ApiDb:250 - Set database path to: /Users/sheen/.stmcufinder/plugins/mcufinder//mcu/
2025-09-22 13:09:43,130 [WARN] DbFile:41 - Overriding database path with different value: /Users/sheen/.stmcufinder/plugins/mcufinder/ => /Users/sheen/.stmcufinder/plugins/mcufinder
2025-09-22 13:09:43,130 [INFO] DbMcusAds:125 - Set database path to: /Users/sheen/.stmcufinder/plugins/mcufinder//mcu/
2025-09-22 13:09:43,130 [WARN] DbFile:41 - Overriding database path with different value: /Users/sheen/.stmcufinder/plugins/mcufinder/ => /Users/sheen/.stmcufinder/plugins/mcufinder
2025-09-22 13:09:43,130 [WARN] DbFile:41 - Overriding database path with different value: /Users/sheen/.stmcufinder/plugins/mcufinder/ => /Users/sheen/.stmcufinder/plugins/mcufinder
2025-09-22 13:09:43,130 [INFO] CrossReferenceDbSqlite:203 - Set database path to: /Users/sheen/.stmcufinder/plugins/mcufinder//mcu/cs/
2025-09-22 13:09:43,147 [INFO] ApplicationProperties:184 - Using Application install path: /Applications/STM32CubeIDE.app/Contents/Eclipse/plugins/com.st.stm32cube.common.mx_6.15.0.202507011659
2025-09-22 13:09:43,148 [INFO] PluginManage:196 - Search for loadable plugins [exclusion list=, ]
2025-09-22 13:09:43,150 [INFO] PluginManage:310 - Check plugin analytics
2025-09-22 13:09:43,338 [INFO] AnalyticsPlugin:253 - Accepted Software Licenses: STM32CubeMX.6.15.0
2025-09-22 13:09:43,339 [INFO] AnalyticsPlugin:255 - Accepted CMSIS Pack Licenses: 
2025-09-22 13:09:43,339 [INFO] AnalyticsPlugin:257 - Accepted Firmware Licenses: FW.F4.1.28.0
2025-09-22 13:09:43,355 [INFO] PluginManage:359 - Loaded plugin analytics (category:tool,tabindex:-1)
2025-09-22 13:09:43,359 [INFO] PluginManage:310 - Check plugin cadmodel
2025-09-22 13:09:43,369 [INFO] CADModel:105 - Init CAD model plugin
2025-09-22 13:09:43,369 [INFO] PluginManage:359 - Loaded plugin cadmodel (category:power,tabindex:5)
2025-09-22 13:09:43,370 [INFO] PluginManage:310 - Check plugin clock
2025-09-22 13:09:43,379 [INFO] PluginManage:359 - Loaded plugin clock (category:base,tabindex:2)
2025-09-22 13:09:43,379 [INFO] PluginManage:310 - Check plugin ddr
2025-09-22 13:09:43,381 [INFO] PluginManage:359 - Loaded plugin ddr (category:tool,tabindex:6)
2025-09-22 13:09:43,381 [INFO] PluginManage:310 - Check plugin filemanager
2025-09-22 13:09:43,508 [INFO] PluginManage:359 - Loaded plugin filemanager (category:base,tabindex:10)
2025-09-22 13:09:43,508 [INFO] PluginManage:310 - Check plugin ipmanager
2025-09-22 13:09:43,515 [INFO] PluginManage:359 - Loaded plugin ipmanager (category:base,tabindex:5)
2025-09-22 13:09:43,515 [INFO] PluginManage:310 - Check plugin lpbam
2025-09-22 13:09:43,522 [INFO] PluginManage:359 - Loaded plugin lpbam (category:base,tabindex:0)
2025-09-22 13:09:43,522 [INFO] PluginManage:310 - Check plugin memorymap
2025-09-22 13:09:43,531 [INFO] PluginManage:359 - Loaded plugin memorymap (category:base,tabindex:4)
2025-09-22 13:09:43,531 [INFO] PluginManage:310 - Check plugin pinoutandconfiguration
2025-09-22 13:09:43,537 [INFO] PluginManage:359 - Loaded plugin pinoutandconfiguration (category:base,tabindex:1)
2025-09-22 13:09:43,537 [INFO] PluginManage:310 - Check plugin pinoutconfig
2025-09-22 13:09:43,611 [WARN] SupportedApi:132 - Cannot load RTOS API schema: s4s-elt-must-match.1: The content of 'definitions' must match (annotation?, (simpleType | complexType)?, (unique | key | keyref)*)). A problem was found starting at: attribute.
2025-09-22 13:09:43,735 [INFO] PluginManage:359 - Loaded plugin pinoutconfig (category:base,tabindex:0)
2025-09-22 13:09:43,736 [INFO] PluginManage:310 - Check plugin power
2025-09-22 13:09:43,745 [INFO] PluginManage:359 - Loaded plugin power (category:power,tabindex:4)
2025-09-22 13:09:43,746 [INFO] PluginManage:310 - Check plugin projectmanager
2025-09-22 13:09:43,776 [INFO] PluginManage:359 - Loaded plugin projectmanager (category:projectmanager,tabindex:4)
2025-09-22 13:09:43,776 [INFO] PluginManage:310 - Check plugin rif
2025-09-22 13:09:43,782 [INFO] PluginManage:359 - Loaded plugin rif (category:base,tabindex:3)
2025-09-22 13:09:43,782 [INFO] PluginManage:310 - Check plugin thirdparty
2025-09-22 13:09:43,920 [INFO] PluginManage:359 - Loaded plugin thirdparty (category:base,tabindex:-1)
2025-09-22 13:09:43,920 [WARN] IntegrityCheckThread:84 - waiting for thirdparty lock release [integrity check]
2025-09-22 13:09:43,921 [INFO] PluginManage:310 - Check plugin tools
2025-09-22 13:09:43,921 [INFO] IntegrityCheckThread:86 - entering critical section [integrity check]
2025-09-22 13:09:43,921 [INFO] ThirdPartyUpdaterWithRetryManager:70 - Updater plugin not ready yet. [1/15]
2025-09-22 13:09:43,922 [INFO] PluginManage:359 - Loaded plugin tools (category:base,tabindex:7)
2025-09-22 13:09:43,923 [INFO] PluginManage:310 - Check plugin tutovideos
2025-09-22 13:09:44,076 [INFO] PluginManage:359 - Loaded plugin tutovideos (category:base,tabindex:-1)
2025-09-22 13:09:44,076 [INFO] PluginManage:310 - Check plugin updater
2025-09-22 13:09:44,101 [INFO] PluginManage:359 - Loaded plugin updater (category:base,tabindex:12)
2025-09-22 13:09:44,102 [INFO] PluginManage:310 - Check plugin userauth
2025-09-22 13:09:44,106 [INFO] UserAuth:118 - Init User Auth plugin
2025-09-22 13:09:44,109 [INFO] PluginManage:359 - Loaded plugin userauth (category:base,tabindex:14)
2025-09-22 13:09:44,111 [INFO] PluginManage:283 - PluginManage : Loaded plugins [18]
2025-09-22 13:09:44,321 [INFO] PinOutPanel:1589 - setPackage(No Configuration,No Configuration)
2025-09-22 13:09:44,381 [INFO] CADModel:165 - CPN selected for project level
2025-09-22 13:09:44,381 [INFO] CADModel:114 - Register for checkConnection events
2025-09-22 13:09:44,391 [INFO] IPUIPlugin:80 - create IPUIPlugin
2025-09-22 13:09:44,391 [INFO] PluginManager:220 - loadIPPluginJar : add mdma
2025-09-22 13:09:44,395 [INFO] IPUIPlugin:80 - create IPUIPlugin
2025-09-22 13:09:44,396 [INFO] PluginManager:220 - loadIPPluginJar : add freertos
2025-09-22 13:09:44,399 [INFO] IPUIPlugin:80 - create IPUIPlugin
2025-09-22 13:09:44,399 [INFO] PluginManager:220 - loadIPPluginJar : add gic
2025-09-22 13:09:44,405 [INFO] IPUIPlugin:80 - create IPUIPlugin
2025-09-22 13:09:44,405 [INFO] PluginManager:220 - loadIPPluginJar : add adc
2025-09-22 13:09:44,406 [INFO] IPUIPlugin:80 - create IPUIPlugin
2025-09-22 13:09:44,406 [INFO] PluginManager:220 - loadIPPluginJar : add gtzc
2025-09-22 13:09:44,407 [INFO] IPUIPlugin:80 - create IPUIPlugin
2025-09-22 13:09:44,407 [INFO] PluginManager:220 - loadIPPluginJar : add quadspi
2025-09-22 13:09:44,409 [INFO] IPUIPlugin:80 - create IPUIPlugin
2025-09-22 13:09:44,409 [INFO] PluginManager:220 - loadIPPluginJar : add aes
2025-09-22 13:09:44,410 [INFO] IPUIPlugin:80 - create IPUIPlugin
2025-09-22 13:09:44,410 [INFO] PluginManager:220 - loadIPPluginJar : add pdm2pcm
2025-09-22 13:09:44,411 [INFO] IPUIPlugin:80 - create IPUIPlugin
2025-09-22 13:09:44,411 [INFO] PluginManager:220 - loadIPPluginJar : add hash
2025-09-22 13:09:44,412 [INFO] IPUIPlugin:80 - create IPUIPlugin
2025-09-22 13:09:44,412 [INFO] PluginManager:220 - loadIPPluginJar : add tim
2025-09-22 13:09:44,412 [INFO] IPUIPlugin:80 - create IPUIPlugin
2025-09-22 13:09:44,412 [INFO] PluginManager:220 - loadIPPluginJar : add tsc
2025-09-22 13:09:44,414 [INFO] IPUIPlugin:80 - create IPUIPlugin
2025-09-22 13:09:44,414 [INFO] PluginManager:220 - loadIPPluginJar : add extmemmanager
2025-09-22 13:09:44,415 [INFO] IPUIPlugin:80 - create IPUIPlugin
2025-09-22 13:09:44,415 [INFO] PluginManager:220 - loadIPPluginJar : add ts
2025-09-22 13:09:44,416 [INFO] IPUIPlugin:80 - create IPUIPlugin
2025-09-22 13:09:44,416 [INFO] PluginManager:220 - loadIPPluginJar : add radio
2025-09-22 13:09:44,417 [INFO] IPUIPlugin:80 - create IPUIPlugin
2025-09-22 13:09:44,417 [INFO] PluginManager:220 - loadIPPluginJar : add can
2025-09-22 13:09:44,418 [INFO] IPUIPlugin:80 - create IPUIPlugin
2025-09-22 13:09:44,418 [INFO] PluginManager:220 - loadIPPluginJar : add dma3
2025-09-22 13:09:44,419 [INFO] IPUIPlugin:80 - create IPUIPlugin
2025-09-22 13:09:44,420 [INFO] PluginManager:220 - loadIPPluginJar : add dfsdm
2025-09-22 13:09:44,421 [INFO] IPUIPlugin:80 - create IPUIPlugin
2025-09-22 13:09:44,421 [INFO] PluginManager:220 - loadIPPluginJar : add spi
2025-09-22 13:09:44,421 [INFO] IPUIPlugin:80 - create IPUIPlugin
2025-09-22 13:09:44,422 [INFO] PluginManager:220 - loadIPPluginJar : add gfxmmu
2025-09-22 13:09:44,423 [INFO] IPUIPlugin:80 - create IPUIPlugin
2025-09-22 13:09:44,423 [INFO] PluginManager:220 - loadIPPluginJar : add genericplugin
2025-09-22 13:09:44,424 [INFO] IPUIPlugin:80 - create IPUIPlugin
2025-09-22 13:09:44,424 [INFO] PluginManager:220 - loadIPPluginJar : add cryp
2025-09-22 13:09:44,426 [INFO] IPUIPlugin:80 - create IPUIPlugin
2025-09-22 13:09:44,426 [INFO] PluginManager:220 - loadIPPluginJar : add gpio
2025-09-22 13:09:44,428 [INFO] IPUIPlugin:80 - create IPUIPlugin
2025-09-22 13:09:44,428 [INFO] PluginManager:220 - loadIPPluginJar : add ddr_ctrl_phy
2025-09-22 13:09:44,429 [INFO] IPUIPlugin:80 - create IPUIPlugin
2025-09-22 13:09:44,429 [INFO] PluginManager:220 - loadIPPluginJar : add comp
2025-09-22 13:09:44,431 [INFO] IPUIPlugin:80 - create IPUIPlugin
2025-09-22 13:09:44,431 [INFO] PluginManager:220 - loadIPPluginJar : add tracer_emb
2025-09-22 13:09:44,432 [INFO] IPUIPlugin:80 - create IPUIPlugin
2025-09-22 13:09:44,432 [INFO] PluginManager:220 - loadIPPluginJar : add openamp
2025-09-22 13:09:44,436 [INFO] IPUIPlugin:80 - create IPUIPlugin
2025-09-22 13:09:44,436 [INFO] PluginManager:220 - loadIPPluginJar : add stm32_wpan
2025-09-22 13:09:44,439 [INFO] IPUIPlugin:80 - create IPUIPlugin
2025-09-22 13:09:44,442 [INFO] PluginManager:220 - loadIPPluginJar : add plateformsettings
2025-09-22 13:09:44,444 [INFO] IPUIPlugin:80 - create IPUIPlugin
2025-09-22 13:09:44,444 [INFO] PluginManager:220 - loadIPPluginJar : add ipddr
2025-09-22 13:09:44,448 [INFO] IPUIPlugin:80 - create IPUIPlugin
2025-09-22 13:09:44,448 [INFO] PluginManager:220 - loadIPPluginJar : add usart
2025-09-22 13:09:44,449 [INFO] IPUIPlugin:80 - create IPUIPlugin
2025-09-22 13:09:44,449 [INFO] PluginManager:220 - loadIPPluginJar : add ltdc
2025-09-22 13:09:44,450 [INFO] IPUIPlugin:80 - create IPUIPlugin
2025-09-22 13:09:44,450 [INFO] PluginManager:220 - loadIPPluginJar : add nvic
2025-09-22 13:09:44,451 [INFO] IPUIPlugin:80 - create IPUIPlugin
2025-09-22 13:09:44,451 [INFO] PluginManager:220 - loadIPPluginJar : add fatfs
2025-09-22 13:09:44,455 [INFO] IPUIPlugin:80 - create IPUIPlugin
2025-09-22 13:09:44,455 [INFO] PluginManager:220 - loadIPPluginJar : add linkedlist
2025-09-22 13:09:44,458 [INFO] IPUIPlugin:80 - create IPUIPlugin
2025-09-22 13:09:44,458 [INFO] PluginManager:220 - loadIPPluginJar : add dma
2025-09-22 13:09:44,462 [INFO] IPUIPlugin:80 - create IPUIPlugin
2025-09-22 13:09:44,462 [INFO] PluginManager:220 - loadIPPluginJar : add fmc
2025-09-22 13:09:44,463 [INFO] IPUIPlugin:80 - create IPUIPlugin
2025-09-22 13:09:44,463 [INFO] PluginManager:220 - loadIPPluginJar : add i2s
2025-09-22 13:09:44,464 [INFO] IPUIPlugin:80 - create IPUIPlugin
2025-09-22 13:09:44,464 [INFO] PluginManager:220 - loadIPPluginJar : add ucpd
2025-09-22 13:09:44,467 [INFO] IPUIPlugin:80 - create IPUIPlugin
2025-09-22 13:09:44,467 [INFO] PluginManager:220 - loadIPPluginJar : add lorawan
2025-09-22 13:09:44,468 [INFO] IPUIPlugin:80 - create IPUIPlugin
2025-09-22 13:09:44,468 [INFO] PluginManager:220 - loadIPPluginJar : add opamp
2025-09-22 13:09:44,471 [INFO] IPUIPlugin:80 - create IPUIPlugin
2025-09-22 13:09:44,471 [INFO] PluginManager:220 - loadIPPluginJar : add i3c
2025-09-22 13:09:44,473 [INFO] IPUIPlugin:80 - create IPUIPlugin
2025-09-22 13:09:44,473 [INFO] PluginManager:220 - loadIPPluginJar : add touchsensing
2025-09-22 13:09:44,475 [INFO] IPUIPlugin:80 - create IPUIPlugin
2025-09-22 13:09:44,475 [INFO] PluginManager:220 - loadIPPluginJar : add i2c
2025-09-22 13:09:44,477 [INFO] IPUIPlugin:80 - create IPUIPlugin
2025-09-22 13:09:44,477 [INFO] PluginManager:220 - loadIPPluginJar : add resmgrutility
2025-09-22 13:09:44,479 [INFO] IPUIPlugin:80 - create IPUIPlugin
2025-09-22 13:09:44,479 [INFO] PluginManager:220 - loadIPPluginJar : add sai
2025-09-22 13:09:44,480 [INFO] IPUIPlugin:80 - create IPUIPlugin
2025-09-22 13:09:44,480 [INFO] PluginManager:220 - loadIPPluginJar : add usbx
2025-09-22 13:09:44,591 [FATAL] Updater:351 - Updater called before beeing initialized
2025-09-22 13:09:44,640 [INFO] RulesReader:64 - Compatibility file has been processed (317 Rules)
2025-09-22 13:09:44,651 [INFO] RulesReader:64 - Compatibility file has been processed (317 Rules)
2025-09-22 13:09:44,660 [INFO] CADModel:165 - CPN selected for project level
2025-09-22 13:09:44,660 [INFO] CADModel:114 - Register for checkConnection events
2025-09-22 13:09:44,660 [FATAL] Updater:351 - Updater called before beeing initialized
2025-09-22 13:09:44,660 [ERROR] CADModel:125 - Updater not yet initialized, retry later 
2025-09-22 13:09:44,866 [FATAL] Updater:351 - Updater called before beeing initialized
2025-09-22 13:09:44,868 [INFO] CADModel:165 - CPN selected for project level
2025-09-22 13:09:44,868 [INFO] CADModel:114 - Register for checkConnection events
2025-09-22 13:09:44,868 [FATAL] Updater:351 - Updater called before beeing initialized
2025-09-22 13:09:44,868 [ERROR] CADModel:125 - Updater not yet initialized, retry later 
2025-09-22 13:09:44,871 [FATAL] Updater:351 - Updater called before beeing initialized
2025-09-22 13:09:45,004 [FATAL] Updater:351 - Updater called before beeing initialized
2025-09-22 13:09:45,008 [INFO] DbMcusAds:53 - JSON generation date=Tue Jul 08 01:14:23 PDT 2025 (1751962463524)
2025-09-22 13:09:45,008 [FATAL] Updater:351 - Updater called before beeing initialized
2025-09-22 13:09:45,056 [WARN] DetailPanel:346 - Failed to get advertising image, set to default
2025-09-22 13:09:45,129 [FATAL] Updater:351 - Updater called before beeing initialized
2025-09-22 13:09:45,131 [FATAL] Updater:351 - Updater called before beeing initialized
2025-09-22 13:09:45,132 [FATAL] Updater:351 - Updater called before beeing initialized
2025-09-22 13:09:45,132 [WARN] DetailPanel:346 - Failed to get advertising image, set to default
2025-09-22 13:09:45,134 [FATAL] Updater:351 - Updater called before beeing initialized
2025-09-22 13:09:45,194 [ERROR] Updater:1198 - MainUpdater not yet initialized. External WinMGr cannot be set.
2025-09-22 13:09:45,197 [INFO] Updater:1134 - Updater Version found : 6.15.0
2025-09-22 13:09:45,209 [INFO] ApplicationProperties:184 - Using Application install path: /Applications/STM32CubeIDE.app/Contents/Eclipse/plugins/com.st.stm32cube.common.mx_6.15.0.202507011659
2025-09-22 13:09:45,473 [INFO] MainUpdater:2872 - connection check result : 10
2025-09-22 13:09:45,474 [INFO] MainUpdater:289 - Updater Check For Update Now.
2025-09-22 13:09:45,474 [INFO] MicroXplorer:498 - Change Database Version : DB.6.0.150
2025-09-22 13:09:45,478 [INFO] McuFinderGlobals:63 - Set McuFinder mode to 2 (CubeIDE integrated)
2025-09-22 13:09:45,479 [INFO] UserAuth:171 - activating auth plugin
2025-09-22 13:09:45,491 [INFO] UserAuth:487 - Internet connection configuration mode: 1
2025-09-22 13:09:45,504 [INFO] JxBrowserEngine:152 - Initiate JxBrowser Engine with user profile folder
2025-09-22 13:09:45,772 [INFO] CheckServerUpdateThread:120 - End of CheckServer Thread
2025-09-22 13:09:47,095 [WARN] PackLoader:240 - Cannot read IP mode file for STMicroelectronics.FP-SNS-MOTENVWB1.1.4.0
2025-09-22 13:09:47,112 [WARN] PackLoader:240 - Cannot read IP mode file for STMicroelectronics.FP-ATR-ASTRA1.2.0.2
2025-09-22 13:09:47,125 [WARN] PackLoader:240 - Cannot read IP mode file for STMicroelectronics.X-CUBE-SMBUS.2.1.0
2025-09-22 13:09:47,129 [WARN] PackLoader:240 - Cannot read IP mode file for STMicroelectronics.X-CUBE-ST60.1.0.0
2025-09-22 13:09:47,168 [WARN] PackLoader:240 - Cannot read IP mode file for STMicroelectronics.X-CUBE-AZRTOS-F7.1.1.0
2025-09-22 13:09:47,190 [WARN] PackLoader:240 - Cannot read IP mode file for Cesanta.I-CUBE-Mongoose.7.19.0
2025-09-22 13:09:47,205 [WARN] PackLoader:240 - Cannot read IP mode file for WES.I-CUBE-Cesium.1.4.0
2025-09-22 13:09:47,257 [WARN] PackLoader:240 - Cannot read IP mode file for Infineon.AIROC-Wi-Fi-Bluetooth-STM32.1.7.1
2025-09-22 13:09:47,322 [WARN] PackLoader:240 - Cannot read IP mode file for STMicroelectronics.X-CUBE-AZRTOS-H7.3.4.0
2025-09-22 13:09:47,357 [WARN] PackLoader:240 - Cannot read IP mode file for STMicroelectronics.X-CUBE-DISPLAY.3.0.0
2025-09-22 13:09:47,378 [WARN] PackLoader:240 - Cannot read IP mode file for STMicroelectronics.X-CUBE-NFC10.1.0.0
2025-09-22 13:09:47,389 [WARN] PackLoader:240 - Cannot read IP mode file for emotas.I-CUBE-CANOPEN.1.3.0
2025-09-22 13:09:47,399 [WARN] PackLoader:240 - Cannot read IP mode file for STMicroelectronics.FP-SNS-STBOX1.2.1.0
2025-09-22 13:09:47,407 [WARN] PackLoader:240 - Cannot read IP mode file for STMicroelectronics.FP-SNS-SMARTAG2.1.2.0
2025-09-22 13:09:47,411 [WARN] PackLoader:240 - Cannot read IP mode file for STMicroelectronics.FP-SNS-FLIGHT1.5.1.0
2025-09-22 13:09:47,419 [INFO] LogOutputStream:77 - [STDOUT_REDIRECT] 1 : Invalid condition id : UX_CORESTACK_Condition cause : null
2025-09-22 13:09:47,420 [INFO] LogOutputStream:77 - [STDOUT_REDIRECT] 1 : Invalid condition id : UX_CORESTACK_Condition cause : null
2025-09-22 13:09:47,420 [INFO] LogOutputStream:77 - [STDOUT_REDIRECT] 1 : Invalid condition id : UX_CORESTACK_Condition cause : null
2025-09-22 13:09:47,420 [INFO] LogOutputStream:77 - [STDOUT_REDIRECT] 1 : Invalid condition id : UX_CORESTACK_Condition cause : null
2025-09-22 13:09:47,420 [INFO] LogOutputStream:77 - [STDOUT_REDIRECT] 1 : Invalid condition id : UX_CORESTACK_Condition cause : null
2025-09-22 13:09:47,427 [WARN] PackLoader:240 - Cannot read IP mode file for STMicroelectronics.X-CUBE-AZRTOS-WL.2.0.0
2025-09-22 13:09:47,434 [WARN] PackLoader:240 - Cannot read IP mode file for STMicroelectronics.FP-SNS-MOTENV1.5.0.0
2025-09-22 13:09:47,447 [WARN] PackLoader:240 - Cannot read IP mode file for WES.I-CUBE-Cesium.1.3.0
2025-09-22 13:09:47,453 [WARN] PackLoader:240 - Cannot read IP mode file for STMicroelectronics.X-CUBE-BLE2.3.3.0
2025-09-22 13:09:47,470 [WARN] PackLoader:240 - Cannot read IP mode file for STMicroelectronics.X-CUBE-NFC9.1.0.0
2025-09-22 13:09:47,479 [WARN] PackLoader:240 - Cannot read IP mode file for wolfSSL.I-CUBE-wolfSSL.5.8.2
2025-09-22 13:09:47,495 [WARN] PackLoader:240 - Cannot read IP mode file for STMicroelectronics.X-CUBE-BLE1.7.1.0
2025-09-22 13:09:47,500 [WARN] PackLoader:240 - Cannot read IP mode file for wolfSSL.I-CUBE-wolfMQTT.1.19.2
2025-09-22 13:09:47,507 [WARN] PackLoader:240 - Cannot read IP mode file for STMicroelectronics.X-CUBE-EEPRMA1.5.2.0
2025-09-22 13:09:47,515 [WARN] PackLoader:240 - Cannot read IP mode file for STMicroelectronics.X-CUBE-AI.10.1.0
2025-09-22 13:09:47,534 [WARN] PackLoader:240 - Cannot read IP mode file for STMicroelectronics.X-CUBE-AZRTOS-G0.1.1.0
2025-09-22 13:09:47,548 [WARN] PackLoader:240 - Cannot read IP mode file for STMicroelectronics.X-CUBE-SAFEA1.1.2.2
2025-09-22 13:09:47,558 [WARN] PackLoader:240 - Cannot read IP mode file for STMicroelectronics.X-CUBE-NFC4.3.0.0
2025-09-22 13:09:47,570 [WARN] PackLoader:240 - Cannot read IP mode file for EmbeddedOffice.I-CUBE-FS-RTOS.1.0.1
2025-09-22 13:09:47,577 [WARN] PackLoader:240 - Cannot read IP mode file for STMicroelectronics.X-CUBE-WB05N.2.0.0
2025-09-22 13:09:47,589 [WARN] PackLoader:240 - Cannot read IP mode file for wolfSSL.I-CUBE-wolfTPM.3.8.0
2025-09-22 13:09:47,595 [WARN] PackLoader:240 - Cannot read IP mode file for STMicroelectronics.X-CUBE-TCPP.4.2.0
2025-09-22 13:09:47,606 [WARN] PackLoader:240 - Cannot read IP mode file for RealThread.X-CUBE-RT-Thread_Nano.4.1.1
2025-09-22 13:09:47,610 [WARN] PackLoader:240 - Cannot read IP mode file for STMicroelectronics.FP-ATR-SIGFOX1.3.2.0
2025-09-22 13:09:47,614 [WARN] PackLoader:240 - Cannot read IP mode file for ITTIA_DB.I-CUBE-ITTIADB.8.9.0
2025-09-22 13:09:47,622 [WARN] PackLoader:240 - Cannot read IP mode file for STMicroelectronics.X-CUBE-ST67W61.1.0.0
2025-09-22 13:09:47,625 [WARN] PackLoader:240 - Cannot read IP mode file for STMicroelectronics.X-CUBE-AI.10.2.0
2025-09-22 13:09:47,826 [WARN] PackLoader:240 - Cannot read IP mode file for SEGGER.I-CUBE-embOS.1.3.1
2025-09-22 13:09:48,039 [WARN] PackLoader:240 - Cannot read IP mode file for STMicroelectronics.X-CUBE-ALGOBUILD.1.4.0
2025-09-22 13:09:48,140 [WARN] PackLoader:240 - Cannot read IP mode file for STMicroelectronics.X-CUBE-MEMS1.11.3.0
2025-09-22 13:09:48,237 [WARN] PackLoader:240 - Cannot read IP mode file for STMicroelectronics.X-CUBE-PM33A1.1.0.0
2025-09-22 13:09:48,266 [WARN] PackLoader:240 - Cannot read IP mode file for STMicroelectronics.X-CUBE-AZRTOS-F4.1.1.0
2025-09-22 13:09:48,276 [WARN] PackLoader:240 - Cannot read IP mode file for Avnet-IotConnect.X-CUBE-IoTC-DA16k-PMOD.1.0.0
2025-09-22 13:09:48,285 [WARN] PackLoader:240 - Cannot read IP mode file for STMicroelectronics.X-CUBE-ISPU.2.1.0
2025-09-22 13:09:48,292 [WARN] PackLoader:240 - Cannot read IP mode file for STMicroelectronics.X-CUBE-NFC12.1.0.0
2025-09-22 13:09:48,315 [WARN] PackLoader:240 - Cannot read IP mode file for STMicroelectronics.X-CUBE-AZRTOS-L5.2.0.0
2025-09-22 13:09:48,336 [WARN] PackLoader:240 - Cannot read IP mode file for STMicroelectronics.X-CUBE-NFC6.3.1.0
2025-09-22 13:09:48,347 [WARN] PackLoader:240 - Cannot read IP mode file for STMicroelectronics.X-CUBE-FREERTOS.1.3.1
2025-09-22 13:09:48,355 [WARN] PackLoader:240 - Cannot read IP mode file for STMicroelectronics.FP-SNS-STAIOTCFT.1.0.0
2025-09-22 13:09:48,363 [WARN] PackLoader:240 - Cannot read IP mode file for STMicroelectronics.X-CUBE-DPower.1.3.0
2025-09-22 13:09:48,383 [WARN] ConditionMgr:438 - getConditionDescription Invalid condition id : LAN8742 Phy interface Condition cause : null
2025-09-22 13:09:48,386 [WARN] PackLoader:240 - Cannot read IP mode file for STMicroelectronics.X-CUBE-AZRTOS-L4.2.0.0
2025-09-22 13:09:48,392 [WARN] ConditionMgr:1044 - genDependencies : Invalid condition id : LAN8742 Phy interface Condition cause : null
2025-09-22 13:09:48,392 [WARN] ConditionMgr:1044 - genDependencies : Invalid condition id : LAN8742 Phy interface Condition cause : null
2025-09-22 13:09:48,393 [WARN] ConditionMgr:1044 - genDependencies : Invalid condition id : LAN8742 Phy interface Condition cause : null
2025-09-22 13:09:48,404 [WARN] PackLoader:240 - Cannot read IP mode file for STMicroelectronics.X-CUBE-SFXS2LP1.4.0.0
2025-09-22 13:09:48,422 [WARN] PackLoader:240 - Cannot read IP mode file for STMicroelectronics.X-CUBE-BLEMGR.4.1.0
2025-09-22 13:09:48,440 [WARN] ConditionMgr:438 - getConditionDescription Invalid condition id : UX DEVICE CLASS RTOS Condition cause : null
2025-09-22 13:09:48,440 [WARN] ConditionMgr:438 - getConditionDescription Invalid condition id : UX DEVICE CLASS RTOS Condition cause : null
2025-09-22 13:09:48,444 [WARN] PackLoader:240 - Cannot read IP mode file for STMicroelectronics.X-CUBE-AZRTOS-WB.2.0.0
2025-09-22 13:09:48,445 [WARN] ConditionMgr:1044 - genDependencies : Invalid condition id : UX DEVICE CLASS RTOS Condition cause : null
2025-09-22 13:09:48,445 [WARN] ConditionMgr:1044 - genDependencies : Invalid condition id : UX DEVICE CLASS RTOS Condition cause : null
2025-09-22 13:09:48,445 [WARN] ConditionMgr:1044 - genDependencies : Invalid condition id : UX DEVICE CLASS RTOS Condition cause : null
2025-09-22 13:09:48,446 [WARN] ConditionMgr:1044 - genDependencies : Invalid condition id : UX DEVICE CLASS RTOS Condition cause : null
2025-09-22 13:09:48,446 [WARN] ConditionMgr:1044 - genDependencies : Invalid condition id : UX DEVICE CLASS RTOS Condition cause : null
2025-09-22 13:09:48,451 [WARN] PackLoader:240 - Cannot read IP mode file for STMicroelectronics.X-CUBE-GNSS1.7.0.1
2025-09-22 13:09:48,474 [WARN] PackLoader:240 - Cannot read IP mode file for STMicroelectronics.X-CUBE-TOUCHGFX.4.25.0
2025-09-22 13:09:48,483 [WARN] PackLoader:240 - Cannot read IP mode file for STMicroelectronics.FP-SNS-STBOX1.2.0.0
2025-09-22 13:09:48,489 [WARN] ConditionMgr:438 - getConditionDescription Invalid condition id : Cortex-A Device cause : null
2025-09-22 13:09:48,558 [WARN] ConditionMgr:1044 - genDependencies : Invalid condition id : Cortex-A Device cause : null
2025-09-22 13:09:48,558 [WARN] ConditionMgr:1044 - genDependencies : Invalid condition id : Cortex-A Device cause : null
2025-09-22 13:09:48,558 [WARN] ConditionMgr:1044 - genDependencies : Invalid condition id : Cortex-A Device cause : null
2025-09-22 13:09:48,570 [WARN] PackLoader:240 - Cannot read IP mode file for STMicroelectronics.X-CUBE-SUBG2.5.0.0
2025-09-22 13:09:48,601 [WARN] PackLoader:240 - Cannot read IP mode file for STMicroelectronics.X-CUBE-AZRTOS-H7RS.1.1.0
2025-09-22 13:09:48,610 [WARN] PackLoader:240 - Cannot read IP mode file for Cesanta.I-CUBE-Mongoose.7.13.0
2025-09-22 13:09:48,625 [WARN] PackLoader:240 - Cannot read IP mode file for STMicroelectronics.X-CUBE-AZRTOS-G4.2.0.0
2025-09-22 13:09:48,629 [WARN] PackLoader:240 - Cannot read IP mode file for wolfSSL.I-CUBE-wolfSSH.1.4.20
2025-09-22 13:09:48,634 [WARN] PackLoader:240 - Cannot read IP mode file for STMicroelectronics.X-CUBE-NFC7.2.0.0
2025-09-22 13:09:48,646 [WARN] PackLoader:240 - Cannot read IP mode file for STMicroelectronics.X-CUBE-IPS.3.1.0
2025-09-22 13:09:48,652 [WARN] PackLoader:240 - Cannot read IP mode file for STMicroelectronics.X-CUBE-ALS.1.0.2
2025-09-22 13:09:48,659 [WARN] PackLoader:240 - Cannot read IP mode file for STMicroelectronics.X-CUBE-STSE01.1.0.0
2025-09-22 13:09:48,664 [WARN] PackLoader:240 - Cannot read IP mode file for portGmbH.I-Cube-SoM-uGOAL.1.1.0
2025-09-22 13:09:48,682 [WARN] PackLoader:240 - Cannot read IP mode file for STMicroelectronics.X-CUBE-TOF1.3.4.3
2025-09-22 13:09:48,691 [INFO] ThirdParty:978 - Integrity check success = true
2025-09-22 13:09:48,691 [INFO] IntegrityCheckThread:100 - exiting critical section [integrity check]
2025-09-22 13:09:48,691 [INFO] IntegrityCheckThread:103 - End integrity checks thread
2025-09-22 13:09:49,677 [INFO] WebApp:169 - Instantiating new browser for Auth
2025-09-22 13:09:50,819 [INFO] WebApp:463 - Apply proxy settings
2025-09-22 13:09:50,834 [INFO] WebApp:508 - Chromium authenticates against Manually configured proxy
2025-09-22 13:09:50,846 [INFO] WebApp:516 - Username used for proxy authentication: 
2025-09-22 13:09:50,883 [INFO] WebApp:900 - Register for checkConnection events
2025-09-22 13:09:50,884 [INFO] WebApp:463 - Apply proxy settings
2025-09-22 13:09:50,887 [INFO] WebApp:508 - Chromium authenticates against Manually configured proxy
2025-09-22 13:09:50,888 [INFO] WebApp:516 - Username used for proxy authentication: 
2025-09-22 13:09:51,044 [INFO] WebApp:225 - Starting web application
2025-09-22 13:09:51,044 [INFO] WebApp:593 - Web application path used /Applications/STM32CubeIDE.app/Contents/Eclipse/plugins/com.st.stm32cube.common.mx_6.15.0.202507011659/db/plugins/mcufinder/reactClient1/index.html
2025-09-22 13:09:51,400 [INFO] WebApp:191 - Connection restablished
2025-09-22 13:20:51,796 [ERROR] LogOutputStream:75 - [STDERR_REDIRECT] SLF4J: Failed to load class "org.slf4j.impl.StaticLoggerBinder".
2025-09-22 13:20:51,808 [ERROR] LogOutputStream:75 - [STDERR_REDIRECT] SLF4J: Defaulting to no-operation (NOP) logger implementation
2025-09-22 13:20:51,810 [ERROR] LogOutputStream:75 - [STDERR_REDIRECT] SLF4J: See http://www.slf4j.org/codes.html#StaticLoggerBinder for further details.
2025-09-22 13:31:46,703 [INFO] Activator:176 - 


2025-09-22 13:31:46,706 [INFO] Activator:177 - !SESSION log4j initialized
2025-09-22 13:31:52,793 [INFO] LogOutputStream:77 - [STDOUT_REDIRECT] 
2025-09-22 13:31:53,244 [ERROR] LogOutputStream:75 - [STDERR_REDIRECT] 
2025-09-22 13:31:55,020 [INFO] LogOutputStream:77 - [STDOUT_REDIRECT] 
2025-09-22 13:31:56,140 [INFO] ApplicationProperties:184 - Using Application install path: /Applications/STM32CubeIDE.app/Contents/Eclipse/plugins/com.st.stm32cube.common.mx_6.15.0.202507011659
2025-09-22 13:31:56,151 [INFO] DbMcusXml:78 - Set database path to: /Applications/STM32CubeIDE.app/Contents/Eclipse/plugins/com.st.stm32cube.common.mx_6.15.0.202507011659//db//mcu/
2025-09-22 13:31:56,151 [INFO] ApiDb:274 - Set plugin database path to: /Applications/STM32CubeIDE.app/Contents/Eclipse/plugins/com.st.stm32cube.common.mx_6.15.0.202507011659//db//plugins/boardmanager/
2025-09-22 13:31:56,152 [WARN] ApiDb:259 - Overriding images path with different value:  => /Applications/STM32CubeIDE.app/Contents/Eclipse/plugins/com.st.stm32cube.common.mx_6.15.0.202507011659//db//plugins/mcufinder/images/
2025-09-22 13:31:56,159 [INFO] ApiDb:250 - Set database path to: /Users/sheen/.stmcufinder/plugins/mcufinder//mcu/
2025-09-22 13:31:56,161 [INFO] DbMcusAds:125 - Set database path to: /Users/sheen/.stmcufinder/plugins/mcufinder//mcu/
2025-09-22 13:31:56,162 [INFO] CrossReferenceDbSqlite:203 - Set database path to: /Users/sheen/.stmcufinder/plugins/mcufinder//mcu/cs/
2025-09-22 13:31:56,278 [INFO] RulesReader:64 - Compatibility file has been processed (317 Rules)
2025-09-22 13:31:56,325 [INFO] DbMcusXml:78 - Set database path to: /Applications/STM32CubeIDE.app/Contents/Eclipse/plugins/com.st.stm32cube.common.mx_6.15.0.202507011659//db//mcu/
2025-09-22 13:31:56,326 [INFO] ApiDb:274 - Set plugin database path to: /Applications/STM32CubeIDE.app/Contents/Eclipse/plugins/com.st.stm32cube.common.mx_6.15.0.202507011659//db//plugins/boardmanager/
2025-09-22 13:31:56,326 [INFO] ApiDb:261 - Set plugin images path to: /Applications/STM32CubeIDE.app/Contents/Eclipse/plugins/com.st.stm32cube.common.mx_6.15.0.202507011659//db//plugins/mcufinder/images/
2025-09-22 13:31:56,327 [WARN] DbFile:41 - Overriding database path with different value: /Users/sheen/.stmcufinder/plugins/mcufinder/ => /Users/sheen/.stmcufinder/plugins/mcufinder
2025-09-22 13:31:56,327 [INFO] ApiDb:250 - Set database path to: /Users/sheen/.stmcufinder/plugins/mcufinder//mcu/
2025-09-22 13:31:56,327 [WARN] DbFile:41 - Overriding database path with different value: /Users/sheen/.stmcufinder/plugins/mcufinder/ => /Users/sheen/.stmcufinder/plugins/mcufinder
2025-09-22 13:31:56,327 [INFO] DbMcusAds:125 - Set database path to: /Users/sheen/.stmcufinder/plugins/mcufinder//mcu/
2025-09-22 13:31:56,327 [WARN] DbFile:41 - Overriding database path with different value: /Users/sheen/.stmcufinder/plugins/mcufinder/ => /Users/sheen/.stmcufinder/plugins/mcufinder
2025-09-22 13:31:56,327 [WARN] DbFile:41 - Overriding database path with different value: /Users/sheen/.stmcufinder/plugins/mcufinder/ => /Users/sheen/.stmcufinder/plugins/mcufinder
2025-09-22 13:31:56,327 [INFO] CrossReferenceDbSqlite:203 - Set database path to: /Users/sheen/.stmcufinder/plugins/mcufinder//mcu/cs/
2025-09-22 13:31:56,385 [INFO] MainPanel:274 - HeapMemory: 268435456
2025-09-22 13:31:56,716 [INFO] DbMcusXml:78 - Set database path to: /Applications/STM32CubeIDE.app/Contents/Eclipse/plugins/com.st.stm32cube.common.mx_6.15.0.202507011659//db//mcu/
2025-09-22 13:31:56,716 [INFO] ApiDb:274 - Set plugin database path to: /Applications/STM32CubeIDE.app/Contents/Eclipse/plugins/com.st.stm32cube.common.mx_6.15.0.202507011659//db//plugins/boardmanager/
2025-09-22 13:31:56,716 [INFO] ApiDb:261 - Set plugin images path to: /Applications/STM32CubeIDE.app/Contents/Eclipse/plugins/com.st.stm32cube.common.mx_6.15.0.202507011659//db//plugins/mcufinder/images/
2025-09-22 13:31:56,716 [WARN] DbFile:41 - Overriding database path with different value: /Users/sheen/.stmcufinder/plugins/mcufinder/ => /Users/sheen/.stmcufinder/plugins/mcufinder
2025-09-22 13:31:56,716 [INFO] ApiDb:250 - Set database path to: /Users/sheen/.stmcufinder/plugins/mcufinder//mcu/
2025-09-22 13:31:56,716 [WARN] DbFile:41 - Overriding database path with different value: /Users/sheen/.stmcufinder/plugins/mcufinder/ => /Users/sheen/.stmcufinder/plugins/mcufinder
2025-09-22 13:31:56,716 [INFO] DbMcusAds:125 - Set database path to: /Users/sheen/.stmcufinder/plugins/mcufinder//mcu/
2025-09-22 13:31:56,716 [WARN] DbFile:41 - Overriding database path with different value: /Users/sheen/.stmcufinder/plugins/mcufinder/ => /Users/sheen/.stmcufinder/plugins/mcufinder
2025-09-22 13:31:56,716 [WARN] DbFile:41 - Overriding database path with different value: /Users/sheen/.stmcufinder/plugins/mcufinder/ => /Users/sheen/.stmcufinder/plugins/mcufinder
2025-09-22 13:31:56,716 [INFO] CrossReferenceDbSqlite:203 - Set database path to: /Users/sheen/.stmcufinder/plugins/mcufinder//mcu/cs/
2025-09-22 13:31:56,736 [INFO] ApplicationProperties:184 - Using Application install path: /Applications/STM32CubeIDE.app/Contents/Eclipse/plugins/com.st.stm32cube.common.mx_6.15.0.202507011659
2025-09-22 13:31:56,737 [INFO] PluginManage:196 - Search for loadable plugins [exclusion list=, ]
2025-09-22 13:31:56,738 [INFO] PluginManage:310 - Check plugin analytics
2025-09-22 13:31:56,908 [INFO] AnalyticsPlugin:253 - Accepted Software Licenses: STM32CubeMX.6.15.0
2025-09-22 13:31:56,908 [INFO] AnalyticsPlugin:255 - Accepted CMSIS Pack Licenses: 
2025-09-22 13:31:56,908 [INFO] AnalyticsPlugin:257 - Accepted Firmware Licenses: FW.F4.1.28.0
2025-09-22 13:31:56,920 [INFO] PluginManage:359 - Loaded plugin analytics (category:tool,tabindex:-1)
2025-09-22 13:31:56,921 [INFO] PluginManage:310 - Check plugin cadmodel
2025-09-22 13:31:56,936 [INFO] CADModel:105 - Init CAD model plugin
2025-09-22 13:31:56,937 [INFO] PluginManage:359 - Loaded plugin cadmodel (category:power,tabindex:5)
2025-09-22 13:31:56,937 [INFO] PluginManage:310 - Check plugin clock
2025-09-22 13:31:56,946 [INFO] PluginManage:359 - Loaded plugin clock (category:base,tabindex:2)
2025-09-22 13:31:56,947 [INFO] PluginManage:310 - Check plugin ddr
2025-09-22 13:31:56,948 [INFO] PluginManage:359 - Loaded plugin ddr (category:tool,tabindex:6)
2025-09-22 13:31:56,948 [INFO] PluginManage:310 - Check plugin filemanager
2025-09-22 13:31:57,082 [INFO] PluginManage:359 - Loaded plugin filemanager (category:base,tabindex:10)
2025-09-22 13:31:57,083 [INFO] PluginManage:310 - Check plugin ipmanager
2025-09-22 13:31:57,090 [INFO] PluginManage:359 - Loaded plugin ipmanager (category:base,tabindex:5)
2025-09-22 13:31:57,090 [INFO] PluginManage:310 - Check plugin lpbam
2025-09-22 13:31:57,101 [INFO] PluginManage:359 - Loaded plugin lpbam (category:base,tabindex:0)
2025-09-22 13:31:57,102 [INFO] PluginManage:310 - Check plugin memorymap
2025-09-22 13:31:57,110 [INFO] PluginManage:359 - Loaded plugin memorymap (category:base,tabindex:4)
2025-09-22 13:31:57,110 [INFO] PluginManage:310 - Check plugin pinoutandconfiguration
2025-09-22 13:31:57,115 [INFO] PluginManage:359 - Loaded plugin pinoutandconfiguration (category:base,tabindex:1)
2025-09-22 13:31:57,115 [INFO] PluginManage:310 - Check plugin pinoutconfig
2025-09-22 13:31:57,181 [WARN] SupportedApi:132 - Cannot load RTOS API schema: s4s-elt-must-match.1: The content of 'definitions' must match (annotation?, (simpleType | complexType)?, (unique | key | keyref)*)). A problem was found starting at: attribute.
2025-09-22 13:31:57,305 [INFO] PluginManage:359 - Loaded plugin pinoutconfig (category:base,tabindex:0)
2025-09-22 13:31:57,305 [INFO] PluginManage:310 - Check plugin power
2025-09-22 13:31:57,314 [INFO] PluginManage:359 - Loaded plugin power (category:power,tabindex:4)
2025-09-22 13:31:57,314 [INFO] PluginManage:310 - Check plugin projectmanager
2025-09-22 13:31:57,336 [INFO] PluginManage:359 - Loaded plugin projectmanager (category:projectmanager,tabindex:4)
2025-09-22 13:31:57,336 [INFO] PluginManage:310 - Check plugin rif
2025-09-22 13:31:57,342 [INFO] PluginManage:359 - Loaded plugin rif (category:base,tabindex:3)
2025-09-22 13:31:57,342 [INFO] PluginManage:310 - Check plugin thirdparty
2025-09-22 13:31:57,482 [INFO] PluginManage:359 - Loaded plugin thirdparty (category:base,tabindex:-1)
2025-09-22 13:31:57,483 [INFO] PluginManage:310 - Check plugin tools
2025-09-22 13:31:57,482 [WARN] IntegrityCheckThread:84 - waiting for thirdparty lock release [integrity check]
2025-09-22 13:31:57,483 [INFO] IntegrityCheckThread:86 - entering critical section [integrity check]
2025-09-22 13:31:57,484 [INFO] ThirdPartyUpdaterWithRetryManager:70 - Updater plugin not ready yet. [1/15]
2025-09-22 13:31:57,485 [INFO] PluginManage:359 - Loaded plugin tools (category:base,tabindex:7)
2025-09-22 13:31:57,485 [INFO] PluginManage:310 - Check plugin tutovideos
2025-09-22 13:31:57,645 [INFO] PluginManage:359 - Loaded plugin tutovideos (category:base,tabindex:-1)
2025-09-22 13:31:57,645 [INFO] PluginManage:310 - Check plugin updater
2025-09-22 13:31:57,672 [INFO] PluginManage:359 - Loaded plugin updater (category:base,tabindex:12)
2025-09-22 13:31:57,672 [INFO] PluginManage:310 - Check plugin userauth
2025-09-22 13:31:57,678 [INFO] UserAuth:118 - Init User Auth plugin
2025-09-22 13:31:57,680 [INFO] PluginManage:359 - Loaded plugin userauth (category:base,tabindex:14)
2025-09-22 13:31:57,682 [INFO] PluginManage:283 - PluginManage : Loaded plugins [18]
2025-09-22 13:31:58,211 [INFO] PinOutPanel:1589 - setPackage(No Configuration,No Configuration)
2025-09-22 13:31:58,292 [INFO] CADModel:165 - CPN selected for project level
2025-09-22 13:31:58,293 [INFO] CADModel:114 - Register for checkConnection events
2025-09-22 13:31:58,319 [INFO] IPUIPlugin:80 - create IPUIPlugin
2025-09-22 13:31:58,320 [INFO] PluginManager:220 - loadIPPluginJar : add mdma
2025-09-22 13:31:58,329 [INFO] IPUIPlugin:80 - create IPUIPlugin
2025-09-22 13:31:58,329 [INFO] PluginManager:220 - loadIPPluginJar : add freertos
2025-09-22 13:31:58,332 [INFO] IPUIPlugin:80 - create IPUIPlugin
2025-09-22 13:31:58,333 [INFO] PluginManager:220 - loadIPPluginJar : add gic
2025-09-22 13:31:58,339 [INFO] IPUIPlugin:80 - create IPUIPlugin
2025-09-22 13:31:58,339 [INFO] PluginManager:220 - loadIPPluginJar : add adc
2025-09-22 13:31:58,340 [INFO] IPUIPlugin:80 - create IPUIPlugin
2025-09-22 13:31:58,340 [INFO] PluginManager:220 - loadIPPluginJar : add gtzc
2025-09-22 13:31:58,340 [INFO] IPUIPlugin:80 - create IPUIPlugin
2025-09-22 13:31:58,340 [INFO] PluginManager:220 - loadIPPluginJar : add quadspi
2025-09-22 13:31:58,341 [INFO] IPUIPlugin:80 - create IPUIPlugin
2025-09-22 13:31:58,341 [INFO] PluginManager:220 - loadIPPluginJar : add aes
2025-09-22 13:31:58,342 [INFO] IPUIPlugin:80 - create IPUIPlugin
2025-09-22 13:31:58,342 [INFO] PluginManager:220 - loadIPPluginJar : add pdm2pcm
2025-09-22 13:31:58,343 [INFO] IPUIPlugin:80 - create IPUIPlugin
2025-09-22 13:31:58,343 [INFO] PluginManager:220 - loadIPPluginJar : add hash
2025-09-22 13:31:58,344 [INFO] IPUIPlugin:80 - create IPUIPlugin
2025-09-22 13:31:58,344 [INFO] PluginManager:220 - loadIPPluginJar : add tim
2025-09-22 13:31:58,345 [INFO] IPUIPlugin:80 - create IPUIPlugin
2025-09-22 13:31:58,345 [INFO] PluginManager:220 - loadIPPluginJar : add tsc
2025-09-22 13:31:58,346 [INFO] IPUIPlugin:80 - create IPUIPlugin
2025-09-22 13:31:58,346 [INFO] PluginManager:220 - loadIPPluginJar : add extmemmanager
2025-09-22 13:31:58,347 [INFO] IPUIPlugin:80 - create IPUIPlugin
2025-09-22 13:31:58,347 [INFO] PluginManager:220 - loadIPPluginJar : add ts
2025-09-22 13:31:58,347 [INFO] IPUIPlugin:80 - create IPUIPlugin
2025-09-22 13:31:58,348 [INFO] PluginManager:220 - loadIPPluginJar : add radio
2025-09-22 13:31:58,349 [INFO] IPUIPlugin:80 - create IPUIPlugin
2025-09-22 13:31:58,349 [INFO] PluginManager:220 - loadIPPluginJar : add can
2025-09-22 13:31:58,350 [INFO] IPUIPlugin:80 - create IPUIPlugin
2025-09-22 13:31:58,350 [INFO] PluginManager:220 - loadIPPluginJar : add dma3
2025-09-22 13:31:58,350 [INFO] IPUIPlugin:80 - create IPUIPlugin
2025-09-22 13:31:58,351 [INFO] PluginManager:220 - loadIPPluginJar : add dfsdm
2025-09-22 13:31:58,351 [INFO] IPUIPlugin:80 - create IPUIPlugin
2025-09-22 13:31:58,351 [INFO] PluginManager:220 - loadIPPluginJar : add spi
2025-09-22 13:31:58,352 [INFO] IPUIPlugin:80 - create IPUIPlugin
2025-09-22 13:31:58,353 [INFO] PluginManager:220 - loadIPPluginJar : add gfxmmu
2025-09-22 13:31:58,354 [INFO] IPUIPlugin:80 - create IPUIPlugin
2025-09-22 13:31:58,354 [INFO] PluginManager:220 - loadIPPluginJar : add genericplugin
2025-09-22 13:31:58,355 [INFO] IPUIPlugin:80 - create IPUIPlugin
2025-09-22 13:31:58,355 [INFO] PluginManager:220 - loadIPPluginJar : add cryp
2025-09-22 13:31:58,357 [INFO] IPUIPlugin:80 - create IPUIPlugin
2025-09-22 13:31:58,358 [INFO] PluginManager:220 - loadIPPluginJar : add gpio
2025-09-22 13:31:58,360 [INFO] IPUIPlugin:80 - create IPUIPlugin
2025-09-22 13:31:58,360 [INFO] PluginManager:220 - loadIPPluginJar : add ddr_ctrl_phy
2025-09-22 13:31:58,361 [INFO] IPUIPlugin:80 - create IPUIPlugin
2025-09-22 13:31:58,361 [INFO] PluginManager:220 - loadIPPluginJar : add comp
2025-09-22 13:31:58,363 [INFO] IPUIPlugin:80 - create IPUIPlugin
2025-09-22 13:31:58,363 [INFO] PluginManager:220 - loadIPPluginJar : add tracer_emb
2025-09-22 13:31:58,365 [INFO] IPUIPlugin:80 - create IPUIPlugin
2025-09-22 13:31:58,365 [INFO] PluginManager:220 - loadIPPluginJar : add openamp
2025-09-22 13:31:58,367 [INFO] IPUIPlugin:80 - create IPUIPlugin
2025-09-22 13:31:58,368 [INFO] PluginManager:220 - loadIPPluginJar : add stm32_wpan
2025-09-22 13:31:58,370 [INFO] IPUIPlugin:80 - create IPUIPlugin
2025-09-22 13:31:58,382 [INFO] PluginManager:220 - loadIPPluginJar : add plateformsettings
2025-09-22 13:31:58,384 [INFO] IPUIPlugin:80 - create IPUIPlugin
2025-09-22 13:31:58,384 [INFO] PluginManager:220 - loadIPPluginJar : add ipddr
2025-09-22 13:31:58,385 [INFO] IPUIPlugin:80 - create IPUIPlugin
2025-09-22 13:31:58,385 [INFO] PluginManager:220 - loadIPPluginJar : add usart
2025-09-22 13:31:58,386 [INFO] IPUIPlugin:80 - create IPUIPlugin
2025-09-22 13:31:58,386 [INFO] PluginManager:220 - loadIPPluginJar : add ltdc
2025-09-22 13:31:58,387 [INFO] IPUIPlugin:80 - create IPUIPlugin
2025-09-22 13:31:58,387 [INFO] PluginManager:220 - loadIPPluginJar : add nvic
2025-09-22 13:31:58,388 [INFO] IPUIPlugin:80 - create IPUIPlugin
2025-09-22 13:31:58,388 [INFO] PluginManager:220 - loadIPPluginJar : add fatfs
2025-09-22 13:31:58,391 [INFO] IPUIPlugin:80 - create IPUIPlugin
2025-09-22 13:31:58,391 [INFO] PluginManager:220 - loadIPPluginJar : add linkedlist
2025-09-22 13:31:58,394 [INFO] IPUIPlugin:80 - create IPUIPlugin
2025-09-22 13:31:58,394 [INFO] PluginManager:220 - loadIPPluginJar : add dma
2025-09-22 13:31:58,396 [INFO] IPUIPlugin:80 - create IPUIPlugin
2025-09-22 13:31:58,396 [INFO] PluginManager:220 - loadIPPluginJar : add fmc
2025-09-22 13:31:58,397 [INFO] IPUIPlugin:80 - create IPUIPlugin
2025-09-22 13:31:58,397 [INFO] PluginManager:220 - loadIPPluginJar : add i2s
2025-09-22 13:31:58,398 [INFO] IPUIPlugin:80 - create IPUIPlugin
2025-09-22 13:31:58,398 [INFO] PluginManager:220 - loadIPPluginJar : add ucpd
2025-09-22 13:31:58,399 [INFO] IPUIPlugin:80 - create IPUIPlugin
2025-09-22 13:31:58,399 [INFO] PluginManager:220 - loadIPPluginJar : add lorawan
2025-09-22 13:31:58,400 [INFO] IPUIPlugin:80 - create IPUIPlugin
2025-09-22 13:31:58,400 [INFO] PluginManager:220 - loadIPPluginJar : add opamp
2025-09-22 13:31:58,401 [INFO] IPUIPlugin:80 - create IPUIPlugin
2025-09-22 13:31:58,401 [INFO] PluginManager:220 - loadIPPluginJar : add i3c
2025-09-22 13:31:58,405 [INFO] IPUIPlugin:80 - create IPUIPlugin
2025-09-22 13:31:58,406 [INFO] PluginManager:220 - loadIPPluginJar : add touchsensing
2025-09-22 13:31:58,408 [INFO] IPUIPlugin:80 - create IPUIPlugin
2025-09-22 13:31:58,408 [INFO] PluginManager:220 - loadIPPluginJar : add i2c
2025-09-22 13:31:58,409 [INFO] IPUIPlugin:80 - create IPUIPlugin
2025-09-22 13:31:58,409 [INFO] PluginManager:220 - loadIPPluginJar : add resmgrutility
2025-09-22 13:31:58,411 [INFO] IPUIPlugin:80 - create IPUIPlugin
2025-09-22 13:31:58,411 [INFO] PluginManager:220 - loadIPPluginJar : add sai
2025-09-22 13:31:58,412 [INFO] IPUIPlugin:80 - create IPUIPlugin
2025-09-22 13:31:58,412 [INFO] PluginManager:220 - loadIPPluginJar : add usbx
2025-09-22 13:31:58,529 [FATAL] Updater:351 - Updater called before beeing initialized
2025-09-22 13:31:58,606 [INFO] RulesReader:64 - Compatibility file has been processed (317 Rules)
2025-09-22 13:31:58,627 [INFO] RulesReader:64 - Compatibility file has been processed (317 Rules)
2025-09-22 13:31:58,638 [INFO] CADModel:165 - CPN selected for project level
2025-09-22 13:31:58,639 [INFO] CADModel:114 - Register for checkConnection events
2025-09-22 13:31:58,639 [FATAL] Updater:351 - Updater called before beeing initialized
2025-09-22 13:31:58,639 [ERROR] CADModel:125 - Updater not yet initialized, retry later 
2025-09-22 13:31:58,854 [FATAL] Updater:351 - Updater called before beeing initialized
2025-09-22 13:31:58,856 [INFO] CADModel:165 - CPN selected for project level
2025-09-22 13:31:58,856 [INFO] CADModel:114 - Register for checkConnection events
2025-09-22 13:31:58,856 [FATAL] Updater:351 - Updater called before beeing initialized
2025-09-22 13:31:58,856 [ERROR] CADModel:125 - Updater not yet initialized, retry later 
2025-09-22 13:31:58,858 [FATAL] Updater:351 - Updater called before beeing initialized
2025-09-22 13:31:59,003 [FATAL] Updater:351 - Updater called before beeing initialized
2025-09-22 13:31:59,011 [INFO] DbMcusAds:53 - JSON generation date=Tue Jul 08 01:14:23 PDT 2025 (1751962463524)
2025-09-22 13:31:59,011 [FATAL] Updater:351 - Updater called before beeing initialized
2025-09-22 13:31:59,057 [WARN] DetailPanel:346 - Failed to get advertising image, set to default
2025-09-22 13:31:59,127 [FATAL] Updater:351 - Updater called before beeing initialized
2025-09-22 13:31:59,129 [FATAL] Updater:351 - Updater called before beeing initialized
2025-09-22 13:31:59,130 [FATAL] Updater:351 - Updater called before beeing initialized
2025-09-22 13:31:59,130 [WARN] DetailPanel:346 - Failed to get advertising image, set to default
2025-09-22 13:31:59,132 [FATAL] Updater:351 - Updater called before beeing initialized
2025-09-22 13:31:59,196 [ERROR] Updater:1198 - MainUpdater not yet initialized. External WinMGr cannot be set.
2025-09-22 13:31:59,206 [INFO] Updater:1134 - Updater Version found : 6.15.0
2025-09-22 13:31:59,219 [INFO] ApplicationProperties:184 - Using Application install path: /Applications/STM32CubeIDE.app/Contents/Eclipse/plugins/com.st.stm32cube.common.mx_6.15.0.202507011659
2025-09-22 13:31:59,536 [INFO] MainUpdater:2872 - connection check result : 10
2025-09-22 13:31:59,537 [INFO] MainUpdater:289 - Updater Check For Update Now.
2025-09-22 13:31:59,537 [INFO] MicroXplorer:498 - Change Database Version : DB.6.0.150
2025-09-22 13:31:59,552 [INFO] McuFinderGlobals:63 - Set McuFinder mode to 2 (CubeIDE integrated)
2025-09-22 13:31:59,552 [INFO] UserAuth:171 - activating auth plugin
2025-09-22 13:31:59,570 [INFO] UserAuth:487 - Internet connection configuration mode: 1
2025-09-22 13:31:59,585 [INFO] JxBrowserEngine:152 - Initiate JxBrowser Engine with user profile folder
2025-09-22 13:31:59,807 [INFO] CheckServerUpdateThread:120 - End of CheckServer Thread
2025-09-22 13:32:00,675 [WARN] PackLoader:240 - Cannot read IP mode file for STMicroelectronics.FP-SNS-MOTENVWB1.1.4.0
2025-09-22 13:32:00,696 [WARN] PackLoader:240 - Cannot read IP mode file for STMicroelectronics.FP-ATR-ASTRA1.2.0.2
2025-09-22 13:32:00,714 [WARN] PackLoader:240 - Cannot read IP mode file for STMicroelectronics.X-CUBE-SMBUS.2.1.0
2025-09-22 13:32:00,720 [WARN] PackLoader:240 - Cannot read IP mode file for STMicroelectronics.X-CUBE-ST60.1.0.0
2025-09-22 13:32:00,794 [WARN] PackLoader:240 - Cannot read IP mode file for STMicroelectronics.X-CUBE-AZRTOS-F7.1.1.0
2025-09-22 13:32:00,816 [WARN] PackLoader:240 - Cannot read IP mode file for Cesanta.I-CUBE-Mongoose.7.19.0
2025-09-22 13:32:00,861 [WARN] PackLoader:240 - Cannot read IP mode file for WES.I-CUBE-Cesium.1.4.0
2025-09-22 13:32:00,910 [WARN] PackLoader:240 - Cannot read IP mode file for Infineon.AIROC-Wi-Fi-Bluetooth-STM32.1.7.1
2025-09-22 13:32:00,983 [WARN] PackLoader:240 - Cannot read IP mode file for STMicroelectronics.X-CUBE-AZRTOS-H7.3.4.0
2025-09-22 13:32:01,010 [WARN] PackLoader:240 - Cannot read IP mode file for STMicroelectronics.X-CUBE-DISPLAY.3.0.0
2025-09-22 13:32:01,055 [WARN] PackLoader:240 - Cannot read IP mode file for STMicroelectronics.X-CUBE-NFC10.1.0.0
2025-09-22 13:32:01,070 [WARN] PackLoader:240 - Cannot read IP mode file for emotas.I-CUBE-CANOPEN.1.3.0
2025-09-22 13:32:01,083 [WARN] PackLoader:240 - Cannot read IP mode file for STMicroelectronics.FP-SNS-STBOX1.2.1.0
2025-09-22 13:32:01,090 [WARN] PackLoader:240 - Cannot read IP mode file for STMicroelectronics.FP-SNS-SMARTAG2.1.2.0
2025-09-22 13:32:01,095 [WARN] PackLoader:240 - Cannot read IP mode file for STMicroelectronics.FP-SNS-FLIGHT1.5.1.0
2025-09-22 13:32:01,103 [INFO] LogOutputStream:77 - [STDOUT_REDIRECT] 1 : Invalid condition id : UX_CORESTACK_Condition cause : null
2025-09-22 13:32:01,107 [INFO] LogOutputStream:77 - [STDOUT_REDIRECT] 1 : Invalid condition id : UX_CORESTACK_Condition cause : null
2025-09-22 13:32:01,108 [INFO] LogOutputStream:77 - [STDOUT_REDIRECT] 1 : Invalid condition id : UX_CORESTACK_Condition cause : null
2025-09-22 13:32:01,108 [INFO] LogOutputStream:77 - [STDOUT_REDIRECT] 1 : Invalid condition id : UX_CORESTACK_Condition cause : null
2025-09-22 13:32:01,108 [INFO] LogOutputStream:77 - [STDOUT_REDIRECT] 1 : Invalid condition id : UX_CORESTACK_Condition cause : null
2025-09-22 13:32:01,116 [WARN] PackLoader:240 - Cannot read IP mode file for STMicroelectronics.X-CUBE-AZRTOS-WL.2.0.0
2025-09-22 13:32:01,125 [WARN] PackLoader:240 - Cannot read IP mode file for STMicroelectronics.FP-SNS-MOTENV1.5.0.0
2025-09-22 13:32:01,141 [WARN] PackLoader:240 - Cannot read IP mode file for WES.I-CUBE-Cesium.1.3.0
2025-09-22 13:32:01,150 [WARN] PackLoader:240 - Cannot read IP mode file for STMicroelectronics.X-CUBE-BLE2.3.3.0
2025-09-22 13:32:01,161 [WARN] PackLoader:240 - Cannot read IP mode file for STMicroelectronics.X-CUBE-NFC9.1.0.0
2025-09-22 13:32:01,184 [WARN] PackLoader:240 - Cannot read IP mode file for wolfSSL.I-CUBE-wolfSSL.5.8.2
2025-09-22 13:32:01,197 [WARN] PackLoader:240 - Cannot read IP mode file for STMicroelectronics.X-CUBE-BLE1.7.1.0
2025-09-22 13:32:01,200 [WARN] PackLoader:240 - Cannot read IP mode file for wolfSSL.I-CUBE-wolfMQTT.1.19.2
2025-09-22 13:32:01,205 [WARN] PackLoader:240 - Cannot read IP mode file for STMicroelectronics.X-CUBE-EEPRMA1.5.2.0
2025-09-22 13:32:01,215 [WARN] PackLoader:240 - Cannot read IP mode file for STMicroelectronics.X-CUBE-AI.10.1.0
2025-09-22 13:32:01,241 [WARN] PackLoader:240 - Cannot read IP mode file for STMicroelectronics.X-CUBE-AZRTOS-G0.1.1.0
2025-09-22 13:32:01,268 [WARN] PackLoader:240 - Cannot read IP mode file for STMicroelectronics.X-CUBE-SAFEA1.1.2.2
2025-09-22 13:32:01,282 [WARN] PackLoader:240 - Cannot read IP mode file for STMicroelectronics.X-CUBE-NFC4.3.0.0
2025-09-22 13:32:01,297 [WARN] PackLoader:240 - Cannot read IP mode file for EmbeddedOffice.I-CUBE-FS-RTOS.1.0.1
2025-09-22 13:32:01,304 [WARN] PackLoader:240 - Cannot read IP mode file for STMicroelectronics.X-CUBE-WB05N.2.0.0
2025-09-22 13:32:01,312 [WARN] PackLoader:240 - Cannot read IP mode file for wolfSSL.I-CUBE-wolfTPM.3.8.0
2025-09-22 13:32:01,320 [WARN] PackLoader:240 - Cannot read IP mode file for STMicroelectronics.X-CUBE-TCPP.4.2.0
2025-09-22 13:32:01,329 [WARN] PackLoader:240 - Cannot read IP mode file for RealThread.X-CUBE-RT-Thread_Nano.4.1.1
2025-09-22 13:32:01,332 [WARN] PackLoader:240 - Cannot read IP mode file for STMicroelectronics.FP-ATR-SIGFOX1.3.2.0
2025-09-22 13:32:01,335 [WARN] PackLoader:240 - Cannot read IP mode file for ITTIA_DB.I-CUBE-ITTIADB.8.9.0
2025-09-22 13:32:01,342 [WARN] PackLoader:240 - Cannot read IP mode file for STMicroelectronics.X-CUBE-ST67W61.1.0.0
2025-09-22 13:32:01,346 [WARN] PackLoader:240 - Cannot read IP mode file for STMicroelectronics.X-CUBE-AI.10.2.0
2025-09-22 13:32:01,403 [WARN] PackLoader:240 - Cannot read IP mode file for SEGGER.I-CUBE-embOS.1.3.1
2025-09-22 13:32:01,458 [WARN] PackLoader:240 - Cannot read IP mode file for STMicroelectronics.X-CUBE-ALGOBUILD.1.4.0
2025-09-22 13:32:01,649 [WARN] PackLoader:240 - Cannot read IP mode file for STMicroelectronics.X-CUBE-MEMS1.11.3.0
2025-09-22 13:32:01,881 [WARN] PackLoader:240 - Cannot read IP mode file for STMicroelectronics.X-CUBE-PM33A1.1.0.0
2025-09-22 13:32:01,938 [WARN] PackLoader:240 - Cannot read IP mode file for STMicroelectronics.X-CUBE-AZRTOS-F4.1.1.0
2025-09-22 13:32:01,952 [WARN] PackLoader:240 - Cannot read IP mode file for Avnet-IotConnect.X-CUBE-IoTC-DA16k-PMOD.1.0.0
2025-09-22 13:32:01,960 [WARN] PackLoader:240 - Cannot read IP mode file for STMicroelectronics.X-CUBE-ISPU.2.1.0
2025-09-22 13:32:01,970 [WARN] PackLoader:240 - Cannot read IP mode file for STMicroelectronics.X-CUBE-NFC12.1.0.0
2025-09-22 13:32:02,000 [WARN] PackLoader:240 - Cannot read IP mode file for STMicroelectronics.X-CUBE-AZRTOS-L5.2.0.0
2025-09-22 13:32:02,021 [WARN] PackLoader:240 - Cannot read IP mode file for STMicroelectronics.X-CUBE-NFC6.3.1.0
2025-09-22 13:32:02,034 [WARN] PackLoader:240 - Cannot read IP mode file for STMicroelectronics.X-CUBE-FREERTOS.1.3.1
2025-09-22 13:32:02,040 [WARN] PackLoader:240 - Cannot read IP mode file for STMicroelectronics.FP-SNS-STAIOTCFT.1.0.0
2025-09-22 13:32:02,047 [WARN] PackLoader:240 - Cannot read IP mode file for STMicroelectronics.X-CUBE-DPower.1.3.0
2025-09-22 13:32:02,067 [WARN] ConditionMgr:438 - getConditionDescription Invalid condition id : LAN8742 Phy interface Condition cause : null
2025-09-22 13:32:02,070 [WARN] PackLoader:240 - Cannot read IP mode file for STMicroelectronics.X-CUBE-AZRTOS-L4.2.0.0
2025-09-22 13:32:02,074 [WARN] ConditionMgr:1044 - genDependencies : Invalid condition id : LAN8742 Phy interface Condition cause : null
2025-09-22 13:32:02,075 [WARN] ConditionMgr:1044 - genDependencies : Invalid condition id : LAN8742 Phy interface Condition cause : null
2025-09-22 13:32:02,076 [WARN] ConditionMgr:1044 - genDependencies : Invalid condition id : LAN8742 Phy interface Condition cause : null
2025-09-22 13:32:02,089 [WARN] PackLoader:240 - Cannot read IP mode file for STMicroelectronics.X-CUBE-SFXS2LP1.4.0.0
2025-09-22 13:32:02,110 [WARN] PackLoader:240 - Cannot read IP mode file for STMicroelectronics.X-CUBE-BLEMGR.4.1.0
2025-09-22 13:32:02,132 [WARN] ConditionMgr:438 - getConditionDescription Invalid condition id : UX DEVICE CLASS RTOS Condition cause : null
2025-09-22 13:32:02,132 [WARN] ConditionMgr:438 - getConditionDescription Invalid condition id : UX DEVICE CLASS RTOS Condition cause : null
2025-09-22 13:32:02,136 [WARN] PackLoader:240 - Cannot read IP mode file for STMicroelectronics.X-CUBE-AZRTOS-WB.2.0.0
2025-09-22 13:32:02,137 [WARN] ConditionMgr:1044 - genDependencies : Invalid condition id : UX DEVICE CLASS RTOS Condition cause : null
2025-09-22 13:32:02,137 [WARN] ConditionMgr:1044 - genDependencies : Invalid condition id : UX DEVICE CLASS RTOS Condition cause : null
2025-09-22 13:32:02,138 [WARN] ConditionMgr:1044 - genDependencies : Invalid condition id : UX DEVICE CLASS RTOS Condition cause : null
2025-09-22 13:32:02,138 [WARN] ConditionMgr:1044 - genDependencies : Invalid condition id : UX DEVICE CLASS RTOS Condition cause : null
2025-09-22 13:32:02,138 [WARN] ConditionMgr:1044 - genDependencies : Invalid condition id : UX DEVICE CLASS RTOS Condition cause : null
2025-09-22 13:32:02,146 [WARN] PackLoader:240 - Cannot read IP mode file for STMicroelectronics.X-CUBE-GNSS1.7.0.1
2025-09-22 13:32:02,168 [WARN] PackLoader:240 - Cannot read IP mode file for STMicroelectronics.X-CUBE-TOUCHGFX.4.25.0
2025-09-22 13:32:02,176 [WARN] PackLoader:240 - Cannot read IP mode file for STMicroelectronics.FP-SNS-STBOX1.2.0.0
2025-09-22 13:32:02,182 [WARN] ConditionMgr:438 - getConditionDescription Invalid condition id : Cortex-A Device cause : null
2025-09-22 13:32:02,241 [WARN] ConditionMgr:1044 - genDependencies : Invalid condition id : Cortex-A Device cause : null
2025-09-22 13:32:02,241 [WARN] ConditionMgr:1044 - genDependencies : Invalid condition id : Cortex-A Device cause : null
2025-09-22 13:32:02,241 [WARN] ConditionMgr:1044 - genDependencies : Invalid condition id : Cortex-A Device cause : null
2025-09-22 13:32:02,260 [WARN] PackLoader:240 - Cannot read IP mode file for STMicroelectronics.X-CUBE-SUBG2.5.0.0
2025-09-22 13:32:02,302 [WARN] PackLoader:240 - Cannot read IP mode file for STMicroelectronics.X-CUBE-AZRTOS-H7RS.1.1.0
2025-09-22 13:32:02,308 [WARN] PackLoader:240 - Cannot read IP mode file for Cesanta.I-CUBE-Mongoose.7.13.0
2025-09-22 13:32:02,323 [WARN] PackLoader:240 - Cannot read IP mode file for STMicroelectronics.X-CUBE-AZRTOS-G4.2.0.0
2025-09-22 13:32:02,328 [WARN] PackLoader:240 - Cannot read IP mode file for wolfSSL.I-CUBE-wolfSSH.1.4.20
2025-09-22 13:32:02,332 [WARN] PackLoader:240 - Cannot read IP mode file for STMicroelectronics.X-CUBE-NFC7.2.0.0
2025-09-22 13:32:02,344 [WARN] PackLoader:240 - Cannot read IP mode file for STMicroelectronics.X-CUBE-IPS.3.1.0
2025-09-22 13:32:02,353 [WARN] PackLoader:240 - Cannot read IP mode file for STMicroelectronics.X-CUBE-ALS.1.0.2
2025-09-22 13:32:02,362 [WARN] PackLoader:240 - Cannot read IP mode file for STMicroelectronics.X-CUBE-STSE01.1.0.0
2025-09-22 13:32:02,367 [WARN] PackLoader:240 - Cannot read IP mode file for portGmbH.I-Cube-SoM-uGOAL.1.1.0
2025-09-22 13:32:02,396 [WARN] PackLoader:240 - Cannot read IP mode file for STMicroelectronics.X-CUBE-TOF1.3.4.3
2025-09-22 13:32:02,407 [INFO] ThirdParty:978 - Integrity check success = true
2025-09-22 13:32:02,407 [INFO] IntegrityCheckThread:100 - exiting critical section [integrity check]
2025-09-22 13:32:02,407 [INFO] IntegrityCheckThread:103 - End integrity checks thread
2025-09-22 13:32:03,751 [INFO] WebApp:169 - Instantiating new browser for Auth
2025-09-22 13:32:05,480 [INFO] WebApp:463 - Apply proxy settings
2025-09-22 13:32:05,534 [INFO] WebApp:508 - Chromium authenticates against Manually configured proxy
2025-09-22 13:32:05,569 [INFO] WebApp:516 - Username used for proxy authentication: 
2025-09-22 13:32:05,636 [INFO] WebApp:900 - Register for checkConnection events
2025-09-22 13:32:05,637 [INFO] WebApp:463 - Apply proxy settings
2025-09-22 13:32:05,641 [INFO] WebApp:508 - Chromium authenticates against Manually configured proxy
2025-09-22 13:32:05,643 [INFO] WebApp:516 - Username used for proxy authentication: 
2025-09-22 13:32:05,972 [INFO] WebApp:225 - Starting web application
2025-09-22 13:32:05,974 [INFO] WebApp:593 - Web application path used /Applications/STM32CubeIDE.app/Contents/Eclipse/plugins/com.st.stm32cube.common.mx_6.15.0.202507011659/db/plugins/mcufinder/reactClient1/index.html
2025-09-22 13:32:06,008 [INFO] WebApp:191 - Connection restablished
2025-09-22 14:00:09,960 [INFO] WebApp:194 - Connection lost
2025-09-22 14:00:14,629 [INFO] WebApp:191 - Connection restablished
2025-09-22 15:20:02,018 [INFO] WebApp:194 - Connection lost
2025-09-22 15:20:06,421 [INFO] WebApp:191 - Connection restablished
2025-09-22 15:21:11,356 [INFO] WebApp:194 - Connection lost
2025-09-22 15:21:16,364 [INFO] WebApp:191 - Connection restablished
2025-09-22 15:22:09,590 [INFO] WebApp:194 - Connection lost
2025-09-22 15:22:13,636 [INFO] WebApp:191 - Connection restablished
2025-09-22 15:23:12,382 [INFO] WebApp:194 - Connection lost
2025-09-22 15:23:17,134 [INFO] WebApp:191 - Connection restablished
2025-09-22 15:24:06,142 [INFO] WebApp:194 - Connection lost
2025-09-22 15:24:11,665 [INFO] WebApp:191 - Connection restablished
2025-09-22 15:25:12,166 [INFO] WebApp:194 - Connection lost
2025-09-22 15:25:16,906 [INFO] WebApp:191 - Connection restablished
2025-09-22 15:26:08,556 [INFO] WebApp:194 - Connection lost
2025-09-22 15:26:13,424 [INFO] WebApp:191 - Connection restablished
2025-09-22 15:27:03,400 [INFO] WebApp:194 - Connection lost
2025-09-22 15:27:08,293 [INFO] WebApp:191 - Connection restablished
2025-09-22 15:31:36,581 [INFO] WebApp:194 - Connection lost
2025-09-22 15:31:41,104 [INFO] WebApp:191 - Connection restablished
2025-09-22 15:31:48,939 [INFO] WebApp:194 - Connection lost
2025-09-22 15:31:53,304 [INFO] WebApp:191 - Connection restablished
2025-09-22 15:33:43,554 [INFO] WebApp:194 - Connection lost
2025-09-22 15:33:50,996 [INFO] WebApp:191 - Connection restablished
2025-09-22 15:35:34,558 [INFO] WebApp:194 - Connection lost
2025-09-22 15:35:39,269 [INFO] WebApp:191 - Connection restablished
2025-09-22 15:35:47,355 [INFO] WebApp:194 - Connection lost
2025-09-22 15:35:51,877 [INFO] WebApp:191 - Connection restablished
2025-09-22 15:36:59,038 [INFO] WebApp:194 - Connection lost
2025-09-22 15:37:03,828 [INFO] WebApp:191 - Connection restablished
2025-09-22 15:37:11,304 [INFO] WebApp:194 - Connection lost
2025-09-22 15:37:15,830 [INFO] WebApp:191 - Connection restablished
2025-09-22 15:38:13,809 [INFO] WebApp:194 - Connection lost
2025-09-22 15:38:18,529 [INFO] WebApp:191 - Connection restablished
2025-09-22 15:39:12,120 [INFO] WebApp:194 - Connection lost
2025-09-22 15:39:16,555 [INFO] WebApp:191 - Connection restablished
2025-09-22 15:40:05,572 [INFO] WebApp:194 - Connection lost
2025-09-22 15:40:10,308 [INFO] WebApp:191 - Connection restablished
2025-09-22 15:40:18,113 [INFO] WebApp:194 - Connection lost
2025-09-22 15:40:22,708 [INFO] WebApp:191 - Connection restablished
2025-09-22 15:41:21,750 [INFO] WebApp:194 - Connection lost
2025-09-22 15:41:26,430 [INFO] WebApp:191 - Connection restablished
2025-09-22 15:42:22,891 [INFO] WebApp:194 - Connection lost
2025-09-22 15:42:27,463 [INFO] WebApp:191 - Connection restablished
2025-09-22 15:42:36,052 [INFO] WebApp:194 - Connection lost
2025-09-22 15:42:40,498 [INFO] WebApp:191 - Connection restablished
2025-09-22 15:43:27,440 [INFO] WebApp:194 - Connection lost
2025-09-22 15:43:32,345 [INFO] WebApp:191 - Connection restablished
2025-09-22 15:44:32,975 [INFO] WebApp:194 - Connection lost
2025-09-22 15:44:37,721 [INFO] WebApp:191 - Connection restablished
2025-09-22 15:45:34,082 [INFO] WebApp:194 - Connection lost
2025-09-22 15:45:38,781 [INFO] WebApp:191 - Connection restablished
2025-09-22 15:46:42,451 [INFO] WebApp:194 - Connection lost
2025-09-22 15:46:46,840 [INFO] WebApp:191 - Connection restablished
2025-09-22 15:47:43,801 [INFO] WebApp:194 - Connection lost
2025-09-22 15:47:48,019 [INFO] WebApp:191 - Connection restablished
2025-09-22 15:48:49,571 [INFO] WebApp:194 - Connection lost
2025-09-22 15:48:54,159 [INFO] WebApp:191 - Connection restablished
2025-09-22 15:49:49,180 [INFO] WebApp:194 - Connection lost
2025-09-22 15:54:16,419 [INFO] WebApp:191 - Connection restablished
