2025-10-31 21:08:55,529 [INFO] Activator:176 - 


2025-10-31 21:08:55,534 [INFO] Activator:177 - !SESSION log4j initialized
2025-10-31 21:09:00,633 [INFO] LogOutputStream:77 - [STDOUT_REDIRECT] 
2025-10-31 21:09:01,059 [ERROR] LogOutputStream:75 - [STDERR_REDIRECT] 
2025-10-31 21:09:02,862 [INFO] LogOutputStream:77 - [STDOUT_REDIRECT] 
2025-10-31 21:09:04,321 [INFO] ApplicationProperties:184 - Using Application install path: /Applications/STM32CubeIDE.app/Contents/Eclipse/plugins/com.st.stm32cube.common.mx_6.15.0.202507011659
2025-10-31 21:09:04,334 [INFO] DbMcusXml:78 - Set database path to: /Applications/STM32CubeIDE.app/Contents/Eclipse/plugins/com.st.stm32cube.common.mx_6.15.0.202507011659//db//mcu/
2025-10-31 21:09:04,334 [INFO] ApiDb:274 - Set plugin database path to: /Applications/STM32CubeIDE.app/Contents/Eclipse/plugins/com.st.stm32cube.common.mx_6.15.0.202507011659//db//plugins/boardmanager/
2025-10-31 21:09:04,336 [WARN] ApiDb:259 - Overriding images path with different value:  => /Applications/STM32CubeIDE.app/Contents/Eclipse/plugins/com.st.stm32cube.common.mx_6.15.0.202507011659//db//plugins/mcufinder/images/
2025-10-31 21:09:04,341 [INFO] ApiDb:250 - Set database path to: /Users/sheen/.stmcufinder/plugins/mcufinder//mcu/
2025-10-31 21:09:04,342 [INFO] DbMcusAds:125 - Set database path to: /Users/sheen/.stmcufinder/plugins/mcufinder//mcu/
2025-10-31 21:09:04,343 [INFO] CrossReferenceDbSqlite:203 - Set database path to: /Users/sheen/.stmcufinder/plugins/mcufinder//mcu/cs/
2025-10-31 21:09:04,466 [INFO] RulesReader:64 - Compatibility file has been processed (317 Rules)
2025-10-31 21:09:04,521 [INFO] DbMcusXml:78 - Set database path to: /Applications/STM32CubeIDE.app/Contents/Eclipse/plugins/com.st.stm32cube.common.mx_6.15.0.202507011659//db//mcu/
2025-10-31 21:09:04,521 [INFO] ApiDb:274 - Set plugin database path to: /Applications/STM32CubeIDE.app/Contents/Eclipse/plugins/com.st.stm32cube.common.mx_6.15.0.202507011659//db//plugins/boardmanager/
2025-10-31 21:09:04,521 [INFO] ApiDb:261 - Set plugin images path to: /Applications/STM32CubeIDE.app/Contents/Eclipse/plugins/com.st.stm32cube.common.mx_6.15.0.202507011659//db//plugins/mcufinder/images/
2025-10-31 21:09:04,521 [WARN] DbFile:41 - Overriding database path with different value: /Users/sheen/.stmcufinder/plugins/mcufinder/ => /Users/sheen/.stmcufinder/plugins/mcufinder
2025-10-31 21:09:04,521 [INFO] ApiDb:250 - Set database path to: /Users/sheen/.stmcufinder/plugins/mcufinder//mcu/
2025-10-31 21:09:04,522 [WARN] DbFile:41 - Overriding database path with different value: /Users/sheen/.stmcufinder/plugins/mcufinder/ => /Users/sheen/.stmcufinder/plugins/mcufinder
2025-10-31 21:09:04,522 [INFO] DbMcusAds:125 - Set database path to: /Users/sheen/.stmcufinder/plugins/mcufinder//mcu/
2025-10-31 21:09:04,522 [WARN] DbFile:41 - Overriding database path with different value: /Users/sheen/.stmcufinder/plugins/mcufinder/ => /Users/sheen/.stmcufinder/plugins/mcufinder
2025-10-31 21:09:04,522 [WARN] DbFile:41 - Overriding database path with different value: /Users/sheen/.stmcufinder/plugins/mcufinder/ => /Users/sheen/.stmcufinder/plugins/mcufinder
2025-10-31 21:09:04,522 [INFO] CrossReferenceDbSqlite:203 - Set database path to: /Users/sheen/.stmcufinder/plugins/mcufinder//mcu/cs/
2025-10-31 21:09:04,600 [INFO] MainPanel:274 - HeapMemory: 268435456
2025-10-31 21:09:05,407 [INFO] DbMcusXml:78 - Set database path to: /Applications/STM32CubeIDE.app/Contents/Eclipse/plugins/com.st.stm32cube.common.mx_6.15.0.202507011659//db//mcu/
2025-10-31 21:09:05,411 [INFO] ApiDb:274 - Set plugin database path to: /Applications/STM32CubeIDE.app/Contents/Eclipse/plugins/com.st.stm32cube.common.mx_6.15.0.202507011659//db//plugins/boardmanager/
2025-10-31 21:09:05,415 [INFO] ApiDb:261 - Set plugin images path to: /Applications/STM32CubeIDE.app/Contents/Eclipse/plugins/com.st.stm32cube.common.mx_6.15.0.202507011659//db//plugins/mcufinder/images/
2025-10-31 21:09:05,416 [WARN] DbFile:41 - Overriding database path with different value: /Users/sheen/.stmcufinder/plugins/mcufinder/ => /Users/sheen/.stmcufinder/plugins/mcufinder
2025-10-31 21:09:05,416 [INFO] ApiDb:250 - Set database path to: /Users/sheen/.stmcufinder/plugins/mcufinder//mcu/
2025-10-31 21:09:05,416 [WARN] DbFile:41 - Overriding database path with different value: /Users/sheen/.stmcufinder/plugins/mcufinder/ => /Users/sheen/.stmcufinder/plugins/mcufinder
2025-10-31 21:09:05,416 [INFO] DbMcusAds:125 - Set database path to: /Users/sheen/.stmcufinder/plugins/mcufinder//mcu/
2025-10-31 21:09:05,416 [WARN] DbFile:41 - Overriding database path with different value: /Users/sheen/.stmcufinder/plugins/mcufinder/ => /Users/sheen/.stmcufinder/plugins/mcufinder
2025-10-31 21:09:05,417 [WARN] DbFile:41 - Overriding database path with different value: /Users/sheen/.stmcufinder/plugins/mcufinder/ => /Users/sheen/.stmcufinder/plugins/mcufinder
2025-10-31 21:09:05,417 [INFO] CrossReferenceDbSqlite:203 - Set database path to: /Users/sheen/.stmcufinder/plugins/mcufinder//mcu/cs/
2025-10-31 21:09:05,473 [INFO] ApplicationProperties:184 - Using Application install path: /Applications/STM32CubeIDE.app/Contents/Eclipse/plugins/com.st.stm32cube.common.mx_6.15.0.202507011659
2025-10-31 21:09:05,476 [INFO] PluginManage:196 - Search for loadable plugins [exclusion list=, ]
2025-10-31 21:09:05,479 [INFO] PluginManage:310 - Check plugin analytics
2025-10-31 21:09:05,834 [INFO] AnalyticsPlugin:253 - Accepted Software Licenses: STM32CubeMX.6.15.0
2025-10-31 21:09:05,835 [INFO] AnalyticsPlugin:255 - Accepted CMSIS Pack Licenses: 
2025-10-31 21:09:05,835 [INFO] AnalyticsPlugin:257 - Accepted Firmware Licenses: FW.F4.1.28.0
2025-10-31 21:09:05,865 [INFO] PluginManage:359 - Loaded plugin analytics (category:tool,tabindex:-1)
2025-10-31 21:09:05,872 [INFO] PluginManage:310 - Check plugin cadmodel
2025-10-31 21:09:05,898 [INFO] CADModel:105 - Init CAD model plugin
2025-10-31 21:09:05,898 [INFO] PluginManage:359 - Loaded plugin cadmodel (category:power,tabindex:5)
2025-10-31 21:09:05,899 [INFO] PluginManage:310 - Check plugin clock
2025-10-31 21:09:05,910 [INFO] PluginManage:359 - Loaded plugin clock (category:base,tabindex:2)
2025-10-31 21:09:05,910 [INFO] PluginManage:310 - Check plugin ddr
2025-10-31 21:09:05,912 [INFO] PluginManage:359 - Loaded plugin ddr (category:tool,tabindex:6)
2025-10-31 21:09:05,912 [INFO] PluginManage:310 - Check plugin filemanager
2025-10-31 21:09:06,099 [INFO] PluginManage:359 - Loaded plugin filemanager (category:base,tabindex:10)
2025-10-31 21:09:06,100 [INFO] PluginManage:310 - Check plugin ipmanager
2025-10-31 21:09:06,110 [INFO] PluginManage:359 - Loaded plugin ipmanager (category:base,tabindex:5)
2025-10-31 21:09:06,110 [INFO] PluginManage:310 - Check plugin lpbam
2025-10-31 21:09:06,125 [INFO] PluginManage:359 - Loaded plugin lpbam (category:base,tabindex:0)
2025-10-31 21:09:06,125 [INFO] PluginManage:310 - Check plugin memorymap
2025-10-31 21:09:06,137 [INFO] PluginManage:359 - Loaded plugin memorymap (category:base,tabindex:4)
2025-10-31 21:09:06,138 [INFO] PluginManage:310 - Check plugin pinoutandconfiguration
2025-10-31 21:09:06,146 [INFO] PluginManage:359 - Loaded plugin pinoutandconfiguration (category:base,tabindex:1)
2025-10-31 21:09:06,146 [INFO] PluginManage:310 - Check plugin pinoutconfig
2025-10-31 21:09:06,241 [WARN] SupportedApi:132 - Cannot load RTOS API schema: s4s-elt-must-match.1: The content of 'definitions' must match (annotation?, (simpleType | complexType)?, (unique | key | keyref)*)). A problem was found starting at: attribute.
2025-10-31 21:09:06,391 [INFO] PluginManage:359 - Loaded plugin pinoutconfig (category:base,tabindex:0)
2025-10-31 21:09:06,392 [INFO] PluginManage:310 - Check plugin power
2025-10-31 21:09:06,404 [INFO] PluginManage:359 - Loaded plugin power (category:power,tabindex:4)
2025-10-31 21:09:06,404 [INFO] PluginManage:310 - Check plugin projectmanager
2025-10-31 21:09:06,430 [INFO] PluginManage:359 - Loaded plugin projectmanager (category:projectmanager,tabindex:4)
2025-10-31 21:09:06,431 [INFO] PluginManage:310 - Check plugin rif
2025-10-31 21:09:06,439 [INFO] PluginManage:359 - Loaded plugin rif (category:base,tabindex:3)
2025-10-31 21:09:06,439 [INFO] PluginManage:310 - Check plugin thirdparty
2025-10-31 21:09:06,600 [INFO] PluginManage:359 - Loaded plugin thirdparty (category:base,tabindex:-1)
2025-10-31 21:09:06,600 [INFO] PluginManage:310 - Check plugin tools
2025-10-31 21:09:06,600 [WARN] IntegrityCheckThread:84 - waiting for thirdparty lock release [integrity check]
2025-10-31 21:09:06,601 [INFO] IntegrityCheckThread:86 - entering critical section [integrity check]
2025-10-31 21:09:06,602 [INFO] ThirdPartyUpdaterWithRetryManager:70 - Updater plugin not ready yet. [1/15]
2025-10-31 21:09:06,605 [INFO] PluginManage:359 - Loaded plugin tools (category:base,tabindex:7)
2025-10-31 21:09:06,605 [INFO] PluginManage:310 - Check plugin tutovideos
2025-10-31 21:09:06,760 [INFO] PluginManage:359 - Loaded plugin tutovideos (category:base,tabindex:-1)
2025-10-31 21:09:06,761 [INFO] PluginManage:310 - Check plugin updater
2025-10-31 21:09:06,786 [INFO] PluginManage:359 - Loaded plugin updater (category:base,tabindex:12)
2025-10-31 21:09:06,786 [INFO] PluginManage:310 - Check plugin userauth
2025-10-31 21:09:06,789 [INFO] UserAuth:118 - Init User Auth plugin
2025-10-31 21:09:06,790 [INFO] PluginManage:359 - Loaded plugin userauth (category:base,tabindex:14)
2025-10-31 21:09:06,791 [INFO] PluginManage:283 - PluginManage : Loaded plugins [18]
2025-10-31 21:09:06,992 [INFO] PinOutPanel:1589 - setPackage(No Configuration,No Configuration)
2025-10-31 21:09:07,120 [INFO] CADModel:165 - CPN selected for project level
2025-10-31 21:09:07,121 [INFO] CADModel:114 - Register for checkConnection events
2025-10-31 21:09:07,130 [INFO] IPUIPlugin:80 - create IPUIPlugin
2025-10-31 21:09:07,131 [INFO] PluginManager:220 - loadIPPluginJar : add mdma
2025-10-31 21:09:07,136 [INFO] IPUIPlugin:80 - create IPUIPlugin
2025-10-31 21:09:07,136 [INFO] PluginManager:220 - loadIPPluginJar : add freertos
2025-10-31 21:09:07,139 [INFO] IPUIPlugin:80 - create IPUIPlugin
2025-10-31 21:09:07,139 [INFO] PluginManager:220 - loadIPPluginJar : add gic
2025-10-31 21:09:07,147 [INFO] IPUIPlugin:80 - create IPUIPlugin
2025-10-31 21:09:07,148 [INFO] PluginManager:220 - loadIPPluginJar : add adc
2025-10-31 21:09:07,149 [INFO] IPUIPlugin:80 - create IPUIPlugin
2025-10-31 21:09:07,149 [INFO] PluginManager:220 - loadIPPluginJar : add gtzc
2025-10-31 21:09:07,150 [INFO] IPUIPlugin:80 - create IPUIPlugin
2025-10-31 21:09:07,151 [INFO] PluginManager:220 - loadIPPluginJar : add quadspi
2025-10-31 21:09:07,152 [INFO] IPUIPlugin:80 - create IPUIPlugin
2025-10-31 21:09:07,152 [INFO] PluginManager:220 - loadIPPluginJar : add aes
2025-10-31 21:09:07,153 [INFO] IPUIPlugin:80 - create IPUIPlugin
2025-10-31 21:09:07,153 [INFO] PluginManager:220 - loadIPPluginJar : add pdm2pcm
2025-10-31 21:09:07,154 [INFO] IPUIPlugin:80 - create IPUIPlugin
2025-10-31 21:09:07,154 [INFO] PluginManager:220 - loadIPPluginJar : add hash
2025-10-31 21:09:07,155 [INFO] IPUIPlugin:80 - create IPUIPlugin
2025-10-31 21:09:07,155 [INFO] PluginManager:220 - loadIPPluginJar : add tim
2025-10-31 21:09:07,156 [INFO] IPUIPlugin:80 - create IPUIPlugin
2025-10-31 21:09:07,156 [INFO] PluginManager:220 - loadIPPluginJar : add tsc
2025-10-31 21:09:07,158 [INFO] IPUIPlugin:80 - create IPUIPlugin
2025-10-31 21:09:07,159 [INFO] PluginManager:220 - loadIPPluginJar : add extmemmanager
2025-10-31 21:09:07,160 [INFO] IPUIPlugin:80 - create IPUIPlugin
2025-10-31 21:09:07,160 [INFO] PluginManager:220 - loadIPPluginJar : add ts
2025-10-31 21:09:07,161 [INFO] IPUIPlugin:80 - create IPUIPlugin
2025-10-31 21:09:07,161 [INFO] PluginManager:220 - loadIPPluginJar : add radio
2025-10-31 21:09:07,162 [INFO] IPUIPlugin:80 - create IPUIPlugin
2025-10-31 21:09:07,162 [INFO] PluginManager:220 - loadIPPluginJar : add can
2025-10-31 21:09:07,163 [INFO] IPUIPlugin:80 - create IPUIPlugin
2025-10-31 21:09:07,163 [INFO] PluginManager:220 - loadIPPluginJar : add dma3
2025-10-31 21:09:07,164 [INFO] IPUIPlugin:80 - create IPUIPlugin
2025-10-31 21:09:07,164 [INFO] PluginManager:220 - loadIPPluginJar : add dfsdm
2025-10-31 21:09:07,165 [INFO] IPUIPlugin:80 - create IPUIPlugin
2025-10-31 21:09:07,165 [INFO] PluginManager:220 - loadIPPluginJar : add spi
2025-10-31 21:09:07,167 [INFO] IPUIPlugin:80 - create IPUIPlugin
2025-10-31 21:09:07,167 [INFO] PluginManager:220 - loadIPPluginJar : add gfxmmu
2025-10-31 21:09:07,168 [INFO] IPUIPlugin:80 - create IPUIPlugin
2025-10-31 21:09:07,168 [INFO] PluginManager:220 - loadIPPluginJar : add genericplugin
2025-10-31 21:09:07,170 [INFO] IPUIPlugin:80 - create IPUIPlugin
2025-10-31 21:09:07,170 [INFO] PluginManager:220 - loadIPPluginJar : add cryp
2025-10-31 21:09:07,173 [INFO] IPUIPlugin:80 - create IPUIPlugin
2025-10-31 21:09:07,173 [INFO] PluginManager:220 - loadIPPluginJar : add gpio
2025-10-31 21:09:07,175 [INFO] IPUIPlugin:80 - create IPUIPlugin
2025-10-31 21:09:07,175 [INFO] PluginManager:220 - loadIPPluginJar : add ddr_ctrl_phy
2025-10-31 21:09:07,176 [INFO] IPUIPlugin:80 - create IPUIPlugin
2025-10-31 21:09:07,176 [INFO] PluginManager:220 - loadIPPluginJar : add comp
2025-10-31 21:09:07,178 [INFO] IPUIPlugin:80 - create IPUIPlugin
2025-10-31 21:09:07,180 [INFO] PluginManager:220 - loadIPPluginJar : add tracer_emb
2025-10-31 21:09:07,182 [INFO] IPUIPlugin:80 - create IPUIPlugin
2025-10-31 21:09:07,182 [INFO] PluginManager:220 - loadIPPluginJar : add openamp
2025-10-31 21:09:07,186 [INFO] IPUIPlugin:80 - create IPUIPlugin
2025-10-31 21:09:07,186 [INFO] PluginManager:220 - loadIPPluginJar : add stm32_wpan
2025-10-31 21:09:07,190 [INFO] IPUIPlugin:80 - create IPUIPlugin
2025-10-31 21:09:07,193 [INFO] PluginManager:220 - loadIPPluginJar : add plateformsettings
2025-10-31 21:09:07,196 [INFO] IPUIPlugin:80 - create IPUIPlugin
2025-10-31 21:09:07,196 [INFO] PluginManager:220 - loadIPPluginJar : add ipddr
2025-10-31 21:09:07,197 [INFO] IPUIPlugin:80 - create IPUIPlugin
2025-10-31 21:09:07,198 [INFO] PluginManager:220 - loadIPPluginJar : add usart
2025-10-31 21:09:07,198 [INFO] IPUIPlugin:80 - create IPUIPlugin
2025-10-31 21:09:07,198 [INFO] PluginManager:220 - loadIPPluginJar : add ltdc
2025-10-31 21:09:07,200 [INFO] IPUIPlugin:80 - create IPUIPlugin
2025-10-31 21:09:07,200 [INFO] PluginManager:220 - loadIPPluginJar : add nvic
2025-10-31 21:09:07,201 [INFO] IPUIPlugin:80 - create IPUIPlugin
2025-10-31 21:09:07,201 [INFO] PluginManager:220 - loadIPPluginJar : add fatfs
2025-10-31 21:09:07,205 [INFO] IPUIPlugin:80 - create IPUIPlugin
2025-10-31 21:09:07,205 [INFO] PluginManager:220 - loadIPPluginJar : add linkedlist
2025-10-31 21:09:07,208 [INFO] IPUIPlugin:80 - create IPUIPlugin
2025-10-31 21:09:07,209 [INFO] PluginManager:220 - loadIPPluginJar : add dma
2025-10-31 21:09:07,211 [INFO] IPUIPlugin:80 - create IPUIPlugin
2025-10-31 21:09:07,211 [INFO] PluginManager:220 - loadIPPluginJar : add fmc
2025-10-31 21:09:07,212 [INFO] IPUIPlugin:80 - create IPUIPlugin
2025-10-31 21:09:07,212 [INFO] PluginManager:220 - loadIPPluginJar : add i2s
2025-10-31 21:09:07,213 [INFO] IPUIPlugin:80 - create IPUIPlugin
2025-10-31 21:09:07,213 [INFO] PluginManager:220 - loadIPPluginJar : add ucpd
2025-10-31 21:09:07,214 [INFO] IPUIPlugin:80 - create IPUIPlugin
2025-10-31 21:09:07,214 [INFO] PluginManager:220 - loadIPPluginJar : add lorawan
2025-10-31 21:09:07,215 [INFO] IPUIPlugin:80 - create IPUIPlugin
2025-10-31 21:09:07,215 [INFO] PluginManager:220 - loadIPPluginJar : add opamp
2025-10-31 21:09:07,217 [INFO] IPUIPlugin:80 - create IPUIPlugin
2025-10-31 21:09:07,217 [INFO] PluginManager:220 - loadIPPluginJar : add i3c
2025-10-31 21:09:07,218 [INFO] IPUIPlugin:80 - create IPUIPlugin
2025-10-31 21:09:07,218 [INFO] PluginManager:220 - loadIPPluginJar : add touchsensing
2025-10-31 21:09:07,220 [INFO] IPUIPlugin:80 - create IPUIPlugin
2025-10-31 21:09:07,220 [INFO] PluginManager:220 - loadIPPluginJar : add i2c
2025-10-31 21:09:07,222 [INFO] IPUIPlugin:80 - create IPUIPlugin
2025-10-31 21:09:07,222 [INFO] PluginManager:220 - loadIPPluginJar : add resmgrutility
2025-10-31 21:09:07,225 [INFO] IPUIPlugin:80 - create IPUIPlugin
2025-10-31 21:09:07,225 [INFO] PluginManager:220 - loadIPPluginJar : add sai
2025-10-31 21:09:07,226 [INFO] IPUIPlugin:80 - create IPUIPlugin
2025-10-31 21:09:07,227 [INFO] PluginManager:220 - loadIPPluginJar : add usbx
2025-10-31 21:09:07,350 [FATAL] Updater:351 - Updater called before beeing initialized
2025-10-31 21:09:07,397 [INFO] RulesReader:64 - Compatibility file has been processed (317 Rules)
2025-10-31 21:09:07,407 [INFO] RulesReader:64 - Compatibility file has been processed (317 Rules)
2025-10-31 21:09:07,416 [INFO] CADModel:165 - CPN selected for project level
2025-10-31 21:09:07,416 [INFO] CADModel:114 - Register for checkConnection events
2025-10-31 21:09:07,417 [FATAL] Updater:351 - Updater called before beeing initialized
2025-10-31 21:09:07,417 [ERROR] CADModel:125 - Updater not yet initialized, retry later 
2025-10-31 21:09:07,640 [FATAL] Updater:351 - Updater called before beeing initialized
2025-10-31 21:09:07,641 [INFO] CADModel:165 - CPN selected for project level
2025-10-31 21:09:07,641 [INFO] CADModel:114 - Register for checkConnection events
2025-10-31 21:09:07,641 [FATAL] Updater:351 - Updater called before beeing initialized
2025-10-31 21:09:07,641 [ERROR] CADModel:125 - Updater not yet initialized, retry later 
2025-10-31 21:09:07,643 [FATAL] Updater:351 - Updater called before beeing initialized
2025-10-31 21:09:07,824 [FATAL] Updater:351 - Updater called before beeing initialized
2025-10-31 21:09:07,831 [INFO] DbMcusAds:53 - JSON generation date=Tue Jul 08 01:14:23 PDT 2025 (1751962463524)
2025-10-31 21:09:07,831 [FATAL] Updater:351 - Updater called before beeing initialized
2025-10-31 21:09:07,883 [WARN] DetailPanel:346 - Failed to get advertising image, set to default
2025-10-31 21:09:07,949 [FATAL] Updater:351 - Updater called before beeing initialized
2025-10-31 21:09:07,951 [FATAL] Updater:351 - Updater called before beeing initialized
2025-10-31 21:09:07,951 [FATAL] Updater:351 - Updater called before beeing initialized
2025-10-31 21:09:07,952 [WARN] DetailPanel:346 - Failed to get advertising image, set to default
2025-10-31 21:09:07,952 [FATAL] Updater:351 - Updater called before beeing initialized
2025-10-31 21:09:08,020 [ERROR] Updater:1198 - MainUpdater not yet initialized. External WinMGr cannot be set.
2025-10-31 21:09:08,028 [INFO] Updater:1134 - Updater Version found : 6.15.0
2025-10-31 21:09:08,040 [INFO] ApplicationProperties:184 - Using Application install path: /Applications/STM32CubeIDE.app/Contents/Eclipse/plugins/com.st.stm32cube.common.mx_6.15.0.202507011659
2025-10-31 21:09:08,453 [INFO] MainUpdater:2872 - connection check result : 10
2025-10-31 21:09:08,454 [INFO] MainUpdater:3604 - Updater definition file requires update
2025-10-31 21:09:08,454 [INFO] MainUpdater:289 - Updater Check For Update Now.
2025-10-31 21:09:08,455 [INFO] MicroXplorer:498 - Change Database Version : DB.6.0.150
2025-10-31 21:09:08,463 [INFO] McuFinderGlobals:63 - Set McuFinder mode to 2 (CubeIDE integrated)
2025-10-31 21:09:08,463 [INFO] UserAuth:171 - activating auth plugin
2025-10-31 21:09:08,470 [INFO] UserAuth:487 - Internet connection configuration mode: 1
2025-10-31 21:09:08,483 [INFO] JxBrowserEngine:152 - Initiate JxBrowser Engine with user profile folder
2025-10-31 21:09:08,513 [INFO] ServerAccessManage:452 - Complete download http(s) 200
2025-10-31 21:09:08,518 [INFO] ServerAccessManage:509 - Download File updaters.zip
2025-10-31 21:09:08,668 [INFO] FileExtend:248 - Unzip File : updaters.zip
2025-10-31 21:09:08,668 [INFO] FileExtend:263 - Standard Zip Deflate
2025-10-31 21:09:08,884 [INFO] ServerAccessManage:452 - Complete download http(s) 200
2025-10-31 21:09:08,884 [INFO] ServerAccessManage:509 - Download File PacksControlFlags.xml
2025-10-31 21:09:09,059 [INFO] ServerAccessManage:452 - Complete download http(s) 200
2025-10-31 21:09:09,059 [INFO] ServerAccessManage:509 - Download File cubemx.pidx
2025-10-31 21:09:09,608 [WARN] MainUpdater:1193 - Updater busy. Cannot search thirdparties
2025-10-31 21:09:09,608 [INFO] ThirdPartyUpdaterWithRetryManager:96 - Updater plugin is busy. [1/15]
2025-10-31 21:09:09,702 [INFO] ServerAccessManage:452 - Complete download http(s) 200
2025-10-31 21:09:09,708 [INFO] ServerAccessManage:509 - Download File STMicroelectronics.FP-SNS-MOTENV1.pdsc
2025-10-31 21:09:10,621 [INFO] ServerAccessManage:452 - Complete download http(s) 200
2025-10-31 21:09:10,622 [INFO] ServerAccessManage:509 - Download File STMicroelectronics.X-CUBE-GNSS1.pdsc
2025-10-31 21:09:12,200 [ERROR] ServerAccessManage:1212 - Problem, file not found on Server
2025-10-31 21:09:12,456 [ERROR] ServerAccessManage:1212 - Problem, file not found on Server
2025-10-31 21:09:12,615 [WARN] MainUpdater:1193 - Updater busy. Cannot search thirdparties
2025-10-31 21:09:12,618 [INFO] ThirdPartyUpdaterWithRetryManager:96 - Updater plugin is busy. [2/15]
2025-10-31 21:09:13,117 [ERROR] ServerAccessManage:1212 - Problem, file not found on Server
2025-10-31 21:09:13,595 [INFO] WebApp:169 - Instantiating new browser for Auth
2025-10-31 21:09:14,244 [ERROR] ServerAccessManage:1212 - Problem, file not found on Server
2025-10-31 21:09:14,764 [ERROR] ServerAccessManage:1212 - Problem, file not found on Server
2025-10-31 21:09:15,093 [INFO] WebApp:463 - Apply proxy settings
2025-10-31 21:09:15,100 [INFO] WebApp:508 - Chromium authenticates against Manually configured proxy
2025-10-31 21:09:15,118 [INFO] WebApp:516 - Username used for proxy authentication: 
2025-10-31 21:09:15,165 [INFO] WebApp:900 - Register for checkConnection events
2025-10-31 21:09:15,166 [INFO] WebApp:463 - Apply proxy settings
2025-10-31 21:09:15,168 [INFO] WebApp:508 - Chromium authenticates against Manually configured proxy
2025-10-31 21:09:15,169 [INFO] WebApp:516 - Username used for proxy authentication: 
2025-10-31 21:09:15,315 [INFO] WebApp:225 - Starting web application
2025-10-31 21:09:15,316 [INFO] WebApp:593 - Web application path used /Applications/STM32CubeIDE.app/Contents/Eclipse/plugins/com.st.stm32cube.common.mx_6.15.0.202507011659/db/plugins/mcufinder/reactClient1/index.html
2025-10-31 21:09:15,552 [ERROR] ServerAccessManage:1212 - Problem, file not found on Server
2025-10-31 21:09:15,625 [WARN] MainUpdater:1193 - Updater busy. Cannot search thirdparties
2025-10-31 21:09:15,625 [INFO] ThirdPartyUpdaterWithRetryManager:96 - Updater plugin is busy. [3/15]
2025-10-31 21:09:15,837 [INFO] WebApp:191 - Connection restablished
2025-10-31 21:09:17,926 [WARN] PackLoader:240 - Cannot read IP mode file for STMicroelectronics.FP-SNS-MOTENV1.5.1.0
2025-10-31 21:09:18,103 [WARN] PackLoader:240 - Cannot read IP mode file for STMicroelectronics.X-CUBE-GNSS1.7.1.0
2025-10-31 21:09:18,127 [INFO] PopulateThirdPartyThread:66 - Ending populate Thread
2025-10-31 21:09:18,132 [INFO] ThirdParty:1030 - CMSIS Pack Vendor :STMicroelectronics X-CUBE-GNSS1 7.1.0
2025-10-31 21:09:18,132 [INFO] ThirdParty:1030 - CMSIS Pack Vendor :STMicroelectronics FP-SNS-MOTENV1 5.1.0
2025-10-31 21:09:18,134 [INFO] LoadServerUpdatesThread:375 - End of LoadServerUpdate Thread
2025-10-31 21:09:18,226 [INFO] CheckServerUpdateThread:120 - End of CheckServer Thread
2025-10-31 21:09:19,501 [WARN] PackLoader:240 - Cannot read IP mode file for STMicroelectronics.FP-SNS-MOTENVWB1.1.4.0
2025-10-31 21:09:19,712 [WARN] PackLoader:240 - Cannot read IP mode file for STMicroelectronics.FP-ATR-ASTRA1.2.0.2
2025-10-31 21:09:19,743 [WARN] PackLoader:240 - Cannot read IP mode file for STMicroelectronics.X-CUBE-SMBUS.2.1.0
2025-10-31 21:09:19,787 [WARN] PackLoader:240 - Cannot read IP mode file for STMicroelectronics.X-CUBE-ST60.1.0.0
2025-10-31 21:09:19,949 [WARN] PackLoader:240 - Cannot read IP mode file for STMicroelectronics.X-CUBE-AZRTOS-F7.1.1.0
2025-10-31 21:09:19,997 [WARN] PackLoader:240 - Cannot read IP mode file for Cesanta.I-CUBE-Mongoose.7.19.0
2025-10-31 21:09:20,010 [WARN] PackLoader:240 - Cannot read IP mode file for STMicroelectronics.FP-SNS-MOTENV1.5.1.0
2025-10-31 21:09:20,070 [WARN] PackLoader:240 - Cannot read IP mode file for WES.I-CUBE-Cesium.1.4.0
2025-10-31 21:09:20,179 [WARN] PackLoader:240 - Cannot read IP mode file for Infineon.AIROC-Wi-Fi-Bluetooth-STM32.1.7.1
2025-10-31 21:09:20,268 [WARN] PackLoader:240 - Cannot read IP mode file for STMicroelectronics.X-CUBE-AZRTOS-H7.3.4.0
2025-10-31 21:09:20,329 [WARN] PackLoader:240 - Cannot read IP mode file for STMicroelectronics.X-CUBE-DISPLAY.3.0.0
2025-10-31 21:09:20,363 [WARN] PackLoader:240 - Cannot read IP mode file for STMicroelectronics.X-CUBE-NFC10.1.0.0
2025-10-31 21:09:20,378 [WARN] PackLoader:240 - Cannot read IP mode file for STMicroelectronics.X-CUBE-ST60.1.1.0
2025-10-31 21:09:20,395 [WARN] PackLoader:240 - Cannot read IP mode file for emotas.I-CUBE-CANOPEN.1.3.0
2025-10-31 21:09:20,465 [WARN] PackLoader:240 - Cannot read IP mode file for STMicroelectronics.X-CUBE-GNSS1.7.1.0
2025-10-31 21:09:20,482 [WARN] PackLoader:240 - Cannot read IP mode file for STMicroelectronics.FP-SNS-STBOX1.2.1.0
2025-10-31 21:09:20,493 [WARN] PackLoader:240 - Cannot read IP mode file for STMicroelectronics.FP-SNS-SMARTAG2.1.2.0
2025-10-31 21:09:20,499 [WARN] PackLoader:240 - Cannot read IP mode file for STMicroelectronics.FP-SNS-FLIGHT1.5.1.0
2025-10-31 21:09:20,514 [INFO] LogOutputStream:77 - [STDOUT_REDIRECT] 1 : Invalid condition id : UX_CORESTACK_Condition cause : null
2025-10-31 21:09:20,519 [INFO] LogOutputStream:77 - [STDOUT_REDIRECT] 1 : Invalid condition id : UX_CORESTACK_Condition cause : null
2025-10-31 21:09:20,519 [INFO] LogOutputStream:77 - [STDOUT_REDIRECT] 1 : Invalid condition id : UX_CORESTACK_Condition cause : null
2025-10-31 21:09:20,519 [INFO] LogOutputStream:77 - [STDOUT_REDIRECT] 1 : Invalid condition id : UX_CORESTACK_Condition cause : null
2025-10-31 21:09:20,520 [INFO] LogOutputStream:77 - [STDOUT_REDIRECT] 1 : Invalid condition id : UX_CORESTACK_Condition cause : null
2025-10-31 21:09:20,530 [WARN] PackLoader:240 - Cannot read IP mode file for STMicroelectronics.X-CUBE-AZRTOS-WL.2.0.0
2025-10-31 21:09:20,663 [WARN] PackLoader:240 - Cannot read IP mode file for STMicroelectronics.FP-SNS-MOTENV1.5.0.0
2025-10-31 21:09:20,686 [WARN] PackLoader:240 - Cannot read IP mode file for WES.I-CUBE-Cesium.1.3.0
2025-10-31 21:09:20,699 [WARN] PackLoader:240 - Cannot read IP mode file for STMicroelectronics.X-CUBE-BLE2.3.3.0
2025-10-31 21:09:20,723 [WARN] PackLoader:240 - Cannot read IP mode file for STMicroelectronics.X-CUBE-NFC9.1.0.0
2025-10-31 21:09:20,736 [WARN] PackLoader:240 - Cannot read IP mode file for wolfSSL.I-CUBE-wolfSSL.5.8.2
2025-10-31 21:09:20,742 [WARN] PackLoader:240 - Cannot read IP mode file for STMicroelectronics.X-CUBE-BLE1.7.1.0
2025-10-31 21:09:20,750 [WARN] PackLoader:240 - Cannot read IP mode file for wolfSSL.I-CUBE-wolfMQTT.1.19.2
2025-10-31 21:09:20,760 [WARN] PackLoader:240 - Cannot read IP mode file for STMicroelectronics.X-CUBE-EEPRMA1.5.2.0
2025-10-31 21:09:20,777 [WARN] PackLoader:240 - Cannot read IP mode file for STMicroelectronics.X-CUBE-ST67W61.1.1.0
2025-10-31 21:09:20,786 [WARN] PackLoader:240 - Cannot read IP mode file for STMicroelectronics.X-CUBE-AI.10.1.0
2025-10-31 21:09:20,816 [WARN] PackLoader:240 - Cannot read IP mode file for STMicroelectronics.X-CUBE-AZRTOS-G0.1.1.0
2025-10-31 21:09:20,829 [WARN] PackLoader:240 - Cannot read IP mode file for STMicroelectronics.X-CUBE-SAFEA1.1.2.2
2025-10-31 21:09:20,839 [WARN] PackLoader:240 - Cannot read IP mode file for STMicroelectronics.X-CUBE-NFC4.3.0.0
2025-10-31 21:09:20,860 [WARN] PackLoader:240 - Cannot read IP mode file for EmbeddedOffice.I-CUBE-FS-RTOS.1.0.1
2025-10-31 21:09:20,890 [WARN] PackLoader:240 - Cannot read IP mode file for STMicroelectronics.X-CUBE-WB05N.2.0.0
2025-10-31 21:09:20,906 [WARN] PackLoader:240 - Cannot read IP mode file for wolfSSL.I-CUBE-wolfTPM.3.8.0
2025-10-31 21:09:20,934 [WARN] PackLoader:240 - Cannot read IP mode file for STMicroelectronics.X-CUBE-TCPP.4.2.0
2025-10-31 21:09:20,981 [WARN] PackLoader:240 - Cannot read IP mode file for RealThread.X-CUBE-RT-Thread_Nano.4.1.1
2025-10-31 21:09:20,994 [WARN] PackLoader:240 - Cannot read IP mode file for STMicroelectronics.FP-ATR-SIGFOX1.3.2.0
2025-10-31 21:09:21,027 [WARN] PackLoader:240 - Cannot read IP mode file for ITTIA_DB.I-CUBE-ITTIADB.8.9.0
2025-10-31 21:09:21,077 [WARN] PackLoader:240 - Cannot read IP mode file for STMicroelectronics.X-CUBE-ST67W61.1.0.0
2025-10-31 21:09:21,153 [WARN] PackLoader:240 - Cannot read IP mode file for STMicroelectronics.X-CUBE-AI.10.2.0
2025-10-31 21:09:21,431 [WARN] PackLoader:240 - Cannot read IP mode file for SEGGER.I-CUBE-embOS.1.3.1
2025-10-31 21:09:21,644 [WARN] PackLoader:240 - Cannot read IP mode file for STMicroelectronics.X-CUBE-ALGOBUILD.1.4.0
2025-10-31 21:09:21,768 [WARN] PackLoader:240 - Cannot read IP mode file for STMicroelectronics.X-CUBE-MEMS1.11.3.0
2025-10-31 21:09:21,930 [WARN] PackLoader:240 - Cannot read IP mode file for STMicroelectronics.X-CUBE-PM33A1.1.0.0
2025-10-31 21:09:21,982 [WARN] PackLoader:240 - Cannot read IP mode file for STMicroelectronics.X-CUBE-AZRTOS-F4.1.1.0
2025-10-31 21:09:22,004 [WARN] PackLoader:240 - Cannot read IP mode file for Avnet-IotConnect.X-CUBE-IoTC-DA16k-PMOD.1.0.0
2025-10-31 21:09:22,009 [WARN] PackLoader:240 - Cannot read IP mode file for STMicroelectronics.X-CUBE-ISPU.2.1.0
2025-10-31 21:09:22,035 [WARN] PackLoader:240 - Cannot read IP mode file for STMicroelectronics.X-CUBE-IPS.3.2.0
2025-10-31 21:09:22,059 [WARN] PackLoader:240 - Cannot read IP mode file for STMicroelectronics.X-CUBE-NFC12.1.0.0
2025-10-31 21:09:22,099 [WARN] PackLoader:240 - Cannot read IP mode file for STMicroelectronics.X-CUBE-AZRTOS-L5.2.0.0
2025-10-31 21:09:22,132 [WARN] PackLoader:240 - Cannot read IP mode file for STMicroelectronics.X-CUBE-NFC6.3.1.0
2025-10-31 21:09:22,145 [WARN] PackLoader:240 - Cannot read IP mode file for STMicroelectronics.X-CUBE-FREERTOS.1.3.1
2025-10-31 21:09:22,154 [WARN] PackLoader:240 - Cannot read IP mode file for STMicroelectronics.X-CUBE-TOUCHGFX.4.26.0
2025-10-31 21:09:22,163 [WARN] PackLoader:240 - Cannot read IP mode file for STMicroelectronics.FP-SNS-STAIOTCFT.1.0.0
2025-10-31 21:09:22,187 [WARN] PackLoader:240 - Cannot read IP mode file for STMicroelectronics.X-CUBE-DPower.1.3.0
2025-10-31 21:09:22,219 [WARN] ConditionMgr:438 - getConditionDescription Invalid condition id : LAN8742 Phy interface Condition cause : null
2025-10-31 21:09:22,221 [WARN] PackLoader:240 - Cannot read IP mode file for STMicroelectronics.X-CUBE-AZRTOS-L4.2.0.0
2025-10-31 21:09:22,230 [WARN] ConditionMgr:1044 - genDependencies : Invalid condition id : LAN8742 Phy interface Condition cause : null
2025-10-31 21:09:22,230 [WARN] ConditionMgr:1044 - genDependencies : Invalid condition id : LAN8742 Phy interface Condition cause : null
2025-10-31 21:09:22,232 [WARN] ConditionMgr:1044 - genDependencies : Invalid condition id : LAN8742 Phy interface Condition cause : null
2025-10-31 21:09:22,240 [WARN] PackLoader:240 - Cannot read IP mode file for STMicroelectronics.X-CUBE-SFXS2LP1.4.0.0
2025-10-31 21:09:22,263 [WARN] PackLoader:240 - Cannot read IP mode file for STMicroelectronics.X-CUBE-BLEMGR.4.1.0
2025-10-31 21:09:22,287 [WARN] ConditionMgr:438 - getConditionDescription Invalid condition id : UX DEVICE CLASS RTOS Condition cause : null
2025-10-31 21:09:22,288 [WARN] ConditionMgr:438 - getConditionDescription Invalid condition id : UX DEVICE CLASS RTOS Condition cause : null
2025-10-31 21:09:22,292 [WARN] PackLoader:240 - Cannot read IP mode file for STMicroelectronics.X-CUBE-AZRTOS-WB.2.0.0
2025-10-31 21:09:22,293 [WARN] ConditionMgr:1044 - genDependencies : Invalid condition id : UX DEVICE CLASS RTOS Condition cause : null
2025-10-31 21:09:22,293 [WARN] ConditionMgr:1044 - genDependencies : Invalid condition id : UX DEVICE CLASS RTOS Condition cause : null
2025-10-31 21:09:22,294 [WARN] ConditionMgr:1044 - genDependencies : Invalid condition id : UX DEVICE CLASS RTOS Condition cause : null
2025-10-31 21:09:22,294 [WARN] ConditionMgr:1044 - genDependencies : Invalid condition id : UX DEVICE CLASS RTOS Condition cause : null
2025-10-31 21:09:22,294 [WARN] ConditionMgr:1044 - genDependencies : Invalid condition id : UX DEVICE CLASS RTOS Condition cause : null
2025-10-31 21:09:22,303 [WARN] PackLoader:240 - Cannot read IP mode file for STMicroelectronics.X-CUBE-GNSS1.7.0.1
2025-10-31 21:09:22,307 [WARN] PackLoader:240 - Cannot read IP mode file for STMicroelectronics.X-CUBE-TOUCHGFX.4.25.0
2025-10-31 21:09:22,314 [WARN] PackLoader:240 - Cannot read IP mode file for STMicroelectronics.FP-SNS-STBOX1.2.0.0
2025-10-31 21:09:22,323 [WARN] ConditionMgr:438 - getConditionDescription Invalid condition id : Cortex-A Device cause : null
2025-10-31 21:09:22,353 [WARN] ConditionMgr:1044 - genDependencies : Invalid condition id : Cortex-A Device cause : null
2025-10-31 21:09:22,353 [WARN] ConditionMgr:1044 - genDependencies : Invalid condition id : Cortex-A Device cause : null
2025-10-31 21:09:22,353 [WARN] ConditionMgr:1044 - genDependencies : Invalid condition id : Cortex-A Device cause : null
2025-10-31 21:09:22,368 [WARN] PackLoader:240 - Cannot read IP mode file for STMicroelectronics.X-CUBE-SUBG2.5.0.0
2025-10-31 21:09:22,401 [WARN] PackLoader:240 - Cannot read IP mode file for STMicroelectronics.X-CUBE-AZRTOS-H7RS.1.1.0
2025-10-31 21:09:22,408 [WARN] PackLoader:240 - Cannot read IP mode file for Cesanta.I-CUBE-Mongoose.7.13.0
2025-10-31 21:09:22,425 [WARN] PackLoader:240 - Cannot read IP mode file for STMicroelectronics.X-CUBE-AZRTOS-G4.2.0.0
2025-10-31 21:09:22,431 [WARN] PackLoader:240 - Cannot read IP mode file for wolfSSL.I-CUBE-wolfSSH.1.4.20
2025-10-31 21:09:22,436 [WARN] PackLoader:240 - Cannot read IP mode file for STMicroelectronics.X-CUBE-NFC7.2.0.0
2025-10-31 21:09:22,449 [WARN] PackLoader:240 - Cannot read IP mode file for STMicroelectronics.X-CUBE-IPS.3.1.0
2025-10-31 21:09:22,459 [WARN] PackLoader:240 - Cannot read IP mode file for STMicroelectronics.X-CUBE-ALS.1.0.2
2025-10-31 21:09:22,466 [WARN] PackLoader:240 - Cannot read IP mode file for STMicroelectronics.X-CUBE-STSE01.1.0.0
2025-10-31 21:09:22,474 [WARN] PackLoader:240 - Cannot read IP mode file for portGmbH.I-Cube-SoM-uGOAL.1.1.0
2025-10-31 21:09:22,491 [WARN] PackLoader:240 - Cannot read IP mode file for STMicroelectronics.X-CUBE-TOF1.3.4.3
2025-10-31 21:09:22,501 [INFO] ThirdParty:978 - Integrity check success = true
2025-10-31 21:09:22,501 [INFO] IntegrityCheckThread:100 - exiting critical section [integrity check]
2025-10-31 21:09:22,501 [INFO] IntegrityCheckThread:103 - End integrity checks thread
