17:23:21 **** Incremental Build of configuration Debug for project 17_ADC_Interrupt ****
make -j7 all 
arm-none-eabi-gcc "../Src/main.c" -mcpu=cortex-m4 -std=gnu11 -g3 -DDEBUG -DSTM32 -DSTM32F4 -DSTM32F446RETx -DNUCLEO_F446RE -DSTM32F446xx -c -I../Inc -I/Users/sheen/Documents/STM32-BareMetal-Workspace/chip_headers/CMSIS/Include -I/Users/sheen/Documents/STM32-BareMetal-Workspace/chip_headers/CMSIS/Device/ST/STM32F4xx/Include -O0 -ffunction-sections -fdata-sections -Wall -fstack-usage -fcyclomatic-complexity -MMD -MP -MF"Src/main.d" -MT"Src/main.o" --specs=nano.specs -mfpu=fpv4-sp-d16 -mfloat-abi=hard -mthumb -o "Src/main.o"
arm-none-eabi-gcc -o "17_ADC_Interrupt.elf" @"objects.list"   -mcpu=cortex-m4 -T"/Users/sheen/Documents/STM32-BareMetal-Workspace/17_ADC_Interrupt/STM32F446RETX_FLASH.ld" --specs=nosys.specs -Wl,-Map="17_ADC_Interrupt.map" -Wl,--gc-sections -static --specs=nano.specs -mfpu=fpv4-sp-d16 -mfloat-abi=hard -mthumb -Wl,--start-group -lc -lm -Wl,--end-group
Finished building target: 17_ADC_Interrupt.elf
 
arm-none-eabi-size  17_ADC_Interrupt.elf 
arm-none-eabi-objdump -h -S 17_ADC_Interrupt.elf  > "17_ADC_Interrupt.list"
   text	   data	    bss	    dec	    hex	filename
   5488	     92	   1908	   7488	   1d40	17_ADC_Interrupt.elf
Finished building: default.size.stdout
 
Finished building: 17_ADC_Interrupt.list
 

17:23:21 Build Finished. 0 errors, 0 warnings. (took 596ms)

