22:45:46 **** Incremental Build of configuration Debug for project 21_I2C_adxl345 ****
make -j7 all 
arm-none-eabi-gcc "../Src/i2c.c" -mcpu=cortex-m4 -std=gnu11 -g3 -DDEBUG -DSTM32 -DSTM32F4 -DSTM32F446RETx -DNUCLEO_F446RE -DSTM32F446xx -c -I../Inc -I/Users/sheen/Documents/STM32-BareMetal-Workspace/chip_headers/CMSIS/Include -I/Users/sheen/Documents/STM32-BareMetal-Workspace/chip_headers/CMSIS/Device/ST/STM32F4xx/Include -O0 -ffunction-sections -fdata-sections -Wall -fstack-usage -fcyclomatic-complexity -MMD -MP -MF"Src/i2c.d" -MT"Src/i2c.o" --specs=nano.specs -mfpu=fpv4-sp-d16 -mfloat-abi=hard -mthumb -o "Src/i2c.o"
arm-none-eabi-gcc "../Src/main.c" -mcpu=cortex-m4 -std=gnu11 -g3 -DDEBUG -DSTM32 -DSTM32F4 -DSTM32F446RETx -DNUCLEO_F446RE -DSTM32F446xx -c -I../Inc -I/Users/sheen/Documents/STM32-BareMetal-Workspace/chip_headers/CMSIS/Include -I/Users/sheen/Documents/STM32-BareMetal-Workspace/chip_headers/CMSIS/Device/ST/STM32F4xx/Include -O0 -ffunction-sections -fdata-sections -Wall -fstack-usage -fcyclomatic-complexity -MMD -MP -MF"Src/main.d" -MT"Src/main.o" --specs=nano.specs -mfpu=fpv4-sp-d16 -mfloat-abi=hard -mthumb -o "Src/main.o"
../Src/i2c.c: In function 'I2C1_byteRead':
../Src/i2c.c:83:22: warning: variable 'tmp' set but not used [-Wunused-but-set-variable]
   83 |         volatile int tmp;
      |                      ^~~
../Src/i2c.c: In function 'I2C1_burstRead':
../Src/i2c.c:141:22: warning: variable 'tmp' set but not used [-Wunused-but-set-variable]
  141 |         volatile int tmp;
      |                      ^~~
../Src/i2c.c: In function 'I2C1_burstWrite':
../Src/i2c.c:225:22: warning: variable 'tmp' set but not used [-Wunused-but-set-variable]
  225 |         volatile int tmp;
      |                      ^~~
arm-none-eabi-gcc -o "21_I2C_adxl345.elf" @"objects.list"   -mcpu=cortex-m4 -T"/Users/sheen/Documents/STM32-BareMetal-Workspace/21_I2C_adxl345/STM32F446RETX_FLASH.ld" --specs=nosys.specs -Wl,-Map="21_I2C_adxl345.map" -Wl,--gc-sections -static --specs=nano.specs -mfpu=fpv4-sp-d16 -mfloat-abi=hard -mthumb -Wl,--start-group -lc -lm -Wl,--end-group
Finished building target: 21_I2C_adxl345.elf
 
arm-none-eabi-size  21_I2C_adxl345.elf 
arm-none-eabi-objdump -h -S 21_I2C_adxl345.elf  > "21_I2C_adxl345.list"
   text	   data	    bss	    dec	    hex	filename
   3820	      0	   1592	   5412	   1524	21_I2C_adxl345.elf
Finished building: default.size.stdout
 
Finished building: 21_I2C_adxl345.list
 

22:45:46 Build Finished. 0 errors, 3 warnings. (took 663ms)

