18:54:18 **** Incremental Build of configuration Debug for project 22_SPI_adxl345 ****
make -j7 all 
arm-none-eabi-gcc "../Src/esp32.c" -mcpu=cortex-m4 -std=gnu11 -g3 -DDEBUG -DSTM32 -DSTM32F4 -DSTM32F446RETx -DNUCLEO_F446RE -DSTM32F446xx -c -I../Inc -I/Users/sheen/Documents/STM32-BareMetal-Workspace/chip_headers/CMSIS/Include -I/Users/sheen/Documents/STM32-BareMetal-Workspace/chip_headers/CMSIS/Device/ST/STM32F4xx/Include -O0 -ffunction-sections -fdata-sections -Wall -fstack-usage -fcyclomatic-complexity -MMD -MP -MF"Src/esp32.d" -MT"Src/esp32.o" --specs=nano.specs -mfpu=fpv4-sp-d16 -mfloat-abi=hard -mthumb -o "Src/esp32.o"
arm-none-eabi-gcc "../Src/main.c" -mcpu=cortex-m4 -std=gnu11 -g3 -DDEBUG -DSTM32 -DSTM32F4 -DSTM32F446RETx -DNUCLEO_F446RE -DSTM32F446xx -c -I../Inc -I/Users/sheen/Documents/STM32-BareMetal-Workspace/chip_headers/CMSIS/Include -I/Users/sheen/Documents/STM32-BareMetal-Workspace/chip_headers/CMSIS/Device/ST/STM32F4xx/Include -O0 -ffunction-sections -fdata-sections -Wall -fstack-usage -fcyclomatic-complexity -MMD -MP -MF"Src/main.d" -MT"Src/main.o" --specs=nano.specs -mfpu=fpv4-sp-d16 -mfloat-abi=hard -mthumb -o "Src/main.o"
arm-none-eabi-gcc -o "22_SPI_adxl345.elf" @"objects.list"   -mcpu=cortex-m4 -T"/Users/sheen/Documents/STM32-BareMetal-Workspace/22_SPI_adxl345/STM32F446RETX_FLASH.ld" --specs=nosys.specs -Wl,-Map="22_SPI_adxl345.map" -Wl,--gc-sections -static --specs=nano.specs -mfpu=fpv4-sp-d16 -mfloat-abi=hard -mthumb -Wl,--start-group -lc -lm -Wl,--end-group
Finished building target: 22_SPI_adxl345.elf
 
arm-none-eabi-size  22_SPI_adxl345.elf 
arm-none-eabi-objdump -h -S 22_SPI_adxl345.elf  > "22_SPI_adxl345.list"
   text	   data	    bss	    dec	    hex	filename
   1576	      0	   1576	   3152	    c50	22_SPI_adxl345.elf
Finished building: default.size.stdout
 
Finished building: 22_SPI_adxl345.list
 

18:54:21 Build Finished. 0 errors, 0 warnings. (took 3s.501ms)

