01:57:00 **** Build of configuration Debug for project 9_adc_single_conversion ****
make -j7 all 
arm-none-eabi-gcc -mcpu=cortex-m4 -g3 -DDEBUG -c -x assembler-with-cpp -MMD -MP -MF"Startup/startup_stm32f446retx.d" -MT"Startup/startup_stm32f446retx.o" --specs=nano.specs -mfpu=fpv4-sp-d16 -mfloat-abi=hard -mthumb -o "Startup/startup_stm32f446retx.o" "../Startup/startup_stm32f446retx.s"
arm-none-eabi-gcc "../Src/adc.c" -mcpu=cortex-m4 -std=gnu11 -g3 -DDEBUG -DSTM32 -DSTM32F4 -DSTM32F446RETx -DNUCLEO_F446RE -DSTM32F446xx -c -I../Inc -I/Users/sheen/Documents/STM32-BareMetal-Workspace/chip_headers/CMSIS/Include -I/Users/sheen/Documents/STM32-BareMetal-Workspace/chip_headers/CMSIS/Device/ST/STM32F4xx/Include -O0 -ffunction-sections -fdata-sections -Wall -fstack-usage -fcyclomatic-complexity -MMD -MP -MF"Src/adc.d" -MT"Src/adc.o" --specs=nano.specs -mfpu=fpv4-sp-d16 -mfloat-abi=hard -mthumb -o "Src/adc.o"
arm-none-eabi-gcc "../Src/main.c" -mcpu=cortex-m4 -std=gnu11 -g3 -DDEBUG -DSTM32 -DSTM32F4 -DSTM32F446RETx -DNUCLEO_F446RE -DSTM32F446xx -c -I../Inc -I/Users/sheen/Documents/STM32-BareMetal-Workspace/chip_headers/CMSIS/Include -I/Users/sheen/Documents/STM32-BareMetal-Workspace/chip_headers/CMSIS/Device/ST/STM32F4xx/Include -O0 -ffunction-sections -fdata-sections -Wall -fstack-usage -fcyclomatic-complexity -MMD -MP -MF"Src/main.d" -MT"Src/main.o" --specs=nano.specs -mfpu=fpv4-sp-d16 -mfloat-abi=hard -mthumb -o "Src/main.o"
arm-none-eabi-gcc "../Src/syscalls.c" -mcpu=cortex-m4 -std=gnu11 -g3 -DDEBUG -DSTM32 -DSTM32F4 -DSTM32F446RETx -DNUCLEO_F446RE -DSTM32F446xx -c -I../Inc -I/Users/sheen/Documents/STM32-BareMetal-Workspace/chip_headers/CMSIS/Include -I/Users/sheen/Documents/STM32-BareMetal-Workspace/chip_headers/CMSIS/Device/ST/STM32F4xx/Include -O0 -ffunction-sections -fdata-sections -Wall -fstack-usage -fcyclomatic-complexity -MMD -MP -MF"Src/syscalls.d" -MT"Src/syscalls.o" --specs=nano.specs -mfpu=fpv4-sp-d16 -mfloat-abi=hard -mthumb -o "Src/syscalls.o"
arm-none-eabi-gcc "../Src/sysmem.c" -mcpu=cortex-m4 -std=gnu11 -g3 -DDEBUG -DSTM32 -DSTM32F4 -DSTM32F446RETx -DNUCLEO_F446RE -DSTM32F446xx -c -I../Inc -I/Users/sheen/Documents/STM32-BareMetal-Workspace/chip_headers/CMSIS/Include -I/Users/sheen/Documents/STM32-BareMetal-Workspace/chip_headers/CMSIS/Device/ST/STM32F4xx/Include -O0 -ffunction-sections -fdata-sections -Wall -fstack-usage -fcyclomatic-complexity -MMD -MP -MF"Src/sysmem.d" -MT"Src/sysmem.o" --specs=nano.specs -mfpu=fpv4-sp-d16 -mfloat-abi=hard -mthumb -o "Src/sysmem.o"
arm-none-eabi-gcc "../Src/uart.c" -mcpu=cortex-m4 -std=gnu11 -g3 -DDEBUG -DSTM32 -DSTM32F4 -DSTM32F446RETx -DNUCLEO_F446RE -DSTM32F446xx -c -I../Inc -I/Users/sheen/Documents/STM32-BareMetal-Workspace/chip_headers/CMSIS/Include -I/Users/sheen/Documents/STM32-BareMetal-Workspace/chip_headers/CMSIS/Device/ST/STM32F4xx/Include -O0 -ffunction-sections -fdata-sections -Wall -fstack-usage -fcyclomatic-complexity -MMD -MP -MF"Src/uart.d" -MT"Src/uart.o" --specs=nano.specs -mfpu=fpv4-sp-d16 -mfloat-abi=hard -mthumb -o "Src/uart.o"
arm-none-eabi-gcc -o "9_adc_single_conversion.elf" @"objects.list"   -mcpu=cortex-m4 -T"/Users/sheen/Documents/STM32-BareMetal-Workspace/9_adc_single_conversion/STM32F446RETX_FLASH.ld" --specs=nosys.specs -Wl,-Map="9_adc_single_conversion.map" -Wl,--gc-sections -static --specs=nano.specs -mfpu=fpv4-sp-d16 -mfloat-abi=hard -mthumb -Wl,--start-group -lc -lm -Wl,--end-group
Finished building target: 9_adc_single_conversion.elf
 
arm-none-eabi-size  9_adc_single_conversion.elf 
arm-none-eabi-objdump -h -S 9_adc_single_conversion.elf  > "9_adc_single_conversion.list"
   text	   data	    bss	    dec	    hex	filename
   5392	     92	   1908	   7392	   1ce0	9_adc_single_conversion.elf
Finished building: default.size.stdout
 
Finished building: 9_adc_single_conversion.list
 

01:57:01 Build Finished. 0 errors, 0 warnings. (took 547ms)

